train: weights=/home/lijinhe/work/YOLO_Retraining/.third_party/yolov5/yolov5s.pt, cfg=, data=/home/lijinhe/work/YOLO_Retraining/runs/sequences/0814-154038__seq-full-warm__stage0-stage3__yolov5s__s42/tasks/000__stage0__full-warm/data/backend_data.yaml, hyp=data/hyps/hyp.scratch-low.yaml, epochs=100, batch_size=64, imgsz=640, rect=False, resume=False, nosave=False, noval=False, noautoanchor=False, noplots=True, evolve=None, bucket=, cache=None, image_weights=False, device=0, multi_scale=False, single_cls=False, optimizer=SGD, sync_bn=False, workers=16, project=/home/lijinhe/work/YOLO_Retraining/runs/sequences/0814-154038__seq-full-warm__stage0-stage3__yolov5s__s42/tasks/000__stage0__full-warm/backend/yolov5, name=train, exist_ok=True, quad=False, cos_lr=False, label_smoothing=0.0, patience=100, freeze=[0], save_period=-1, seed=42, local_rank=-1, entity=None, upload_dataset=False, bbox_interval=-1, artifact_alias=latest
github: skipping check (offline), for updates see https://github.com/ultralytics/yolov5
YOLOv5 🚀 v7.0-0-g915bbf29 Python-3.10.20 torch-2.2.2+cu121 CUDA:0 (NVIDIA H100 PCIe, 81090MiB)
hyperparameters: lr0=0.01, lrf=0.01, momentum=0.937, weight_decay=0.0005, warmup_epochs=3.0, warmup_momentum=0.8, warmup_bias_lr=0.1, box=0.05, cls=0.5, cls_pw=1.0, obj=1.0, obj_pw=1.0, iou_t=0.2, anchor_t=4.0, fl_gamma=0.0, hsv_h=0.015, hsv_s=0.7, hsv_v=0.4, degrees=0.0, translate=0.1, scale=0.5, shear=0.0, perspective=0.0, flipud=0.0, fliplr=0.5, mosaic=1.0, mixup=0.0, copy_paste=0.0
ClearML: run 'pip install clearml' to automatically track, visualize and remotely train YOLOv5 🚀 in ClearML
Comet: run 'pip install comet_ml' to automatically track and visualize YOLOv5 🚀 runs in Comet
TensorBoard: Start with 'tensorboard --logdir /home/lijinhe/work/YOLO_Retraining/runs/sequences/0814-154038__seq-full-warm__stage0-stage3__yolov5s__s42/tasks/000__stage0__full-warm/backend/yolov5', view at http://localhost:6006/
Overriding model.yaml nc=80 with nc=4
from  n    params  module                                  arguments
0                -1  1      3520  models.common.Conv                      [3, 32, 6, 2, 2]
1                -1  1     18560  models.common.Conv                      [32, 64, 3, 2]
2                -1  1     18816  models.common.C3                        [64, 64, 1]
3                -1  1     73984  models.common.Conv                      [64, 128, 3, 2]
4                -1  2    115712  models.common.C3                        [128, 128, 2]
5                -1  1    295424  models.common.Conv                      [128, 256, 3, 2]
6                -1  3    625152  models.common.C3                        [256, 256, 3]
7                -1  1   1180672  models.common.Conv                      [256, 512, 3, 2]
8                -1  1   1182720  models.common.C3                        [512, 512, 1]
9                -1  1    656896  models.common.SPPF                      [512, 512, 5]
10                -1  1    131584  models.common.Conv                      [512, 256, 1, 1]
11                -1  1         0  torch.nn.modules.upsampling.Upsample    [None, 2, 'nearest']
12           [-1, 6]  1         0  models.common.Concat                    [1]
13                -1  1    361984  models.common.C3                        [512, 256, 1, False]
14                -1  1     33024  models.common.Conv                      [256, 128, 1, 1]
15                -1  1         0  torch.nn.modules.upsampling.Upsample    [None, 2, 'nearest']
16           [-1, 4]  1         0  models.common.Concat                    [1]
17                -1  1     90880  models.common.C3                        [256, 128, 1, False]
18                -1  1    147712  models.common.Conv                      [128, 128, 3, 2]
19          [-1, 14]  1         0  models.common.Concat                    [1]
20                -1  1    296448  models.common.C3                        [256, 256, 1, False]
21                -1  1    590336  models.common.Conv                      [256, 256, 3, 2]
22          [-1, 10]  1         0  models.common.Concat                    [1]
23                -1  1   1182720  models.common.C3                        [512, 512, 1, False]
24      [17, 20, 23]  1     24273  models.yolo.Detect                      [4, [[10, 13, 16, 30, 33, 23], [30, 61, 62, 45, 59, 119], [116, 90, 156, 198, 373, 326]], [128, 256, 512]]
Model summary: 214 layers, 7030417 parameters, 7030417 gradients, 16.0 GFLOPs
Transferred 343/349 items from /home/lijinhe/work/YOLO_Retraining/.third_party/yolov5/yolov5s.pt
AMP: checks passed ✅
optimizer: SGD(lr=0.01) with parameter groups 57 weight(decay=0.0), 60 weight(decay=0.0005), 60 bias
train: Scanning /home/lijinhe/work/YOLO_Retraining/runs/sequences/0814-154038__seq-full-warm__stage0-stage3__yolov5s__s42/tasks/000__stage0__full-warm/data/backend_train_images... 4498 images, 2175 backgrounds, 0 corrupt: 100%|██████████| 4498/4498 00:10
train: WARNING ⚠️ /home/lijinhe/work/YOLO_Retraining/data/self_improving/images/0720_11/05168_1784523505059766_0.jpg: 2 duplicate labels removed
train: New cache created: /home/lijinhe/work/YOLO_Retraining/runs/sequences/0814-154038__seq-full-warm__stage0-stage3__yolov5s__s42/tasks/000__stage0__full-warm/data/backend_train_images.cache
val: Scanning /home/lijinhe/work/YOLO_Retraining/runs/sequences/0814-154038__seq-full-warm__stage0-stage3__yolov5s__s42/tasks/000__stage0__full-warm/data/backend_validation_images... 1000 images, 297 backgrounds, 0 corrupt: 100%|██████████| 1000/1000 00:03
val: New cache created: /home/lijinhe/work/YOLO_Retraining/runs/sequences/0814-154038__seq-full-warm__stage0-stage3__yolov5s__s42/tasks/000__stage0__full-warm/data/backend_validation_images.cache
AutoAnchor: 5.59 anchors/target, 1.000 Best Possible Recall (BPR). Current anchors are a good fit to dataset ✅
Image sizes 640 train, 640 val
Using 16 dataloader workers
Logging results to /home/lijinhe/work/YOLO_Retraining/runs/sequences/0814-154038__seq-full-warm__stage0-stage3__yolov5s__s42/tasks/000__stage0__full-warm/backend/yolov5/train
Starting training for 100 epochs...
Epoch    GPU_mem   box_loss   obj_loss   cls_loss  Instances       Size
0/99      13.9G    0.09495    0.01889     0.0306         24        640: 100%|██████████| 71/71 00:42
Class     Images  Instances          P          R      mAP50   mAP50-95: 100%|██████████| 8/8 00:15
all       1000        939      0.787     0.0936     0.0641     0.0186
Epoch    GPU_mem   box_loss   obj_loss   cls_loss  Instances       Size
1/99      13.9G    0.06752    0.01454    0.01457         17        640: 100%|██████████| 71/71 00:24
Class     Images  Instances          P          R      mAP50   mAP50-95: 100%|██████████| 8/8 00:15
all       1000        939      0.713      0.199      0.201     0.0664
Epoch    GPU_mem   box_loss   obj_loss   cls_loss  Instances       Size
2/99      13.9G    0.06099    0.01174    0.01205         20        640: 100%|██████████| 71/71 00:25
Class     Images  Instances          P          R      mAP50   mAP50-95: 100%|██████████| 8/8 00:10
all       1000        939      0.684      0.175      0.186     0.0688
Epoch    GPU_mem   box_loss   obj_loss   cls_loss  Instances       Size
3/99      13.9G    0.05792    0.01092    0.01116         26        640: 100%|██████████| 71/71 00:20
Class     Images  Instances          P          R      mAP50   mAP50-95: 100%|██████████| 8/8 00:14
all       1000        939      0.641      0.149      0.142     0.0534
Epoch    GPU_mem   box_loss   obj_loss   cls_loss  Instances       Size
4/99      13.9G    0.05461    0.01047    0.01083         30        640: 100%|██████████| 71/71 00:24
Class     Images  Instances          P          R      mAP50   mAP50-95: 100%|██████████| 8/8 00:10
all       1000        939      0.612      0.209      0.135     0.0445
Epoch    GPU_mem   box_loss   obj_loss   cls_loss  Instances       Size
5/99      13.9G     0.0536    0.01014    0.01041         35        640: 100%|██████████| 71/71 00:29
Class     Images  Instances          P          R      mAP50   mAP50-95: 100%|██████████| 8/8 00:12
all       1000        939      0.719      0.192      0.224     0.0844
Epoch    GPU_mem   box_loss   obj_loss   cls_loss  Instances       Size
6/99      13.9G    0.05123   0.009997   0.009345         24        640: 100%|██████████| 71/71 00:20
Class     Images  Instances          P          R      mAP50   mAP50-95: 100%|██████████| 8/8 00:14
all       1000        939      0.686      0.201      0.205     0.0773
Epoch    GPU_mem   box_loss   obj_loss   cls_loss  Instances       Size
7/99      13.9G    0.04962   0.009529    0.00905         22        640: 100%|██████████| 71/71 00:19
Class     Images  Instances          P          R      mAP50   mAP50-95: 100%|██████████| 8/8 00:11
all       1000        939      0.719       0.18      0.209     0.0901
Epoch    GPU_mem   box_loss   obj_loss   cls_loss  Instances       Size
8/99      13.9G     0.0484    0.00907   0.007943         21        640: 100%|██████████| 71/71 00:21
Class     Images  Instances          P          R      mAP50   mAP50-95: 100%|██████████| 8/8 00:12
all       1000        939      0.728       0.19      0.218     0.0845
Epoch    GPU_mem   box_loss   obj_loss   cls_loss  Instances       Size
9/99      13.9G    0.04773   0.009521   0.008511         15        640: 100%|██████████| 71/71 00:23
Class     Images  Instances          P          R      mAP50   mAP50-95: 100%|██████████| 8/8 00:16
all       1000        939      0.412       0.16      0.166     0.0616
Epoch    GPU_mem   box_loss   obj_loss   cls_loss  Instances       Size
10/99      13.9G    0.04717   0.009215   0.007518         32        640: 100%|██████████| 71/71 00:23
Class     Images  Instances          P          R      mAP50   mAP50-95: 100%|██████████| 8/8 00:07
all       1000        939      0.771      0.169      0.263      0.105
Epoch    GPU_mem   box_loss   obj_loss   cls_loss  Instances       Size
11/99      13.9G    0.04476   0.008799   0.006519         23        640: 100%|██████████| 71/71 00:20
Class     Images  Instances          P          R      mAP50   mAP50-95: 100%|██████████| 8/8 00:16
all       1000        939      0.757      0.211      0.284       0.12
Epoch    GPU_mem   box_loss   obj_loss   cls_loss  Instances       Size
12/99      13.9G    0.04435   0.008888   0.006787         23        640: 100%|██████████| 71/71 00:20
Class     Images  Instances          P          R      mAP50   mAP50-95: 100%|██████████| 8/8 00:15
all       1000        939      0.507      0.359      0.321      0.143
Epoch    GPU_mem   box_loss   obj_loss   cls_loss  Instances       Size
13/99      13.9G     0.0434   0.008692   0.006106         27        640: 100%|██████████| 71/71 00:20
Class     Images  Instances          P          R      mAP50   mAP50-95: 100%|██████████| 8/8 00:13
all       1000        939       0.65      0.354      0.378      0.168
Epoch    GPU_mem   box_loss   obj_loss   cls_loss  Instances       Size
14/99      13.9G    0.04339   0.008593   0.005788         26        640: 100%|██████████| 71/71 00:20
Class     Images  Instances          P          R      mAP50   mAP50-95: 100%|██████████| 8/8 00:09
all       1000        939      0.662      0.348      0.367      0.154
Epoch    GPU_mem   box_loss   obj_loss   cls_loss  Instances       Size
15/99      13.9G    0.04345   0.008505   0.005994         19        640: 100%|██████████| 71/71 00:22
Class     Images  Instances          P          R      mAP50   mAP50-95: 100%|██████████| 8/8 00:13
all       1000        939      0.657      0.346      0.356      0.162
Epoch    GPU_mem   box_loss   obj_loss   cls_loss  Instances       Size
16/99      13.9G     0.0418   0.008371   0.005129         26        640: 100%|██████████| 71/71 00:17
Class     Images  Instances          P          R      mAP50   mAP50-95: 100%|██████████| 8/8 00:16
all       1000        939      0.659      0.361      0.349      0.143
Epoch    GPU_mem   box_loss   obj_loss   cls_loss  Instances       Size
17/99      13.9G    0.04169   0.008325   0.005166         19        640: 100%|██████████| 71/71 00:21
Class     Images  Instances          P          R      mAP50   mAP50-95: 100%|██████████| 8/8 00:12
all       1000        939      0.695       0.28      0.339       0.16
Epoch    GPU_mem   box_loss   obj_loss   cls_loss  Instances       Size
18/99      13.9G    0.04116   0.008542   0.005646         17        640: 100%|██████████| 71/71 00:17
Class     Images  Instances          P          R      mAP50   mAP50-95: 100%|██████████| 8/8 00:18
all       1000        939      0.681      0.341      0.357       0.16
Epoch    GPU_mem   box_loss   obj_loss   cls_loss  Instances       Size
19/99      13.9G    0.04047   0.007991   0.004502         18        640: 100%|██████████| 71/71 00:19
Class     Images  Instances          P          R      mAP50   mAP50-95: 100%|██████████| 8/8 00:11
all       1000        939      0.657      0.343      0.357      0.173
Epoch    GPU_mem   box_loss   obj_loss   cls_loss  Instances       Size
20/99      13.9G    0.03998    0.00807   0.004733         16        640: 100%|██████████| 71/71 00:22
Class     Images  Instances          P          R      mAP50   mAP50-95: 100%|██████████| 8/8 00:19
all       1000        939      0.653      0.321       0.34      0.157
Epoch    GPU_mem   box_loss   obj_loss   cls_loss  Instances       Size
21/99      13.9G    0.04001   0.008238   0.004106         28        640: 100%|██████████| 71/71 00:16
Class     Images  Instances          P          R      mAP50   mAP50-95: 100%|██████████| 8/8 00:17
all       1000        939      0.743      0.374      0.417      0.201
Epoch    GPU_mem   box_loss   obj_loss   cls_loss  Instances       Size
22/99      13.9G    0.03897   0.007846   0.003914         20        640: 100%|██████████| 71/71 00:18
Class     Images  Instances          P          R      mAP50   mAP50-95: 100%|██████████| 8/8 00:06
all       1000        939      0.694      0.362      0.381       0.18
Epoch    GPU_mem   box_loss   obj_loss   cls_loss  Instances       Size
23/99      13.9G    0.03915   0.007956   0.004339         34        640: 100%|██████████| 71/71 00:20
Class     Images  Instances          P          R      mAP50   mAP50-95: 100%|██████████| 8/8 00:16
all       1000        939      0.686      0.374      0.397       0.19
Epoch    GPU_mem   box_loss   obj_loss   cls_loss  Instances       Size
24/99      13.9G    0.03882   0.007832   0.004176         18        640: 100%|██████████| 71/71 00:16
Class     Images  Instances          P          R      mAP50   mAP50-95: 100%|██████████| 8/8 00:10
all       1000        939      0.652      0.332       0.35       0.17
Epoch    GPU_mem   box_loss   obj_loss   cls_loss  Instances       Size
25/99      13.9G    0.03791   0.007584   0.003496         23        640: 100%|██████████| 71/71 00:21
Class     Images  Instances          P          R      mAP50   mAP50-95: 100%|██████████| 8/8 00:11
all       1000        939      0.759      0.324      0.375      0.182
Epoch    GPU_mem   box_loss   obj_loss   cls_loss  Instances       Size
26/99      13.9G    0.03801   0.007592   0.003383         19        640: 100%|██████████| 71/71 00:19
Class     Images  Instances          P          R      mAP50   mAP50-95: 100%|██████████| 8/8 00:15
all       1000        939      0.737      0.344      0.381      0.169
Epoch    GPU_mem   box_loss   obj_loss   cls_loss  Instances       Size
27/99      13.9G    0.03717   0.007354   0.003066         28        640: 100%|██████████| 71/71 00:16
Class     Images  Instances          P          R      mAP50   mAP50-95: 100%|██████████| 8/8 00:13
all       1000        939      0.727      0.337      0.382      0.182
Epoch    GPU_mem   box_loss   obj_loss   cls_loss  Instances       Size
28/99      13.9G    0.03728   0.007456   0.003391         20        640: 100%|██████████| 71/71 00:23
Class     Images  Instances          P          R      mAP50   mAP50-95: 100%|██████████| 8/8 00:09
all       1000        939      0.752      0.352      0.403      0.197
Epoch    GPU_mem   box_loss   obj_loss   cls_loss  Instances       Size
29/99      13.9G     0.0369   0.007202   0.003356         17        640: 100%|██████████| 71/71 00:21
Class     Images  Instances          P          R      mAP50   mAP50-95: 100%|██████████| 8/8 00:16
all       1000        939      0.653      0.363      0.372      0.176
Epoch    GPU_mem   box_loss   obj_loss   cls_loss  Instances       Size
30/99      13.9G    0.03692   0.007499   0.003199         18        640: 100%|██████████| 71/71 00:18
Class     Images  Instances          P          R      mAP50   mAP50-95: 100%|██████████| 8/8 00:14
all       1000        939      0.749      0.364      0.409      0.196
Epoch    GPU_mem   box_loss   obj_loss   cls_loss  Instances       Size
31/99      13.9G    0.03603    0.00743   0.003103         17        640: 100%|██████████| 71/71 00:23
Class     Images  Instances          P          R      mAP50   mAP50-95: 100%|██████████| 8/8 00:08
all       1000        939      0.693      0.328      0.368      0.167
Epoch    GPU_mem   box_loss   obj_loss   cls_loss  Instances       Size
32/99      13.9G    0.03584    0.00759   0.003178         35        640: 100%|██████████| 71/71 00:16
Class     Images  Instances          P          R      mAP50   mAP50-95: 100%|██████████| 8/8 00:19
all       1000        939      0.689      0.387      0.411      0.202
Epoch    GPU_mem   box_loss   obj_loss   cls_loss  Instances       Size
33/99      13.9G    0.03558   0.007231   0.002954         17        640: 100%|██████████| 71/71 00:16
Class     Images  Instances          P          R      mAP50   mAP50-95: 100%|██████████| 8/8 00:10
all       1000        939      0.724      0.341      0.378      0.178
Epoch    GPU_mem   box_loss   obj_loss   cls_loss  Instances       Size
34/99      13.9G    0.03512   0.007176   0.002709         33        640: 100%|██████████| 71/71 00:23
Class     Images  Instances          P          R      mAP50   mAP50-95: 100%|██████████| 8/8 00:12
all       1000        939      0.692      0.352       0.38      0.177
Epoch    GPU_mem   box_loss   obj_loss   cls_loss  Instances       Size
35/99      13.9G    0.03498    0.00717   0.002888         19        640: 100%|██████████| 71/71 00:22
Class     Images  Instances          P          R      mAP50   mAP50-95: 100%|██████████| 8/8 00:14
all       1000        939      0.767       0.31      0.372      0.178
Epoch    GPU_mem   box_loss   obj_loss   cls_loss  Instances       Size
36/99      13.9G    0.03459    0.00712   0.002546         23        640: 100%|██████████| 71/71 00:21
Class     Images  Instances          P          R      mAP50   mAP50-95: 100%|██████████| 8/8 00:10
all       1000        939      0.825       0.32      0.399      0.195
Epoch    GPU_mem   box_loss   obj_loss   cls_loss  Instances       Size
37/99      13.9G    0.03453   0.007137   0.002553         22        640: 100%|██████████| 71/71 00:20
Class     Images  Instances          P          R      mAP50   mAP50-95: 100%|██████████| 8/8 00:17
all       1000        939      0.737        0.4      0.428       0.21
Epoch    GPU_mem   box_loss   obj_loss   cls_loss  Instances       Size
38/99      13.9G    0.03371   0.007021   0.002541         19        640: 100%|██████████| 71/71 00:20
Class     Images  Instances          P          R      mAP50   mAP50-95: 100%|██████████| 8/8 00:16
all       1000        939      0.733      0.387      0.419      0.207
Epoch    GPU_mem   box_loss   obj_loss   cls_loss  Instances       Size
39/99      13.9G    0.03369    0.00683   0.002582         23        640: 100%|██████████| 71/71 00:17
Class     Images  Instances          P          R      mAP50   mAP50-95: 100%|██████████| 8/8 00:15
all       1000        939      0.753      0.376      0.418      0.213
Epoch    GPU_mem   box_loss   obj_loss   cls_loss  Instances       Size
40/99      13.9G    0.03303   0.006758   0.001955         19        640: 100%|██████████| 71/71 00:17
Class     Images  Instances          P          R      mAP50   mAP50-95: 100%|██████████| 8/8 00:15
all       1000        939      0.762      0.378      0.425      0.209
Epoch    GPU_mem   box_loss   obj_loss   cls_loss  Instances       Size
41/99      13.9G    0.03321   0.006911   0.002193         24        640: 100%|██████████| 71/71 00:18
Class     Images  Instances          P          R      mAP50   mAP50-95: 100%|██████████| 8/8 00:12
all       1000        939      0.773      0.364      0.421       0.21
Epoch    GPU_mem   box_loss   obj_loss   cls_loss  Instances       Size
42/99      13.9G    0.03324   0.006786   0.002571         23        640: 100%|██████████| 71/71 00:20
Class     Images  Instances          P          R      mAP50   mAP50-95: 100%|██████████| 8/8 00:14
all       1000        939      0.764      0.373      0.417      0.211
Epoch    GPU_mem   box_loss   obj_loss   cls_loss  Instances       Size
43/99      13.9G    0.03311    0.00685   0.002179         26        640: 100%|██████████| 71/71 00:19
Class     Images  Instances          P          R      mAP50   mAP50-95: 100%|██████████| 8/8 00:12
all       1000        939      0.753       0.37      0.416      0.209
Epoch    GPU_mem   box_loss   obj_loss   cls_loss  Instances       Size
44/99      13.9G    0.03251   0.006742   0.002188         31        640: 100%|██████████| 71/71 00:21
Class     Images  Instances          P          R      mAP50   mAP50-95: 100%|██████████| 8/8 00:15
all       1000        939      0.663      0.369      0.374      0.175
Epoch    GPU_mem   box_loss   obj_loss   cls_loss  Instances       Size
45/99      13.9G    0.03222   0.006651   0.002254         21        640: 100%|██████████| 71/71 00:16
Class     Images  Instances          P          R      mAP50   mAP50-95: 100%|██████████| 8/8 00:13
all       1000        939      0.729      0.361      0.397       0.19
Epoch    GPU_mem   box_loss   obj_loss   cls_loss  Instances       Size
46/99      13.9G    0.03191   0.006796    0.00247         32        640: 100%|██████████| 71/71 00:20
Class     Images  Instances          P          R      mAP50   mAP50-95: 100%|██████████| 8/8 00:09
all       1000        939      0.714      0.369      0.396      0.195
Epoch    GPU_mem   box_loss   obj_loss   cls_loss  Instances       Size
47/99      13.9G    0.03195   0.006467   0.002053         29        640: 100%|██████████| 71/71 00:22
Class     Images  Instances          P          R      mAP50   mAP50-95: 100%|██████████| 8/8 00:10
all       1000        939      0.739      0.368      0.406      0.202
Epoch    GPU_mem   box_loss   obj_loss   cls_loss  Instances       Size
48/99      13.9G    0.03167   0.006372   0.001969         28        640: 100%|██████████| 71/71 00:18
Class     Images  Instances          P          R      mAP50   mAP50-95: 100%|██████████| 8/8 00:18
all       1000        939      0.792      0.376      0.438      0.228
Epoch    GPU_mem   box_loss   obj_loss   cls_loss  Instances       Size
49/99      13.9G    0.03107   0.006531   0.001977         18        640: 100%|██████████| 71/71 00:21
Class     Images  Instances          P          R      mAP50   mAP50-95: 100%|██████████| 8/8 00:08
all       1000        939       0.78      0.415      0.465      0.231
Epoch    GPU_mem   box_loss   obj_loss   cls_loss  Instances       Size
50/99      13.9G    0.03071   0.006336   0.001588         21        640: 100%|██████████| 71/71 00:23
Class     Images  Instances          P          R      mAP50   mAP50-95: 100%|██████████| 8/8 00:16
all       1000        939      0.769      0.406      0.458      0.234
Epoch    GPU_mem   box_loss   obj_loss   cls_loss  Instances       Size
51/99      13.9G    0.03061   0.006251   0.001737         18        640: 100%|██████████| 71/71 00:16
Class     Images  Instances          P          R      mAP50   mAP50-95: 100%|██████████| 8/8 00:19
all       1000        939       0.78      0.399      0.445      0.216
Epoch    GPU_mem   box_loss   obj_loss   cls_loss  Instances       Size
52/99      13.9G    0.03041   0.006156    0.00157         20        640: 100%|██████████| 71/71 00:21
Class     Images  Instances          P          R      mAP50   mAP50-95: 100%|██████████| 8/8 00:12
all       1000        939      0.784      0.395      0.439      0.214
Epoch    GPU_mem   box_loss   obj_loss   cls_loss  Instances       Size
53/99      13.9G    0.03004   0.006277   0.001446         26        640: 100%|██████████| 71/71 00:17
Class     Images  Instances          P          R      mAP50   mAP50-95: 100%|██████████| 8/8 00:14
all       1000        939      0.756      0.396      0.437      0.222
Epoch    GPU_mem   box_loss   obj_loss   cls_loss  Instances       Size
54/99      13.9G     0.0295   0.006201   0.001569         18        640: 100%|██████████| 71/71 00:16
Class     Images  Instances          P          R      mAP50   mAP50-95: 100%|██████████| 8/8 00:11
all       1000        939      0.799      0.383      0.439      0.223
Epoch    GPU_mem   box_loss   obj_loss   cls_loss  Instances       Size
55/99      13.9G    0.03015   0.006213   0.001767         30        640: 100%|██████████| 71/71 00:23
Class     Images  Instances          P          R      mAP50   mAP50-95: 100%|██████████| 8/8 00:15
all       1000        939       0.78      0.391      0.443      0.227
Epoch    GPU_mem   box_loss   obj_loss   cls_loss  Instances       Size
56/99      13.9G    0.02963   0.006075   0.001487         23        640: 100%|██████████| 71/71 00:17
Class     Images  Instances          P          R      mAP50   mAP50-95: 100%|██████████| 8/8 00:09
all       1000        939      0.759       0.38      0.424      0.211
Epoch    GPU_mem   box_loss   obj_loss   cls_loss  Instances       Size
57/99      13.9G    0.02911   0.005996   0.001198         16        640: 100%|██████████| 71/71 00:23
Class     Images  Instances          P          R      mAP50   mAP50-95: 100%|██████████| 8/8 00:08
all       1000        939      0.792      0.351      0.404      0.202
Epoch    GPU_mem   box_loss   obj_loss   cls_loss  Instances       Size
58/99      13.9G    0.02932   0.005922   0.001511         16        640: 100%|██████████| 71/71 00:16
Class     Images  Instances          P          R      mAP50   mAP50-95: 100%|██████████| 8/8 00:18
all       1000        939      0.493      0.416      0.441      0.224
Epoch    GPU_mem   box_loss   obj_loss   cls_loss  Instances       Size
59/99      13.9G    0.02898   0.005943   0.001377         16        640: 100%|██████████| 71/71 00:16
Class     Images  Instances          P          R      mAP50   mAP50-95: 100%|██████████| 8/8 00:11
all       1000        939      0.546      0.371       0.43      0.224
Epoch    GPU_mem   box_loss   obj_loss   cls_loss  Instances       Size
60/99      13.9G    0.02823   0.005821   0.001177         24        640: 100%|██████████| 71/71 00:21
Class     Images  Instances          P          R      mAP50   mAP50-95: 100%|██████████| 8/8 00:11
all       1000        939      0.778       0.37      0.426      0.212
Epoch    GPU_mem   box_loss   obj_loss   cls_loss  Instances       Size
61/99      13.9G    0.02837   0.005893   0.001567         16        640: 100%|██████████| 71/71 00:25
Class     Images  Instances          P          R      mAP50   mAP50-95: 100%|██████████| 8/8 00:13
all       1000        939      0.768      0.382      0.431      0.223
Epoch    GPU_mem   box_loss   obj_loss   cls_loss  Instances       Size
62/99      13.9G    0.02798   0.005651   0.001166         22        640: 100%|██████████| 71/71 00:24
Class     Images  Instances          P          R      mAP50   mAP50-95: 100%|██████████| 8/8 00:15
all       1000        939      0.765      0.388      0.437       0.23
Epoch    GPU_mem   box_loss   obj_loss   cls_loss  Instances       Size
63/99      13.9G    0.02789   0.006016   0.001349         23        640: 100%|██████████| 71/71 00:23
Class     Images  Instances          P          R      mAP50   mAP50-95: 100%|██████████| 8/8 00:12
all       1000        939      0.797      0.375      0.437      0.221
Epoch    GPU_mem   box_loss   obj_loss   cls_loss  Instances       Size
64/99      13.9G    0.02768   0.005721   0.001197         16        640: 100%|██████████| 71/71 00:20
Class     Images  Instances          P          R      mAP50   mAP50-95: 100%|██████████| 8/8 00:13
all       1000        939      0.811      0.353      0.423      0.215
Epoch    GPU_mem   box_loss   obj_loss   cls_loss  Instances       Size
65/99      13.9G    0.02732   0.005785   0.001184         22        640: 100%|██████████| 71/71 00:25
Class     Images  Instances          P          R      mAP50   mAP50-95: 100%|██████████| 8/8 00:10
all       1000        939      0.741      0.395       0.42      0.218
Epoch    GPU_mem   box_loss   obj_loss   cls_loss  Instances       Size
66/99      13.9G    0.02723   0.005708   0.001178         21        640: 100%|██████████| 71/71 00:22
Class     Images  Instances          P          R      mAP50   mAP50-95: 100%|██████████| 8/8 00:13
all       1000        939      0.768      0.384       0.44      0.228
Epoch    GPU_mem   box_loss   obj_loss   cls_loss  Instances       Size
67/99      13.9G      0.027   0.005686   0.001034         17        640: 100%|██████████| 71/71 00:20
Class     Images  Instances          P          R      mAP50   mAP50-95: 100%|██████████| 8/8 00:13
all       1000        939      0.729      0.405      0.434      0.222
Epoch    GPU_mem   box_loss   obj_loss   cls_loss  Instances       Size
68/99      13.9G    0.02676   0.005575   0.001073         12        640: 100%|██████████| 71/71 00:23
Class     Images  Instances          P          R      mAP50   mAP50-95: 100%|██████████| 8/8 00:10
all       1000        939      0.801      0.384      0.433      0.223
Epoch    GPU_mem   box_loss   obj_loss   cls_loss  Instances       Size
69/99      13.9G    0.02683   0.005594   0.001111         24        640: 100%|██████████| 71/71 00:23
Class     Images  Instances          P          R      mAP50   mAP50-95: 100%|██████████| 8/8 00:13
all       1000        939      0.765       0.38      0.429      0.221
Epoch    GPU_mem   box_loss   obj_loss   cls_loss  Instances       Size
70/99      13.9G      0.026   0.005345  0.0009523         26        640: 100%|██████████| 71/71 00:20
Class     Images  Instances          P          R      mAP50   mAP50-95: 100%|██████████| 8/8 00:14
all       1000        939      0.538      0.373      0.422      0.218
Epoch    GPU_mem   box_loss   obj_loss   cls_loss  Instances       Size
71/99      13.9G    0.02596   0.005393   0.001095         16        640: 100%|██████████| 71/71 00:24
Class     Images  Instances          P          R      mAP50   mAP50-95: 100%|██████████| 8/8 00:10
all       1000        939      0.753      0.401      0.444      0.231
Epoch    GPU_mem   box_loss   obj_loss   cls_loss  Instances       Size
72/99      13.9G    0.02616   0.005569   0.001097         29        640: 100%|██████████| 71/71 00:21
Class     Images  Instances          P          R      mAP50   mAP50-95: 100%|██████████| 8/8 00:13
all       1000        939      0.803       0.37      0.435      0.227
Epoch    GPU_mem   box_loss   obj_loss   cls_loss  Instances       Size
73/99      13.9G    0.02576   0.005379  0.0009283         23        640: 100%|██████████| 71/71 00:20
Class     Images  Instances          P          R      mAP50   mAP50-95: 100%|██████████| 8/8 00:14
all       1000        939      0.755      0.391      0.427      0.222
Epoch    GPU_mem   box_loss   obj_loss   cls_loss  Instances       Size
74/99      13.9G    0.02552   0.005314  0.0007467         31        640: 100%|██████████| 71/71 00:20
Class     Images  Instances          P          R      mAP50   mAP50-95: 100%|██████████| 8/8 00:13
all       1000        939      0.754      0.372      0.418      0.215
Epoch    GPU_mem   box_loss   obj_loss   cls_loss  Instances       Size
75/99      13.9G    0.02523    0.00533   0.001011         23        640: 100%|██████████| 71/71 00:23
Class     Images  Instances          P          R      mAP50   mAP50-95: 100%|██████████| 8/8 00:19
all       1000        939      0.782      0.384      0.441      0.221
Epoch    GPU_mem   box_loss   obj_loss   cls_loss  Instances       Size
76/99      13.9G    0.02548   0.005221  0.0008492         23        640: 100%|██████████| 71/71 00:22
Class     Images  Instances          P          R      mAP50   mAP50-95: 100%|██████████| 8/8 00:12
all       1000        939      0.751      0.399      0.437      0.224
Epoch    GPU_mem   box_loss   obj_loss   cls_loss  Instances       Size
77/99      13.9G    0.02495   0.005182  0.0009079         26        640: 100%|██████████| 71/71 00:24
Class     Images  Instances          P          R      mAP50   mAP50-95: 100%|██████████| 8/8 00:11
all       1000        939      0.788      0.388      0.447      0.226
Epoch    GPU_mem   box_loss   obj_loss   cls_loss  Instances       Size
78/99      13.9G    0.02469    0.00515  0.0009412         26        640: 100%|██████████| 71/71 00:24
Class     Images  Instances          P          R      mAP50   mAP50-95: 100%|██████████| 8/8 00:22
all       1000        939      0.768      0.376      0.429      0.221
Epoch    GPU_mem   box_loss   obj_loss   cls_loss  Instances       Size
79/99      13.9G    0.02484   0.005133  0.0008872         21        640: 100%|██████████| 71/71 00:17
Class     Images  Instances          P          R      mAP50   mAP50-95: 100%|██████████| 8/8 00:16
all       1000        939      0.483      0.384      0.418      0.214
Epoch    GPU_mem   box_loss   obj_loss   cls_loss  Instances       Size
80/99      13.9G    0.02393   0.005053  0.0006827         13        640: 100%|██████████| 71/71 00:27
Class     Images  Instances          P          R      mAP50   mAP50-95: 100%|██████████| 8/8 00:12
all       1000        939      0.542       0.36      0.438      0.224
Epoch    GPU_mem   box_loss   obj_loss   cls_loss  Instances       Size
81/99      13.9G    0.02393   0.005048  0.0008833         24        640: 100%|██████████| 71/71 00:17
Class     Images  Instances          P          R      mAP50   mAP50-95: 100%|██████████| 8/8 00:16
all       1000        939      0.517      0.381      0.444      0.226
Epoch    GPU_mem   box_loss   obj_loss   cls_loss  Instances       Size
82/99      13.9G    0.02398   0.005082  0.0006859         34        640: 100%|██████████| 71/71 00:25
Class     Images  Instances          P          R      mAP50   mAP50-95: 100%|██████████| 8/8 00:21
all       1000        939      0.493      0.413      0.445      0.232
Epoch    GPU_mem   box_loss   obj_loss   cls_loss  Instances       Size
83/99      13.9G    0.02304   0.004964  0.0006404         22        640: 100%|██████████| 71/71 00:23
Class     Images  Instances          P          R      mAP50   mAP50-95: 100%|██████████| 8/8 00:12
all       1000        939      0.498      0.394      0.423      0.222
Epoch    GPU_mem   box_loss   obj_loss   cls_loss  Instances       Size
84/99      13.9G    0.02357   0.005082  0.0006708         21        640: 100%|██████████| 71/71 00:19
Class     Images  Instances          P          R      mAP50   mAP50-95: 100%|██████████| 8/8 00:14
all       1000        939      0.503      0.376      0.419      0.219
Epoch    GPU_mem   box_loss   obj_loss   cls_loss  Instances       Size
85/99      13.9G    0.02287   0.004996  0.0007505         25        640: 100%|██████████| 71/71 00:22
Class     Images  Instances          P          R      mAP50   mAP50-95: 100%|██████████| 8/8 00:12
all       1000        939      0.772      0.373      0.429      0.223
Epoch    GPU_mem   box_loss   obj_loss   cls_loss  Instances       Size
86/99      13.9G    0.02289   0.004907  0.0007413         22        640: 100%|██████████| 71/71 00:22
Class     Images  Instances          P          R      mAP50   mAP50-95: 100%|██████████| 8/8 00:11
all       1000        939      0.528      0.379      0.434       0.22
Epoch    GPU_mem   box_loss   obj_loss   cls_loss  Instances       Size
87/99      13.9G    0.02287   0.004853  0.0006706         30        640: 100%|██████████| 71/71 00:25
Class     Images  Instances          P          R      mAP50   mAP50-95: 100%|██████████| 8/8 00:10
all       1000        939      0.559      0.357      0.436      0.221
Epoch    GPU_mem   box_loss   obj_loss   cls_loss  Instances       Size
88/99      13.9G    0.02275   0.004923   0.000646         21        640: 100%|██████████| 71/71 00:17
Class     Images  Instances          P          R      mAP50   mAP50-95: 100%|██████████| 8/8 00:08
all       1000        939      0.492      0.383      0.423       0.22
Epoch    GPU_mem   box_loss   obj_loss   cls_loss  Instances       Size
89/99      13.9G    0.02255   0.004817  0.0006268         23        640: 100%|██████████| 71/71 00:22
Class     Images  Instances          P          R      mAP50   mAP50-95: 100%|██████████| 8/8 00:15
all       1000        939      0.506       0.38      0.424      0.219
Epoch    GPU_mem   box_loss   obj_loss   cls_loss  Instances       Size
90/99      13.9G    0.02214   0.004918  0.0007975         16        640: 100%|██████████| 71/71 00:18
Class     Images  Instances          P          R      mAP50   mAP50-95: 100%|██████████| 8/8 00:12
all       1000        939      0.494      0.387      0.421      0.219
Epoch    GPU_mem   box_loss   obj_loss   cls_loss  Instances       Size
91/99      13.9G    0.02194   0.004785  0.0007496         23        640: 100%|██████████| 71/71 00:20
Class     Images  Instances          P          R      mAP50   mAP50-95: 100%|██████████| 8/8 00:15
all       1000        939      0.486      0.387      0.423      0.219
Epoch    GPU_mem   box_loss   obj_loss   cls_loss  Instances       Size
92/99      13.9G    0.02233    0.00485  0.0007812         25        640: 100%|██████████| 71/71 00:19
Class     Images  Instances          P          R      mAP50   mAP50-95: 100%|██████████| 8/8 00:12
all       1000        939      0.505      0.386      0.429      0.223
Epoch    GPU_mem   box_loss   obj_loss   cls_loss  Instances       Size
93/99      13.9G    0.02189   0.004719  0.0006421         26        640: 100%|██████████| 71/71 00:20
Class     Images  Instances          P          R      mAP50   mAP50-95: 100%|██████████| 8/8 00:12
all       1000        939      0.525      0.367       0.42      0.219
Epoch    GPU_mem   box_loss   obj_loss   cls_loss  Instances       Size
94/99      13.9G    0.02158   0.004747   0.000627         23        640: 100%|██████████| 71/71 00:21
Class     Images  Instances          P          R      mAP50   mAP50-95: 100%|██████████| 8/8 00:11
all       1000        939       0.53      0.373      0.425      0.221
Epoch    GPU_mem   box_loss   obj_loss   cls_loss  Instances       Size
95/99      13.9G    0.02164   0.004686   0.000676         18        640: 100%|██████████| 71/71 00:21
Class     Images  Instances          P          R      mAP50   mAP50-95: 100%|██████████| 8/8 00:11
all       1000        939      0.527      0.377       0.43      0.223
Epoch    GPU_mem   box_loss   obj_loss   cls_loss  Instances       Size
96/99      13.9G    0.02136   0.004653  0.0006224         19        640: 100%|██████████| 71/71 00:21
Class     Images  Instances          P          R      mAP50   mAP50-95: 100%|██████████| 8/8 00:10
all       1000        939      0.516      0.374      0.427       0.22
Epoch    GPU_mem   box_loss   obj_loss   cls_loss  Instances       Size
97/99      13.9G    0.02137    0.00468  0.0005073         25        640: 100%|██████████| 71/71 00:22
Class     Images  Instances          P          R      mAP50   mAP50-95: 100%|██████████| 8/8 00:15
all       1000        939      0.537      0.371      0.426      0.218
Epoch    GPU_mem   box_loss   obj_loss   cls_loss  Instances       Size
98/99      13.9G    0.02136   0.004689  0.0005128         38        640: 100%|██████████| 71/71 00:20
Class     Images  Instances          P          R      mAP50   mAP50-95: 100%|██████████| 8/8 00:11
all       1000        939      0.536      0.371      0.427      0.221
Epoch    GPU_mem   box_loss   obj_loss   cls_loss  Instances       Size
99/99      13.9G     0.0207   0.004475  0.0005043         11        640: 100%|██████████| 71/71 00:24
Class     Images  Instances          P          R      mAP50   mAP50-95: 100%|██████████| 8/8 00:14
all       1000        939      0.523      0.378      0.422      0.219
100 epochs completed in 0.988 hours.
Optimizer stripped from /home/lijinhe/work/YOLO_Retraining/runs/sequences/0814-154038__seq-full-warm__stage0-stage3__yolov5s__s42/tasks/000__stage0__full-warm/backend/yolov5/train/weights/last.pt, 14.4MB
Optimizer stripped from /home/lijinhe/work/YOLO_Retraining/runs/sequences/0814-154038__seq-full-warm__stage0-stage3__yolov5s__s42/tasks/000__stage0__full-warm/backend/yolov5/train/weights/best.pt, 14.4MB
Validating /home/lijinhe/work/YOLO_Retraining/runs/sequences/0814-154038__seq-full-warm__stage0-stage3__yolov5s__s42/tasks/000__stage0__full-warm/backend/yolov5/train/weights/best.pt...
Fusing layers...
Model summary: 157 layers, 7020913 parameters, 0 gradients, 15.8 GFLOPs
Class     Images  Instances          P          R      mAP50   mAP50-95: 100%|██████████| 8/8 00:13
all       1000        939      0.779      0.415      0.465      0.231
large luggage       1000        358      0.724      0.536      0.604       0.31
stroller       1000        413      0.708      0.627      0.644      0.296
wheelchair       1000        155      0.684      0.497      0.604      0.314
flatbed truck       1000         13          1          0    0.00992    0.00453
Results saved to /home/lijinhe/work/YOLO_Retraining/runs/sequences/0814-154038__seq-full-warm__stage0-stage3__yolov5s__s42/tasks/000__stage0__full-warm/backend/yolov5/train
[YOLOv5] compacted progress updates: 15537 -> 203 lines
[YOLOv5] coalesced warning: incomplete JPEG accepted read-only; count=5493; by_source=train=4497, val=996
[YOLOv5] warning example: train: WARNING ⚠️ /home/lijinhe/work/YOLO_Retraining/data/self_improving/images/0720_10/04501_1784522053486381_0.jpg: incomplete JPEG accepted read-only
[YOLOv5] warning example: train: WARNING ⚠️ /home/lijinhe/work/YOLO_Retraining/data/self_improving/images/0720_10/04502_1784522054684382_0.jpg: incomplete JPEG accepted read-only
[YOLOv5] warning example: train: WARNING ⚠️ /home/lijinhe/work/YOLO_Retraining/data/self_improving/images/0720_10/04503_1784522055289383_0.jpg: incomplete JPEG accepted read-only
