train: weights=/home/lijinhe/work/YOLO_Retraining/.third_party/yolov5/yolov5s.pt, cfg=, data=/home/lijinhe/work/YOLO_Retraining/runs/studies/20260824-182608/sequences/dedup_tau_0p900__seq-full-cold__stage0-stage3__yolov5s__s42/tasks/003__stage3__full-cold/data/backend_data.yaml, hyp=data/hyps/hyp.scratch-low.yaml, epochs=100, batch_size=64, imgsz=640, rect=False, resume=False, nosave=False, noval=False, noautoanchor=False, noplots=True, evolve=None, bucket=, cache=None, image_weights=False, device=0, multi_scale=False, single_cls=False, optimizer=SGD, sync_bn=False, workers=16, project=/home/lijinhe/work/YOLO_Retraining/runs/studies/20260824-182608/sequences/dedup_tau_0p900__seq-full-cold__stage0-stage3__yolov5s__s42/tasks/003__stage3__full-cold/backend/yolov5, name=train, exist_ok=True, quad=False, cos_lr=False, label_smoothing=0.0, patience=100, freeze=[0], save_period=-1, seed=45, local_rank=-1, entity=None, upload_dataset=False, bbox_interval=-1, artifact_alias=latest
github: skipping check (offline), for updates see https://github.com/ultralytics/yolov5
YOLOv5 🚀 v7.0-0-g915bbf29 Python-3.10.20 torch-2.2.2+cu121 CUDA:0 (NVIDIA H100 PCIe, 81090MiB)
hyperparameters: lr0=0.01, lrf=0.01, momentum=0.937, weight_decay=0.0005, warmup_epochs=3.0, warmup_momentum=0.8, warmup_bias_lr=0.1, box=0.05, cls=0.5, cls_pw=1.0, obj=1.0, obj_pw=1.0, iou_t=0.2, anchor_t=4.0, fl_gamma=0.0, hsv_h=0.015, hsv_s=0.7, hsv_v=0.4, degrees=0.0, translate=0.1, scale=0.5, shear=0.0, perspective=0.0, flipud=0.0, fliplr=0.5, mosaic=1.0, mixup=0.0, copy_paste=0.0
ClearML: run 'pip install clearml' to automatically track, visualize and remotely train YOLOv5 🚀 in ClearML
Comet: run 'pip install comet_ml' to automatically track and visualize YOLOv5 🚀 runs in Comet
TensorBoard: Start with 'tensorboard --logdir /home/lijinhe/work/YOLO_Retraining/runs/studies/20260824-182608/sequences/dedup_tau_0p900__seq-full-cold__stage0-stage3__yolov5s__s42/tasks/003__stage3__full-cold/backend/yolov5', view at http://localhost:6006/
Overriding model.yaml nc=80 with nc=4
from  n    params  module                                  arguments
0                -1  1      3520  models.common.Conv                      [3, 32, 6, 2, 2]
1                -1  1     18560  models.common.Conv                      [32, 64, 3, 2]
2                -1  1     18816  models.common.C3                        [64, 64, 1]
3                -1  1     73984  models.common.Conv                      [64, 128, 3, 2]
4                -1  2    115712  models.common.C3                        [128, 128, 2]
5                -1  1    295424  models.common.Conv                      [128, 256, 3, 2]
6                -1  3    625152  models.common.C3                        [256, 256, 3]
7                -1  1   1180672  models.common.Conv                      [256, 512, 3, 2]
8                -1  1   1182720  models.common.C3                        [512, 512, 1]
9                -1  1    656896  models.common.SPPF                      [512, 512, 5]
10                -1  1    131584  models.common.Conv                      [512, 256, 1, 1]
11                -1  1         0  torch.nn.modules.upsampling.Upsample    [None, 2, 'nearest']
12           [-1, 6]  1         0  models.common.Concat                    [1]
13                -1  1    361984  models.common.C3                        [512, 256, 1, False]
14                -1  1     33024  models.common.Conv                      [256, 128, 1, 1]
15                -1  1         0  torch.nn.modules.upsampling.Upsample    [None, 2, 'nearest']
16           [-1, 4]  1         0  models.common.Concat                    [1]
17                -1  1     90880  models.common.C3                        [256, 128, 1, False]
18                -1  1    147712  models.common.Conv                      [128, 128, 3, 2]
19          [-1, 14]  1         0  models.common.Concat                    [1]
20                -1  1    296448  models.common.C3                        [256, 256, 1, False]
21                -1  1    590336  models.common.Conv                      [256, 256, 3, 2]
22          [-1, 10]  1         0  models.common.Concat                    [1]
23                -1  1   1182720  models.common.C3                        [512, 512, 1, False]
24      [17, 20, 23]  1     24273  models.yolo.Detect                      [4, [[10, 13, 16, 30, 33, 23], [30, 61, 62, 45, 59, 119], [116, 90, 156, 198, 373, 326]], [128, 256, 512]]
Model summary: 214 layers, 7030417 parameters, 7030417 gradients, 16.0 GFLOPs
Transferred 343/349 items from /home/lijinhe/work/YOLO_Retraining/.third_party/yolov5/yolov5s.pt
AMP: checks passed ✅
optimizer: SGD(lr=0.01) with parameter groups 57 weight(decay=0.0), 60 weight(decay=0.0005), 60 bias
train: Scanning /home/lijinhe/work/YOLO_Retraining/runs/studies/20260824-182608/sequences/dedup_tau_0p900__seq-full-cold__stage0-stage3__yolov5s__s42/tasks/003__stage3__full-cold/data/backend_train_images... 3917 images, 2178 backgrounds, 0 corrupt: 100%|██████████| 3917/3917 00:14
train: WARNING ⚠️ /home/lijinhe/work/YOLO_Retraining/data/self_improving/images/0720_11/05168_1784523505059766_0.jpg: 2 duplicate labels removed
train: New cache created: /home/lijinhe/work/YOLO_Retraining/runs/studies/20260824-182608/sequences/dedup_tau_0p900__seq-full-cold__stage0-stage3__yolov5s__s42/tasks/003__stage3__full-cold/data/backend_train_images.cache
val: Scanning /home/lijinhe/work/YOLO_Retraining/runs/studies/20260824-182608/sequences/dedup_tau_0p900__seq-full-cold__stage0-stage3__yolov5s__s42/tasks/003__stage3__full-cold/data/backend_validation_images... 1000 images, 297 backgrounds, 0 corrupt: 100%|██████████| 1000/1000 00:07
val: New cache created: /home/lijinhe/work/YOLO_Retraining/runs/studies/20260824-182608/sequences/dedup_tau_0p900__seq-full-cold__stage0-stage3__yolov5s__s42/tasks/003__stage3__full-cold/data/backend_validation_images.cache
AutoAnchor: 5.50 anchors/target, 1.000 Best Possible Recall (BPR). Current anchors are a good fit to dataset ✅
Image sizes 640 train, 640 val
Using 16 dataloader workers
Logging results to /home/lijinhe/work/YOLO_Retraining/runs/studies/20260824-182608/sequences/dedup_tau_0p900__seq-full-cold__stage0-stage3__yolov5s__s42/tasks/003__stage3__full-cold/backend/yolov5/train
Starting training for 100 epochs...
Epoch    GPU_mem   box_loss   obj_loss   cls_loss  Instances       Size
0/99      13.9G    0.09757    0.01919    0.03133         15        640: 100%|██████████| 62/62 00:17
Class     Images  Instances          P          R      mAP50   mAP50-95: 100%|██████████| 8/8 00:04
all       1000        939    0.00293      0.341     0.0118    0.00321
Epoch    GPU_mem   box_loss   obj_loss   cls_loss  Instances       Size
1/99      13.9G    0.07038     0.0128     0.0165          9        640: 100%|██████████| 62/62 00:18
Class     Images  Instances          P          R      mAP50   mAP50-95: 100%|██████████| 8/8 00:03
all       1000        939      0.843     0.0529      0.109     0.0403
Epoch    GPU_mem   box_loss   obj_loss   cls_loss  Instances       Size
2/99      13.9G    0.06301    0.01154     0.0119         15        640: 100%|██████████| 62/62 00:18
Class     Images  Instances          P          R      mAP50   mAP50-95: 100%|██████████| 8/8 00:03
all       1000        939      0.599      0.146     0.0855      0.027
Epoch    GPU_mem   box_loss   obj_loss   cls_loss  Instances       Size
3/99      13.9G    0.06043   0.009811    0.01153         19        640: 100%|██████████| 62/62 00:15
Class     Images  Instances          P          R      mAP50   mAP50-95: 100%|██████████| 8/8 00:03
all       1000        939      0.622      0.109     0.0814     0.0275
Epoch    GPU_mem   box_loss   obj_loss   cls_loss  Instances       Size
4/99      13.9G    0.05903   0.009537    0.01111         12        640: 100%|██████████| 62/62 00:18
Class     Images  Instances          P          R      mAP50   mAP50-95: 100%|██████████| 8/8 00:04
all       1000        939      0.637      0.148       0.15     0.0542
Epoch    GPU_mem   box_loss   obj_loss   cls_loss  Instances       Size
5/99      13.9G    0.05674   0.009053   0.009936         16        640: 100%|██████████| 62/62 00:18
Class     Images  Instances          P          R      mAP50   mAP50-95: 100%|██████████| 8/8 00:03
all       1000        939      0.682      0.138       0.16     0.0601
Epoch    GPU_mem   box_loss   obj_loss   cls_loss  Instances       Size
6/99      13.9G    0.05526    0.00916   0.009464          7        640: 100%|██████████| 62/62 00:16
Class     Images  Instances          P          R      mAP50   mAP50-95: 100%|██████████| 8/8 00:03
all       1000        939      0.666      0.152      0.136     0.0503
Epoch    GPU_mem   box_loss   obj_loss   cls_loss  Instances       Size
7/99      13.9G    0.05375   0.009103   0.009658         17        640: 100%|██████████| 62/62 00:19
Class     Images  Instances          P          R      mAP50   mAP50-95: 100%|██████████| 8/8 00:03
all       1000        939      0.714      0.146      0.131     0.0472
Epoch    GPU_mem   box_loss   obj_loss   cls_loss  Instances       Size
8/99      13.9G     0.0527    0.00881    0.00933         14        640: 100%|██████████| 62/62 00:19
Class     Images  Instances          P          R      mAP50   mAP50-95: 100%|██████████| 8/8 00:03
all       1000        939      0.719      0.177      0.207     0.0714
Epoch    GPU_mem   box_loss   obj_loss   cls_loss  Instances       Size
9/99      13.9G    0.05119   0.008603   0.008794          9        640: 100%|██████████| 62/62 00:14
Class     Images  Instances          P          R      mAP50   mAP50-95: 100%|██████████| 8/8 00:03
all       1000        939      0.761      0.184      0.227     0.0954
Epoch    GPU_mem   box_loss   obj_loss   cls_loss  Instances       Size
10/99      13.9G     0.0505   0.008338   0.008605         13        640: 100%|██████████| 62/62 00:18
Class     Images  Instances          P          R      mAP50   mAP50-95: 100%|██████████| 8/8 00:03
all       1000        939      0.714      0.182      0.204     0.0809
Epoch    GPU_mem   box_loss   obj_loss   cls_loss  Instances       Size
11/99      13.9G    0.04892   0.008256    0.00845         18        640: 100%|██████████| 62/62 00:14
Class     Images  Instances          P          R      mAP50   mAP50-95: 100%|██████████| 8/8 00:03
all       1000        939      0.688       0.19      0.164     0.0668
Epoch    GPU_mem   box_loss   obj_loss   cls_loss  Instances       Size
12/99      13.9G    0.04853   0.008316   0.007525         13        640: 100%|██████████| 62/62 00:17
Class     Images  Instances          P          R      mAP50   mAP50-95: 100%|██████████| 8/8 00:03
all       1000        939      0.776      0.193      0.247     0.0989
Epoch    GPU_mem   box_loss   obj_loss   cls_loss  Instances       Size
13/99      13.9G    0.04683   0.007913   0.006939         17        640: 100%|██████████| 62/62 00:19
Class     Images  Instances          P          R      mAP50   mAP50-95: 100%|██████████| 8/8 00:03
all       1000        939      0.755      0.222      0.232     0.0926
Epoch    GPU_mem   box_loss   obj_loss   cls_loss  Instances       Size
14/99      13.9G    0.04715   0.007737   0.007459         16        640: 100%|██████████| 62/62 00:15
Class     Images  Instances          P          R      mAP50   mAP50-95: 100%|██████████| 8/8 00:03
all       1000        939      0.765      0.232       0.28      0.125
Epoch    GPU_mem   box_loss   obj_loss   cls_loss  Instances       Size
15/99      13.9G    0.04532   0.007732   0.007005         13        640: 100%|██████████| 62/62 00:18
Class     Images  Instances          P          R      mAP50   mAP50-95: 100%|██████████| 8/8 00:03
all       1000        939       0.76      0.201      0.246      0.102
Epoch    GPU_mem   box_loss   obj_loss   cls_loss  Instances       Size
16/99      13.9G    0.04458     0.0076   0.006809         18        640: 100%|██████████| 62/62 00:16
Class     Images  Instances          P          R      mAP50   mAP50-95: 100%|██████████| 8/8 00:03
all       1000        939      0.762      0.205      0.251      0.109
Epoch    GPU_mem   box_loss   obj_loss   cls_loss  Instances       Size
17/99      13.9G    0.04531    0.00766   0.005846         12        640: 100%|██████████| 62/62 00:17
Class     Images  Instances          P          R      mAP50   mAP50-95: 100%|██████████| 8/8 00:03
all       1000        939      0.787       0.21      0.272      0.105
Epoch    GPU_mem   box_loss   obj_loss   cls_loss  Instances       Size
18/99      13.9G    0.04377   0.007654   0.006282         13        640: 100%|██████████| 62/62 00:18
Class     Images  Instances          P          R      mAP50   mAP50-95: 100%|██████████| 8/8 00:03
all       1000        939       0.75      0.251      0.304       0.13
Epoch    GPU_mem   box_loss   obj_loss   cls_loss  Instances       Size
19/99      13.9G    0.04349   0.007403   0.006247         14        640: 100%|██████████| 62/62 00:15
Class     Images  Instances          P          R      mAP50   mAP50-95: 100%|██████████| 8/8 00:03
all       1000        939      0.764      0.242      0.305      0.125
Epoch    GPU_mem   box_loss   obj_loss   cls_loss  Instances       Size
20/99      13.9G    0.04352   0.007417    0.00579         13        640: 100%|██████████| 62/62 00:19
Class     Images  Instances          P          R      mAP50   mAP50-95: 100%|██████████| 8/8 00:03
all       1000        939      0.775      0.237      0.284      0.119
Epoch    GPU_mem   box_loss   obj_loss   cls_loss  Instances       Size
21/99      13.9G    0.04265   0.007412   0.005737         24        640: 100%|██████████| 62/62 00:19
Class     Images  Instances          P          R      mAP50   mAP50-95: 100%|██████████| 8/8 00:03
all       1000        939      0.784      0.228      0.288      0.133
Epoch    GPU_mem   box_loss   obj_loss   cls_loss  Instances       Size
22/99      13.9G    0.04202   0.007364   0.004828         13        640: 100%|██████████| 62/62 00:19
Class     Images  Instances          P          R      mAP50   mAP50-95: 100%|██████████| 8/8 00:03
all       1000        939      0.637      0.303      0.313      0.137
Epoch    GPU_mem   box_loss   obj_loss   cls_loss  Instances       Size
23/99      13.9G    0.04232   0.007453   0.004838         17        640: 100%|██████████| 62/62 00:14
Class     Images  Instances          P          R      mAP50   mAP50-95: 100%|██████████| 8/8 00:03
all       1000        939      0.606      0.335       0.33      0.135
Epoch    GPU_mem   box_loss   obj_loss   cls_loss  Instances       Size
24/99      13.9G    0.04105   0.007266   0.005059         14        640: 100%|██████████| 62/62 00:18
Class     Images  Instances          P          R      mAP50   mAP50-95: 100%|██████████| 8/8 00:03
all       1000        939      0.596       0.35      0.339      0.146
Epoch    GPU_mem   box_loss   obj_loss   cls_loss  Instances       Size
25/99      13.9G    0.04166   0.007081   0.005147         15        640: 100%|██████████| 62/62 00:14
Class     Images  Instances          P          R      mAP50   mAP50-95: 100%|██████████| 8/8 00:03
all       1000        939      0.687      0.298      0.328      0.154
Epoch    GPU_mem   box_loss   obj_loss   cls_loss  Instances       Size
26/99      13.9G    0.04145   0.007003   0.004402          9        640: 100%|██████████| 62/62 00:18
Class     Images  Instances          P          R      mAP50   mAP50-95: 100%|██████████| 8/8 00:03
all       1000        939       0.57      0.291      0.287       0.12
Epoch    GPU_mem   box_loss   obj_loss   cls_loss  Instances       Size
27/99      13.9G    0.04103   0.007177   0.004532         15        640: 100%|██████████| 62/62 00:16
Class     Images  Instances          P          R      mAP50   mAP50-95: 100%|██████████| 8/8 00:03
all       1000        939      0.815      0.224      0.312       0.14
Epoch    GPU_mem   box_loss   obj_loss   cls_loss  Instances       Size
28/99      13.9G    0.03999   0.006963   0.003881         23        640: 100%|██████████| 62/62 00:14
Class     Images  Instances          P          R      mAP50   mAP50-95: 100%|██████████| 8/8 00:03
all       1000        939      0.703      0.309      0.362      0.157
Epoch    GPU_mem   box_loss   obj_loss   cls_loss  Instances       Size
29/99      13.9G    0.03962   0.006902   0.003758         20        640: 100%|██████████| 62/62 00:19
Class     Images  Instances          P          R      mAP50   mAP50-95: 100%|██████████| 8/8 00:03
all       1000        939      0.682      0.317      0.356      0.168
Epoch    GPU_mem   box_loss   obj_loss   cls_loss  Instances       Size
30/99      13.9G    0.03881   0.006723   0.003474         12        640: 100%|██████████| 62/62 00:19
Class     Images  Instances          P          R      mAP50   mAP50-95: 100%|██████████| 8/8 00:03
all       1000        939      0.568      0.368      0.329      0.149
Epoch    GPU_mem   box_loss   obj_loss   cls_loss  Instances       Size
31/99      13.9G    0.03909   0.006952   0.003703         11        640: 100%|██████████| 62/62 00:14
Class     Images  Instances          P          R      mAP50   mAP50-95: 100%|██████████| 8/8 00:03
all       1000        939      0.653      0.287      0.303      0.129
Epoch    GPU_mem   box_loss   obj_loss   cls_loss  Instances       Size
32/99      13.9G    0.03868   0.006741   0.003422         15        640: 100%|██████████| 62/62 00:17
Class     Images  Instances          P          R      mAP50   mAP50-95: 100%|██████████| 8/8 00:03
all       1000        939       0.64      0.309      0.311      0.138
Epoch    GPU_mem   box_loss   obj_loss   cls_loss  Instances       Size
33/99      13.9G    0.03837   0.006517   0.003786         15        640: 100%|██████████| 62/62 00:17
Class     Images  Instances          P          R      mAP50   mAP50-95: 100%|██████████| 8/8 00:03
all       1000        939      0.639      0.344      0.348      0.159
Epoch    GPU_mem   box_loss   obj_loss   cls_loss  Instances       Size
34/99      13.9G    0.03795   0.006789   0.003377         26        640: 100%|██████████| 62/62 00:15
Class     Images  Instances          P          R      mAP50   mAP50-95: 100%|██████████| 8/8 00:03
all       1000        939      0.694      0.345      0.375      0.165
Epoch    GPU_mem   box_loss   obj_loss   cls_loss  Instances       Size
35/99      13.9G    0.03783   0.006966   0.003062         15        640: 100%|██████████| 62/62 00:18
Class     Images  Instances          P          R      mAP50   mAP50-95: 100%|██████████| 8/8 00:03
all       1000        939      0.673      0.343      0.357      0.141
Epoch    GPU_mem   box_loss   obj_loss   cls_loss  Instances       Size
36/99      13.9G    0.03721   0.006573   0.003232         21        640: 100%|██████████| 62/62 00:17
Class     Images  Instances          P          R      mAP50   mAP50-95: 100%|██████████| 8/8 00:03
all       1000        939      0.729      0.349       0.38      0.183
Epoch    GPU_mem   box_loss   obj_loss   cls_loss  Instances       Size
37/99      13.9G    0.03679   0.006575   0.003091          8        640: 100%|██████████| 62/62 00:17
Class     Images  Instances          P          R      mAP50   mAP50-95: 100%|██████████| 8/8 00:03
all       1000        939      0.661      0.334      0.355      0.164
Epoch    GPU_mem   box_loss   obj_loss   cls_loss  Instances       Size
38/99      13.9G    0.03738   0.006528   0.003171         11        640: 100%|██████████| 62/62 00:16
Class     Images  Instances          P          R      mAP50   mAP50-95: 100%|██████████| 8/8 00:03
all       1000        939      0.718      0.329      0.373      0.168
Epoch    GPU_mem   box_loss   obj_loss   cls_loss  Instances       Size
39/99      13.9G    0.03665   0.006186    0.00288         22        640: 100%|██████████| 62/62 00:19
Class     Images  Instances          P          R      mAP50   mAP50-95: 100%|██████████| 8/8 00:03
all       1000        939      0.727      0.343      0.381      0.175
Epoch    GPU_mem   box_loss   obj_loss   cls_loss  Instances       Size
40/99      13.9G    0.03614   0.006261   0.002449          9        640: 100%|██████████| 62/62 00:19
Class     Images  Instances          P          R      mAP50   mAP50-95: 100%|██████████| 8/8 00:03
all       1000        939      0.667      0.329      0.344      0.149
Epoch    GPU_mem   box_loss   obj_loss   cls_loss  Instances       Size
41/99      13.9G    0.03622   0.006347   0.002982         15        640: 100%|██████████| 62/62 00:19
Class     Images  Instances          P          R      mAP50   mAP50-95: 100%|██████████| 8/8 00:03
all       1000        939      0.666      0.339      0.346      0.156
Epoch    GPU_mem   box_loss   obj_loss   cls_loss  Instances       Size
42/99      13.9G    0.03541   0.006261   0.002571         15        640: 100%|██████████| 62/62 00:14
Class     Images  Instances          P          R      mAP50   mAP50-95: 100%|██████████| 8/8 00:03
all       1000        939      0.706      0.368      0.384      0.171
Epoch    GPU_mem   box_loss   obj_loss   cls_loss  Instances       Size
43/99      13.9G    0.03504   0.006364   0.002742          9        640: 100%|██████████| 62/62 00:16
Class     Images  Instances          P          R      mAP50   mAP50-95: 100%|██████████| 8/8 00:03
all       1000        939      0.724      0.342      0.369      0.167
Epoch    GPU_mem   box_loss   obj_loss   cls_loss  Instances       Size
44/99      13.9G    0.03478   0.006094   0.002788         10        640: 100%|██████████| 62/62 00:18
Class     Images  Instances          P          R      mAP50   mAP50-95: 100%|██████████| 8/8 00:03
all       1000        939      0.672      0.338      0.345      0.165
Epoch    GPU_mem   box_loss   obj_loss   cls_loss  Instances       Size
45/99      13.9G    0.03551    0.00633   0.002163         18        640: 100%|██████████| 62/62 00:17
Class     Images  Instances          P          R      mAP50   mAP50-95: 100%|██████████| 8/8 00:03
all       1000        939       0.74      0.331      0.386      0.171
Epoch    GPU_mem   box_loss   obj_loss   cls_loss  Instances       Size
46/99      13.9G    0.03433   0.006143   0.002386         14        640: 100%|██████████| 62/62 00:14
Class     Images  Instances          P          R      mAP50   mAP50-95: 100%|██████████| 8/8 00:03
all       1000        939      0.756      0.317      0.375      0.181
Epoch    GPU_mem   box_loss   obj_loss   cls_loss  Instances       Size
47/99      13.9G    0.03474   0.006299   0.002564         20        640: 100%|██████████| 62/62 00:19
Class     Images  Instances          P          R      mAP50   mAP50-95: 100%|██████████| 8/8 00:03
all       1000        939      0.704      0.355      0.382      0.176
Epoch    GPU_mem   box_loss   obj_loss   cls_loss  Instances       Size
48/99      13.9G    0.03379   0.006043    0.00198         12        640: 100%|██████████| 62/62 00:18
Class     Images  Instances          P          R      mAP50   mAP50-95: 100%|██████████| 8/8 00:03
all       1000        939       0.68      0.369      0.389      0.186
Epoch    GPU_mem   box_loss   obj_loss   cls_loss  Instances       Size
49/99      13.9G    0.03353   0.006231     0.0021          8        640: 100%|██████████| 62/62 00:14
Class     Images  Instances          P          R      mAP50   mAP50-95: 100%|██████████| 8/8 00:03
all       1000        939      0.674      0.359      0.362      0.172
Epoch    GPU_mem   box_loss   obj_loss   cls_loss  Instances       Size
50/99      13.9G    0.03384   0.006145   0.001962         18        640: 100%|██████████| 62/62 00:20
Class     Images  Instances          P          R      mAP50   mAP50-95: 100%|██████████| 8/8 00:03
all       1000        939      0.659      0.325      0.331      0.142
Epoch    GPU_mem   box_loss   obj_loss   cls_loss  Instances       Size
51/99      13.9G    0.03284   0.005784   0.002011         11        640: 100%|██████████| 62/62 00:19
Class     Images  Instances          P          R      mAP50   mAP50-95: 100%|██████████| 8/8 00:03
all       1000        939      0.693      0.365      0.386      0.184
Epoch    GPU_mem   box_loss   obj_loss   cls_loss  Instances       Size
52/99      13.9G    0.03245   0.005878   0.001713          8        640: 100%|██████████| 62/62 00:19
Class     Images  Instances          P          R      mAP50   mAP50-95: 100%|██████████| 8/8 00:03
all       1000        939       0.72      0.349      0.387      0.178
Epoch    GPU_mem   box_loss   obj_loss   cls_loss  Instances       Size
53/99      13.9G    0.03232   0.005798   0.001943         21        640: 100%|██████████| 62/62 00:17
Class     Images  Instances          P          R      mAP50   mAP50-95: 100%|██████████| 8/8 00:03
all       1000        939      0.774      0.334      0.386      0.177
Epoch    GPU_mem   box_loss   obj_loss   cls_loss  Instances       Size
54/99      13.9G    0.03238   0.005794    0.00185         17        640: 100%|██████████| 62/62 00:17
Class     Images  Instances          P          R      mAP50   mAP50-95: 100%|██████████| 8/8 00:03
all       1000        939      0.753      0.344      0.392      0.196
Epoch    GPU_mem   box_loss   obj_loss   cls_loss  Instances       Size
55/99      13.9G    0.03216   0.005837   0.002194         20        640: 100%|██████████| 62/62 00:15
Class     Images  Instances          P          R      mAP50   mAP50-95: 100%|██████████| 8/8 00:03
all       1000        939       0.71      0.341      0.375      0.179
Epoch    GPU_mem   box_loss   obj_loss   cls_loss  Instances       Size
56/99      13.9G    0.03188   0.005633   0.001845          9        640: 100%|██████████| 62/62 00:16
Class     Images  Instances          P          R      mAP50   mAP50-95: 100%|██████████| 8/8 00:03
all       1000        939      0.778      0.345      0.398      0.194
Epoch    GPU_mem   box_loss   obj_loss   cls_loss  Instances       Size
57/99      13.9G    0.03084   0.005594   0.001763         15        640: 100%|██████████| 62/62 00:19
Class     Images  Instances          P          R      mAP50   mAP50-95: 100%|██████████| 8/8 00:03
all       1000        939      0.695      0.353      0.375      0.175
Epoch    GPU_mem   box_loss   obj_loss   cls_loss  Instances       Size
58/99      13.9G    0.03076   0.005692   0.001675         15        640: 100%|██████████| 62/62 00:14
Class     Images  Instances          P          R      mAP50   mAP50-95: 100%|██████████| 8/8 00:02
all       1000        939      0.741      0.313      0.347       0.16
Epoch    GPU_mem   box_loss   obj_loss   cls_loss  Instances       Size
59/99      13.9G    0.03092   0.005492    0.00149         18        640: 100%|██████████| 62/62 00:18
Class     Images  Instances          P          R      mAP50   mAP50-95: 100%|██████████| 8/8 00:03
all       1000        939      0.687      0.349      0.374      0.179
Epoch    GPU_mem   box_loss   obj_loss   cls_loss  Instances       Size
60/99      13.9G    0.03049   0.005603   0.001556         17        640: 100%|██████████| 62/62 00:14
Class     Images  Instances          P          R      mAP50   mAP50-95: 100%|██████████| 8/8 00:03
all       1000        939      0.678      0.331      0.354      0.168
Epoch    GPU_mem   box_loss   obj_loss   cls_loss  Instances       Size
61/99      13.9G    0.02979    0.00528   0.001327         11        640: 100%|██████████| 62/62 00:19
Class     Images  Instances          P          R      mAP50   mAP50-95: 100%|██████████| 8/8 00:03
all       1000        939      0.742      0.351      0.385      0.186
Epoch    GPU_mem   box_loss   obj_loss   cls_loss  Instances       Size
62/99      13.9G    0.03011   0.005273    0.00176          9        640: 100%|██████████| 62/62 00:14
Class     Images  Instances          P          R      mAP50   mAP50-95: 100%|██████████| 8/8 00:03
all       1000        939      0.769      0.308      0.379      0.187
Epoch    GPU_mem   box_loss   obj_loss   cls_loss  Instances       Size
63/99      13.9G    0.02921   0.005443   0.001498         15        640: 100%|██████████| 62/62 00:16
Class     Images  Instances          P          R      mAP50   mAP50-95: 100%|██████████| 8/8 00:03
all       1000        939      0.756      0.309      0.369      0.173
Epoch    GPU_mem   box_loss   obj_loss   cls_loss  Instances       Size
64/99      13.9G    0.02961    0.00536   0.001378         14        640: 100%|██████████| 62/62 00:18
Class     Images  Instances          P          R      mAP50   mAP50-95: 100%|██████████| 8/8 00:03
all       1000        939      0.712      0.356      0.378      0.183
Epoch    GPU_mem   box_loss   obj_loss   cls_loss  Instances       Size
65/99      13.9G    0.02893   0.005369   0.001266         16        640: 100%|██████████| 62/62 00:16
Class     Images  Instances          P          R      mAP50   mAP50-95: 100%|██████████| 8/8 00:03
all       1000        939       0.71      0.329      0.371      0.181
Epoch    GPU_mem   box_loss   obj_loss   cls_loss  Instances       Size
66/99      13.9G    0.02905   0.005357   0.001271         16        640: 100%|██████████| 62/62 00:20
Class     Images  Instances          P          R      mAP50   mAP50-95: 100%|██████████| 8/8 00:03
all       1000        939      0.716      0.365        0.4        0.2
Epoch    GPU_mem   box_loss   obj_loss   cls_loss  Instances       Size
67/99      13.9G    0.02884   0.005204   0.001311         11        640: 100%|██████████| 62/62 00:17
Class     Images  Instances          P          R      mAP50   mAP50-95: 100%|██████████| 8/8 00:03
all       1000        939      0.739      0.347      0.396      0.202
Epoch    GPU_mem   box_loss   obj_loss   cls_loss  Instances       Size
68/99      13.9G    0.02846   0.005082   0.001337         17        640: 100%|██████████| 62/62 00:17
Class     Images  Instances          P          R      mAP50   mAP50-95: 100%|██████████| 8/8 00:03
all       1000        939      0.724      0.362      0.397      0.195
Epoch    GPU_mem   box_loss   obj_loss   cls_loss  Instances       Size
69/99      13.9G     0.0283   0.005109   0.001119          5        640: 100%|██████████| 62/62 00:15
Class     Images  Instances          P          R      mAP50   mAP50-95: 100%|██████████| 8/8 00:03
all       1000        939      0.774      0.316      0.367      0.183
Epoch    GPU_mem   box_loss   obj_loss   cls_loss  Instances       Size
70/99      13.9G    0.02777    0.00517   0.001448         14        640: 100%|██████████| 62/62 00:18
Class     Images  Instances          P          R      mAP50   mAP50-95: 100%|██████████| 8/8 00:03
all       1000        939      0.695      0.368      0.391      0.189
Epoch    GPU_mem   box_loss   obj_loss   cls_loss  Instances       Size
71/99      13.9G    0.02766   0.005039   0.001152          9        640: 100%|██████████| 62/62 00:18
Class     Images  Instances          P          R      mAP50   mAP50-95: 100%|██████████| 8/8 00:03
all       1000        939      0.733      0.358        0.4       0.19
Epoch    GPU_mem   box_loss   obj_loss   cls_loss  Instances       Size
72/99      13.9G    0.02788   0.004906   0.001187         22        640: 100%|██████████| 62/62 00:15
Class     Images  Instances          P          R      mAP50   mAP50-95: 100%|██████████| 8/8 00:03
all       1000        939      0.738      0.353      0.398      0.194
Epoch    GPU_mem   box_loss   obj_loss   cls_loss  Instances       Size
73/99      13.9G    0.02677      0.005   0.001062         13        640: 100%|██████████| 62/62 00:16
Class     Images  Instances          P          R      mAP50   mAP50-95: 100%|██████████| 8/8 00:03
all       1000        939      0.743      0.365      0.408        0.2
Epoch    GPU_mem   box_loss   obj_loss   cls_loss  Instances       Size
74/99      13.9G    0.02695   0.004806   0.001084         12        640: 100%|██████████| 62/62 00:14
Class     Images  Instances          P          R      mAP50   mAP50-95: 100%|██████████| 8/8 00:03
all       1000        939      0.786      0.332      0.403      0.201
Epoch    GPU_mem   box_loss   obj_loss   cls_loss  Instances       Size
75/99      13.9G    0.02691   0.004776   0.001083         16        640: 100%|██████████| 62/62 00:20
Class     Images  Instances          P          R      mAP50   mAP50-95: 100%|██████████| 8/8 00:03
all       1000        939      0.702      0.381      0.397      0.201
Epoch    GPU_mem   box_loss   obj_loss   cls_loss  Instances       Size
76/99      13.9G     0.0266   0.004763   0.001048         11        640: 100%|██████████| 62/62 00:19
Class     Images  Instances          P          R      mAP50   mAP50-95: 100%|██████████| 8/8 00:03
all       1000        939      0.753      0.344      0.398        0.2
Epoch    GPU_mem   box_loss   obj_loss   cls_loss  Instances       Size
77/99      13.9G    0.02672   0.004835   0.001002         14        640: 100%|██████████| 62/62 00:15
Class     Images  Instances          P          R      mAP50   mAP50-95: 100%|██████████| 8/8 00:03
all       1000        939       0.76      0.349      0.404      0.198
Epoch    GPU_mem   box_loss   obj_loss   cls_loss  Instances       Size
78/99      13.9G    0.02644    0.00477   0.001043         24        640: 100%|██████████| 62/62 00:19
Class     Images  Instances          P          R      mAP50   mAP50-95: 100%|██████████| 8/8 00:03
all       1000        939        0.7      0.367      0.384      0.192
Epoch    GPU_mem   box_loss   obj_loss   cls_loss  Instances       Size
79/99      13.9G    0.02637   0.004937    0.00111         15        640: 100%|██████████| 62/62 00:17
Class     Images  Instances          P          R      mAP50   mAP50-95: 100%|██████████| 8/8 00:03
all       1000        939      0.713       0.37      0.397      0.192
Epoch    GPU_mem   box_loss   obj_loss   cls_loss  Instances       Size
80/99      13.9G    0.02603   0.004868   0.001014         25        640: 100%|██████████| 62/62 00:19
Class     Images  Instances          P          R      mAP50   mAP50-95: 100%|██████████| 8/8 00:03
all       1000        939      0.705       0.36      0.387      0.195
Epoch    GPU_mem   box_loss   obj_loss   cls_loss  Instances       Size
81/99      13.9G    0.02546   0.004608   0.001005         14        640: 100%|██████████| 62/62 00:15
Class     Images  Instances          P          R      mAP50   mAP50-95: 100%|██████████| 8/8 00:03
all       1000        939      0.708      0.345      0.378      0.191
Epoch    GPU_mem   box_loss   obj_loss   cls_loss  Instances       Size
82/99      13.9G    0.02508   0.004709  0.0009523         19        640: 100%|██████████| 62/62 00:19
Class     Images  Instances          P          R      mAP50   mAP50-95: 100%|██████████| 8/8 00:03
all       1000        939      0.701      0.354      0.381       0.19
Epoch    GPU_mem   box_loss   obj_loss   cls_loss  Instances       Size
83/99      13.9G    0.02512   0.004573  0.0009404         12        640: 100%|██████████| 62/62 00:15
Class     Images  Instances          P          R      mAP50   mAP50-95: 100%|██████████| 8/8 00:03
all       1000        939      0.732      0.343      0.393      0.192
Epoch    GPU_mem   box_loss   obj_loss   cls_loss  Instances       Size
84/99      13.9G    0.02453   0.004689  0.0008525         11        640: 100%|██████████| 62/62 00:17
Class     Images  Instances          P          R      mAP50   mAP50-95: 100%|██████████| 8/8 00:03
all       1000        939      0.701      0.354      0.393      0.194
Epoch    GPU_mem   box_loss   obj_loss   cls_loss  Instances       Size
85/99      13.9G    0.02455   0.004585  0.0008205         11        640: 100%|██████████| 62/62 00:19
Class     Images  Instances          P          R      mAP50   mAP50-95: 100%|██████████| 8/8 00:03
all       1000        939      0.706      0.368      0.401      0.195
Epoch    GPU_mem   box_loss   obj_loss   cls_loss  Instances       Size
86/99      13.9G    0.02408   0.004367  0.0008638         14        640: 100%|██████████| 62/62 00:18
Class     Images  Instances          P          R      mAP50   mAP50-95: 100%|██████████| 8/8 00:03
all       1000        939      0.726      0.381      0.407        0.2
Epoch    GPU_mem   box_loss   obj_loss   cls_loss  Instances       Size
87/99      13.9G    0.02429   0.004493  0.0007562          9        640: 100%|██████████| 62/62 00:18
Class     Images  Instances          P          R      mAP50   mAP50-95: 100%|██████████| 8/8 00:03
all       1000        939      0.761      0.336      0.402      0.199
Epoch    GPU_mem   box_loss   obj_loss   cls_loss  Instances       Size
88/99      13.9G    0.02403   0.004385  0.0009984         24        640: 100%|██████████| 62/62 00:16
Class     Images  Instances          P          R      mAP50   mAP50-95: 100%|██████████| 8/8 00:03
all       1000        939      0.727      0.359      0.398      0.196
Epoch    GPU_mem   box_loss   obj_loss   cls_loss  Instances       Size
89/99      13.9G     0.0238   0.004281  0.0008411         12        640: 100%|██████████| 62/62 00:16
Class     Images  Instances          P          R      mAP50   mAP50-95: 100%|██████████| 8/8 00:03
all       1000        939      0.711      0.374      0.409      0.205
Epoch    GPU_mem   box_loss   obj_loss   cls_loss  Instances       Size
90/99      13.9G    0.02342   0.004604  0.0008719         24        640: 100%|██████████| 62/62 00:17
Class     Images  Instances          P          R      mAP50   mAP50-95: 100%|██████████| 8/8 00:03
all       1000        939      0.738      0.392      0.417      0.211
Epoch    GPU_mem   box_loss   obj_loss   cls_loss  Instances       Size
91/99      13.9G    0.02361   0.004551  0.0008099          9        640: 100%|██████████| 62/62 00:16
Class     Images  Instances          P          R      mAP50   mAP50-95: 100%|██████████| 8/8 00:02
all       1000        939      0.751      0.358      0.411      0.202
Epoch    GPU_mem   box_loss   obj_loss   cls_loss  Instances       Size
92/99      13.9G    0.02329   0.004399  0.0008368         13        640: 100%|██████████| 62/62 00:17
Class     Images  Instances          P          R      mAP50   mAP50-95: 100%|██████████| 8/8 00:03
all       1000        939       0.72      0.373      0.403      0.199
Epoch    GPU_mem   box_loss   obj_loss   cls_loss  Instances       Size
93/99      13.9G    0.02304   0.004365  0.0007175         16        640: 100%|██████████| 62/62 00:18
Class     Images  Instances          P          R      mAP50   mAP50-95: 100%|██████████| 8/8 00:03
all       1000        939      0.721      0.362      0.406        0.2
Epoch    GPU_mem   box_loss   obj_loss   cls_loss  Instances       Size
94/99      13.9G    0.02277   0.004219  0.0007372         19        640: 100%|██████████| 62/62 00:15
Class     Images  Instances          P          R      mAP50   mAP50-95: 100%|██████████| 8/8 00:03
all       1000        939      0.728      0.355      0.395      0.195
Epoch    GPU_mem   box_loss   obj_loss   cls_loss  Instances       Size
95/99      13.9G    0.02268   0.004177  0.0006615         18        640: 100%|██████████| 62/62 00:19
Class     Images  Instances          P          R      mAP50   mAP50-95: 100%|██████████| 8/8 00:03
all       1000        939      0.443      0.363      0.393      0.195
Epoch    GPU_mem   box_loss   obj_loss   cls_loss  Instances       Size
96/99      13.9G    0.02249    0.00429  0.0007836         10        640: 100%|██████████| 62/62 00:16
Class     Images  Instances          P          R      mAP50   mAP50-95: 100%|██████████| 8/8 00:03
all       1000        939      0.436       0.38      0.399      0.199
Epoch    GPU_mem   box_loss   obj_loss   cls_loss  Instances       Size
97/99      13.9G    0.02177   0.004194  0.0006384         16        640: 100%|██████████| 62/62 00:16
Class     Images  Instances          P          R      mAP50   mAP50-95: 100%|██████████| 8/8 00:03
all       1000        939      0.695       0.39      0.406      0.201
Epoch    GPU_mem   box_loss   obj_loss   cls_loss  Instances       Size
98/99      13.9G    0.02197   0.004331  0.0006674         16        640: 100%|██████████| 62/62 00:18
Class     Images  Instances          P          R      mAP50   mAP50-95: 100%|██████████| 8/8 00:03
all       1000        939      0.691      0.388      0.406        0.2
Epoch    GPU_mem   box_loss   obj_loss   cls_loss  Instances       Size
99/99      13.9G    0.02161   0.004179  0.0006293         16        640: 100%|██████████| 62/62 00:19
Class     Images  Instances          P          R      mAP50   mAP50-95: 100%|██████████| 8/8 00:03
all       1000        939      0.703      0.379      0.404      0.201
100 epochs completed in 0.596 hours.
Optimizer stripped from /home/lijinhe/work/YOLO_Retraining/runs/studies/20260824-182608/sequences/dedup_tau_0p900__seq-full-cold__stage0-stage3__yolov5s__s42/tasks/003__stage3__full-cold/backend/yolov5/train/weights/last.pt, 14.4MB
Optimizer stripped from /home/lijinhe/work/YOLO_Retraining/runs/studies/20260824-182608/sequences/dedup_tau_0p900__seq-full-cold__stage0-stage3__yolov5s__s42/tasks/003__stage3__full-cold/backend/yolov5/train/weights/best.pt, 14.4MB
Validating /home/lijinhe/work/YOLO_Retraining/runs/studies/20260824-182608/sequences/dedup_tau_0p900__seq-full-cold__stage0-stage3__yolov5s__s42/tasks/003__stage3__full-cold/backend/yolov5/train/weights/best.pt...
Fusing layers...
Model summary: 157 layers, 7020913 parameters, 0 gradients, 15.8 GFLOPs
Class     Images  Instances          P          R      mAP50   mAP50-95: 100%|██████████| 8/8 00:03
all       1000        939      0.734      0.393      0.418      0.212
large luggage       1000        358      0.534      0.598      0.582      0.288
stroller       1000        413      0.715      0.521       0.57      0.284
wheelchair       1000        155      0.687      0.453      0.508      0.268
flatbed truck       1000         13          1          0     0.0109    0.00563
Results saved to /home/lijinhe/work/YOLO_Retraining/runs/studies/20260824-182608/sequences/dedup_tau_0p900__seq-full-cold__stage0-stage3__yolov5s__s42/tasks/003__stage3__full-cold/backend/yolov5/train
terminate called without an active exception
Exception ignored in: <function _MultiProcessingDataLoaderIter.__del__ at 0x7f4a1577a8c0>
Traceback (most recent call last):
File "/home/lijinhe/miniforge3/envs/yolo-retraining-v5/lib/python3.10/site-packages/torch/utils/data/dataloader.py", line 1479, in __del__
self._shutdown_workers()
File "/home/lijinhe/miniforge3/envs/yolo-retraining-v5/lib/python3.10/site-packages/torch/utils/data/dataloader.py", line 1443, in _shutdown_workers
w.join(timeout=_utils.MP_STATUS_CHECK_INTERVAL)
File "/home/lijinhe/miniforge3/envs/yolo-retraining-v5/lib/python3.10/multiprocessing/process.py", line 149, in join
res = self._popen.wait(timeout)
File "/home/lijinhe/miniforge3/envs/yolo-retraining-v5/lib/python3.10/multiprocessing/popen_fork.py", line 40, in wait
if not wait([self.sentinel], timeout):
File "/home/lijinhe/miniforge3/envs/yolo-retraining-v5/lib/python3.10/multiprocessing/connection.py", line 931, in wait
ready = selector.select(timeout)
File "/home/lijinhe/miniforge3/envs/yolo-retraining-v5/lib/python3.10/selectors.py", line 416, in select
fd_event_list = self._selector.poll(timeout)
File "/home/lijinhe/miniforge3/envs/yolo-retraining-v5/lib/python3.10/site-packages/torch/utils/data/_utils/signal_handling.py", line 66, in handler
_error_if_any_worker_fails()
RuntimeError: DataLoader worker (pid 1525699) is killed by signal: Aborted.
[YOLOv5] compacted progress updates: 13734 -> 203 lines
[YOLOv5] coalesced warning: incomplete JPEG accepted read-only; count=4892; by_source=train=3896, val=996
[YOLOv5] warning example: train: WARNING ⚠️ /home/lijinhe/work/YOLO_Retraining/data/self_improving/images/0720_10/04502_1784522054684382_0.jpg: incomplete JPEG accepted read-only
[YOLOv5] warning example: train: WARNING ⚠️ /home/lijinhe/work/YOLO_Retraining/data/self_improving/images/0720_10/04504_1784522063412272_0.jpg: incomplete JPEG accepted read-only
[YOLOv5] warning example: train: WARNING ⚠️ /home/lijinhe/work/YOLO_Retraining/data/self_improving/images/0720_10/04506_1784522063534384_0.jpg: incomplete JPEG accepted read-only
