train: weights=/home/lijinhe/work/YOLO_Retraining/.third_party/yolov5/yolov5s.pt, cfg=, data=/home/lijinhe/work/YOLO_Retraining/runs/studies/0907_stroller_window10_learning_curve/experiment/sequence/StrollerWindow10Tau099_SplitS43__seq-full-cold__stage0-stage7__yolov5s__s42/tasks/005__stage5__full-cold/data/backend_data.yaml, hyp=data/hyps/hyp.scratch-low.yaml, epochs=100, batch_size=64, imgsz=640, rect=False, resume=False, nosave=False, noval=False, noautoanchor=False, noplots=True, evolve=None, bucket=, cache=None, image_weights=False, device=0, multi_scale=False, single_cls=False, optimizer=SGD, sync_bn=False, workers=16, project=/home/lijinhe/work/YOLO_Retraining/runs/studies/0907_stroller_window10_learning_curve/experiment/sequence/StrollerWindow10Tau099_SplitS43__seq-full-cold__stage0-stage7__yolov5s__s42/tasks/005__stage5__full-cold/backend/yolov5, name=train, exist_ok=True, quad=False, cos_lr=False, label_smoothing=0.0, patience=100, freeze=[0], save_period=-1, seed=47, local_rank=-1, entity=None, upload_dataset=False, bbox_interval=-1, artifact_alias=latest
github: skipping check (offline), for updates see https://github.com/ultralytics/yolov5
YOLOv5 🚀 v7.0-0-g915bbf29 Python-3.10.20 torch-2.2.2+cu121 CUDA:0 (NVIDIA H100 PCIe, 81090MiB)
hyperparameters: lr0=0.01, lrf=0.01, momentum=0.937, weight_decay=0.0005, warmup_epochs=3.0, warmup_momentum=0.8, warmup_bias_lr=0.1, box=0.05, cls=0.5, cls_pw=1.0, obj=1.0, obj_pw=1.0, iou_t=0.2, anchor_t=4.0, fl_gamma=0.0, hsv_h=0.015, hsv_s=0.7, hsv_v=0.4, degrees=0.0, translate=0.1, scale=0.5, shear=0.0, perspective=0.0, flipud=0.0, fliplr=0.5, mosaic=1.0, mixup=0.0, copy_paste=0.0
ClearML: run 'pip install clearml' to automatically track, visualize and remotely train YOLOv5 🚀 in ClearML
Comet: run 'pip install comet_ml' to automatically track and visualize YOLOv5 🚀 runs in Comet
TensorBoard: Start with 'tensorboard --logdir /home/lijinhe/work/YOLO_Retraining/runs/studies/0907_stroller_window10_learning_curve/experiment/sequence/StrollerWindow10Tau099_SplitS43__seq-full-cold__stage0-stage7__yolov5s__s42/tasks/005__stage5__full-cold/backend/yolov5', view at http://localhost:6006/
Overriding model.yaml nc=80 with nc=4
from  n    params  module                                  arguments
0                -1  1      3520  models.common.Conv                      [3, 32, 6, 2, 2]
1                -1  1     18560  models.common.Conv                      [32, 64, 3, 2]
2                -1  1     18816  models.common.C3                        [64, 64, 1]
3                -1  1     73984  models.common.Conv                      [64, 128, 3, 2]
4                -1  2    115712  models.common.C3                        [128, 128, 2]
5                -1  1    295424  models.common.Conv                      [128, 256, 3, 2]
6                -1  3    625152  models.common.C3                        [256, 256, 3]
7                -1  1   1180672  models.common.Conv                      [256, 512, 3, 2]
8                -1  1   1182720  models.common.C3                        [512, 512, 1]
9                -1  1    656896  models.common.SPPF                      [512, 512, 5]
10                -1  1    131584  models.common.Conv                      [512, 256, 1, 1]
11                -1  1         0  torch.nn.modules.upsampling.Upsample    [None, 2, 'nearest']
12           [-1, 6]  1         0  models.common.Concat                    [1]
13                -1  1    361984  models.common.C3                        [512, 256, 1, False]
14                -1  1     33024  models.common.Conv                      [256, 128, 1, 1]
15                -1  1         0  torch.nn.modules.upsampling.Upsample    [None, 2, 'nearest']
16           [-1, 4]  1         0  models.common.Concat                    [1]
17                -1  1     90880  models.common.C3                        [256, 128, 1, False]
18                -1  1    147712  models.common.Conv                      [128, 128, 3, 2]
19          [-1, 14]  1         0  models.common.Concat                    [1]
20                -1  1    296448  models.common.C3                        [256, 256, 1, False]
21                -1  1    590336  models.common.Conv                      [256, 256, 3, 2]
22          [-1, 10]  1         0  models.common.Concat                    [1]
23                -1  1   1182720  models.common.C3                        [512, 512, 1, False]
24      [17, 20, 23]  1     24273  models.yolo.Detect                      [4, [[10, 13, 16, 30, 33, 23], [30, 61, 62, 45, 59, 119], [116, 90, 156, 198, 373, 326]], [128, 256, 512]]
Model summary: 214 layers, 7030417 parameters, 7030417 gradients, 16.0 GFLOPs
Transferred 343/349 items from /home/lijinhe/work/YOLO_Retraining/.third_party/yolov5/yolov5s.pt
AMP: checks passed ✅
optimizer: SGD(lr=0.01) with parameter groups 57 weight(decay=0.0), 60 weight(decay=0.0005), 60 bias
train: Scanning /home/lijinhe/work/YOLO_Retraining/runs/studies/0907_stroller_window10_learning_curve/experiment/sequence/StrollerWindow10Tau099_SplitS43__seq-full-cold__stage0-stage7__yolov5s__s42/tasks/005__stage5__full-cold/data/backend_train_images... 481 images, 0 backgrounds, 0 corrupt: 100%|██████████| 481/481 00:05
train: New cache created: /home/lijinhe/work/YOLO_Retraining/runs/studies/0907_stroller_window10_learning_curve/experiment/sequence/StrollerWindow10Tau099_SplitS43__seq-full-cold__stage0-stage7__yolov5s__s42/tasks/005__stage5__full-cold/data/backend_train_images.cache
val: Scanning /home/lijinhe/work/YOLO_Retraining/runs/studies/0907_stroller_window10_learning_curve/experiment/sequence/StrollerWindow10Tau099_SplitS43__seq-full-cold__stage0-stage7__yolov5s__s42/tasks/005__stage5__full-cold/data/backend_validation_images... 80 images, 0 backgrounds, 0 corrupt: 100%|██████████| 80/80 00:04
val: New cache created: /home/lijinhe/work/YOLO_Retraining/runs/studies/0907_stroller_window10_learning_curve/experiment/sequence/StrollerWindow10Tau099_SplitS43__seq-full-cold__stage0-stage7__yolov5s__s42/tasks/005__stage5__full-cold/data/backend_validation_images.cache
AutoAnchor: 6.19 anchors/target, 1.000 Best Possible Recall (BPR). Current anchors are a good fit to dataset ✅
Image sizes 640 train, 640 val
Using 16 dataloader workers
Logging results to /home/lijinhe/work/YOLO_Retraining/runs/studies/0907_stroller_window10_learning_curve/experiment/sequence/StrollerWindow10Tau099_SplitS43__seq-full-cold__stage0-stage7__yolov5s__s42/tasks/005__stage5__full-cold/backend/yolov5/train
Starting training for 100 epochs...
Epoch    GPU_mem   box_loss   obj_loss   cls_loss  Instances       Size
0/99      13.9G     0.1255    0.03531    0.04163         62        640: 100%|██████████| 8/8 00:05
Class     Images  Instances          P          R      mAP50   mAP50-95: 100%|██████████| 1/1 00:08
all         80         82   0.000569      0.061   0.000303   4.78e-05
Epoch    GPU_mem   box_loss   obj_loss   cls_loss  Instances       Size
1/99      13.9G     0.1066    0.02815    0.02737         66        640: 100%|██████████| 8/8 00:01
Class     Images  Instances          P          R      mAP50   mAP50-95: 100%|██████████| 1/1 00:00
all         80         82    0.00302      0.622    0.00862    0.00203
Epoch    GPU_mem   box_loss   obj_loss   cls_loss  Instances       Size
2/99      13.9G    0.09084    0.02651    0.01183         69        640: 100%|██████████| 8/8 00:01
Class     Images  Instances          P          R      mAP50   mAP50-95: 100%|██████████| 1/1 00:00
all         80         82    0.00309      0.829     0.0344    0.00702
Epoch    GPU_mem   box_loss   obj_loss   cls_loss  Instances       Size
3/99      13.9G    0.08332    0.02583   0.005897         60        640: 100%|██████████| 8/8 00:01
Class     Images  Instances          P          R      mAP50   mAP50-95: 100%|██████████| 1/1 00:00
all         80         82     0.0213      0.695     0.0557     0.0174
Epoch    GPU_mem   box_loss   obj_loss   cls_loss  Instances       Size
4/99      13.9G    0.07632     0.0244   0.004168         59        640: 100%|██████████| 8/8 00:01
Class     Images  Instances          P          R      mAP50   mAP50-95: 100%|██████████| 1/1 00:00
all         80         82       0.27      0.366      0.231     0.0738
Epoch    GPU_mem   box_loss   obj_loss   cls_loss  Instances       Size
5/99      13.9G     0.0742    0.02174   0.003456         76        640: 100%|██████████| 8/8 00:01
Class     Images  Instances          P          R      mAP50   mAP50-95: 100%|██████████| 1/1 00:00
all         80         82     0.0519      0.207     0.0389     0.0123
Epoch    GPU_mem   box_loss   obj_loss   cls_loss  Instances       Size
6/99      13.9G    0.07374    0.02118   0.003105         79        640: 100%|██████████| 8/8 00:01
Class     Images  Instances          P          R      mAP50   mAP50-95: 100%|██████████| 1/1 00:00
all         80         82      0.366      0.354      0.276     0.0826
Epoch    GPU_mem   box_loss   obj_loss   cls_loss  Instances       Size
7/99      13.9G    0.06988    0.01936   0.003227         58        640: 100%|██████████| 8/8 00:01
Class     Images  Instances          P          R      mAP50   mAP50-95: 100%|██████████| 1/1 00:00
all         80         82      0.421      0.305      0.324      0.117
Epoch    GPU_mem   box_loss   obj_loss   cls_loss  Instances       Size
8/99      13.9G    0.06754    0.01803   0.003359         53        640: 100%|██████████| 8/8 00:01
Class     Images  Instances          P          R      mAP50   mAP50-95: 100%|██████████| 1/1 00:00
all         80         82      0.245       0.39      0.234     0.0535
Epoch    GPU_mem   box_loss   obj_loss   cls_loss  Instances       Size
9/99      13.9G    0.06876    0.01853   0.003301         68        640: 100%|██████████| 8/8 00:01
Class     Images  Instances          P          R      mAP50   mAP50-95: 100%|██████████| 1/1 00:00
all         80         82      0.525      0.524      0.513      0.175
Epoch    GPU_mem   box_loss   obj_loss   cls_loss  Instances       Size
10/99      13.9G    0.06589    0.01647   0.003427         64        640: 100%|██████████| 8/8 00:01
Class     Images  Instances          P          R      mAP50   mAP50-95: 100%|██████████| 1/1 00:00
all         80         82      0.534      0.634      0.619      0.246
Epoch    GPU_mem   box_loss   obj_loss   cls_loss  Instances       Size
11/99      13.9G    0.06342    0.01686   0.003414         67        640: 100%|██████████| 8/8 00:01
Class     Images  Instances          P          R      mAP50   mAP50-95: 100%|██████████| 1/1 00:00
all         80         82      0.467       0.72      0.545      0.162
Epoch    GPU_mem   box_loss   obj_loss   cls_loss  Instances       Size
12/99      13.9G    0.05994    0.01435   0.002976         59        640: 100%|██████████| 8/8 00:01
Class     Images  Instances          P          R      mAP50   mAP50-95: 100%|██████████| 1/1 00:00
all         80         82      0.407      0.646      0.475      0.171
Epoch    GPU_mem   box_loss   obj_loss   cls_loss  Instances       Size
13/99      13.9G    0.05632    0.01457   0.003014         73        640: 100%|██████████| 8/8 00:01
Class     Images  Instances          P          R      mAP50   mAP50-95: 100%|██████████| 1/1 00:00
all         80         82      0.441      0.585      0.497      0.185
Epoch    GPU_mem   box_loss   obj_loss   cls_loss  Instances       Size
14/99      13.9G    0.05477    0.01413   0.002738         77        640: 100%|██████████| 8/8 00:01
Class     Images  Instances          P          R      mAP50   mAP50-95: 100%|██████████| 1/1 00:00
all         80         82      0.614      0.695      0.628      0.233
Epoch    GPU_mem   box_loss   obj_loss   cls_loss  Instances       Size
15/99      13.9G    0.05117    0.01299   0.002382         54        640: 100%|██████████| 8/8 00:01
Class     Images  Instances          P          R      mAP50   mAP50-95: 100%|██████████| 1/1 00:00
all         80         82      0.818      0.768      0.812      0.394
Epoch    GPU_mem   box_loss   obj_loss   cls_loss  Instances       Size
16/99      13.9G    0.04966    0.01264   0.002309         62        640: 100%|██████████| 8/8 00:01
Class     Images  Instances          P          R      mAP50   mAP50-95: 100%|██████████| 1/1 00:00
all         80         82      0.514      0.683      0.555      0.219
Epoch    GPU_mem   box_loss   obj_loss   cls_loss  Instances       Size
17/99      13.9G    0.04773    0.01196   0.002192         58        640: 100%|██████████| 8/8 00:01
Class     Images  Instances          P          R      mAP50   mAP50-95: 100%|██████████| 1/1 00:00
all         80         82      0.592      0.756      0.615       0.22
Epoch    GPU_mem   box_loss   obj_loss   cls_loss  Instances       Size
18/99      13.9G    0.04612    0.01159   0.002074         63        640: 100%|██████████| 8/8 00:01
Class     Images  Instances          P          R      mAP50   mAP50-95: 100%|██████████| 1/1 00:00
all         80         82      0.682      0.744      0.734      0.319
Epoch    GPU_mem   box_loss   obj_loss   cls_loss  Instances       Size
19/99      13.9G    0.04511    0.01099    0.00188         57        640: 100%|██████████| 8/8 00:02
Class     Images  Instances          P          R      mAP50   mAP50-95: 100%|██████████| 1/1 00:00
all         80         82       0.75      0.732       0.72      0.309
Epoch    GPU_mem   box_loss   obj_loss   cls_loss  Instances       Size
20/99      13.9G    0.04371    0.01131   0.001843         56        640: 100%|██████████| 8/8 00:01
Class     Images  Instances          P          R      mAP50   mAP50-95: 100%|██████████| 1/1 00:00
all         80         82      0.875       0.78      0.846      0.385
Epoch    GPU_mem   box_loss   obj_loss   cls_loss  Instances       Size
21/99      13.9G    0.04448    0.01103   0.001804         63        640: 100%|██████████| 8/8 00:01
Class     Images  Instances          P          R      mAP50   mAP50-95: 100%|██████████| 1/1 00:00
all         80         82       0.76       0.78      0.784      0.349
Epoch    GPU_mem   box_loss   obj_loss   cls_loss  Instances       Size
22/99      13.9G    0.04206    0.01062   0.001627         61        640: 100%|██████████| 8/8 00:01
Class     Images  Instances          P          R      mAP50   mAP50-95: 100%|██████████| 1/1 00:00
all         80         82      0.837      0.754      0.789        0.4
Epoch    GPU_mem   box_loss   obj_loss   cls_loss  Instances       Size
23/99      13.9G    0.04115    0.01048   0.001634         62        640: 100%|██████████| 8/8 00:01
Class     Images  Instances          P          R      mAP50   mAP50-95: 100%|██████████| 1/1 00:00
all         80         82      0.835      0.817      0.778       0.37
Epoch    GPU_mem   box_loss   obj_loss   cls_loss  Instances       Size
24/99      13.9G    0.04099    0.01078   0.001599         64        640: 100%|██████████| 8/8 00:02
Class     Images  Instances          P          R      mAP50   mAP50-95: 100%|██████████| 1/1 00:00
all         80         82       0.84      0.768      0.815      0.401
Epoch    GPU_mem   box_loss   obj_loss   cls_loss  Instances       Size
25/99      13.9G    0.03858    0.01048   0.001534         61        640: 100%|██████████| 8/8 00:01
Class     Images  Instances          P          R      mAP50   mAP50-95: 100%|██████████| 1/1 00:00
all         80         82      0.806      0.762      0.791      0.411
Epoch    GPU_mem   box_loss   obj_loss   cls_loss  Instances       Size
26/99      13.9G    0.03858   0.009951    0.00143         59        640: 100%|██████████| 8/8 00:01
Class     Images  Instances          P          R      mAP50   mAP50-95: 100%|██████████| 1/1 00:00
all         80         82      0.913      0.768      0.833      0.396
Epoch    GPU_mem   box_loss   obj_loss   cls_loss  Instances       Size
27/99      13.9G    0.03866   0.009993   0.001459         65        640: 100%|██████████| 8/8 00:01
Class     Images  Instances          P          R      mAP50   mAP50-95: 100%|██████████| 1/1 00:00
all         80         82      0.848      0.793      0.793      0.401
Epoch    GPU_mem   box_loss   obj_loss   cls_loss  Instances       Size
28/99      13.9G    0.03811    0.01035   0.001284         68        640: 100%|██████████| 8/8 00:01
Class     Images  Instances          P          R      mAP50   mAP50-95: 100%|██████████| 1/1 00:00
all         80         82      0.887      0.763       0.82      0.383
Epoch    GPU_mem   box_loss   obj_loss   cls_loss  Instances       Size
29/99      13.9G    0.03803    0.01011   0.001343         59        640: 100%|██████████| 8/8 00:02
Class     Images  Instances          P          R      mAP50   mAP50-95: 100%|██████████| 1/1 00:00
all         80         82      0.875      0.765      0.834      0.411
Epoch    GPU_mem   box_loss   obj_loss   cls_loss  Instances       Size
30/99      13.9G    0.03711   0.009495   0.001274         54        640: 100%|██████████| 8/8 00:01
Class     Images  Instances          P          R      mAP50   mAP50-95: 100%|██████████| 1/1 00:00
all         80         82      0.854      0.768      0.847      0.406
Epoch    GPU_mem   box_loss   obj_loss   cls_loss  Instances       Size
31/99      13.9G    0.03541   0.009836   0.001229         60        640: 100%|██████████| 8/8 00:01
Class     Images  Instances          P          R      mAP50   mAP50-95: 100%|██████████| 1/1 00:00
all         80         82      0.897      0.741      0.811      0.405
Epoch    GPU_mem   box_loss   obj_loss   cls_loss  Instances       Size
32/99      13.9G    0.03558   0.009757   0.001229         54        640: 100%|██████████| 8/8 00:01
Class     Images  Instances          P          R      mAP50   mAP50-95: 100%|██████████| 1/1 00:00
all         80         82      0.884      0.741      0.786      0.416
Epoch    GPU_mem   box_loss   obj_loss   cls_loss  Instances       Size
33/99      13.9G    0.03505   0.009633   0.001181         52        640: 100%|██████████| 8/8 00:02
Class     Images  Instances          P          R      mAP50   mAP50-95: 100%|██████████| 1/1 00:00
all         80         82      0.864      0.732      0.807      0.418
Epoch    GPU_mem   box_loss   obj_loss   cls_loss  Instances       Size
34/99      13.9G    0.03399   0.009461   0.001123         74        640: 100%|██████████| 8/8 00:01
Class     Images  Instances          P          R      mAP50   mAP50-95: 100%|██████████| 1/1 00:00
all         80         82      0.856      0.799      0.834      0.424
Epoch    GPU_mem   box_loss   obj_loss   cls_loss  Instances       Size
35/99      13.9G     0.0342   0.009175   0.001161         67        640: 100%|██████████| 8/8 00:02
Class     Images  Instances          P          R      mAP50   mAP50-95: 100%|██████████| 1/1 00:00
all         80         82       0.87      0.817      0.866      0.425
Epoch    GPU_mem   box_loss   obj_loss   cls_loss  Instances       Size
36/99      13.9G    0.03335   0.009114   0.001119         50        640: 100%|██████████| 8/8 00:01
Class     Images  Instances          P          R      mAP50   mAP50-95: 100%|██████████| 1/1 00:00
all         80         82      0.858       0.81      0.878      0.429
Epoch    GPU_mem   box_loss   obj_loss   cls_loss  Instances       Size
37/99      13.9G    0.03383    0.00921   0.001072         72        640: 100%|██████████| 8/8 00:01
Class     Images  Instances          P          R      mAP50   mAP50-95: 100%|██████████| 1/1 00:00
all         80         82      0.858      0.813      0.865      0.435
Epoch    GPU_mem   box_loss   obj_loss   cls_loss  Instances       Size
38/99      13.9G    0.03281   0.009063   0.001011         57        640: 100%|██████████| 8/8 00:01
Class     Images  Instances          P          R      mAP50   mAP50-95: 100%|██████████| 1/1 00:00
all         80         82      0.846      0.829      0.852       0.43
Epoch    GPU_mem   box_loss   obj_loss   cls_loss  Instances       Size
39/99      13.9G    0.03268   0.008577  0.0009926         68        640: 100%|██████████| 8/8 00:02
Class     Images  Instances          P          R      mAP50   mAP50-95: 100%|██████████| 1/1 00:00
all         80         82       0.84      0.829      0.844      0.404
Epoch    GPU_mem   box_loss   obj_loss   cls_loss  Instances       Size
40/99      13.9G     0.0324   0.008885   0.001032         56        640: 100%|██████████| 8/8 00:01
Class     Images  Instances          P          R      mAP50   mAP50-95: 100%|██████████| 1/1 00:00
all         80         82      0.849       0.82      0.832      0.415
Epoch    GPU_mem   box_loss   obj_loss   cls_loss  Instances       Size
41/99      13.9G    0.03139   0.008975  0.0009607         63        640: 100%|██████████| 8/8 00:02
Class     Images  Instances          P          R      mAP50   mAP50-95: 100%|██████████| 1/1 00:00
all         80         82      0.877      0.756      0.849      0.432
Epoch    GPU_mem   box_loss   obj_loss   cls_loss  Instances       Size
42/99      13.9G    0.03091   0.008886  0.0009285         60        640: 100%|██████████| 8/8 00:01
Class     Images  Instances          P          R      mAP50   mAP50-95: 100%|██████████| 1/1 00:00
all         80         82      0.853      0.854      0.869      0.424
Epoch    GPU_mem   box_loss   obj_loss   cls_loss  Instances       Size
43/99      13.9G    0.03034   0.008425   0.000894         60        640: 100%|██████████| 8/8 00:01
Class     Images  Instances          P          R      mAP50   mAP50-95: 100%|██████████| 1/1 00:00
all         80         82       0.84      0.756      0.828      0.428
Epoch    GPU_mem   box_loss   obj_loss   cls_loss  Instances       Size
44/99      13.9G    0.03076   0.008666  0.0009198         50        640: 100%|██████████| 8/8 00:01
Class     Images  Instances          P          R      mAP50   mAP50-95: 100%|██████████| 1/1 00:00
all         80         82      0.893      0.814      0.839      0.423
Epoch    GPU_mem   box_loss   obj_loss   cls_loss  Instances       Size
45/99      13.9G     0.0298   0.008908  0.0008686         60        640: 100%|██████████| 8/8 00:01
Class     Images  Instances          P          R      mAP50   mAP50-95: 100%|██████████| 1/1 00:00
all         80         82      0.879      0.797      0.864      0.449
Epoch    GPU_mem   box_loss   obj_loss   cls_loss  Instances       Size
46/99      13.9G    0.03009   0.008581  0.0008635         50        640: 100%|██████████| 8/8 00:01
Class     Images  Instances          P          R      mAP50   mAP50-95: 100%|██████████| 1/1 00:00
all         80         82      0.864      0.851       0.88      0.465
Epoch    GPU_mem   box_loss   obj_loss   cls_loss  Instances       Size
47/99      13.9G     0.0287   0.008441  0.0008618         62        640: 100%|██████████| 8/8 00:01
Class     Images  Instances          P          R      mAP50   mAP50-95: 100%|██████████| 1/1 00:00
all         80         82      0.856      0.854      0.875      0.481
Epoch    GPU_mem   box_loss   obj_loss   cls_loss  Instances       Size
48/99      13.9G    0.02993   0.008293  0.0008629         49        640: 100%|██████████| 8/8 00:01
Class     Images  Instances          P          R      mAP50   mAP50-95: 100%|██████████| 1/1 00:00
all         80         82      0.891      0.817      0.865      0.462
Epoch    GPU_mem   box_loss   obj_loss   cls_loss  Instances       Size
49/99      13.9G    0.02914    0.00845  0.0008753         66        640: 100%|██████████| 8/8 00:01
Class     Images  Instances          P          R      mAP50   mAP50-95: 100%|██████████| 1/1 00:00
all         80         82      0.873      0.841      0.883      0.452
Epoch    GPU_mem   box_loss   obj_loss   cls_loss  Instances       Size
50/99      13.9G    0.02765   0.008235   0.000827         70        640: 100%|██████████| 8/8 00:01
Class     Images  Instances          P          R      mAP50   mAP50-95: 100%|██████████| 1/1 00:00
all         80         82        0.9      0.805      0.868      0.472
Epoch    GPU_mem   box_loss   obj_loss   cls_loss  Instances       Size
51/99      13.9G    0.02802   0.008278  0.0007682         67        640: 100%|██████████| 8/8 00:01
Class     Images  Instances          P          R      mAP50   mAP50-95: 100%|██████████| 1/1 00:00
all         80         82      0.851      0.837      0.885       0.46
Epoch    GPU_mem   box_loss   obj_loss   cls_loss  Instances       Size
52/99      13.9G    0.02788   0.008318  0.0007614         52        640: 100%|██████████| 8/8 00:01
Class     Images  Instances          P          R      mAP50   mAP50-95: 100%|██████████| 1/1 00:00
all         80         82      0.848      0.805       0.86      0.462
Epoch    GPU_mem   box_loss   obj_loss   cls_loss  Instances       Size
53/99      13.9G      0.027   0.008016  0.0007549         55        640: 100%|██████████| 8/8 00:01
Class     Images  Instances          P          R      mAP50   mAP50-95: 100%|██████████| 1/1 00:00
all         80         82      0.892      0.829       0.87      0.455
Epoch    GPU_mem   box_loss   obj_loss   cls_loss  Instances       Size
54/99      13.9G    0.02734   0.008428  0.0007719         74        640: 100%|██████████| 8/8 00:01
Class     Images  Instances          P          R      mAP50   mAP50-95: 100%|██████████| 1/1 00:00
all         80         82      0.915      0.829       0.88      0.464
Epoch    GPU_mem   box_loss   obj_loss   cls_loss  Instances       Size
55/99      13.9G    0.02635    0.00797  0.0007242         67        640: 100%|██████████| 8/8 00:01
Class     Images  Instances          P          R      mAP50   mAP50-95: 100%|██████████| 1/1 00:00
all         80         82      0.884      0.839      0.888      0.465
Epoch    GPU_mem   box_loss   obj_loss   cls_loss  Instances       Size
56/99      13.9G    0.02682   0.008013  0.0006766         74        640: 100%|██████████| 8/8 00:01
Class     Images  Instances          P          R      mAP50   mAP50-95: 100%|██████████| 1/1 00:00
all         80         82      0.927      0.817       0.88      0.466
Epoch    GPU_mem   box_loss   obj_loss   cls_loss  Instances       Size
57/99      13.9G    0.02568   0.007538  0.0006693         57        640: 100%|██████████| 8/8 00:01
Class     Images  Instances          P          R      mAP50   mAP50-95: 100%|██████████| 1/1 00:00
all         80         82      0.874      0.847      0.891      0.468
Epoch    GPU_mem   box_loss   obj_loss   cls_loss  Instances       Size
58/99      13.9G    0.02523   0.007732  0.0006693         66        640: 100%|██████████| 8/8 00:01
Class     Images  Instances          P          R      mAP50   mAP50-95: 100%|██████████| 1/1 00:00
all         80         82      0.896      0.838      0.912      0.461
Epoch    GPU_mem   box_loss   obj_loss   cls_loss  Instances       Size
59/99      13.9G    0.02547   0.007846  0.0006323         56        640: 100%|██████████| 8/8 00:01
Class     Images  Instances          P          R      mAP50   mAP50-95: 100%|██████████| 1/1 00:00
all         80         82      0.916      0.829       0.88      0.467
Epoch    GPU_mem   box_loss   obj_loss   cls_loss  Instances       Size
60/99      13.9G    0.02532   0.007598  0.0006319         53        640: 100%|██████████| 8/8 00:01
Class     Images  Instances          P          R      mAP50   mAP50-95: 100%|██████████| 1/1 00:00
all         80         82      0.942      0.817      0.885       0.49
Epoch    GPU_mem   box_loss   obj_loss   cls_loss  Instances       Size
61/99      13.9G    0.02466   0.007545  0.0006479         71        640: 100%|██████████| 8/8 00:01
Class     Images  Instances          P          R      mAP50   mAP50-95: 100%|██████████| 1/1 00:00
all         80         82      0.895      0.866      0.886      0.489
Epoch    GPU_mem   box_loss   obj_loss   cls_loss  Instances       Size
62/99      13.9G    0.02413   0.007464  0.0006184         61        640: 100%|██████████| 8/8 00:01
Class     Images  Instances          P          R      mAP50   mAP50-95: 100%|██████████| 1/1 00:00
all         80         82      0.857      0.876       0.88       0.49
Epoch    GPU_mem   box_loss   obj_loss   cls_loss  Instances       Size
63/99      13.9G    0.02462   0.007725  0.0006117         69        640: 100%|██████████| 8/8 00:01
Class     Images  Instances          P          R      mAP50   mAP50-95: 100%|██████████| 1/1 00:00
all         80         82      0.864      0.851      0.874      0.461
Epoch    GPU_mem   box_loss   obj_loss   cls_loss  Instances       Size
64/99      13.9G    0.02334   0.007308   0.000586         64        640: 100%|██████████| 8/8 00:01
Class     Images  Instances          P          R      mAP50   mAP50-95: 100%|██████████| 1/1 00:00
all         80         82      0.863      0.817      0.865      0.466
Epoch    GPU_mem   box_loss   obj_loss   cls_loss  Instances       Size
65/99      13.9G    0.02355   0.007929  0.0005915         70        640: 100%|██████████| 8/8 00:01
Class     Images  Instances          P          R      mAP50   mAP50-95: 100%|██████████| 1/1 00:00
all         80         82      0.893      0.817      0.852      0.449
Epoch    GPU_mem   box_loss   obj_loss   cls_loss  Instances       Size
66/99      13.9G    0.02334   0.007195  0.0005479         62        640: 100%|██████████| 8/8 00:01
Class     Images  Instances          P          R      mAP50   mAP50-95: 100%|██████████| 1/1 00:00
all         80         82      0.915      0.789      0.834      0.433
Epoch    GPU_mem   box_loss   obj_loss   cls_loss  Instances       Size
67/99      13.9G    0.02333   0.007215  0.0005435         73        640: 100%|██████████| 8/8 00:01
Class     Images  Instances          P          R      mAP50   mAP50-95: 100%|██████████| 1/1 00:00
all         80         82      0.899      0.817      0.847      0.436
Epoch    GPU_mem   box_loss   obj_loss   cls_loss  Instances       Size
68/99      13.9G    0.02275   0.007153  0.0005797         59        640: 100%|██████████| 8/8 00:01
Class     Images  Instances          P          R      mAP50   mAP50-95: 100%|██████████| 1/1 00:00
all         80         82      0.892      0.829      0.856      0.447
Epoch    GPU_mem   box_loss   obj_loss   cls_loss  Instances       Size
69/99      13.9G    0.02237    0.00739  0.0005314         62        640: 100%|██████████| 8/8 00:01
Class     Images  Instances          P          R      mAP50   mAP50-95: 100%|██████████| 1/1 00:00
all         80         82      0.825      0.865      0.865       0.45
Epoch    GPU_mem   box_loss   obj_loss   cls_loss  Instances       Size
70/99      13.9G    0.02223   0.007523  0.0005154         83        640: 100%|██████████| 8/8 00:01
Class     Images  Instances          P          R      mAP50   mAP50-95: 100%|██████████| 1/1 00:00
all         80         82      0.869      0.841      0.872      0.436
Epoch    GPU_mem   box_loss   obj_loss   cls_loss  Instances       Size
71/99      13.9G    0.02199   0.007336  0.0005105         60        640: 100%|██████████| 8/8 00:01
Class     Images  Instances          P          R      mAP50   mAP50-95: 100%|██████████| 1/1 00:00
all         80         82        0.9       0.77      0.857      0.452
Epoch    GPU_mem   box_loss   obj_loss   cls_loss  Instances       Size
72/99      13.9G    0.02217    0.00733  0.0004867         50        640: 100%|██████████| 8/8 00:02
Class     Images  Instances          P          R      mAP50   mAP50-95: 100%|██████████| 1/1 00:00
all         80         82      0.858      0.808      0.849      0.449
Epoch    GPU_mem   box_loss   obj_loss   cls_loss  Instances       Size
73/99      13.9G    0.02111   0.007185  0.0004757         67        640: 100%|██████████| 8/8 00:01
Class     Images  Instances          P          R      mAP50   mAP50-95: 100%|██████████| 1/1 00:00
all         80         82      0.836      0.807      0.855      0.457
Epoch    GPU_mem   box_loss   obj_loss   cls_loss  Instances       Size
74/99      13.9G    0.02143   0.007057  0.0004578         56        640: 100%|██████████| 8/8 00:01
Class     Images  Instances          P          R      mAP50   mAP50-95: 100%|██████████| 1/1 00:00
all         80         82      0.876      0.805      0.878      0.474
Epoch    GPU_mem   box_loss   obj_loss   cls_loss  Instances       Size
75/99      13.9G    0.02068   0.007055   0.000451         70        640: 100%|██████████| 8/8 00:01
Class     Images  Instances          P          R      mAP50   mAP50-95: 100%|██████████| 1/1 00:00
all         80         82      0.846      0.854      0.887      0.477
Epoch    GPU_mem   box_loss   obj_loss   cls_loss  Instances       Size
76/99      13.9G    0.01982   0.006734   0.000439         55        640: 100%|██████████| 8/8 00:01
Class     Images  Instances          P          R      mAP50   mAP50-95: 100%|██████████| 1/1 00:00
all         80         82      0.879      0.829      0.876       0.46
Epoch    GPU_mem   box_loss   obj_loss   cls_loss  Instances       Size
77/99      13.9G    0.02004   0.006701  0.0004233         56        640: 100%|██████████| 8/8 00:01
Class     Images  Instances          P          R      mAP50   mAP50-95: 100%|██████████| 1/1 00:00
all         80         82      0.876      0.841      0.881      0.456
Epoch    GPU_mem   box_loss   obj_loss   cls_loss  Instances       Size
78/99      13.9G    0.01975   0.006553  0.0004177         64        640: 100%|██████████| 8/8 00:01
Class     Images  Instances          P          R      mAP50   mAP50-95: 100%|██████████| 1/1 00:00
all         80         82      0.915      0.805      0.875      0.459
Epoch    GPU_mem   box_loss   obj_loss   cls_loss  Instances       Size
79/99      13.9G    0.02008   0.007041   0.000399         66        640: 100%|██████████| 8/8 00:01
Class     Images  Instances          P          R      mAP50   mAP50-95: 100%|██████████| 1/1 00:00
all         80         82      0.942      0.793       0.88       0.45
Epoch    GPU_mem   box_loss   obj_loss   cls_loss  Instances       Size
80/99      13.9G    0.01964   0.006494  0.0004038         57        640: 100%|██████████| 8/8 00:01
Class     Images  Instances          P          R      mAP50   mAP50-95: 100%|██████████| 1/1 00:00
all         80         82      0.881      0.815      0.879      0.472
Epoch    GPU_mem   box_loss   obj_loss   cls_loss  Instances       Size
81/99      13.9G    0.01984   0.006677  0.0003839         70        640: 100%|██████████| 8/8 00:01
Class     Images  Instances          P          R      mAP50   mAP50-95: 100%|██████████| 1/1 00:00
all         80         82      0.901      0.805      0.881       0.46
Epoch    GPU_mem   box_loss   obj_loss   cls_loss  Instances       Size
82/99      13.9G    0.01931   0.006794  0.0003737         53        640: 100%|██████████| 8/8 00:02
Class     Images  Instances          P          R      mAP50   mAP50-95: 100%|██████████| 1/1 00:00
all         80         82      0.938      0.805      0.885       0.49
Epoch    GPU_mem   box_loss   obj_loss   cls_loss  Instances       Size
83/99      13.9G    0.01944   0.006684  0.0003666         45        640: 100%|██████████| 8/8 00:01
Class     Images  Instances          P          R      mAP50   mAP50-95: 100%|██████████| 1/1 00:00
all         80         82      0.928      0.793       0.88      0.483
Epoch    GPU_mem   box_loss   obj_loss   cls_loss  Instances       Size
84/99      13.9G    0.01838   0.006604  0.0003563         57        640: 100%|██████████| 8/8 00:02
Class     Images  Instances          P          R      mAP50   mAP50-95: 100%|██████████| 1/1 00:00
all         80         82      0.884      0.834      0.878      0.484
Epoch    GPU_mem   box_loss   obj_loss   cls_loss  Instances       Size
85/99      13.9G    0.01794   0.006235  0.0003495         57        640: 100%|██████████| 8/8 00:01
Class     Images  Instances          P          R      mAP50   mAP50-95: 100%|██████████| 1/1 00:00
all         80         82      0.896       0.84      0.871      0.457
Epoch    GPU_mem   box_loss   obj_loss   cls_loss  Instances       Size
86/99      13.9G    0.01863    0.00639  0.0003261         55        640: 100%|██████████| 8/8 00:02
Class     Images  Instances          P          R      mAP50   mAP50-95: 100%|██████████| 1/1 00:00
all         80         82      0.889      0.829      0.869      0.476
Epoch    GPU_mem   box_loss   obj_loss   cls_loss  Instances       Size
87/99      13.9G      0.018   0.006338  0.0003129         59        640: 100%|██████████| 8/8 00:01
Class     Images  Instances          P          R      mAP50   mAP50-95: 100%|██████████| 1/1 00:00
all         80         82      0.872      0.828      0.864      0.472
Epoch    GPU_mem   box_loss   obj_loss   cls_loss  Instances       Size
88/99      13.9G    0.01776    0.00648  0.0003059         63        640: 100%|██████████| 8/8 00:02
Class     Images  Instances          P          R      mAP50   mAP50-95: 100%|██████████| 1/1 00:00
all         80         82      0.894      0.821      0.874      0.484
Epoch    GPU_mem   box_loss   obj_loss   cls_loss  Instances       Size
89/99      13.9G      0.018   0.006422  0.0002981         56        640: 100%|██████████| 8/8 00:01
Class     Images  Instances          P          R      mAP50   mAP50-95: 100%|██████████| 1/1 00:00
all         80         82      0.895      0.828      0.878      0.476
Epoch    GPU_mem   box_loss   obj_loss   cls_loss  Instances       Size
90/99      13.9G    0.01811   0.006332  0.0002825         73        640: 100%|██████████| 8/8 00:02
Class     Images  Instances          P          R      mAP50   mAP50-95: 100%|██████████| 1/1 00:00
all         80         82      0.894      0.826      0.869      0.471
Epoch    GPU_mem   box_loss   obj_loss   cls_loss  Instances       Size
91/99      13.9G    0.01711   0.006624  0.0002769         68        640: 100%|██████████| 8/8 00:01
Class     Images  Instances          P          R      mAP50   mAP50-95: 100%|██████████| 1/1 00:00
all         80         82      0.891      0.817      0.866      0.458
Epoch    GPU_mem   box_loss   obj_loss   cls_loss  Instances       Size
92/99      13.9G     0.0172   0.006342  0.0002802         65        640: 100%|██████████| 8/8 00:02
Class     Images  Instances          P          R      mAP50   mAP50-95: 100%|██████████| 1/1 00:00
all         80         82      0.893      0.813       0.87      0.466
Epoch    GPU_mem   box_loss   obj_loss   cls_loss  Instances       Size
93/99      13.9G    0.01676   0.006083  0.0002709         50        640: 100%|██████████| 8/8 00:01
Class     Images  Instances          P          R      mAP50   mAP50-95: 100%|██████████| 1/1 00:00
all         80         82      0.929      0.792      0.869      0.473
Epoch    GPU_mem   box_loss   obj_loss   cls_loss  Instances       Size
94/99      13.9G    0.01695   0.006586  0.0002625         80        640: 100%|██████████| 8/8 00:02
Class     Images  Instances          P          R      mAP50   mAP50-95: 100%|██████████| 1/1 00:00
all         80         82      0.913      0.793       0.87      0.476
Epoch    GPU_mem   box_loss   obj_loss   cls_loss  Instances       Size
95/99      13.9G    0.01647   0.005998  0.0002529         72        640: 100%|██████████| 8/8 00:01
Class     Images  Instances          P          R      mAP50   mAP50-95: 100%|██████████| 1/1 00:00
all         80         82      0.904      0.804      0.869       0.47
Epoch    GPU_mem   box_loss   obj_loss   cls_loss  Instances       Size
96/99      13.9G    0.01709   0.006336   0.000249         67        640: 100%|██████████| 8/8 00:02
Class     Images  Instances          P          R      mAP50   mAP50-95: 100%|██████████| 1/1 00:00
all         80         82      0.904      0.805      0.866      0.472
Epoch    GPU_mem   box_loss   obj_loss   cls_loss  Instances       Size
97/99      13.9G    0.01658   0.006398  0.0002487         69        640: 100%|██████████| 8/8 00:01
Class     Images  Instances          P          R      mAP50   mAP50-95: 100%|██████████| 1/1 00:00
all         80         82      0.893      0.812       0.87      0.474
Epoch    GPU_mem   box_loss   obj_loss   cls_loss  Instances       Size
98/99      13.9G    0.01631   0.006085  0.0002361         60        640: 100%|██████████| 8/8 00:01
Class     Images  Instances          P          R      mAP50   mAP50-95: 100%|██████████| 1/1 00:00
all         80         82      0.904      0.805      0.868      0.477
Epoch    GPU_mem   box_loss   obj_loss   cls_loss  Instances       Size
99/99      13.9G    0.01593   0.005975   0.000233         66        640: 100%|██████████| 8/8 00:01
Class     Images  Instances          P          R      mAP50   mAP50-95: 100%|██████████| 1/1 00:00
all         80         82      0.927       0.78       0.87      0.481
100 epochs completed in 0.069 hours.
Optimizer stripped from /home/lijinhe/work/YOLO_Retraining/runs/studies/0907_stroller_window10_learning_curve/experiment/sequence/StrollerWindow10Tau099_SplitS43__seq-full-cold__stage0-stage7__yolov5s__s42/tasks/005__stage5__full-cold/backend/yolov5/train/weights/last.pt, 14.4MB
Optimizer stripped from /home/lijinhe/work/YOLO_Retraining/runs/studies/0907_stroller_window10_learning_curve/experiment/sequence/StrollerWindow10Tau099_SplitS43__seq-full-cold__stage0-stage7__yolov5s__s42/tasks/005__stage5__full-cold/backend/yolov5/train/weights/best.pt, 14.4MB
Validating /home/lijinhe/work/YOLO_Retraining/runs/studies/0907_stroller_window10_learning_curve/experiment/sequence/StrollerWindow10Tau099_SplitS43__seq-full-cold__stage0-stage7__yolov5s__s42/tasks/005__stage5__full-cold/backend/yolov5/train/weights/best.pt...
Fusing layers...
Model summary: 157 layers, 7020913 parameters, 0 gradients, 15.8 GFLOPs
Class     Images  Instances          P          R      mAP50   mAP50-95: 100%|██████████| 1/1 00:00
all         80         82      0.893      0.841      0.912      0.462
stroller         80         82      0.893      0.841      0.912      0.462
Results saved to /home/lijinhe/work/YOLO_Retraining/runs/studies/0907_stroller_window10_learning_curve/experiment/sequence/StrollerWindow10Tau099_SplitS43__seq-full-cold__stage0-stage7__yolov5s__s42/tasks/005__stage5__full-cold/backend/yolov5/train
terminate called without an active exception
terminate called without an active exception
Exception ignored in: <function _MultiProcessingDataLoaderIter.__del__ at 0x7f2cb406e830>
Traceback (most recent call last):
File "/home/lijinhe/miniforge3/envs/yolo-retraining-v5/lib/python3.10/site-packages/torch/utils/data/dataloader.py", line 1479, in __del__
self._shutdown_workers()
File "/home/lijinhe/miniforge3/envs/yolo-retraining-v5/lib/python3.10/site-packages/torch/utils/data/dataloader.py", line 1443, in _shutdown_workers
w.join(timeout=_utils.MP_STATUS_CHECK_INTERVAL)
File "/home/lijinhe/miniforge3/envs/yolo-retraining-v5/lib/python3.10/multiprocessing/process.py", line 149, in join
res = self._popen.wait(timeout)
File "/home/lijinhe/miniforge3/envs/yolo-retraining-v5/lib/python3.10/multiprocessing/popen_fork.py", line 40, in wait
if not wait([self.sentinel], timeout):
File "/home/lijinhe/miniforge3/envs/yolo-retraining-v5/lib/python3.10/multiprocessing/connection.py", line 931, in wait
ready = selector.select(timeout)
File "/home/lijinhe/miniforge3/envs/yolo-retraining-v5/lib/python3.10/selectors.py", line 416, in select
fd_event_list = self._selector.poll(timeout)
File "/home/lijinhe/miniforge3/envs/yolo-retraining-v5/lib/python3.10/site-packages/torch/utils/data/_utils/signal_handling.py", line 66, in handler
_error_if_any_worker_fails()
RuntimeError: DataLoader worker (pid 2510701) is killed by signal: Aborted.
terminate called without an active exception
[YOLOv5] compacted progress updates: 2126 -> 203 lines
[YOLOv5] coalesced warning: incomplete JPEG accepted read-only; count=529; by_source=train=450, val=79
[YOLOv5] warning example: train: WARNING ⚠️ /home/lijinhe/work/YOLO_Retraining/data/stroller/images/00143_1780988430957444_0.jpg: incomplete JPEG accepted read-only
[YOLOv5] warning example: train: WARNING ⚠️ /home/lijinhe/work/YOLO_Retraining/data/stroller/images/00145_1780988441044446_0.jpg: incomplete JPEG accepted read-only
[YOLOv5] warning example: train: WARNING ⚠️ /home/lijinhe/work/YOLO_Retraining/data/stroller/images/00621_1782459223410772_1.jpg: incomplete JPEG accepted read-only
