[Task] output: /home/lijinhe/work/YOLO_Retraining/runs/studies/balance_tau090_label_contrast/tasks/dedup_tau_0p900__full-cold-stage0123__stage0+stage1+stage2+stage3__yolov5s__s42
[Task] data: current=4058, candidate=4058, validation=1000, test=1000
[Task] selection: policy=full, selected=4058, groups={'candidate': 4058}, time=0.001s
[Task] training: backend=yolov5, epochs=300, batch=64, device=0
[YOLOv5] epoch 1/300 running
[YOLOv5] validation: all       1000        641    0.00137      0.367     0.0144    0.00321
[YOLOv5] epoch 2/300 running
[YOLOv5] validation: all       1000        641      0.737      0.115      0.146     0.0524
[YOLOv5] epoch 3/300 running
[YOLOv5] validation: all       1000        641      0.681      0.144      0.135     0.0506
[YOLOv5] epoch 4/300 running
[YOLOv5] validation: all       1000        641      0.635     0.0905     0.0844     0.0291
[YOLOv5] epoch 5/300 running
[YOLOv5] validation: all       1000        641      0.652      0.121     0.0981      0.034
[YOLOv5] epoch 6/300 running
[YOLOv5] validation: all       1000        641      0.661      0.115      0.119     0.0467
[YOLOv5] epoch 7/300 running
[YOLOv5] validation: all       1000        641      0.495      0.239       0.23      0.102
[YOLOv5] epoch 8/300 running
[YOLOv5] validation: all       1000        641      0.476      0.305      0.223     0.0878
[YOLOv5] epoch 9/300 running
[YOLOv5] validation: all       1000        641      0.567      0.288      0.258       0.11
[YOLOv5] epoch 10/300 running
[YOLOv5] validation: all       1000        641      0.633      0.252      0.271      0.108
[YOLOv5] epoch 11/300 running
[YOLOv5] validation: all       1000        641      0.607       0.34      0.336      0.162
[YOLOv5] epoch 12/300 running
[YOLOv5] validation: all       1000        641      0.579       0.19      0.196     0.0891
[YOLOv5] epoch 13/300 running
[YOLOv5] validation: all       1000        641       0.67        0.3      0.337      0.145
[YOLOv5] epoch 14/300 running
[YOLOv5] validation: all       1000        641      0.647       0.26      0.294      0.131
[YOLOv5] epoch 15/300 running
[YOLOv5] validation: all       1000        641      0.708      0.302      0.331       0.13
[YOLOv5] epoch 16/300 running
[YOLOv5] validation: all       1000        641      0.726      0.331      0.372      0.173
[YOLOv5] epoch 17/300 running
[YOLOv5] validation: all       1000        641      0.622      0.305      0.348      0.152
[YOLOv5] epoch 18/300 running
[YOLOv5] validation: all       1000        641      0.691      0.367      0.395      0.187
[YOLOv5] epoch 19/300 running
[YOLOv5] validation: all       1000        641      0.687      0.306      0.329      0.133
[YOLOv5] epoch 20/300 running
[YOLOv5] validation: all       1000        641      0.667      0.353      0.368      0.179
[YOLOv5] epoch 21/300 running
[YOLOv5] validation: all       1000        641      0.768      0.315      0.384      0.177
[YOLOv5] epoch 22/300 running
[YOLOv5] validation: all       1000        641      0.782      0.291      0.361      0.168
[YOLOv5] epoch 23/300 running
[YOLOv5] validation: all       1000        641      0.724        0.3      0.349      0.152
[YOLOv5] epoch 24/300 running
[YOLOv5] validation: all       1000        641      0.749      0.371      0.412      0.181
[YOLOv5] epoch 25/300 running
[YOLOv5] validation: all       1000        641      0.743      0.373      0.404      0.186
[YOLOv5] epoch 26/300 running
[YOLOv5] validation: all       1000        641      0.762      0.338      0.396      0.177
[YOLOv5] epoch 27/300 running
[YOLOv5] validation: all       1000        641      0.747      0.358      0.399      0.176
[YOLOv5] epoch 28/300 running
[YOLOv5] validation: all       1000        641      0.766      0.328      0.391      0.189
[YOLOv5] epoch 29/300 running
[YOLOv5] validation: all       1000        641      0.742      0.362      0.398      0.195
[YOLOv5] epoch 30/300 running
[YOLOv5] validation: all       1000        641      0.687      0.375      0.396      0.189
[YOLOv5] epoch 31/300 running
[YOLOv5] validation: all       1000        641       0.74      0.359        0.4      0.192
[YOLOv5] epoch 32/300 running
[YOLOv5] validation: all       1000        641       0.76      0.336      0.382      0.177
[YOLOv5] epoch 33/300 running
[YOLOv5] validation: all       1000        641      0.703      0.327      0.377      0.176
[YOLOv5] epoch 34/300 running
[YOLOv5] validation: all       1000        641       0.76      0.248      0.298      0.136
[YOLOv5] epoch 35/300 running
[YOLOv5] validation: all       1000        641      0.744      0.363      0.389       0.19
[YOLOv5] epoch 36/300 running
[YOLOv5] validation: all       1000        641      0.778      0.367      0.423      0.215
[YOLOv5] epoch 37/300 running
[YOLOv5] validation: all       1000        641      0.729      0.389      0.418        0.2
[YOLOv5] epoch 38/300 running
[YOLOv5] validation: all       1000        641      0.778      0.401      0.436      0.217
[YOLOv5] epoch 39/300 running
[YOLOv5] validation: all       1000        641      0.728      0.374      0.414      0.211
[YOLOv5] epoch 40/300 running
[YOLOv5] validation: all       1000        641      0.725      0.332      0.383      0.184
[YOLOv5] epoch 41/300 running
[YOLOv5] validation: all       1000        641      0.749      0.352      0.384      0.173
[YOLOv5] epoch 42/300 running
[YOLOv5] validation: all       1000        641      0.754      0.404      0.421      0.201
[YOLOv5] epoch 43/300 running
[YOLOv5] validation: all       1000        641      0.764      0.351      0.392      0.185
[YOLOv5] epoch 44/300 running
[YOLOv5] validation: all       1000        641      0.795      0.362      0.409      0.209
[YOLOv5] epoch 45/300 running
[YOLOv5] validation: all       1000        641      0.773      0.362      0.408      0.206
[YOLOv5] epoch 46/300 running
[YOLOv5] validation: all       1000        641      0.717       0.39      0.416      0.204
[YOLOv5] epoch 47/300 running
[YOLOv5] validation: all       1000        641      0.741      0.386      0.409      0.202
[YOLOv5] epoch 48/300 running
[YOLOv5] validation: all       1000        641       0.75      0.334      0.396       0.21
[YOLOv5] epoch 49/300 running
[YOLOv5] validation: all       1000        641      0.775      0.377      0.422      0.206
[YOLOv5] epoch 50/300 running
[YOLOv5] validation: all       1000        641      0.782      0.389      0.423      0.207
[YOLOv5] epoch 51/300 running
[YOLOv5] validation: all       1000        641      0.741      0.364       0.39      0.187
[YOLOv5] epoch 52/300 running
[YOLOv5] validation: all       1000        641      0.759      0.351      0.385       0.19
[YOLOv5] epoch 53/300 running
[YOLOv5] validation: all       1000        641      0.797      0.378       0.43       0.22
[YOLOv5] epoch 54/300 running
[YOLOv5] validation: all       1000        641      0.777      0.386      0.414      0.223
[YOLOv5] epoch 55/300 running
[YOLOv5] validation: all       1000        641       0.78      0.383       0.42      0.211
[YOLOv5] epoch 56/300 running
[YOLOv5] validation: all       1000        641      0.734      0.352      0.391        0.2
[YOLOv5] epoch 57/300 running
[YOLOv5] validation: all       1000        641      0.743      0.376      0.399       0.21
[YOLOv5] epoch 58/300 running
[YOLOv5] validation: all       1000        641      0.745      0.428       0.44      0.231
[YOLOv5] epoch 59/300 running
[YOLOv5] validation: all       1000        641       0.82      0.365      0.432      0.226
[YOLOv5] epoch 60/300 running
[YOLOv5] validation: all       1000        641      0.749       0.39       0.41      0.209
[YOLOv5] epoch 61/300 running
[YOLOv5] validation: all       1000        641      0.705      0.397      0.398      0.209
[YOLOv5] epoch 62/300 running
[YOLOv5] validation: all       1000        641        0.8      0.353      0.407      0.215
[YOLOv5] epoch 63/300 running
[YOLOv5] validation: all       1000        641      0.767      0.376      0.412      0.222
[YOLOv5] epoch 64/300 running
[YOLOv5] validation: all       1000        641      0.843      0.345       0.42      0.232
[YOLOv5] epoch 65/300 running
[YOLOv5] validation: all       1000        641      0.743      0.357      0.403       0.22
[YOLOv5] epoch 66/300 running
[YOLOv5] validation: all       1000        641      0.711      0.386      0.391      0.201
[YOLOv5] epoch 67/300 running
[YOLOv5] validation: all       1000        641      0.733      0.409       0.43      0.231
[YOLOv5] epoch 68/300 running
[YOLOv5] validation: all       1000        641      0.778      0.349      0.412      0.219
[YOLOv5] epoch 69/300 running
[YOLOv5] validation: all       1000        641      0.772      0.382      0.422      0.222
[YOLOv5] epoch 70/300 running
[YOLOv5] validation: all       1000        641      0.786      0.355      0.409       0.21
[YOLOv5] epoch 71/300 running
[YOLOv5] validation: all       1000        641      0.772      0.394      0.426      0.223
[YOLOv5] epoch 72/300 running
[YOLOv5] validation: all       1000        641      0.775      0.397      0.425      0.235
[YOLOv5] epoch 73/300 running
[YOLOv5] validation: all       1000        641      0.788      0.359      0.407      0.216
[YOLOv5] epoch 74/300 running
[YOLOv5] validation: all       1000        641      0.708      0.393      0.412      0.216
[YOLOv5] epoch 75/300 running
[YOLOv5] validation: all       1000        641      0.753      0.374      0.399      0.201
[YOLOv5] epoch 76/300 running
[YOLOv5] validation: all       1000        641      0.805      0.355       0.42      0.224
[YOLOv5] epoch 77/300 running
[YOLOv5] validation: all       1000        641      0.773      0.366      0.402      0.201
[YOLOv5] epoch 78/300 running
[YOLOv5] validation: all       1000        641      0.748       0.36      0.395      0.211
[YOLOv5] epoch 79/300 running
[YOLOv5] validation: all       1000        641      0.753      0.385       0.42      0.234
[YOLOv5] epoch 80/300 running
[YOLOv5] validation: all       1000        641      0.795       0.39      0.429      0.233
[YOLOv5] epoch 81/300 running
[YOLOv5] validation: all       1000        641      0.798      0.415      0.445       0.24
[YOLOv5] epoch 82/300 running
[YOLOv5] validation: all       1000        641      0.845       0.35      0.401      0.205
[YOLOv5] epoch 83/300 running
[YOLOv5] validation: all       1000        641      0.786       0.38      0.417      0.221
[YOLOv5] epoch 84/300 running
[YOLOv5] validation: all       1000        641      0.806      0.375      0.421      0.226
[YOLOv5] epoch 85/300 running
[YOLOv5] validation: all       1000        641      0.788      0.392       0.42       0.23
[YOLOv5] epoch 86/300 running
[YOLOv5] validation: all       1000        641      0.802      0.358      0.416      0.224
[YOLOv5] epoch 87/300 running
[YOLOv5] validation: all       1000        641      0.829      0.409      0.455      0.252
[YOLOv5] epoch 88/300 running
[YOLOv5] validation: all       1000        641      0.799      0.386      0.445      0.239
[YOLOv5] epoch 89/300 running
[YOLOv5] validation: all       1000        641      0.786      0.409      0.431      0.238
[YOLOv5] epoch 90/300 running
[YOLOv5] validation: all       1000        641      0.741      0.416      0.419      0.216
[YOLOv5] epoch 91/300 running
[YOLOv5] validation: all       1000        641      0.781      0.361       0.41      0.207
[YOLOv5] epoch 92/300 running
[YOLOv5] validation: all       1000        641       0.78      0.417      0.451      0.246
[YOLOv5] epoch 93/300 running
[YOLOv5] validation: all       1000        641      0.779      0.423      0.445       0.23
[YOLOv5] epoch 94/300 running
[YOLOv5] validation: all       1000        641        0.8      0.397      0.437      0.233
[YOLOv5] epoch 95/300 running
[YOLOv5] validation: all       1000        641      0.834      0.417      0.455      0.247
[YOLOv5] epoch 96/300 running
[YOLOv5] validation: all       1000        641        0.8      0.415      0.445      0.251
[YOLOv5] epoch 97/300 running
[YOLOv5] validation: all       1000        641      0.815      0.392      0.435      0.234
[YOLOv5] epoch 98/300 running
[YOLOv5] validation: all       1000        641      0.847      0.374       0.44      0.244
[YOLOv5] epoch 99/300 running
[YOLOv5] validation: all       1000        641      0.776      0.428      0.443       0.24
[YOLOv5] epoch 100/300 running
[YOLOv5] validation: all       1000        641      0.732      0.428      0.434      0.224
[YOLOv5] epoch 101/300 running
[YOLOv5] validation: all       1000        641      0.815      0.381      0.432      0.227
[YOLOv5] epoch 102/300 running
[YOLOv5] validation: all       1000        641      0.803      0.415      0.449      0.249
[YOLOv5] epoch 103/300 running
[YOLOv5] validation: all       1000        641      0.826      0.378      0.427       0.24
[YOLOv5] epoch 104/300 running
[YOLOv5] validation: all       1000        641      0.798      0.398      0.438       0.25
[YOLOv5] epoch 105/300 running
[YOLOv5] validation: all       1000        641      0.796      0.424      0.445      0.246
[YOLOv5] epoch 106/300 running
[YOLOv5] validation: all       1000        641      0.828      0.389      0.445       0.25
[YOLOv5] epoch 107/300 running
[YOLOv5] validation: all       1000        641      0.821      0.381       0.43       0.24
[YOLOv5] epoch 108/300 running
[YOLOv5] validation: all       1000        641      0.802      0.401      0.438       0.24
[YOLOv5] epoch 109/300 running
[YOLOv5] validation: all       1000        641       0.79      0.409      0.444      0.244
[YOLOv5] epoch 110/300 running
[YOLOv5] validation: all       1000        641       0.82      0.365      0.425      0.229
[YOLOv5] epoch 111/300 running
[YOLOv5] validation: all       1000        641      0.785      0.359      0.408      0.227
[YOLOv5] epoch 112/300 running
[YOLOv5] validation: all       1000        641      0.804      0.385      0.434      0.233
[YOLOv5] epoch 113/300 running
[YOLOv5] validation: all       1000        641      0.786      0.396      0.429      0.231
[YOLOv5] epoch 114/300 running
[YOLOv5] validation: all       1000        641       0.76      0.391      0.418      0.228
[YOLOv5] epoch 115/300 running
[YOLOv5] validation: all       1000        641      0.809      0.374       0.43      0.235
[YOLOv5] epoch 116/300 running
[YOLOv5] validation: all       1000        641      0.837      0.341      0.421      0.235
[YOLOv5] epoch 117/300 running
[YOLOv5] validation: all       1000        641      0.834      0.344      0.431      0.242
[YOLOv5] epoch 118/300 running
[YOLOv5] validation: all       1000        641      0.768      0.407      0.474      0.264
[YOLOv5] epoch 119/300 running
[YOLOv5] validation: all       1000        641       0.51      0.422      0.443       0.25
[YOLOv5] epoch 120/300 running
[YOLOv5] validation: all       1000        641      0.834      0.371       0.43      0.239
[YOLOv5] epoch 121/300 running
[YOLOv5] validation: all       1000        641      0.806      0.367       0.42      0.228
[YOLOv5] epoch 122/300 running
[YOLOv5] validation: all       1000        641      0.781      0.373      0.425      0.237
[YOLOv5] epoch 123/300 running
[YOLOv5] validation: all       1000        641      0.809      0.404       0.44      0.245
[YOLOv5] epoch 124/300 running
[YOLOv5] validation: all       1000        641      0.792      0.406       0.44      0.242
[YOLOv5] epoch 125/300 running
[YOLOv5] validation: all       1000        641        0.8       0.37      0.428      0.234
[YOLOv5] epoch 126/300 running
[YOLOv5] validation: all       1000        641      0.811       0.37      0.433      0.234
[YOLOv5] epoch 127/300 running
[YOLOv5] validation: all       1000        641      0.832       0.36      0.426      0.235
[YOLOv5] epoch 128/300 running
[YOLOv5] validation: all       1000        641       0.81      0.377      0.431      0.239
[YOLOv5] epoch 129/300 running
[YOLOv5] validation: all       1000        641      0.758        0.4       0.42      0.242
[YOLOv5] epoch 130/300 running
[YOLOv5] validation: all       1000        641      0.786      0.382      0.452      0.242
[YOLOv5] epoch 131/300 running
[YOLOv5] validation: all       1000        641      0.766       0.39      0.427      0.232
[YOLOv5] epoch 132/300 running
[YOLOv5] validation: all       1000        641       0.78      0.394      0.431      0.232
[YOLOv5] epoch 133/300 running
[YOLOv5] validation: all       1000        641       0.78      0.382      0.416      0.236
[YOLOv5] epoch 134/300 running
[YOLOv5] validation: all       1000        641      0.719      0.397       0.41      0.237
[YOLOv5] epoch 135/300 running
[YOLOv5] validation: all       1000        641      0.746      0.392      0.409      0.229
[YOLOv5] epoch 136/300 running
[YOLOv5] validation: all       1000        641      0.805       0.39      0.427      0.242
[YOLOv5] epoch 137/300 running
[YOLOv5] validation: all       1000        641      0.806      0.371      0.433      0.243
[YOLOv5] epoch 138/300 running
[YOLOv5] validation: all       1000        641      0.832      0.352      0.424      0.232
[YOLOv5] epoch 139/300 running
[YOLOv5] validation: all       1000        641      0.839      0.364      0.432      0.244
[YOLOv5] epoch 140/300 running
[YOLOv5] validation: all       1000        641      0.853       0.35       0.43      0.235
[YOLOv5] epoch 141/300 running
[YOLOv5] validation: all       1000        641      0.822      0.356      0.427      0.233
[YOLOv5] epoch 142/300 running
[YOLOv5] validation: all       1000        641      0.759       0.37      0.423      0.228
[YOLOv5] epoch 143/300 running
[YOLOv5] validation: all       1000        641       0.81      0.359      0.425      0.228
[YOLOv5] epoch 144/300 running
[YOLOv5] validation: all       1000        641      0.764      0.365      0.427      0.237
[YOLOv5] epoch 145/300 running
[YOLOv5] validation: all       1000        641      0.863      0.336      0.425      0.235
[YOLOv5] epoch 146/300 running
[YOLOv5] validation: all       1000        641      0.815      0.364      0.426      0.238
[YOLOv5] epoch 147/300 running
[YOLOv5] validation: all       1000        641      0.825      0.368      0.429      0.239
[YOLOv5] epoch 148/300 running
[YOLOv5] validation: all       1000        641       0.85      0.353      0.429      0.238
[YOLOv5] epoch 149/300 running
[YOLOv5] validation: all       1000        641      0.851      0.353      0.431      0.241
[YOLOv5] epoch 150/300 running
[YOLOv5] validation: all       1000        641      0.838      0.353      0.452      0.257
[YOLOv5] epoch 151/300 running
[YOLOv5] validation: all       1000        641      0.713        0.4      0.445      0.255
[YOLOv5] epoch 152/300 running
[YOLOv5] validation: all       1000        641      0.759      0.363      0.444      0.257
[YOLOv5] epoch 153/300 running
[YOLOv5] validation: all       1000        641      0.822      0.363      0.446      0.256
[YOLOv5] epoch 154/300 running
[YOLOv5] validation: all       1000        641      0.607      0.449      0.445      0.255
[YOLOv5] epoch 155/300 running
[YOLOv5] validation: all       1000        641      0.825      0.354      0.446      0.259
[YOLOv5] epoch 156/300 running
[YOLOv5] validation: all       1000        641      0.843      0.351      0.448      0.257
[YOLOv5] epoch 157/300 running
[YOLOv5] validation: all       1000        641      0.595      0.451      0.449      0.258
[YOLOv5] epoch 158/300 running
[YOLOv5] validation: all       1000        641      0.677      0.451      0.455      0.259
[YOLOv5] epoch 159/300 running
[YOLOv5] validation: all       1000        641      0.724      0.427      0.452      0.254
[YOLOv5] epoch 160/300 running
[YOLOv5] validation: all       1000        641      0.662      0.444      0.452       0.25
[YOLOv5] epoch 161/300 running
[YOLOv5] validation: all       1000        641      0.808      0.365      0.446      0.246
[YOLOv5] epoch 162/300 running
[YOLOv5] validation: all       1000        641      0.823      0.372      0.427      0.237
[YOLOv5] epoch 163/300 running
[YOLOv5] validation: all       1000        641      0.805       0.38      0.425      0.237
[YOLOv5] epoch 164/300 running
[YOLOv5] validation: all       1000        641      0.816      0.379      0.426      0.236
[YOLOv5] epoch 165/300 running
[YOLOv5] validation: all       1000        641      0.807      0.376      0.421      0.233
[YOLOv5] epoch 166/300 running
[YOLOv5] validation: all       1000        641      0.816      0.372      0.421      0.236
[YOLOv5] epoch 167/300 running
[YOLOv5] validation: all       1000        641      0.791      0.377      0.424      0.236
[YOLOv5] epoch 168/300 running
[YOLOv5] validation: all       1000        641      0.822      0.372       0.43      0.238
[YOLOv5] epoch 169/300 running
[YOLOv5] validation: all       1000        641      0.823      0.372      0.437       0.24
[YOLOv5] epoch 170/300 running
[YOLOv5] validation: all       1000        641      0.785      0.388       0.43      0.237
[YOLOv5] epoch 171/300 running
[YOLOv5] validation: all       1000        641      0.805      0.385      0.436       0.24
[YOLOv5] epoch 172/300 running
[YOLOv5] validation: all       1000        641      0.813      0.389      0.438      0.241
[YOLOv5] epoch 173/300 running
[YOLOv5] validation: all       1000        641      0.843      0.382      0.441      0.244
[YOLOv5] epoch 174/300 running
[YOLOv5] validation: all       1000        641      0.821      0.387      0.442      0.243
[YOLOv5] epoch 175/300 running
[YOLOv5] validation: all       1000        641       0.83      0.387      0.445      0.247
[YOLOv5] epoch 176/300 running
[YOLOv5] validation: all       1000        641      0.846      0.373       0.44      0.241
[YOLOv5] epoch 177/300 running
[YOLOv5] validation: all       1000        641      0.837      0.382      0.437      0.237
[YOLOv5] epoch 178/300 running
[YOLOv5] validation: all       1000        641      0.812      0.378      0.437      0.239
[YOLOv5] epoch 179/300 running
[YOLOv5] validation: all       1000        641      0.786      0.389      0.431      0.236
[YOLOv5] epoch 180/300 running
[YOLOv5] validation: all       1000        641      0.778      0.386      0.432      0.237
[YOLOv5] epoch 181/300 running
[YOLOv5] validation: all       1000        641       0.77      0.386      0.433      0.239
[YOLOv5] epoch 182/300 running
[YOLOv5] validation: all       1000        641      0.791      0.371      0.432       0.24
[YOLOv5] epoch 183/300 running
[YOLOv5] validation: all       1000        641        0.8      0.368      0.436       0.24
[YOLOv5] epoch 184/300 running
[YOLOv5] validation: all       1000        641      0.755      0.387      0.439      0.244
[YOLOv5] epoch 185/300 running
[YOLOv5] validation: all       1000        641      0.822      0.363      0.437      0.243
[YOLOv5] epoch 186/300 running
[YOLOv5] validation: all       1000        641      0.826      0.367      0.442      0.246
[YOLOv5] epoch 187/300 running
[YOLOv5] validation: all       1000        641      0.792      0.381      0.441      0.245
[YOLOv5] epoch 188/300 running
[YOLOv5] validation: all       1000        641      0.801      0.381      0.442      0.248
[YOLOv5] epoch 189/300 running
[YOLOv5] validation: all       1000        641      0.804      0.373      0.441      0.247
[YOLOv5] epoch 190/300 running
[YOLOv5] validation: all       1000        641      0.822      0.359      0.433      0.241
[YOLOv5] epoch 191/300 running
[YOLOv5] validation: all       1000        641      0.832      0.354       0.43      0.238
[YOLOv5] epoch 192/300 running
[YOLOv5] validation: all       1000        641      0.842      0.348      0.429      0.238
[YOLOv5] epoch 193/300 running
[YOLOv5] validation: all       1000        641      0.848      0.345       0.43      0.237
[YOLOv5] epoch 194/300 running
[YOLOv5] validation: all       1000        641      0.857      0.343       0.43      0.239
[YOLOv5] epoch 195/300 running
[YOLOv5] validation: all       1000        641      0.813      0.363      0.431      0.241
[YOLOv5] epoch 196/300 running
[YOLOv5] validation: all       1000        641      0.823      0.358      0.429      0.241
[YOLOv5] epoch 197/300 running
[YOLOv5] validation: all       1000        641      0.817      0.364      0.431      0.243
[YOLOv5] epoch 198/300 running
[YOLOv5] validation: all       1000        641      0.824      0.358      0.433      0.242
[YOLOv5] epoch 199/300 running
[YOLOv5] validation: all       1000        641      0.831      0.351      0.433      0.246
[YOLOv5] epoch 200/300 running
[YOLOv5] validation: all       1000        641      0.847      0.349      0.433      0.244
[YOLOv5] epoch 201/300 running
[YOLOv5] validation: all       1000        641      0.857       0.35      0.435      0.244
[YOLOv5] epoch 202/300 running
[YOLOv5] validation: all       1000        641      0.858      0.351      0.434      0.243
[YOLOv5] epoch 203/300 running
[YOLOv5] validation: all       1000        641       0.85      0.357      0.432      0.242
[YOLOv5] epoch 204/300 running
[YOLOv5] validation: all       1000        641       0.84       0.36      0.434      0.242
[YOLOv5] epoch 205/300 running
[YOLOv5] validation: all       1000        641      0.839      0.363      0.432      0.242
[YOLOv5] epoch 206/300 running
[YOLOv5] validation: all       1000        641      0.837      0.364      0.433       0.24
[YOLOv5] epoch 207/300 running
[YOLOv5] validation: all       1000        641      0.833      0.366      0.431      0.239
[YOLOv5] epoch 208/300 running
[YOLOv5] validation: all       1000        641      0.833      0.367       0.43       0.24
[YOLOv5] epoch 209/300 running
[YOLOv5] validation: all       1000        641      0.836      0.361      0.429      0.238
[YOLOv5] epoch 210/300 running
[YOLOv5] validation: all       1000        641       0.84      0.357      0.427      0.238
[YOLOv5] epoch 211/300 running
[YOLOv5] validation: all       1000        641      0.821      0.359      0.428      0.238
[YOLOv5] epoch 212/300 running
[YOLOv5] validation: all       1000        641      0.741      0.392      0.426      0.238
[YOLOv5] epoch 213/300 running
[YOLOv5] validation: all       1000        641       0.74      0.401      0.428      0.237
[YOLOv5] epoch 214/300 running
[YOLOv5] validation: all       1000        641      0.738      0.401      0.428      0.237
[YOLOv5] epoch 215/300 running
[YOLOv5] validation: all       1000        641      0.805      0.369      0.427      0.238
[YOLOv5] epoch 216/300 running
[YOLOv5] validation: all       1000        641       0.79      0.367      0.427      0.239
[YOLOv5] epoch 217/300 running
[YOLOv5] validation: all       1000        641      0.755      0.395      0.428      0.239
[YOLOv5] epoch 218/300 running
[YOLOv5] validation: all       1000        641      0.743      0.397       0.43       0.24
[YOLOv5] 218 epochs completed in 1.744 hours.
[YOLOv5] validation: all       1000        641      0.768      0.407      0.473      0.264
[Task] training completed: 6512.9s
[Task] evaluating: checkpoint=last, group=test, samples=1000
[YOLOv5] validation: all       1000        614      0.839      0.363      0.427      0.195
[Task] evaluation: checkpoint=last, group=test, mAP50-95=0.1952, mAP50=0.4266, time=88.5s
[Task] evaluating: checkpoint=best, group=test, samples=1000
[YOLOv5] validation: all       1000        614      0.796      0.364      0.411      0.201
[Task] evaluation: checkpoint=best, group=test, mAP50-95=0.2008, mAP50=0.4106, time=80.1s
[Task] completed: evaluation=168.6s, output=/home/lijinhe/work/YOLO_Retraining/runs/studies/balance_tau090_label_contrast/tasks/dedup_tau_0p900__full-cold-stage0123__stage0+stage1+stage2+stage3__yolov5s__s42
/home/lijinhe/work/YOLO_Retraining/runs/studies/balance_tau090_label_contrast/tasks/dedup_tau_0p900__full-cold-stage0123__stage0+stage1+stage2+stage3__yolov5s__s42
