train: weights=/home/lijinhe/work/YOLO_Retraining/.third_party/yolov5/yolov5s.pt, cfg=, data=/home/lijinhe/work/YOLO_Retraining/runs/sequences/B640__seq-positive-only__cum-cold__stage0-stage3__yolov5s__s42/tasks/003__stage3__positive-only__cum-cold/data/backend_data.yaml, hyp=data/hyps/hyp.scratch-low.yaml, epochs=100, batch_size=64, imgsz=640, rect=False, resume=False, nosave=False, noval=False, noautoanchor=False, noplots=True, evolve=None, bucket=, cache=None, image_weights=False, device=0, multi_scale=False, single_cls=False, optimizer=SGD, sync_bn=False, workers=16, project=/home/lijinhe/work/YOLO_Retraining/runs/sequences/B640__seq-positive-only__cum-cold__stage0-stage3__yolov5s__s42/tasks/003__stage3__positive-only__cum-cold/backend/yolov5, name=train, exist_ok=True, quad=False, cos_lr=False, label_smoothing=0.0, patience=100, freeze=[0], save_period=-1, seed=45, local_rank=-1, entity=None, upload_dataset=False, bbox_interval=-1, artifact_alias=latest
github: skipping check (offline), for updates see https://github.com/ultralytics/yolov5
YOLOv5 🚀 v7.0-0-g915bbf29 Python-3.10.20 torch-2.2.2+cu121 CUDA:0 (NVIDIA H100 PCIe, 81090MiB)
hyperparameters: lr0=0.01, lrf=0.01, momentum=0.937, weight_decay=0.0005, warmup_epochs=3.0, warmup_momentum=0.8, warmup_bias_lr=0.1, box=0.05, cls=0.5, cls_pw=1.0, obj=1.0, obj_pw=1.0, iou_t=0.2, anchor_t=4.0, fl_gamma=0.0, hsv_h=0.015, hsv_s=0.7, hsv_v=0.4, degrees=0.0, translate=0.1, scale=0.5, shear=0.0, perspective=0.0, flipud=0.0, fliplr=0.5, mosaic=1.0, mixup=0.0, copy_paste=0.0
ClearML: run 'pip install clearml' to automatically track, visualize and remotely train YOLOv5 🚀 in ClearML
Comet: run 'pip install comet_ml' to automatically track and visualize YOLOv5 🚀 runs in Comet
TensorBoard: Start with 'tensorboard --logdir /home/lijinhe/work/YOLO_Retraining/runs/sequences/B640__seq-positive-only__cum-cold__stage0-stage3__yolov5s__s42/tasks/003__stage3__positive-only__cum-cold/backend/yolov5', view at http://localhost:6006/
Overriding model.yaml nc=80 with nc=4
from  n    params  module                                  arguments
0                -1  1      3520  models.common.Conv                      [3, 32, 6, 2, 2]
1                -1  1     18560  models.common.Conv                      [32, 64, 3, 2]
2                -1  1     18816  models.common.C3                        [64, 64, 1]
3                -1  1     73984  models.common.Conv                      [64, 128, 3, 2]
4                -1  2    115712  models.common.C3                        [128, 128, 2]
5                -1  1    295424  models.common.Conv                      [128, 256, 3, 2]
6                -1  3    625152  models.common.C3                        [256, 256, 3]
7                -1  1   1180672  models.common.Conv                      [256, 512, 3, 2]
8                -1  1   1182720  models.common.C3                        [512, 512, 1]
9                -1  1    656896  models.common.SPPF                      [512, 512, 5]
10                -1  1    131584  models.common.Conv                      [512, 256, 1, 1]
11                -1  1         0  torch.nn.modules.upsampling.Upsample    [None, 2, 'nearest']
12           [-1, 6]  1         0  models.common.Concat                    [1]
13                -1  1    361984  models.common.C3                        [512, 256, 1, False]
14                -1  1     33024  models.common.Conv                      [256, 128, 1, 1]
15                -1  1         0  torch.nn.modules.upsampling.Upsample    [None, 2, 'nearest']
16           [-1, 4]  1         0  models.common.Concat                    [1]
17                -1  1     90880  models.common.C3                        [256, 128, 1, False]
18                -1  1    147712  models.common.Conv                      [128, 128, 3, 2]
19          [-1, 14]  1         0  models.common.Concat                    [1]
20                -1  1    296448  models.common.C3                        [256, 256, 1, False]
21                -1  1    590336  models.common.Conv                      [256, 256, 3, 2]
22          [-1, 10]  1         0  models.common.Concat                    [1]
23                -1  1   1182720  models.common.C3                        [512, 512, 1, False]
24      [17, 20, 23]  1     24273  models.yolo.Detect                      [4, [[10, 13, 16, 30, 33, 23], [30, 61, 62, 45, 59, 119], [116, 90, 156, 198, 373, 326]], [128, 256, 512]]
Model summary: 214 layers, 7030417 parameters, 7030417 gradients, 16.0 GFLOPs
Transferred 343/349 items from /home/lijinhe/work/YOLO_Retraining/.third_party/yolov5/yolov5s.pt
AMP: checks passed ✅
optimizer: SGD(lr=0.01) with parameter groups 57 weight(decay=0.0), 60 weight(decay=0.0005), 60 bias
train: Scanning /home/lijinhe/work/YOLO_Retraining/runs/sequences/B640__seq-positive-only__cum-cold__stage0-stage3__yolov5s__s42/tasks/003__stage3__positive-only__cum-cold/data/backend_train_images... 5525 images, 2077 backgrounds, 0 corrupt: 100%|██████████| 5525/5525 00:20
train: WARNING ⚠️ /home/lijinhe/work/YOLO_Retraining/data/self_improving/images/0720_11/05168_1784523505059766_0.jpg: 2 duplicate labels removed
train: New cache created: /home/lijinhe/work/YOLO_Retraining/runs/sequences/B640__seq-positive-only__cum-cold__stage0-stage3__yolov5s__s42/tasks/003__stage3__positive-only__cum-cold/data/backend_train_images.cache
val: Scanning /home/lijinhe/work/YOLO_Retraining/runs/sequences/B640__seq-positive-only__cum-cold__stage0-stage3__yolov5s__s42/tasks/003__stage3__positive-only__cum-cold/data/backend_validation_images... 1000 images, 499 backgrounds, 0 corrupt: 100%|██████████| 1000/1000 00:04
val: New cache created: /home/lijinhe/work/YOLO_Retraining/runs/sequences/B640__seq-positive-only__cum-cold__stage0-stage3__yolov5s__s42/tasks/003__stage3__positive-only__cum-cold/data/backend_validation_images.cache
AutoAnchor: 5.55 anchors/target, 1.000 Best Possible Recall (BPR). Current anchors are a good fit to dataset ✅
Image sizes 640 train, 640 val
Using 16 dataloader workers
Logging results to /home/lijinhe/work/YOLO_Retraining/runs/sequences/B640__seq-positive-only__cum-cold__stage0-stage3__yolov5s__s42/tasks/003__stage3__positive-only__cum-cold/backend/yolov5/train
Starting training for 100 epochs...
Epoch    GPU_mem   box_loss   obj_loss   cls_loss  Instances       Size
0/99      13.9G    0.09104    0.02111    0.03053         44        640: 100%|██████████| 87/87 00:40
Class     Images  Instances          P          R      mAP50   mAP50-95: 100%|██████████| 8/8 00:04
all       1000        641      0.815     0.0409     0.0413     0.0126
Epoch    GPU_mem   box_loss   obj_loss   cls_loss  Instances       Size
1/99      13.9G    0.06525    0.01542    0.01519         32        640: 100%|██████████| 87/87 00:35
Class     Images  Instances          P          R      mAP50   mAP50-95: 100%|██████████| 8/8 00:03
all       1000        641      0.438      0.168      0.158     0.0499
Epoch    GPU_mem   box_loss   obj_loss   cls_loss  Instances       Size
2/99      13.9G    0.06018    0.01259    0.01262         35        640: 100%|██████████| 87/87 00:36
Class     Images  Instances          P          R      mAP50   mAP50-95: 100%|██████████| 8/8 00:04
all       1000        641       0.49      0.312      0.228     0.0724
Epoch    GPU_mem   box_loss   obj_loss   cls_loss  Instances       Size
3/99      13.9G    0.05604    0.01193    0.01153         21        640: 100%|██████████| 87/87 00:36
Class     Images  Instances          P          R      mAP50   mAP50-95: 100%|██████████| 8/8 00:02
all       1000        641      0.646      0.216      0.215     0.0825
Epoch    GPU_mem   box_loss   obj_loss   cls_loss  Instances       Size
4/99      13.9G    0.05351    0.01172    0.01068         27        640: 100%|██████████| 87/87 00:35
Class     Images  Instances          P          R      mAP50   mAP50-95: 100%|██████████| 8/8 00:03
all       1000        641      0.587      0.224      0.232     0.0926
Epoch    GPU_mem   box_loss   obj_loss   cls_loss  Instances       Size
5/99      13.9G    0.05074     0.0114   0.009808         30        640: 100%|██████████| 87/87 00:39
Class     Images  Instances          P          R      mAP50   mAP50-95: 100%|██████████| 8/8 00:03
all       1000        641      0.643      0.272      0.281     0.0938
Epoch    GPU_mem   box_loss   obj_loss   cls_loss  Instances       Size
6/99      13.9G    0.04886    0.01109   0.008311         33        640: 100%|██████████| 87/87 00:34
Class     Images  Instances          P          R      mAP50   mAP50-95: 100%|██████████| 8/8 00:03
all       1000        641      0.728      0.329      0.342      0.159
Epoch    GPU_mem   box_loss   obj_loss   cls_loss  Instances       Size
7/99      13.9G    0.04795    0.01097   0.008435         40        640: 100%|██████████| 87/87 00:36
Class     Images  Instances          P          R      mAP50   mAP50-95: 100%|██████████| 8/8 00:03
all       1000        641      0.633      0.292      0.264      0.119
Epoch    GPU_mem   box_loss   obj_loss   cls_loss  Instances       Size
8/99      13.9G     0.0463    0.01061   0.007661         29        640: 100%|██████████| 87/87 00:34
Class     Images  Instances          P          R      mAP50   mAP50-95: 100%|██████████| 8/8 00:02
all       1000        641      0.737      0.344      0.368      0.175
Epoch    GPU_mem   box_loss   obj_loss   cls_loss  Instances       Size
9/99      13.9G    0.04556    0.01034   0.007567         27        640: 100%|██████████| 87/87 00:26
Class     Images  Instances          P          R      mAP50   mAP50-95: 100%|██████████| 8/8 00:03
all       1000        641      0.847      0.305      0.408      0.186
Epoch    GPU_mem   box_loss   obj_loss   cls_loss  Instances       Size
10/99      13.9G    0.04405     0.0104    0.00694         24        640: 100%|██████████| 87/87 00:28
Class     Images  Instances          P          R      mAP50   mAP50-95: 100%|██████████| 8/8 00:03
all       1000        641      0.773      0.365      0.417      0.204
Epoch    GPU_mem   box_loss   obj_loss   cls_loss  Instances       Size
11/99      13.9G    0.04375    0.01001   0.006629         26        640: 100%|██████████| 87/87 00:29
Class     Images  Instances          P          R      mAP50   mAP50-95: 100%|██████████| 8/8 00:06
all       1000        641      0.672      0.335       0.35      0.141
Epoch    GPU_mem   box_loss   obj_loss   cls_loss  Instances       Size
12/99      13.9G    0.04327    0.01025   0.006427         44        640: 100%|██████████| 87/87 00:23
Class     Images  Instances          P          R      mAP50   mAP50-95: 100%|██████████| 8/8 00:02
all       1000        641      0.689      0.338      0.368      0.174
Epoch    GPU_mem   box_loss   obj_loss   cls_loss  Instances       Size
13/99      13.9G    0.04275    0.01005   0.006035         36        640: 100%|██████████| 87/87 00:21
Class     Images  Instances          P          R      mAP50   mAP50-95: 100%|██████████| 8/8 00:03
all       1000        641      0.776      0.347      0.408      0.188
Epoch    GPU_mem   box_loss   obj_loss   cls_loss  Instances       Size
14/99      13.9G    0.04216   0.009827   0.005573         44        640: 100%|██████████| 87/87 00:21
Class     Images  Instances          P          R      mAP50   mAP50-95: 100%|██████████| 8/8 00:02
all       1000        641      0.774       0.32      0.379      0.185
Epoch    GPU_mem   box_loss   obj_loss   cls_loss  Instances       Size
15/99      13.9G    0.04072   0.009741   0.005675         36        640: 100%|██████████| 87/87 00:23
Class     Images  Instances          P          R      mAP50   mAP50-95: 100%|██████████| 8/8 00:02
all       1000        641      0.768      0.364      0.424      0.225
Epoch    GPU_mem   box_loss   obj_loss   cls_loss  Instances       Size
16/99      13.9G    0.04059   0.009608   0.005307         33        640: 100%|██████████| 87/87 00:24
Class     Images  Instances          P          R      mAP50   mAP50-95: 100%|██████████| 8/8 00:02
all       1000        641      0.712      0.392      0.415      0.205
Epoch    GPU_mem   box_loss   obj_loss   cls_loss  Instances       Size
17/99      13.9G    0.04016   0.009556   0.005524         35        640: 100%|██████████| 87/87 00:21
Class     Images  Instances          P          R      mAP50   mAP50-95: 100%|██████████| 8/8 00:03
all       1000        641      0.794      0.371      0.434      0.216
Epoch    GPU_mem   box_loss   obj_loss   cls_loss  Instances       Size
18/99      13.9G    0.03993   0.009431      0.005         26        640: 100%|██████████| 87/87 00:22
Class     Images  Instances          P          R      mAP50   mAP50-95: 100%|██████████| 8/8 00:02
all       1000        641      0.769      0.373       0.42      0.201
Epoch    GPU_mem   box_loss   obj_loss   cls_loss  Instances       Size
19/99      13.9G    0.03957    0.00941   0.005005         32        640: 100%|██████████| 87/87 00:22
Class     Images  Instances          P          R      mAP50   mAP50-95: 100%|██████████| 8/8 00:02
all       1000        641      0.743      0.406      0.434       0.22
Epoch    GPU_mem   box_loss   obj_loss   cls_loss  Instances       Size
20/99      13.9G    0.03942   0.009265   0.004992         31        640: 100%|██████████| 87/87 00:23
Class     Images  Instances          P          R      mAP50   mAP50-95: 100%|██████████| 8/8 00:04
all       1000        641      0.769      0.362      0.399      0.185
Epoch    GPU_mem   box_loss   obj_loss   cls_loss  Instances       Size
21/99      13.9G    0.03877   0.009153   0.004817         28        640: 100%|██████████| 87/87 00:21
Class     Images  Instances          P          R      mAP50   mAP50-95: 100%|██████████| 8/8 00:02
all       1000        641      0.735      0.432      0.456      0.231
Epoch    GPU_mem   box_loss   obj_loss   cls_loss  Instances       Size
22/99      13.9G    0.03817   0.008891   0.004328         26        640: 100%|██████████| 87/87 00:21
Class     Images  Instances          P          R      mAP50   mAP50-95: 100%|██████████| 8/8 00:02
all       1000        641      0.731      0.363      0.395      0.195
Epoch    GPU_mem   box_loss   obj_loss   cls_loss  Instances       Size
23/99      13.9G    0.03761   0.008869   0.004208         30        640: 100%|██████████| 87/87 00:24
Class     Images  Instances          P          R      mAP50   mAP50-95: 100%|██████████| 8/8 00:02
all       1000        641      0.787      0.379      0.412      0.213
Epoch    GPU_mem   box_loss   obj_loss   cls_loss  Instances       Size
24/99      13.9G    0.03722     0.0087   0.003641         35        640: 100%|██████████| 87/87 00:22
Class     Images  Instances          P          R      mAP50   mAP50-95: 100%|██████████| 8/8 00:02
all       1000        641      0.793       0.42      0.471      0.236
Epoch    GPU_mem   box_loss   obj_loss   cls_loss  Instances       Size
25/99      13.9G    0.03702    0.00863   0.004187         25        640: 100%|██████████| 87/87 00:21
Class     Images  Instances          P          R      mAP50   mAP50-95: 100%|██████████| 8/8 00:03
all       1000        641      0.777        0.4      0.458      0.237
Epoch    GPU_mem   box_loss   obj_loss   cls_loss  Instances       Size
26/99      13.9G    0.03676   0.009036   0.003788         33        640: 100%|██████████| 87/87 00:21
Class     Images  Instances          P          R      mAP50   mAP50-95: 100%|██████████| 8/8 00:03
all       1000        641      0.749      0.423      0.462      0.253
Epoch    GPU_mem   box_loss   obj_loss   cls_loss  Instances       Size
27/99      13.9G     0.0366   0.008604   0.003447         35        640: 100%|██████████| 87/87 00:23
Class     Images  Instances          P          R      mAP50   mAP50-95: 100%|██████████| 8/8 00:03
all       1000        641       0.72      0.448      0.473       0.25
Epoch    GPU_mem   box_loss   obj_loss   cls_loss  Instances       Size
28/99      13.9G    0.03602   0.008644   0.003814         46        640: 100%|██████████| 87/87 00:21
Class     Images  Instances          P          R      mAP50   mAP50-95: 100%|██████████| 8/8 00:03
all       1000        641      0.797      0.392       0.46      0.232
Epoch    GPU_mem   box_loss   obj_loss   cls_loss  Instances       Size
29/99      13.9G    0.03521   0.008497   0.003547         36        640: 100%|██████████| 87/87 00:21
Class     Images  Instances          P          R      mAP50   mAP50-95: 100%|██████████| 8/8 00:03
all       1000        641      0.749      0.425      0.462      0.242
Epoch    GPU_mem   box_loss   obj_loss   cls_loss  Instances       Size
30/99      13.9G    0.03586   0.008535   0.003544         27        640: 100%|██████████| 87/87 00:23
Class     Images  Instances          P          R      mAP50   mAP50-95: 100%|██████████| 8/8 00:02
all       1000        641      0.769      0.405       0.47      0.249
Epoch    GPU_mem   box_loss   obj_loss   cls_loss  Instances       Size
31/99      13.9G      0.035   0.008357    0.00321         30        640: 100%|██████████| 87/87 00:21
Class     Images  Instances          P          R      mAP50   mAP50-95: 100%|██████████| 8/8 00:03
all       1000        641       0.78      0.407      0.463      0.248
Epoch    GPU_mem   box_loss   obj_loss   cls_loss  Instances       Size
32/99      13.9G    0.03493    0.00847    0.00353         34        640: 100%|██████████| 87/87 00:22
Class     Images  Instances          P          R      mAP50   mAP50-95: 100%|██████████| 8/8 00:03
all       1000        641      0.773       0.45      0.498      0.261
Epoch    GPU_mem   box_loss   obj_loss   cls_loss  Instances       Size
33/99      13.9G    0.03425   0.008233   0.003168         56        640: 100%|██████████| 87/87 00:22
Class     Images  Instances          P          R      mAP50   mAP50-95: 100%|██████████| 8/8 00:04
all       1000        641      0.736      0.409      0.435      0.231
Epoch    GPU_mem   box_loss   obj_loss   cls_loss  Instances       Size
34/99      13.9G    0.03418    0.00829   0.003034         31        640: 100%|██████████| 87/87 00:21
Class     Images  Instances          P          R      mAP50   mAP50-95: 100%|██████████| 8/8 00:03
all       1000        641      0.735      0.386      0.421      0.204
Epoch    GPU_mem   box_loss   obj_loss   cls_loss  Instances       Size
35/99      13.9G    0.03432   0.008176   0.002987         36        640: 100%|██████████| 87/87 00:22
Class     Images  Instances          P          R      mAP50   mAP50-95: 100%|██████████| 8/8 00:03
all       1000        641      0.789      0.418      0.449      0.237
Epoch    GPU_mem   box_loss   obj_loss   cls_loss  Instances       Size
36/99      13.9G    0.03356   0.008033   0.002846         29        640: 100%|██████████| 87/87 00:23
Class     Images  Instances          P          R      mAP50   mAP50-95: 100%|██████████| 8/8 00:03
all       1000        641      0.785      0.406      0.461      0.247
Epoch    GPU_mem   box_loss   obj_loss   cls_loss  Instances       Size
37/99      13.9G    0.03389   0.008056   0.003162         22        640: 100%|██████████| 87/87 00:23
Class     Images  Instances          P          R      mAP50   mAP50-95: 100%|██████████| 8/8 00:02
all       1000        641      0.792      0.404      0.472      0.253
Epoch    GPU_mem   box_loss   obj_loss   cls_loss  Instances       Size
38/99      13.9G    0.03381   0.008101      0.003         18        640: 100%|██████████| 87/87 00:21
Class     Images  Instances          P          R      mAP50   mAP50-95: 100%|██████████| 8/8 00:02
all       1000        641      0.795      0.431      0.469      0.253
Epoch    GPU_mem   box_loss   obj_loss   cls_loss  Instances       Size
39/99      13.9G    0.03324   0.008022   0.002831         31        640: 100%|██████████| 87/87 00:22
Class     Images  Instances          P          R      mAP50   mAP50-95: 100%|██████████| 8/8 00:04
all       1000        641      0.756      0.444      0.496      0.268
Epoch    GPU_mem   box_loss   obj_loss   cls_loss  Instances       Size
40/99      13.9G    0.03304   0.008034   0.002423         31        640: 100%|██████████| 87/87 00:21
Class     Images  Instances          P          R      mAP50   mAP50-95: 100%|██████████| 8/8 00:02
all       1000        641      0.789      0.389      0.444      0.246
Epoch    GPU_mem   box_loss   obj_loss   cls_loss  Instances       Size
41/99      13.9G    0.03285   0.007899   0.002356         44        640: 100%|██████████| 87/87 00:22
Class     Images  Instances          P          R      mAP50   mAP50-95: 100%|██████████| 8/8 00:02
all       1000        641      0.821      0.434      0.491      0.274
Epoch    GPU_mem   box_loss   obj_loss   cls_loss  Instances       Size
42/99      13.9G    0.03251   0.007722   0.002317         35        640: 100%|██████████| 87/87 00:24
Class     Images  Instances          P          R      mAP50   mAP50-95: 100%|██████████| 8/8 00:02
all       1000        641      0.821      0.388      0.453      0.244
Epoch    GPU_mem   box_loss   obj_loss   cls_loss  Instances       Size
43/99      13.9G    0.03177   0.007657   0.002121         36        640: 100%|██████████| 87/87 00:21
Class     Images  Instances          P          R      mAP50   mAP50-95: 100%|██████████| 8/8 00:02
all       1000        641      0.746      0.464      0.475      0.246
Epoch    GPU_mem   box_loss   obj_loss   cls_loss  Instances       Size
44/99      13.9G      0.032   0.007812   0.002425         30        640: 100%|██████████| 87/87 00:22
Class     Images  Instances          P          R      mAP50   mAP50-95: 100%|██████████| 8/8 00:02
all       1000        641       0.82       0.41      0.483      0.269
Epoch    GPU_mem   box_loss   obj_loss   cls_loss  Instances       Size
45/99      13.9G    0.03187    0.00767   0.002435         27        640: 100%|██████████| 87/87 00:21
Class     Images  Instances          P          R      mAP50   mAP50-95: 100%|██████████| 8/8 00:02
all       1000        641      0.785      0.426      0.474      0.257
Epoch    GPU_mem   box_loss   obj_loss   cls_loss  Instances       Size
46/99      13.9G    0.03144    0.00739   0.002186         30        640: 100%|██████████| 87/87 00:21
Class     Images  Instances          P          R      mAP50   mAP50-95: 100%|██████████| 8/8 00:02
all       1000        641      0.802      0.436      0.488       0.26
Epoch    GPU_mem   box_loss   obj_loss   cls_loss  Instances       Size
47/99      13.9G    0.03079   0.007524   0.001954         26        640: 100%|██████████| 87/87 00:21
Class     Images  Instances          P          R      mAP50   mAP50-95: 100%|██████████| 8/8 00:02
all       1000        641      0.827      0.414      0.466      0.257
Epoch    GPU_mem   box_loss   obj_loss   cls_loss  Instances       Size
48/99      13.9G    0.03076   0.007377   0.002045         33        640: 100%|██████████| 87/87 00:23
Class     Images  Instances          P          R      mAP50   mAP50-95: 100%|██████████| 8/8 00:04
all       1000        641      0.851      0.438      0.509       0.29
Epoch    GPU_mem   box_loss   obj_loss   cls_loss  Instances       Size
49/99      13.9G    0.03082   0.007482   0.001814         40        640: 100%|██████████| 87/87 00:21
Class     Images  Instances          P          R      mAP50   mAP50-95: 100%|██████████| 8/8 00:02
all       1000        641      0.778      0.414      0.476      0.263
Epoch    GPU_mem   box_loss   obj_loss   cls_loss  Instances       Size
50/99      13.9G    0.03043   0.007385   0.001945         34        640: 100%|██████████| 87/87 00:22
Class     Images  Instances          P          R      mAP50   mAP50-95: 100%|██████████| 8/8 00:02
all       1000        641      0.763      0.436      0.501      0.273
Epoch    GPU_mem   box_loss   obj_loss   cls_loss  Instances       Size
51/99      13.9G    0.03058   0.007334   0.001865         33        640: 100%|██████████| 87/87 00:23
Class     Images  Instances          P          R      mAP50   mAP50-95: 100%|██████████| 8/8 00:02
all       1000        641      0.771      0.457      0.492      0.267
Epoch    GPU_mem   box_loss   obj_loss   cls_loss  Instances       Size
52/99      13.9G    0.03025    0.00706   0.001754         21        640: 100%|██████████| 87/87 00:21
Class     Images  Instances          P          R      mAP50   mAP50-95: 100%|██████████| 8/8 00:02
all       1000        641      0.776      0.454      0.485      0.264
Epoch    GPU_mem   box_loss   obj_loss   cls_loss  Instances       Size
53/99      13.9G    0.02963    0.00724   0.001754         27        640: 100%|██████████| 87/87 00:22
Class     Images  Instances          P          R      mAP50   mAP50-95: 100%|██████████| 8/8 00:02
all       1000        641      0.817      0.406      0.479       0.27
Epoch    GPU_mem   box_loss   obj_loss   cls_loss  Instances       Size
54/99      13.9G    0.02943   0.007232   0.001864         24        640: 100%|██████████| 87/87 00:23
Class     Images  Instances          P          R      mAP50   mAP50-95: 100%|██████████| 8/8 00:02
all       1000        641      0.802      0.447      0.494      0.268
Epoch    GPU_mem   box_loss   obj_loss   cls_loss  Instances       Size
55/99      13.9G    0.02919   0.007233    0.00169         29        640: 100%|██████████| 87/87 00:22
Class     Images  Instances          P          R      mAP50   mAP50-95: 100%|██████████| 8/8 00:02
all       1000        641      0.783      0.432      0.519      0.299
Epoch    GPU_mem   box_loss   obj_loss   cls_loss  Instances       Size
56/99      13.9G    0.02903   0.006945   0.001709         26        640: 100%|██████████| 87/87 00:21
Class     Images  Instances          P          R      mAP50   mAP50-95: 100%|██████████| 8/8 00:02
all       1000        641      0.753      0.518       0.56      0.307
Epoch    GPU_mem   box_loss   obj_loss   cls_loss  Instances       Size
57/99      13.9G      0.029   0.007015   0.001521         26        640: 100%|██████████| 87/87 00:22
Class     Images  Instances          P          R      mAP50   mAP50-95: 100%|██████████| 8/8 00:03
all       1000        641       0.54      0.521      0.517       0.28
Epoch    GPU_mem   box_loss   obj_loss   cls_loss  Instances       Size
58/99      13.9G    0.02861   0.006913   0.001576         36        640: 100%|██████████| 87/87 00:21
Class     Images  Instances          P          R      mAP50   mAP50-95: 100%|██████████| 8/8 00:02
all       1000        641      0.573      0.511      0.531      0.282
Epoch    GPU_mem   box_loss   obj_loss   cls_loss  Instances       Size
59/99      13.9G    0.02864   0.006971   0.001447         41        640: 100%|██████████| 87/87 00:23
Class     Images  Instances          P          R      mAP50   mAP50-95: 100%|██████████| 8/8 00:02
all       1000        641      0.637      0.482      0.512      0.267
Epoch    GPU_mem   box_loss   obj_loss   cls_loss  Instances       Size
60/99      13.9G    0.02796   0.006948   0.001343         43        640: 100%|██████████| 87/87 00:21
Class     Images  Instances          P          R      mAP50   mAP50-95: 100%|██████████| 8/8 00:02
all       1000        641      0.853       0.43       0.49      0.275
Epoch    GPU_mem   box_loss   obj_loss   cls_loss  Instances       Size
61/99      13.9G    0.02807   0.006768   0.001373         33        640: 100%|██████████| 87/87 00:23
Class     Images  Instances          P          R      mAP50   mAP50-95: 100%|██████████| 8/8 00:02
all       1000        641      0.823      0.422       0.48      0.264
Epoch    GPU_mem   box_loss   obj_loss   cls_loss  Instances       Size
62/99      13.9G    0.02806   0.006884   0.001263         35        640: 100%|██████████| 87/87 00:22
Class     Images  Instances          P          R      mAP50   mAP50-95: 100%|██████████| 8/8 00:03
all       1000        641      0.833      0.412      0.472      0.264
Epoch    GPU_mem   box_loss   obj_loss   cls_loss  Instances       Size
63/99      13.9G    0.02764   0.006768   0.001305         42        640: 100%|██████████| 87/87 00:22
Class     Images  Instances          P          R      mAP50   mAP50-95: 100%|██████████| 8/8 00:02
all       1000        641      0.815      0.417      0.487      0.265
Epoch    GPU_mem   box_loss   obj_loss   cls_loss  Instances       Size
64/99      13.9G    0.02714   0.006572   0.001204         30        640: 100%|██████████| 87/87 00:23
Class     Images  Instances          P          R      mAP50   mAP50-95: 100%|██████████| 8/8 00:02
all       1000        641      0.818      0.435      0.495      0.279
Epoch    GPU_mem   box_loss   obj_loss   cls_loss  Instances       Size
65/99      13.9G    0.02729   0.006595   0.001316         38        640: 100%|██████████| 87/87 00:23
Class     Images  Instances          P          R      mAP50   mAP50-95: 100%|██████████| 8/8 00:02
all       1000        641      0.592      0.481      0.501      0.278
Epoch    GPU_mem   box_loss   obj_loss   cls_loss  Instances       Size
66/99      13.9G    0.02693   0.006556   0.001318         24        640: 100%|██████████| 87/87 00:22
Class     Images  Instances          P          R      mAP50   mAP50-95: 100%|██████████| 8/8 00:03
all       1000        641      0.833      0.441      0.494      0.264
Epoch    GPU_mem   box_loss   obj_loss   cls_loss  Instances       Size
67/99      13.9G    0.02665   0.006644   0.001065         34        640: 100%|██████████| 87/87 00:22
Class     Images  Instances          P          R      mAP50   mAP50-95: 100%|██████████| 8/8 00:02
all       1000        641      0.558      0.452      0.502      0.283
Epoch    GPU_mem   box_loss   obj_loss   cls_loss  Instances       Size
68/99      13.9G    0.02615   0.006519   0.001198         35        640: 100%|██████████| 87/87 00:24
Class     Images  Instances          P          R      mAP50   mAP50-95: 100%|██████████| 8/8 00:04
all       1000        641      0.558       0.44      0.499      0.284
Epoch    GPU_mem   box_loss   obj_loss   cls_loss  Instances       Size
69/99      13.9G    0.02629   0.006409   0.001112         39        640: 100%|██████████| 87/87 00:21
Class     Images  Instances          P          R      mAP50   mAP50-95: 100%|██████████| 8/8 00:02
all       1000        641      0.837      0.424        0.5      0.281
Epoch    GPU_mem   box_loss   obj_loss   cls_loss  Instances       Size
70/99      13.9G    0.02581   0.006312   0.001171         33        640: 100%|██████████| 87/87 00:22
Class     Images  Instances          P          R      mAP50   mAP50-95: 100%|██████████| 8/8 00:02
all       1000        641      0.862       0.41      0.497      0.286
Epoch    GPU_mem   box_loss   obj_loss   cls_loss  Instances       Size
71/99      13.9G    0.02608    0.00631    0.00111         30        640: 100%|██████████| 87/87 00:20
Class     Images  Instances          P          R      mAP50   mAP50-95: 100%|██████████| 8/8 00:05
all       1000        641      0.675      0.448      0.523        0.3
Epoch    GPU_mem   box_loss   obj_loss   cls_loss  Instances       Size
72/99      13.9G    0.02564   0.006257   0.001038         38        640: 100%|██████████| 87/87 00:21
Class     Images  Instances          P          R      mAP50   mAP50-95: 100%|██████████| 8/8 00:02
all       1000        641      0.697      0.453      0.508      0.292
Epoch    GPU_mem   box_loss   obj_loss   cls_loss  Instances       Size
73/99      13.9G    0.02532   0.006274    0.00107         35        640: 100%|██████████| 87/87 00:22
Class     Images  Instances          P          R      mAP50   mAP50-95: 100%|██████████| 8/8 00:02
all       1000        641      0.612      0.487      0.504       0.29
Epoch    GPU_mem   box_loss   obj_loss   cls_loss  Instances       Size
74/99      13.9G    0.02537   0.006262     0.0011         28        640: 100%|██████████| 87/87 00:24
Class     Images  Instances          P          R      mAP50   mAP50-95: 100%|██████████| 8/8 00:03
all       1000        641      0.815      0.447      0.529      0.302
Epoch    GPU_mem   box_loss   obj_loss   cls_loss  Instances       Size
75/99      13.9G    0.02517   0.006225  0.0009528         29        640: 100%|██████████| 87/87 00:22
Class     Images  Instances          P          R      mAP50   mAP50-95: 100%|██████████| 8/8 00:02
all       1000        641      0.678      0.507       0.54        0.3
Epoch    GPU_mem   box_loss   obj_loss   cls_loss  Instances       Size
76/99      13.9G    0.02491   0.006137   0.001191         36        640: 100%|██████████| 87/87 00:21
Class     Images  Instances          P          R      mAP50   mAP50-95: 100%|██████████| 8/8 00:02
all       1000        641      0.584      0.429      0.491      0.276
Epoch    GPU_mem   box_loss   obj_loss   cls_loss  Instances       Size
77/99      13.9G    0.02488   0.006106  0.0009178         37        640: 100%|██████████| 87/87 00:22
Class     Images  Instances          P          R      mAP50   mAP50-95: 100%|██████████| 8/8 00:05
all       1000        641      0.636      0.478      0.507      0.292
Epoch    GPU_mem   box_loss   obj_loss   cls_loss  Instances       Size
78/99      13.9G    0.02452   0.006034   0.001002         26        640: 100%|██████████| 87/87 00:22
Class     Images  Instances          P          R      mAP50   mAP50-95: 100%|██████████| 8/8 00:02
all       1000        641      0.556      0.428      0.488      0.286
Epoch    GPU_mem   box_loss   obj_loss   cls_loss  Instances       Size
79/99      13.9G    0.02419   0.006016  0.0008285         22        640: 100%|██████████| 87/87 00:23
Class     Images  Instances          P          R      mAP50   mAP50-95: 100%|██████████| 8/8 00:02
all       1000        641      0.624      0.475      0.497      0.278
Epoch    GPU_mem   box_loss   obj_loss   cls_loss  Instances       Size
80/99      13.9G    0.02421   0.005921  0.0007991         43        640: 100%|██████████| 87/87 00:22
Class     Images  Instances          P          R      mAP50   mAP50-95: 100%|██████████| 8/8 00:02
all       1000        641      0.833      0.426      0.495      0.281
Epoch    GPU_mem   box_loss   obj_loss   cls_loss  Instances       Size
81/99      13.9G    0.02403   0.005877  0.0007792         21        640: 100%|██████████| 87/87 00:23
Class     Images  Instances          P          R      mAP50   mAP50-95: 100%|██████████| 8/8 00:02
all       1000        641       0.82      0.428      0.514      0.292
Epoch    GPU_mem   box_loss   obj_loss   cls_loss  Instances       Size
82/99      13.9G    0.02382   0.005785  0.0008545         29        640: 100%|██████████| 87/87 00:22
Class     Images  Instances          P          R      mAP50   mAP50-95: 100%|██████████| 8/8 00:02
all       1000        641      0.837      0.429      0.494      0.282
Epoch    GPU_mem   box_loss   obj_loss   cls_loss  Instances       Size
83/99      13.9G    0.02365    0.00582  0.0007421         30        640: 100%|██████████| 87/87 00:24
Class     Images  Instances          P          R      mAP50   mAP50-95: 100%|██████████| 8/8 00:05
all       1000        641       0.86      0.409      0.493      0.291
Epoch    GPU_mem   box_loss   obj_loss   cls_loss  Instances       Size
84/99      13.9G    0.02341   0.005735  0.0007473         31        640: 100%|██████████| 87/87 00:21
Class     Images  Instances          P          R      mAP50   mAP50-95: 100%|██████████| 8/8 00:02
all       1000        641      0.584      0.428      0.497      0.288
Epoch    GPU_mem   box_loss   obj_loss   cls_loss  Instances       Size
85/99      13.9G    0.02309   0.005774    0.00077         40        640: 100%|██████████| 87/87 00:23
Class     Images  Instances          P          R      mAP50   mAP50-95: 100%|██████████| 8/8 00:02
all       1000        641      0.623      0.464      0.504      0.294
Epoch    GPU_mem   box_loss   obj_loss   cls_loss  Instances       Size
86/99      13.9G    0.02268    0.00569  0.0006373         38        640: 100%|██████████| 87/87 00:24
Class     Images  Instances          P          R      mAP50   mAP50-95: 100%|██████████| 8/8 00:05
all       1000        641      0.601      0.413      0.486      0.283
Epoch    GPU_mem   box_loss   obj_loss   cls_loss  Instances       Size
87/99      13.9G    0.02295   0.005699  0.0007092         33        640: 100%|██████████| 87/87 00:21
Class     Images  Instances          P          R      mAP50   mAP50-95: 100%|██████████| 8/8 00:03
all       1000        641      0.592       0.42      0.478      0.276
Epoch    GPU_mem   box_loss   obj_loss   cls_loss  Instances       Size
88/99      13.9G    0.02283   0.005716  0.0007882         53        640: 100%|██████████| 87/87 00:22
Class     Images  Instances          P          R      mAP50   mAP50-95: 100%|██████████| 8/8 00:02
all       1000        641      0.576      0.426      0.485      0.285
Epoch    GPU_mem   box_loss   obj_loss   cls_loss  Instances       Size
89/99      13.9G    0.02227     0.0056  0.0007175         37        640: 100%|██████████| 87/87 00:24
Class     Images  Instances          P          R      mAP50   mAP50-95: 100%|██████████| 8/8 00:02
all       1000        641      0.579      0.425      0.491      0.294
Epoch    GPU_mem   box_loss   obj_loss   cls_loss  Instances       Size
90/99      13.9G    0.02241   0.005562  0.0006371         36        640: 100%|██████████| 87/87 00:22
Class     Images  Instances          P          R      mAP50   mAP50-95: 100%|██████████| 8/8 00:02
all       1000        641        0.6      0.426      0.489      0.285
Epoch    GPU_mem   box_loss   obj_loss   cls_loss  Instances       Size
91/99      13.9G     0.0221   0.005606  0.0006097         38        640: 100%|██████████| 87/87 00:22
Class     Images  Instances          P          R      mAP50   mAP50-95: 100%|██████████| 8/8 00:04
all       1000        641      0.582      0.431      0.504      0.284
Epoch    GPU_mem   box_loss   obj_loss   cls_loss  Instances       Size
92/99      13.9G      0.022   0.005574   0.000695         29        640: 100%|██████████| 87/87 00:22
Class     Images  Instances          P          R      mAP50   mAP50-95: 100%|██████████| 8/8 00:04
all       1000        641      0.577      0.437      0.493      0.281
Epoch    GPU_mem   box_loss   obj_loss   cls_loss  Instances       Size
93/99      13.9G    0.02177   0.005507  0.0008048         34        640: 100%|██████████| 87/87 00:21
Class     Images  Instances          P          R      mAP50   mAP50-95: 100%|██████████| 8/8 00:02
all       1000        641      0.648      0.474      0.507      0.289
Epoch    GPU_mem   box_loss   obj_loss   cls_loss  Instances       Size
94/99      13.9G    0.02186   0.005509  0.0006547         42        640: 100%|██████████| 87/87 00:20
Class     Images  Instances          P          R      mAP50   mAP50-95: 100%|██████████| 8/8 00:02
all       1000        641      0.581      0.437      0.499      0.286
Epoch    GPU_mem   box_loss   obj_loss   cls_loss  Instances       Size
95/99      13.9G    0.02138   0.005396  0.0005537         29        640: 100%|██████████| 87/87 00:23
Class     Images  Instances          P          R      mAP50   mAP50-95: 100%|██████████| 8/8 00:02
all       1000        641      0.583      0.433      0.497      0.286
Epoch    GPU_mem   box_loss   obj_loss   cls_loss  Instances       Size
96/99      13.9G    0.02132   0.005538  0.0005747         37        640: 100%|██████████| 87/87 00:19
Class     Images  Instances          P          R      mAP50   mAP50-95: 100%|██████████| 8/8 00:02
all       1000        641      0.584      0.435      0.495      0.284
Epoch    GPU_mem   box_loss   obj_loss   cls_loss  Instances       Size
97/99      13.9G     0.0213   0.005352    0.00069         26        640: 100%|██████████| 87/87 00:20
Class     Images  Instances          P          R      mAP50   mAP50-95: 100%|██████████| 8/8 00:02
all       1000        641      0.591      0.439      0.493      0.287
Epoch    GPU_mem   box_loss   obj_loss   cls_loss  Instances       Size
98/99      13.9G      0.021   0.005298  0.0005591         25        640: 100%|██████████| 87/87 00:23
Class     Images  Instances          P          R      mAP50   mAP50-95: 100%|██████████| 8/8 00:04
all       1000        641      0.585      0.449      0.495       0.29
Epoch    GPU_mem   box_loss   obj_loss   cls_loss  Instances       Size
99/99      13.9G      0.021   0.005258  0.0006378         29        640: 100%|██████████| 87/87 00:20
Class     Images  Instances          P          R      mAP50   mAP50-95: 100%|██████████| 8/8 00:02
all       1000        641       0.59      0.441      0.501      0.289
100 epochs completed in 0.771 hours.
Optimizer stripped from /home/lijinhe/work/YOLO_Retraining/runs/sequences/B640__seq-positive-only__cum-cold__stage0-stage3__yolov5s__s42/tasks/003__stage3__positive-only__cum-cold/backend/yolov5/train/weights/last.pt, 14.4MB
Optimizer stripped from /home/lijinhe/work/YOLO_Retraining/runs/sequences/B640__seq-positive-only__cum-cold__stage0-stage3__yolov5s__s42/tasks/003__stage3__positive-only__cum-cold/backend/yolov5/train/weights/best.pt, 14.4MB
Validating /home/lijinhe/work/YOLO_Retraining/runs/sequences/B640__seq-positive-only__cum-cold__stage0-stage3__yolov5s__s42/tasks/003__stage3__positive-only__cum-cold/backend/yolov5/train/weights/best.pt...
Fusing layers...
Model summary: 157 layers, 7020913 parameters, 0 gradients, 15.8 GFLOPs
Class     Images  Instances          P          R      mAP50   mAP50-95: 100%|██████████| 8/8 00:02
all       1000        641      0.753      0.519       0.56      0.308
large luggage       1000        410      0.473      0.522      0.495      0.247
stroller       1000        169      0.679      0.663      0.698       0.36
wheelchair       1000         53       0.86      0.579      0.686      0.417
flatbed truck       1000          9          1       0.31      0.359      0.208
Results saved to /home/lijinhe/work/YOLO_Retraining/runs/sequences/B640__seq-positive-only__cum-cold__stage0-stage3__yolov5s__s42/tasks/003__stage3__positive-only__cum-cold/backend/yolov5/train
[YOLOv5] compacted progress updates: 18832 -> 203 lines
[YOLOv5] coalesced warning: incomplete JPEG accepted read-only; count=6438; by_source=train=5440, val=998
[YOLOv5] warning example: train: WARNING ⚠️ /home/lijinhe/work/YOLO_Retraining/data/self_improving/images/0720_1/00001_1780987846311329_0.jpg: incomplete JPEG accepted read-only
[YOLOv5] warning example: train: WARNING ⚠️ /home/lijinhe/work/YOLO_Retraining/data/self_improving/images/0720_1/00002_1780987856406331_0.jpg: incomplete JPEG accepted read-only
[YOLOv5] warning example: train: WARNING ⚠️ /home/lijinhe/work/YOLO_Retraining/data/self_improving/images/0720_1/00003_1780987872391333_0.jpg: incomplete JPEG accepted read-only
