train: weights=/home/lijinhe/work/YOLO_Retraining/.third_party/yolov5/yolov5s.pt, cfg=, data=/home/lijinhe/work/YOLO_Retraining/runs/studies/balance_learning_curve_2batch_dedup_contrast/sequences/Balance_LC2B_ordered_dedup_tau099__seq-full-cold__stage0-stage7__yolov5s__s42/tasks/002__stage2__full-cold/data/backend_data.yaml, hyp=data/hyps/hyp.scratch-low.yaml, epochs=100, batch_size=64, imgsz=640, rect=False, resume=False, nosave=False, noval=False, noautoanchor=False, noplots=True, evolve=None, bucket=, cache=None, image_weights=False, device=0, multi_scale=False, single_cls=False, optimizer=SGD, sync_bn=False, workers=16, project=/home/lijinhe/work/YOLO_Retraining/runs/studies/balance_learning_curve_2batch_dedup_contrast/sequences/Balance_LC2B_ordered_dedup_tau099__seq-full-cold__stage0-stage7__yolov5s__s42/tasks/002__stage2__full-cold/backend/yolov5, name=train, exist_ok=True, quad=False, cos_lr=False, label_smoothing=0.0, patience=100, freeze=[0], save_period=-1, seed=44, local_rank=-1, entity=None, upload_dataset=False, bbox_interval=-1, artifact_alias=latest
github: skipping check (offline), for updates see https://github.com/ultralytics/yolov5
YOLOv5 🚀 v7.0-0-g915bbf29 Python-3.10.20 torch-2.2.2+cu121 CUDA:0 (NVIDIA H100 PCIe, 81090MiB)
hyperparameters: lr0=0.01, lrf=0.01, momentum=0.937, weight_decay=0.0005, warmup_epochs=3.0, warmup_momentum=0.8, warmup_bias_lr=0.1, box=0.05, cls=0.5, cls_pw=1.0, obj=1.0, obj_pw=1.0, iou_t=0.2, anchor_t=4.0, fl_gamma=0.0, hsv_h=0.015, hsv_s=0.7, hsv_v=0.4, degrees=0.0, translate=0.1, scale=0.5, shear=0.0, perspective=0.0, flipud=0.0, fliplr=0.5, mosaic=1.0, mixup=0.0, copy_paste=0.0
ClearML: run 'pip install clearml' to automatically track, visualize and remotely train YOLOv5 🚀 in ClearML
Comet: run 'pip install comet_ml' to automatically track and visualize YOLOv5 🚀 runs in Comet
TensorBoard: Start with 'tensorboard --logdir /home/lijinhe/work/YOLO_Retraining/runs/studies/balance_learning_curve_2batch_dedup_contrast/sequences/Balance_LC2B_ordered_dedup_tau099__seq-full-cold__stage0-stage7__yolov5s__s42/tasks/002__stage2__full-cold/backend/yolov5', view at http://localhost:6006/
Overriding model.yaml nc=80 with nc=4
from  n    params  module                                  arguments
0                -1  1      3520  models.common.Conv                      [3, 32, 6, 2, 2]
1                -1  1     18560  models.common.Conv                      [32, 64, 3, 2]
2                -1  1     18816  models.common.C3                        [64, 64, 1]
3                -1  1     73984  models.common.Conv                      [64, 128, 3, 2]
4                -1  2    115712  models.common.C3                        [128, 128, 2]
5                -1  1    295424  models.common.Conv                      [128, 256, 3, 2]
6                -1  3    625152  models.common.C3                        [256, 256, 3]
7                -1  1   1180672  models.common.Conv                      [256, 512, 3, 2]
8                -1  1   1182720  models.common.C3                        [512, 512, 1]
9                -1  1    656896  models.common.SPPF                      [512, 512, 5]
10                -1  1    131584  models.common.Conv                      [512, 256, 1, 1]
11                -1  1         0  torch.nn.modules.upsampling.Upsample    [None, 2, 'nearest']
12           [-1, 6]  1         0  models.common.Concat                    [1]
13                -1  1    361984  models.common.C3                        [512, 256, 1, False]
14                -1  1     33024  models.common.Conv                      [256, 128, 1, 1]
15                -1  1         0  torch.nn.modules.upsampling.Upsample    [None, 2, 'nearest']
16           [-1, 4]  1         0  models.common.Concat                    [1]
17                -1  1     90880  models.common.C3                        [256, 128, 1, False]
18                -1  1    147712  models.common.Conv                      [128, 128, 3, 2]
19          [-1, 14]  1         0  models.common.Concat                    [1]
20                -1  1    296448  models.common.C3                        [256, 256, 1, False]
21                -1  1    590336  models.common.Conv                      [256, 256, 3, 2]
22          [-1, 10]  1         0  models.common.Concat                    [1]
23                -1  1   1182720  models.common.C3                        [512, 512, 1, False]
24      [17, 20, 23]  1     24273  models.yolo.Detect                      [4, [[10, 13, 16, 30, 33, 23], [30, 61, 62, 45, 59, 119], [116, 90, 156, 198, 373, 326]], [128, 256, 512]]
Model summary: 214 layers, 7030417 parameters, 7030417 gradients, 16.0 GFLOPs
Transferred 343/349 items from /home/lijinhe/work/YOLO_Retraining/.third_party/yolov5/yolov5s.pt
AMP: checks passed ✅
optimizer: SGD(lr=0.01) with parameter groups 57 weight(decay=0.0), 60 weight(decay=0.0005), 60 bias
train: Scanning /home/lijinhe/work/YOLO_Retraining/runs/studies/balance_learning_curve_2batch_dedup_contrast/sequences/Balance_LC2B_ordered_dedup_tau099__seq-full-cold__stage0-stage7__yolov5s__s42/tasks/002__stage2__full-cold/data/backend_train_images... 2802 images, 1010 backgrounds, 0 corrupt: 100%|██████████| 2802/2802 00:11
train: New cache created: /home/lijinhe/work/YOLO_Retraining/runs/studies/balance_learning_curve_2batch_dedup_contrast/sequences/Balance_LC2B_ordered_dedup_tau099__seq-full-cold__stage0-stage7__yolov5s__s42/tasks/002__stage2__full-cold/data/backend_train_images.cache
val: Scanning /home/lijinhe/work/YOLO_Retraining/runs/studies/balance_learning_curve_2batch_dedup_contrast/sequences/Balance_LC2B_ordered_dedup_tau099__seq-full-cold__stage0-stage7__yolov5s__s42/tasks/002__stage2__full-cold/data/backend_validation_images... 1000 images, 499 backgrounds, 0 corrupt: 100%|██████████| 1000/1000 00:06
val: New cache created: /home/lijinhe/work/YOLO_Retraining/runs/studies/balance_learning_curve_2batch_dedup_contrast/sequences/Balance_LC2B_ordered_dedup_tau099__seq-full-cold__stage0-stage7__yolov5s__s42/tasks/002__stage2__full-cold/data/backend_validation_images.cache
AutoAnchor: 5.69 anchors/target, 1.000 Best Possible Recall (BPR). Current anchors are a good fit to dataset ✅
Image sizes 640 train, 640 val
Using 16 dataloader workers
Logging results to /home/lijinhe/work/YOLO_Retraining/runs/studies/balance_learning_curve_2batch_dedup_contrast/sequences/Balance_LC2B_ordered_dedup_tau099__seq-full-cold__stage0-stage7__yolov5s__s42/tasks/002__stage2__full-cold/backend/yolov5/train
Starting training for 100 epochs...
Epoch    GPU_mem   box_loss   obj_loss   cls_loss  Instances       Size
0/99      13.9G    0.09757    0.02197    0.03853         55        640: 100%|██████████| 44/44 00:17
Class     Images  Instances          P          R      mAP50   mAP50-95: 100%|██████████| 8/8 00:03
all       1000        641     0.0022      0.602     0.0213     0.0062
Epoch    GPU_mem   box_loss   obj_loss   cls_loss  Instances       Size
1/99      13.9G     0.0701    0.01831    0.02052         70        640: 100%|██████████| 44/44 00:09
Class     Images  Instances          P          R      mAP50   mAP50-95: 100%|██████████| 8/8 00:03
all       1000        641       0.53      0.225      0.185     0.0638
Epoch    GPU_mem   box_loss   obj_loss   cls_loss  Instances       Size
2/99      13.9G    0.06382    0.01451    0.01593         94        640: 100%|██████████| 44/44 00:12
Class     Images  Instances          P          R      mAP50   mAP50-95: 100%|██████████| 8/8 00:04
all       1000        641      0.485      0.285      0.203     0.0785
Epoch    GPU_mem   box_loss   obj_loss   cls_loss  Instances       Size
3/99      13.9G    0.05911    0.01331    0.01458         81        640: 100%|██████████| 44/44 00:09
Class     Images  Instances          P          R      mAP50   mAP50-95: 100%|██████████| 8/8 00:03
all       1000        641      0.487      0.232      0.154     0.0585
Epoch    GPU_mem   box_loss   obj_loss   cls_loss  Instances       Size
4/99      13.9G     0.0553    0.01298    0.01311        107        640: 100%|██████████| 44/44 00:09
Class     Images  Instances          P          R      mAP50   mAP50-95: 100%|██████████| 8/8 00:03
all       1000        641       0.45       0.29      0.185     0.0595
Epoch    GPU_mem   box_loss   obj_loss   cls_loss  Instances       Size
5/99      13.9G     0.0534    0.01257     0.0116         80        640: 100%|██████████| 44/44 00:12
Class     Images  Instances          P          R      mAP50   mAP50-95: 100%|██████████| 8/8 00:05
all       1000        641       0.63      0.268      0.264      0.112
Epoch    GPU_mem   box_loss   obj_loss   cls_loss  Instances       Size
6/99      13.9G    0.05195    0.01236    0.01117         68        640: 100%|██████████| 44/44 00:08
Class     Images  Instances          P          R      mAP50   mAP50-95: 100%|██████████| 8/8 00:02
all       1000        641      0.742      0.265      0.317      0.137
Epoch    GPU_mem   box_loss   obj_loss   cls_loss  Instances       Size
7/99      13.9G    0.05058    0.01199    0.01098         73        640: 100%|██████████| 44/44 00:13
Class     Images  Instances          P          R      mAP50   mAP50-95: 100%|██████████| 8/8 00:03
all       1000        641      0.703      0.285      0.313      0.138
Epoch    GPU_mem   box_loss   obj_loss   cls_loss  Instances       Size
8/99      13.9G    0.04958     0.0119   0.009846         68        640: 100%|██████████| 44/44 00:13
Class     Images  Instances          P          R      mAP50   mAP50-95: 100%|██████████| 8/8 00:02
all       1000        641      0.703      0.281      0.325      0.138
Epoch    GPU_mem   box_loss   obj_loss   cls_loss  Instances       Size
9/99      13.9G    0.04927    0.01184     0.0104         75        640: 100%|██████████| 44/44 00:10
Class     Images  Instances          P          R      mAP50   mAP50-95: 100%|██████████| 8/8 00:02
all       1000        641      0.683       0.37      0.386      0.172
Epoch    GPU_mem   box_loss   obj_loss   cls_loss  Instances       Size
10/99      13.9G    0.04744    0.01176   0.008952         80        640: 100%|██████████| 44/44 00:13
Class     Images  Instances          P          R      mAP50   mAP50-95: 100%|██████████| 8/8 00:02
all       1000        641      0.731      0.274      0.313      0.133
Epoch    GPU_mem   box_loss   obj_loss   cls_loss  Instances       Size
11/99      13.9G     0.0478    0.01153   0.008856         97        640: 100%|██████████| 44/44 00:11
Class     Images  Instances          P          R      mAP50   mAP50-95: 100%|██████████| 8/8 00:04
all       1000        641      0.727      0.348      0.357      0.156
Epoch    GPU_mem   box_loss   obj_loss   cls_loss  Instances       Size
12/99      13.9G    0.04615    0.01107   0.008003         98        640: 100%|██████████| 44/44 00:08
Class     Images  Instances          P          R      mAP50   mAP50-95: 100%|██████████| 8/8 00:02
all       1000        641       0.69      0.337       0.36      0.164
Epoch    GPU_mem   box_loss   obj_loss   cls_loss  Instances       Size
13/99      13.9G    0.04505    0.01118   0.007836         89        640: 100%|██████████| 44/44 00:13
Class     Images  Instances          P          R      mAP50   mAP50-95: 100%|██████████| 8/8 00:03
all       1000        641       0.72      0.334      0.365      0.164
Epoch    GPU_mem   box_loss   obj_loss   cls_loss  Instances       Size
14/99      13.9G    0.04514    0.01122   0.007968         90        640: 100%|██████████| 44/44 00:15
Class     Images  Instances          P          R      mAP50   mAP50-95: 100%|██████████| 8/8 00:02
all       1000        641      0.776      0.352      0.396      0.193
Epoch    GPU_mem   box_loss   obj_loss   cls_loss  Instances       Size
15/99      13.9G    0.04432    0.01061   0.007756         72        640: 100%|██████████| 44/44 00:12
Class     Images  Instances          P          R      mAP50   mAP50-95: 100%|██████████| 8/8 00:03
all       1000        641      0.749      0.398      0.426      0.205
Epoch    GPU_mem   box_loss   obj_loss   cls_loss  Instances       Size
16/99      13.9G    0.04345    0.01088   0.006894         98        640: 100%|██████████| 44/44 00:15
Class     Images  Instances          P          R      mAP50   mAP50-95: 100%|██████████| 8/8 00:02
all       1000        641      0.683      0.379      0.392      0.179
Epoch    GPU_mem   box_loss   obj_loss   cls_loss  Instances       Size
17/99      13.9G    0.04308    0.01065   0.006453         79        640: 100%|██████████| 44/44 00:15
Class     Images  Instances          P          R      mAP50   mAP50-95: 100%|██████████| 8/8 00:02
all       1000        641      0.796      0.321      0.385       0.17
Epoch    GPU_mem   box_loss   obj_loss   cls_loss  Instances       Size
18/99      13.9G    0.04227    0.01037   0.006052        103        640: 100%|██████████| 44/44 00:15
Class     Images  Instances          P          R      mAP50   mAP50-95: 100%|██████████| 8/8 00:02
all       1000        641      0.748      0.341      0.394       0.19
Epoch    GPU_mem   box_loss   obj_loss   cls_loss  Instances       Size
19/99      13.9G    0.04141    0.01073   0.006022         72        640: 100%|██████████| 44/44 00:11
Class     Images  Instances          P          R      mAP50   mAP50-95: 100%|██████████| 8/8 00:02
all       1000        641      0.801      0.355      0.426      0.198
Epoch    GPU_mem   box_loss   obj_loss   cls_loss  Instances       Size
20/99      13.9G    0.04126    0.01055   0.006104         87        640: 100%|██████████| 44/44 00:16
Class     Images  Instances          P          R      mAP50   mAP50-95: 100%|██████████| 8/8 00:03
all       1000        641      0.824      0.383       0.44       0.22
Epoch    GPU_mem   box_loss   obj_loss   cls_loss  Instances       Size
21/99      13.9G    0.04038   0.009901   0.005417         71        640: 100%|██████████| 44/44 00:18
Class     Images  Instances          P          R      mAP50   mAP50-95: 100%|██████████| 8/8 00:02
all       1000        641      0.757       0.31      0.339      0.155
Epoch    GPU_mem   box_loss   obj_loss   cls_loss  Instances       Size
22/99      13.9G     0.0408    0.01018   0.006509         70        640: 100%|██████████| 44/44 00:18
Class     Images  Instances          P          R      mAP50   mAP50-95: 100%|██████████| 8/8 00:03
all       1000        641      0.784      0.405      0.439      0.228
Epoch    GPU_mem   box_loss   obj_loss   cls_loss  Instances       Size
23/99      13.9G    0.04055    0.01011   0.005912         93        640: 100%|██████████| 44/44 00:12
Class     Images  Instances          P          R      mAP50   mAP50-95: 100%|██████████| 8/8 00:04
all       1000        641      0.818      0.385      0.444      0.223
Epoch    GPU_mem   box_loss   obj_loss   cls_loss  Instances       Size
24/99      13.9G    0.04029    0.01011   0.005154         87        640: 100%|██████████| 44/44 00:17
Class     Images  Instances          P          R      mAP50   mAP50-95: 100%|██████████| 8/8 00:03
all       1000        641      0.796      0.395      0.436      0.217
Epoch    GPU_mem   box_loss   obj_loss   cls_loss  Instances       Size
25/99      13.9G    0.03922   0.009858   0.004786         73        640: 100%|██████████| 44/44 00:19
Class     Images  Instances          P          R      mAP50   mAP50-95: 100%|██████████| 8/8 00:03
all       1000        641      0.765      0.402      0.423      0.217
Epoch    GPU_mem   box_loss   obj_loss   cls_loss  Instances       Size
26/99      13.9G    0.03916   0.009691   0.004625         79        640: 100%|██████████| 44/44 00:17
Class     Images  Instances          P          R      mAP50   mAP50-95: 100%|██████████| 8/8 00:02
all       1000        641      0.791      0.359      0.401      0.199
Epoch    GPU_mem   box_loss   obj_loss   cls_loss  Instances       Size
27/99      13.9G    0.03854    0.01011    0.00464         70        640: 100%|██████████| 44/44 00:12
Class     Images  Instances          P          R      mAP50   mAP50-95: 100%|██████████| 8/8 00:02
all       1000        641      0.772      0.419      0.449      0.221
Epoch    GPU_mem   box_loss   obj_loss   cls_loss  Instances       Size
28/99      13.9G    0.03836   0.009804    0.00497         91        640: 100%|██████████| 44/44 00:17
Class     Images  Instances          P          R      mAP50   mAP50-95: 100%|██████████| 8/8 00:03
all       1000        641      0.838      0.385      0.447      0.222
Epoch    GPU_mem   box_loss   obj_loss   cls_loss  Instances       Size
29/99      13.9G    0.03782   0.009863     0.0049         85        640: 100%|██████████| 44/44 00:18
Class     Images  Instances          P          R      mAP50   mAP50-95: 100%|██████████| 8/8 00:02
all       1000        641      0.773      0.387      0.431      0.213
Epoch    GPU_mem   box_loss   obj_loss   cls_loss  Instances       Size
30/99      13.9G    0.03742   0.009674   0.004965        103        640: 100%|██████████| 44/44 00:20
Class     Images  Instances          P          R      mAP50   mAP50-95: 100%|██████████| 8/8 00:04
all       1000        641      0.771      0.354      0.407      0.206
Epoch    GPU_mem   box_loss   obj_loss   cls_loss  Instances       Size
31/99      13.9G    0.03759   0.009364   0.004235         82        640: 100%|██████████| 44/44 00:10
Class     Images  Instances          P          R      mAP50   mAP50-95: 100%|██████████| 8/8 00:02
all       1000        641       0.79      0.417      0.447      0.233
Epoch    GPU_mem   box_loss   obj_loss   cls_loss  Instances       Size
32/99      13.9G    0.03686   0.009489   0.003757         68        640: 100%|██████████| 44/44 00:17
Class     Images  Instances          P          R      mAP50   mAP50-95: 100%|██████████| 8/8 00:04
all       1000        641      0.802      0.423      0.455      0.247
Epoch    GPU_mem   box_loss   obj_loss   cls_loss  Instances       Size
33/99      13.9G     0.0371   0.009404   0.004246         75        640: 100%|██████████| 44/44 00:14
Class     Images  Instances          P          R      mAP50   mAP50-95: 100%|██████████| 8/8 00:02
all       1000        641      0.761       0.41      0.421      0.193
Epoch    GPU_mem   box_loss   obj_loss   cls_loss  Instances       Size
34/99      13.9G    0.03615   0.009225   0.003089        103        640: 100%|██████████| 44/44 00:16
Class     Images  Instances          P          R      mAP50   mAP50-95: 100%|██████████| 8/8 00:02
all       1000        641      0.767      0.427      0.449       0.23
Epoch    GPU_mem   box_loss   obj_loss   cls_loss  Instances       Size
35/99      13.9G    0.03583   0.008971   0.003451         88        640: 100%|██████████| 44/44 00:12
Class     Images  Instances          P          R      mAP50   mAP50-95: 100%|██████████| 8/8 00:03
all       1000        641      0.806       0.37      0.409      0.203
Epoch    GPU_mem   box_loss   obj_loss   cls_loss  Instances       Size
36/99      13.9G    0.03533   0.008994   0.003152         83        640: 100%|██████████| 44/44 00:18
Class     Images  Instances          P          R      mAP50   mAP50-95: 100%|██████████| 8/8 00:02
all       1000        641      0.803      0.401      0.463      0.248
Epoch    GPU_mem   box_loss   obj_loss   cls_loss  Instances       Size
37/99      13.9G    0.03579   0.009109   0.003248         77        640: 100%|██████████| 44/44 00:18
Class     Images  Instances          P          R      mAP50   mAP50-95: 100%|██████████| 8/8 00:03
all       1000        641      0.771      0.376      0.422      0.216
Epoch    GPU_mem   box_loss   obj_loss   cls_loss  Instances       Size
38/99      13.9G    0.03435   0.008914   0.003045         73        640: 100%|██████████| 44/44 00:16
Class     Images  Instances          P          R      mAP50   mAP50-95: 100%|██████████| 8/8 00:02
all       1000        641       0.81      0.428      0.451      0.233
Epoch    GPU_mem   box_loss   obj_loss   cls_loss  Instances       Size
39/99      13.9G    0.03444   0.008735   0.003104         86        640: 100%|██████████| 44/44 00:14
Class     Images  Instances          P          R      mAP50   mAP50-95: 100%|██████████| 8/8 00:02
all       1000        641      0.809      0.431      0.478       0.24
Epoch    GPU_mem   box_loss   obj_loss   cls_loss  Instances       Size
40/99      13.9G    0.03474     0.0086   0.003382         84        640: 100%|██████████| 44/44 00:16
Class     Images  Instances          P          R      mAP50   mAP50-95: 100%|██████████| 8/8 00:02
all       1000        641      0.743      0.403      0.434      0.226
Epoch    GPU_mem   box_loss   obj_loss   cls_loss  Instances       Size
41/99      13.9G    0.03418   0.008583   0.003257         67        640: 100%|██████████| 44/44 00:17
Class     Images  Instances          P          R      mAP50   mAP50-95: 100%|██████████| 8/8 00:04
all       1000        641      0.774      0.441      0.468      0.257
Epoch    GPU_mem   box_loss   obj_loss   cls_loss  Instances       Size
42/99      13.9G    0.03374   0.008583   0.003254         96        640: 100%|██████████| 44/44 00:17
Class     Images  Instances          P          R      mAP50   mAP50-95: 100%|██████████| 8/8 00:04
all       1000        641      0.772      0.415       0.44      0.223
Epoch    GPU_mem   box_loss   obj_loss   cls_loss  Instances       Size
43/99      13.9G    0.03331   0.008343   0.002935         83        640: 100%|██████████| 44/44 00:10
Class     Images  Instances          P          R      mAP50   mAP50-95: 100%|██████████| 8/8 00:04
all       1000        641      0.841      0.401      0.467      0.239
Epoch    GPU_mem   box_loss   obj_loss   cls_loss  Instances       Size
44/99      13.9G    0.03345   0.008476   0.002535         85        640: 100%|██████████| 44/44 00:15
Class     Images  Instances          P          R      mAP50   mAP50-95: 100%|██████████| 8/8 00:04
all       1000        641      0.811      0.417      0.452      0.234
Epoch    GPU_mem   box_loss   obj_loss   cls_loss  Instances       Size
45/99      13.9G    0.03246   0.008394   0.002618         83        640: 100%|██████████| 44/44 00:15
Class     Images  Instances          P          R      mAP50   mAP50-95: 100%|██████████| 8/8 00:03
all       1000        641      0.758      0.432      0.458      0.237
Epoch    GPU_mem   box_loss   obj_loss   cls_loss  Instances       Size
46/99      13.9G    0.03262   0.008418    0.00291         80        640: 100%|██████████| 44/44 00:17
Class     Images  Instances          P          R      mAP50   mAP50-95: 100%|██████████| 8/8 00:03
all       1000        641      0.807      0.404      0.461      0.245
Epoch    GPU_mem   box_loss   obj_loss   cls_loss  Instances       Size
47/99      13.9G    0.03229   0.008173   0.002715        103        640: 100%|██████████| 44/44 00:11
Class     Images  Instances          P          R      mAP50   mAP50-95: 100%|██████████| 8/8 00:02
all       1000        641      0.765      0.434       0.47      0.243
Epoch    GPU_mem   box_loss   obj_loss   cls_loss  Instances       Size
48/99      13.9G    0.03236   0.008246   0.002689         73        640: 100%|██████████| 44/44 00:16
Class     Images  Instances          P          R      mAP50   mAP50-95: 100%|██████████| 8/8 00:04
all       1000        641      0.795      0.396      0.449      0.237
Epoch    GPU_mem   box_loss   obj_loss   cls_loss  Instances       Size
49/99      13.9G    0.03163   0.008563   0.002486         80        640: 100%|██████████| 44/44 00:14
Class     Images  Instances          P          R      mAP50   mAP50-95: 100%|██████████| 8/8 00:02
all       1000        641      0.839      0.417      0.465      0.257
Epoch    GPU_mem   box_loss   obj_loss   cls_loss  Instances       Size
50/99      13.9G    0.03182   0.008137   0.002758         62        640: 100%|██████████| 44/44 00:15
Class     Images  Instances          P          R      mAP50   mAP50-95: 100%|██████████| 8/8 00:05
all       1000        641      0.798      0.425      0.458       0.24
Epoch    GPU_mem   box_loss   obj_loss   cls_loss  Instances       Size
51/99      13.9G    0.03155   0.008417   0.002566         79        640: 100%|██████████| 44/44 00:09
Class     Images  Instances          P          R      mAP50   mAP50-95: 100%|██████████| 8/8 00:02
all       1000        641      0.802      0.418      0.455      0.239
Epoch    GPU_mem   box_loss   obj_loss   cls_loss  Instances       Size
52/99      13.9G    0.03118    0.00826   0.002399         95        640: 100%|██████████| 44/44 00:17
Class     Images  Instances          P          R      mAP50   mAP50-95: 100%|██████████| 8/8 00:02
all       1000        641      0.801      0.412      0.463      0.247
Epoch    GPU_mem   box_loss   obj_loss   cls_loss  Instances       Size
53/99      13.9G     0.0303   0.008013   0.002154         91        640: 100%|██████████| 44/44 00:15
Class     Images  Instances          P          R      mAP50   mAP50-95: 100%|██████████| 8/8 00:02
all       1000        641      0.776      0.463      0.487       0.26
Epoch    GPU_mem   box_loss   obj_loss   cls_loss  Instances       Size
54/99      13.9G    0.02976    0.00778   0.002497         72        640: 100%|██████████| 44/44 00:15
Class     Images  Instances          P          R      mAP50   mAP50-95: 100%|██████████| 8/8 00:03
all       1000        641      0.779      0.419       0.45      0.246
Epoch    GPU_mem   box_loss   obj_loss   cls_loss  Instances       Size
55/99      13.9G    0.03006    0.00781   0.002037         78        640: 100%|██████████| 44/44 00:12
Class     Images  Instances          P          R      mAP50   mAP50-95: 100%|██████████| 8/8 00:02
all       1000        641      0.751      0.434      0.481      0.263
Epoch    GPU_mem   box_loss   obj_loss   cls_loss  Instances       Size
56/99      13.9G    0.02945   0.007634   0.002062         85        640: 100%|██████████| 44/44 00:15
Class     Images  Instances          P          R      mAP50   mAP50-95: 100%|██████████| 8/8 00:02
all       1000        641      0.816      0.431      0.478       0.27
Epoch    GPU_mem   box_loss   obj_loss   cls_loss  Instances       Size
57/99      13.9G    0.02963   0.007623   0.002186         89        640: 100%|██████████| 44/44 00:16
Class     Images  Instances          P          R      mAP50   mAP50-95: 100%|██████████| 8/8 00:03
all       1000        641      0.774      0.423      0.449      0.242
Epoch    GPU_mem   box_loss   obj_loss   cls_loss  Instances       Size
58/99      13.9G     0.0295   0.007594   0.002054         76        640: 100%|██████████| 44/44 00:19
Class     Images  Instances          P          R      mAP50   mAP50-95: 100%|██████████| 8/8 00:04
all       1000        641      0.807      0.411       0.45      0.243
Epoch    GPU_mem   box_loss   obj_loss   cls_loss  Instances       Size
59/99      13.9G    0.02879   0.007529   0.001851         77        640: 100%|██████████| 44/44 00:14
Class     Images  Instances          P          R      mAP50   mAP50-95: 100%|██████████| 8/8 00:03
all       1000        641      0.774       0.43      0.465      0.244
Epoch    GPU_mem   box_loss   obj_loss   cls_loss  Instances       Size
60/99      13.9G    0.02849   0.007461   0.001614         80        640: 100%|██████████| 44/44 00:19
Class     Images  Instances          P          R      mAP50   mAP50-95: 100%|██████████| 8/8 00:03
all       1000        641       0.79      0.433      0.463      0.255
Epoch    GPU_mem   box_loss   obj_loss   cls_loss  Instances       Size
61/99      13.9G    0.02835   0.007505   0.002009         69        640: 100%|██████████| 44/44 00:19
Class     Images  Instances          P          R      mAP50   mAP50-95: 100%|██████████| 8/8 00:03
all       1000        641      0.773      0.418      0.457      0.247
Epoch    GPU_mem   box_loss   obj_loss   cls_loss  Instances       Size
62/99      13.9G    0.02825   0.007325    0.00155         69        640: 100%|██████████| 44/44 00:20
Class     Images  Instances          P          R      mAP50   mAP50-95: 100%|██████████| 8/8 00:02
all       1000        641       0.75      0.422      0.454      0.242
Epoch    GPU_mem   box_loss   obj_loss   cls_loss  Instances       Size
63/99      13.9G    0.02831   0.007423   0.001659        101        640: 100%|██████████| 44/44 00:14
Class     Images  Instances          P          R      mAP50   mAP50-95: 100%|██████████| 8/8 00:03
all       1000        641      0.795       0.42      0.476      0.261
Epoch    GPU_mem   box_loss   obj_loss   cls_loss  Instances       Size
64/99      13.9G     0.0279   0.007322   0.001835         77        640: 100%|██████████| 44/44 00:17
Class     Images  Instances          P          R      mAP50   mAP50-95: 100%|██████████| 8/8 00:02
all       1000        641      0.767      0.409      0.459      0.248
Epoch    GPU_mem   box_loss   obj_loss   cls_loss  Instances       Size
65/99      13.9G    0.02777   0.007059   0.001729         82        640: 100%|██████████| 44/44 00:16
Class     Images  Instances          P          R      mAP50   mAP50-95: 100%|██████████| 8/8 00:02
all       1000        641      0.793      0.427      0.481      0.254
Epoch    GPU_mem   box_loss   obj_loss   cls_loss  Instances       Size
66/99      13.9G    0.02755   0.007366   0.001712         91        640: 100%|██████████| 44/44 00:18
Class     Images  Instances          P          R      mAP50   mAP50-95: 100%|██████████| 8/8 00:03
all       1000        641      0.806      0.459       0.49      0.259
Epoch    GPU_mem   box_loss   obj_loss   cls_loss  Instances       Size
67/99      13.9G     0.0272   0.007055   0.001444         66        640: 100%|██████████| 44/44 00:12
Class     Images  Instances          P          R      mAP50   mAP50-95: 100%|██████████| 8/8 00:03
all       1000        641       0.78      0.441      0.458      0.254
Epoch    GPU_mem   box_loss   obj_loss   cls_loss  Instances       Size
68/99      13.9G    0.02687   0.007124   0.001696         70        640: 100%|██████████| 44/44 00:16
Class     Images  Instances          P          R      mAP50   mAP50-95: 100%|██████████| 8/8 00:02
all       1000        641      0.792      0.453       0.48      0.257
Epoch    GPU_mem   box_loss   obj_loss   cls_loss  Instances       Size
69/99      13.9G    0.02627    0.00694   0.001412         76        640: 100%|██████████| 44/44 00:16
Class     Images  Instances          P          R      mAP50   mAP50-95: 100%|██████████| 8/8 00:04
all       1000        641      0.857      0.409      0.468      0.248
Epoch    GPU_mem   box_loss   obj_loss   cls_loss  Instances       Size
70/99      13.9G    0.02706   0.006964   0.001424         86        640: 100%|██████████| 44/44 00:13
Class     Images  Instances          P          R      mAP50   mAP50-95: 100%|██████████| 8/8 00:03
all       1000        641      0.832      0.428      0.476      0.258
Epoch    GPU_mem   box_loss   obj_loss   cls_loss  Instances       Size
71/99      13.9G    0.02637   0.006902   0.001405         67        640: 100%|██████████| 44/44 00:13
Class     Images  Instances          P          R      mAP50   mAP50-95: 100%|██████████| 8/8 00:02
all       1000        641      0.818      0.435      0.479      0.254
Epoch    GPU_mem   box_loss   obj_loss   cls_loss  Instances       Size
72/99      13.9G    0.02601   0.006892   0.001168         84        640: 100%|██████████| 44/44 00:16
Class     Images  Instances          P          R      mAP50   mAP50-95: 100%|██████████| 8/8 00:02
all       1000        641       0.83      0.431      0.485      0.266
Epoch    GPU_mem   box_loss   obj_loss   cls_loss  Instances       Size
73/99      13.9G    0.02617   0.006859   0.001341         73        640: 100%|██████████| 44/44 00:14
Class     Images  Instances          P          R      mAP50   mAP50-95: 100%|██████████| 8/8 00:02
all       1000        641      0.816      0.422      0.473      0.261
Epoch    GPU_mem   box_loss   obj_loss   cls_loss  Instances       Size
74/99      13.9G    0.02584   0.006697   0.001432         75        640: 100%|██████████| 44/44 00:17
Class     Images  Instances          P          R      mAP50   mAP50-95: 100%|██████████| 8/8 00:03
all       1000        641       0.84      0.425      0.471       0.26
Epoch    GPU_mem   box_loss   obj_loss   cls_loss  Instances       Size
75/99      13.9G    0.02545   0.006948   0.001338         96        640: 100%|██████████| 44/44 00:12
Class     Images  Instances          P          R      mAP50   mAP50-95: 100%|██████████| 8/8 00:03
all       1000        641      0.818      0.415      0.467      0.259
Epoch    GPU_mem   box_loss   obj_loss   cls_loss  Instances       Size
76/99      13.9G    0.02536   0.006651   0.001258         91        640: 100%|██████████| 44/44 00:15
Class     Images  Instances          P          R      mAP50   mAP50-95: 100%|██████████| 8/8 00:02
all       1000        641      0.793      0.439      0.485      0.258
Epoch    GPU_mem   box_loss   obj_loss   cls_loss  Instances       Size
77/99      13.9G    0.02523   0.006638    0.00116         78        640: 100%|██████████| 44/44 00:18
Class     Images  Instances          P          R      mAP50   mAP50-95: 100%|██████████| 8/8 00:03
all       1000        641      0.818      0.445      0.489      0.263
Epoch    GPU_mem   box_loss   obj_loss   cls_loss  Instances       Size
78/99      13.9G    0.02477   0.006724   0.001042         64        640: 100%|██████████| 44/44 00:17
Class     Images  Instances          P          R      mAP50   mAP50-95: 100%|██████████| 8/8 00:03
all       1000        641      0.828      0.431      0.486      0.279
Epoch    GPU_mem   box_loss   obj_loss   cls_loss  Instances       Size
79/99      13.9G    0.02471   0.006562   0.001205         89        640: 100%|██████████| 44/44 00:13
Class     Images  Instances          P          R      mAP50   mAP50-95: 100%|██████████| 8/8 00:02
all       1000        641      0.842      0.424      0.491      0.258
Epoch    GPU_mem   box_loss   obj_loss   cls_loss  Instances       Size
80/99      13.9G    0.02406   0.006618   0.001122        103        640: 100%|██████████| 44/44 00:17
Class     Images  Instances          P          R      mAP50   mAP50-95: 100%|██████████| 8/8 00:03
all       1000        641      0.792      0.458      0.486      0.266
Epoch    GPU_mem   box_loss   obj_loss   cls_loss  Instances       Size
81/99      13.9G    0.02421   0.006424   0.001074         77        640: 100%|██████████| 44/44 00:24
Class     Images  Instances          P          R      mAP50   mAP50-95: 100%|██████████| 8/8 00:06
all       1000        641      0.563      0.427      0.481       0.27
Epoch    GPU_mem   box_loss   obj_loss   cls_loss  Instances       Size
82/99      13.9G    0.02418   0.006446   0.001056         90        640: 100%|██████████| 44/44 00:16
Class     Images  Instances          P          R      mAP50   mAP50-95: 100%|██████████| 8/8 00:03
all       1000        641      0.863      0.422      0.493      0.274
Epoch    GPU_mem   box_loss   obj_loss   cls_loss  Instances       Size
83/99      13.9G    0.02394   0.006306   0.001165         82        640: 100%|██████████| 44/44 00:21
Class     Images  Instances          P          R      mAP50   mAP50-95: 100%|██████████| 8/8 00:02
all       1000        641      0.812      0.423      0.475      0.266
Epoch    GPU_mem   box_loss   obj_loss   cls_loss  Instances       Size
84/99      13.9G    0.02338   0.006306    0.00107        102        640: 100%|██████████| 44/44 00:19
Class     Images  Instances          P          R      mAP50   mAP50-95: 100%|██████████| 8/8 00:02
all       1000        641      0.802      0.456      0.488      0.271
Epoch    GPU_mem   box_loss   obj_loss   cls_loss  Instances       Size
85/99      13.9G    0.02336   0.006179  0.0008964         76        640: 100%|██████████| 44/44 00:16
Class     Images  Instances          P          R      mAP50   mAP50-95: 100%|██████████| 8/8 00:11
all       1000        641      0.569       0.45       0.49      0.273
Epoch    GPU_mem   box_loss   obj_loss   cls_loss  Instances       Size
86/99      13.9G    0.02312   0.006168  0.0009994         70        640: 100%|██████████| 44/44 00:14
Class     Images  Instances          P          R      mAP50   mAP50-95: 100%|██████████| 8/8 00:10
all       1000        641      0.831      0.437      0.482      0.268
Epoch    GPU_mem   box_loss   obj_loss   cls_loss  Instances       Size
87/99      13.9G    0.02306   0.006339   0.001103         94        640: 100%|██████████| 44/44 00:11
Class     Images  Instances          P          R      mAP50   mAP50-95: 100%|██████████| 8/8 00:24
all       1000        641      0.562      0.458      0.485      0.268
Epoch    GPU_mem   box_loss   obj_loss   cls_loss  Instances       Size
88/99      13.9G    0.02294   0.006142   0.000843         68        640: 100%|██████████| 44/44 00:11
Class     Images  Instances          P          R      mAP50   mAP50-95: 100%|██████████| 8/8 00:09
all       1000        641      0.568      0.425      0.475      0.266
Epoch    GPU_mem   box_loss   obj_loss   cls_loss  Instances       Size
89/99      13.9G     0.0225   0.006461  0.0008385         88        640: 100%|██████████| 44/44 00:12
Class     Images  Instances          P          R      mAP50   mAP50-95: 100%|██████████| 8/8 00:12
all       1000        641      0.534      0.454      0.493      0.275
Epoch    GPU_mem   box_loss   obj_loss   cls_loss  Instances       Size
90/99      13.9G    0.02234   0.006093  0.0006904         84        640: 100%|██████████| 44/44 00:19
Class     Images  Instances          P          R      mAP50   mAP50-95: 100%|██████████| 8/8 00:50
all       1000        641      0.558      0.451      0.491      0.278
Epoch    GPU_mem   box_loss   obj_loss   cls_loss  Instances       Size
91/99      13.9G    0.02222   0.006052  0.0009105         86        640: 100%|██████████| 44/44 00:19
Class     Images  Instances          P          R      mAP50   mAP50-95: 100%|██████████| 8/8 00:20
all       1000        641      0.575       0.44      0.483      0.273
Epoch    GPU_mem   box_loss   obj_loss   cls_loss  Instances       Size
92/99      13.9G    0.02246   0.006157  0.0006944         77        640: 100%|██████████| 44/44 00:15
Class     Images  Instances          P          R      mAP50   mAP50-95: 100%|██████████| 8/8 00:19
all       1000        641      0.807      0.439      0.482      0.274
Epoch    GPU_mem   box_loss   obj_loss   cls_loss  Instances       Size
93/99      13.9G    0.02203   0.006061  0.0009511         72        640: 100%|██████████| 44/44 00:14
Class     Images  Instances          P          R      mAP50   mAP50-95: 100%|██████████| 8/8 00:19
all       1000        641      0.572      0.434      0.478      0.273
Epoch    GPU_mem   box_loss   obj_loss   cls_loss  Instances       Size
94/99      13.9G    0.02199   0.005979  0.0009819         91        640: 100%|██████████| 44/44 00:13
Class     Images  Instances          P          R      mAP50   mAP50-95: 100%|██████████| 8/8 00:10
all       1000        641      0.579       0.43      0.479       0.27
Epoch    GPU_mem   box_loss   obj_loss   cls_loss  Instances       Size
95/99      13.9G    0.02153   0.005855  0.0008543         77        640: 100%|██████████| 44/44 00:17
Class     Images  Instances          P          R      mAP50   mAP50-95: 100%|██████████| 8/8 00:17
all       1000        641      0.587      0.435      0.481      0.275
Epoch    GPU_mem   box_loss   obj_loss   cls_loss  Instances       Size
96/99      13.9G    0.02135   0.005865  0.0008114         86        640: 100%|██████████| 44/44 00:12
Class     Images  Instances          P          R      mAP50   mAP50-95: 100%|██████████| 8/8 00:09
all       1000        641      0.574      0.447      0.481      0.274
Epoch    GPU_mem   box_loss   obj_loss   cls_loss  Instances       Size
97/99      13.9G    0.02127   0.005937  0.0008059         96        640: 100%|██████████| 44/44 00:11
Class     Images  Instances          P          R      mAP50   mAP50-95: 100%|██████████| 8/8 00:20
all       1000        641      0.575      0.432      0.479      0.277
Epoch    GPU_mem   box_loss   obj_loss   cls_loss  Instances       Size
98/99      13.9G    0.02117    0.00571  0.0007052         79        640: 100%|██████████| 44/44 00:11
Class     Images  Instances          P          R      mAP50   mAP50-95: 100%|██████████| 8/8 00:10
all       1000        641      0.557       0.44      0.474      0.272
Epoch    GPU_mem   box_loss   obj_loss   cls_loss  Instances       Size
99/99      13.9G    0.02131   0.005848  0.0008019         95        640: 100%|██████████| 44/44 00:12
Class     Images  Instances          P          R      mAP50   mAP50-95: 100%|██████████| 8/8 00:09
all       1000        641      0.573      0.438      0.475      0.273
100 epochs completed in 0.589 hours.
Optimizer stripped from /home/lijinhe/work/YOLO_Retraining/runs/studies/balance_learning_curve_2batch_dedup_contrast/sequences/Balance_LC2B_ordered_dedup_tau099__seq-full-cold__stage0-stage7__yolov5s__s42/tasks/002__stage2__full-cold/backend/yolov5/train/weights/last.pt, 14.4MB
Optimizer stripped from /home/lijinhe/work/YOLO_Retraining/runs/studies/balance_learning_curve_2batch_dedup_contrast/sequences/Balance_LC2B_ordered_dedup_tau099__seq-full-cold__stage0-stage7__yolov5s__s42/tasks/002__stage2__full-cold/backend/yolov5/train/weights/best.pt, 14.4MB
Validating /home/lijinhe/work/YOLO_Retraining/runs/studies/balance_learning_curve_2batch_dedup_contrast/sequences/Balance_LC2B_ordered_dedup_tau099__seq-full-cold__stage0-stage7__yolov5s__s42/tasks/002__stage2__full-cold/backend/yolov5/train/weights/best.pt...
Fusing layers...
Model summary: 157 layers, 7020913 parameters, 0 gradients, 15.8 GFLOPs
Class     Images  Instances          P          R      mAP50   mAP50-95: 100%|██████████| 8/8 00:09
all       1000        641      0.864      0.422      0.494      0.274
large luggage       1000        410      0.719      0.434      0.526      0.256
stroller       1000        169      0.809      0.592      0.672      0.348
wheelchair       1000         53      0.927       0.66       0.72      0.459
flatbed truck       1000          9          1          0     0.0569      0.032
Results saved to /home/lijinhe/work/YOLO_Retraining/runs/studies/balance_learning_curve_2batch_dedup_contrast/sequences/Balance_LC2B_ordered_dedup_tau099__seq-full-cold__stage0-stage7__yolov5s__s42/tasks/002__stage2__full-cold/backend/yolov5/train
terminate called without an active exception
Exception ignored in: <function _MultiProcessingDataLoaderIter.__del__ at 0x7f492ed76830>
Traceback (most recent call last):
File "/home/lijinhe/miniforge3/envs/yolo-retraining-v5/lib/python3.10/site-packages/torch/utils/data/dataloader.py", line 1479, in __del__
self._shutdown_workers()
File "/home/lijinhe/miniforge3/envs/yolo-retraining-v5/lib/python3.10/site-packages/torch/utils/data/dataloader.py", line 1443, in _shutdown_workers
w.join(timeout=_utils.MP_STATUS_CHECK_INTERVAL)
File "/home/lijinhe/miniforge3/envs/yolo-retraining-v5/lib/python3.10/multiprocessing/process.py", line 149, in join
res = self._popen.wait(timeout)
File "/home/lijinhe/miniforge3/envs/yolo-retraining-v5/lib/python3.10/multiprocessing/popen_fork.py", line 40, in wait
if not wait([self.sentinel], timeout):
File "/home/lijinhe/miniforge3/envs/yolo-retraining-v5/lib/python3.10/multiprocessing/connection.py", line 931, in wait
ready = selector.select(timeout)
File "/home/lijinhe/miniforge3/envs/yolo-retraining-v5/lib/python3.10/selectors.py", line 416, in select
fd_event_list = self._selector.poll(timeout)
File "/home/lijinhe/miniforge3/envs/yolo-retraining-v5/lib/python3.10/site-packages/torch/utils/data/_utils/signal_handling.py", line 66, in handler
_error_if_any_worker_fails()
RuntimeError: DataLoader worker (pid 2794221) is killed by signal: Aborted.
[YOLOv5] compacted progress updates: 10119 -> 203 lines
[YOLOv5] coalesced warning: incomplete JPEG accepted read-only; count=3741; by_source=train=2743, val=998
[YOLOv5] warning example: train: WARNING ⚠️ /home/lijinhe/work/YOLO_Retraining/data/self_improving/images/0720_1/00001_1780987846311329_0.jpg: incomplete JPEG accepted read-only
[YOLOv5] warning example: train: WARNING ⚠️ /home/lijinhe/work/YOLO_Retraining/data/self_improving/images/0720_1/00003_1780987872391333_0.jpg: incomplete JPEG accepted read-only
[YOLOv5] warning example: train: WARNING ⚠️ /home/lijinhe/work/YOLO_Retraining/data/self_improving/images/0720_1/00004_1780987883582335_0.jpg: incomplete JPEG accepted read-only
