train: weights=/home/lijinhe/work/YOLO_Retraining/.third_party/yolov5/yolov5s.pt, cfg=, data=/home/lijinhe/work/YOLO_Retraining/runs/studies/balance_learning_curve_2batch/sequences/Balance_Learning_Curve_random_s43__seq-full-cold__stage0-stage7__yolov5s__s42/tasks/003__stage3__full-cold/data/backend_data.yaml, hyp=data/hyps/hyp.scratch-low.yaml, epochs=100, batch_size=64, imgsz=640, rect=False, resume=False, nosave=False, noval=False, noautoanchor=False, noplots=True, evolve=None, bucket=, cache=None, image_weights=False, device=0, multi_scale=False, single_cls=False, optimizer=SGD, sync_bn=False, workers=16, project=/home/lijinhe/work/YOLO_Retraining/runs/studies/balance_learning_curve_2batch/sequences/Balance_Learning_Curve_random_s43__seq-full-cold__stage0-stage7__yolov5s__s42/tasks/003__stage3__full-cold/backend/yolov5, name=train, exist_ok=True, quad=False, cos_lr=False, label_smoothing=0.0, patience=100, freeze=[0], save_period=-1, seed=45, local_rank=-1, entity=None, upload_dataset=False, bbox_interval=-1, artifact_alias=latest
github: skipping check (offline), for updates see https://github.com/ultralytics/yolov5
YOLOv5 🚀 v7.0-0-g915bbf29 Python-3.10.20 torch-2.2.2+cu121 CUDA:0 (NVIDIA H100 PCIe, 81090MiB)
hyperparameters: lr0=0.01, lrf=0.01, momentum=0.937, weight_decay=0.0005, warmup_epochs=3.0, warmup_momentum=0.8, warmup_bias_lr=0.1, box=0.05, cls=0.5, cls_pw=1.0, obj=1.0, obj_pw=1.0, iou_t=0.2, anchor_t=4.0, fl_gamma=0.0, hsv_h=0.015, hsv_s=0.7, hsv_v=0.4, degrees=0.0, translate=0.1, scale=0.5, shear=0.0, perspective=0.0, flipud=0.0, fliplr=0.5, mosaic=1.0, mixup=0.0, copy_paste=0.0
ClearML: run 'pip install clearml' to automatically track, visualize and remotely train YOLOv5 🚀 in ClearML
Comet: run 'pip install comet_ml' to automatically track and visualize YOLOv5 🚀 runs in Comet
TensorBoard: Start with 'tensorboard --logdir /home/lijinhe/work/YOLO_Retraining/runs/studies/balance_learning_curve_2batch/sequences/Balance_Learning_Curve_random_s43__seq-full-cold__stage0-stage7__yolov5s__s42/tasks/003__stage3__full-cold/backend/yolov5', view at http://localhost:6006/
Overriding model.yaml nc=80 with nc=4
from  n    params  module                                  arguments
0                -1  1      3520  models.common.Conv                      [3, 32, 6, 2, 2]
1                -1  1     18560  models.common.Conv                      [32, 64, 3, 2]
2                -1  1     18816  models.common.C3                        [64, 64, 1]
3                -1  1     73984  models.common.Conv                      [64, 128, 3, 2]
4                -1  2    115712  models.common.C3                        [128, 128, 2]
5                -1  1    295424  models.common.Conv                      [128, 256, 3, 2]
6                -1  3    625152  models.common.C3                        [256, 256, 3]
7                -1  1   1180672  models.common.Conv                      [256, 512, 3, 2]
8                -1  1   1182720  models.common.C3                        [512, 512, 1]
9                -1  1    656896  models.common.SPPF                      [512, 512, 5]
10                -1  1    131584  models.common.Conv                      [512, 256, 1, 1]
11                -1  1         0  torch.nn.modules.upsampling.Upsample    [None, 2, 'nearest']
12           [-1, 6]  1         0  models.common.Concat                    [1]
13                -1  1    361984  models.common.C3                        [512, 256, 1, False]
14                -1  1     33024  models.common.Conv                      [256, 128, 1, 1]
15                -1  1         0  torch.nn.modules.upsampling.Upsample    [None, 2, 'nearest']
16           [-1, 4]  1         0  models.common.Concat                    [1]
17                -1  1     90880  models.common.C3                        [256, 128, 1, False]
18                -1  1    147712  models.common.Conv                      [128, 128, 3, 2]
19          [-1, 14]  1         0  models.common.Concat                    [1]
20                -1  1    296448  models.common.C3                        [256, 256, 1, False]
21                -1  1    590336  models.common.Conv                      [256, 256, 3, 2]
22          [-1, 10]  1         0  models.common.Concat                    [1]
23                -1  1   1182720  models.common.C3                        [512, 512, 1, False]
24      [17, 20, 23]  1     24273  models.yolo.Detect                      [4, [[10, 13, 16, 30, 33, 23], [30, 61, 62, 45, 59, 119], [116, 90, 156, 198, 373, 326]], [128, 256, 512]]
Model summary: 214 layers, 7030417 parameters, 7030417 gradients, 16.0 GFLOPs
Transferred 343/349 items from /home/lijinhe/work/YOLO_Retraining/.third_party/yolov5/yolov5s.pt
AMP: checks passed ✅
optimizer: SGD(lr=0.01) with parameter groups 57 weight(decay=0.0), 60 weight(decay=0.0005), 60 bias
train: Scanning /home/lijinhe/work/YOLO_Retraining/runs/studies/balance_learning_curve_2batch/sequences/Balance_Learning_Curve_random_s43__seq-full-cold__stage0-stage7__yolov5s__s42/tasks/003__stage3__full-cold/data/backend_train_images... 3998 images, 2427 backgrounds, 0 corrupt: 100%|██████████| 3998/3998 00:14
train: WARNING ⚠️ /home/lijinhe/work/YOLO_Retraining/data/self_improving/images/0720_11/05168_1784523505059766_0.jpg: 2 duplicate labels removed
train: New cache created: /home/lijinhe/work/YOLO_Retraining/runs/studies/balance_learning_curve_2batch/sequences/Balance_Learning_Curve_random_s43__seq-full-cold__stage0-stage7__yolov5s__s42/tasks/003__stage3__full-cold/data/backend_train_images.cache
val: Scanning /home/lijinhe/work/YOLO_Retraining/runs/studies/balance_learning_curve_2batch/sequences/Balance_Learning_Curve_random_s43__seq-full-cold__stage0-stage7__yolov5s__s42/tasks/003__stage3__full-cold/data/backend_validation_images... 1000 images, 499 backgrounds, 0 corrupt: 100%|██████████| 1000/1000 00:06
val: New cache created: /home/lijinhe/work/YOLO_Retraining/runs/studies/balance_learning_curve_2batch/sequences/Balance_Learning_Curve_random_s43__seq-full-cold__stage0-stage7__yolov5s__s42/tasks/003__stage3__full-cold/data/backend_validation_images.cache
AutoAnchor: 5.52 anchors/target, 1.000 Best Possible Recall (BPR). Current anchors are a good fit to dataset ✅
Image sizes 640 train, 640 val
Using 16 dataloader workers
Logging results to /home/lijinhe/work/YOLO_Retraining/runs/studies/balance_learning_curve_2batch/sequences/Balance_Learning_Curve_random_s43__seq-full-cold__stage0-stage7__yolov5s__s42/tasks/003__stage3__full-cold/backend/yolov5/train
Starting training for 100 epochs...
Epoch    GPU_mem   box_loss   obj_loss   cls_loss  Instances       Size
0/99      13.9G    0.09809    0.01826    0.03013         15        640: 100%|██████████| 63/63 00:18
Class     Images  Instances          P          R      mAP50   mAP50-95: 100%|██████████| 8/8 00:03
all       1000        641   0.000974      0.218     0.0052    0.00174
Epoch    GPU_mem   box_loss   obj_loss   cls_loss  Instances       Size
1/99      13.9G    0.06927     0.0124     0.0146         39        640: 100%|██████████| 63/63 00:20
Class     Images  Instances          P          R      mAP50   mAP50-95: 100%|██████████| 8/8 00:03
all       1000        641      0.828     0.0415      0.107     0.0387
Epoch    GPU_mem   box_loss   obj_loss   cls_loss  Instances       Size
2/99      13.9G    0.06298    0.01012    0.01155         25        640: 100%|██████████| 63/63 00:19
Class     Images  Instances          P          R      mAP50   mAP50-95: 100%|██████████| 8/8 00:03
all       1000        641      0.653     0.0935     0.0966     0.0329
Epoch    GPU_mem   box_loss   obj_loss   cls_loss  Instances       Size
3/99      13.9G    0.06117   0.009329    0.01062         26        640: 100%|██████████| 63/63 00:17
Class     Images  Instances          P          R      mAP50   mAP50-95: 100%|██████████| 8/8 00:02
all       1000        641      0.605     0.0524     0.0345     0.0109
Epoch    GPU_mem   box_loss   obj_loss   cls_loss  Instances       Size
4/99      13.9G    0.05891   0.008647    0.00951         25        640: 100%|██████████| 63/63 00:19
Class     Images  Instances          P          R      mAP50   mAP50-95: 100%|██████████| 8/8 00:02
all       1000        641      0.641      0.121      0.117     0.0442
Epoch    GPU_mem   box_loss   obj_loss   cls_loss  Instances       Size
5/99      13.9G    0.05609   0.008233   0.008955         27        640: 100%|██████████| 63/63 00:18
Class     Images  Instances          P          R      mAP50   mAP50-95: 100%|██████████| 8/8 00:02
all       1000        641      0.618     0.0673     0.0576     0.0206
Epoch    GPU_mem   box_loss   obj_loss   cls_loss  Instances       Size
6/99      13.9G    0.05434    0.00818   0.008254         34        640: 100%|██████████| 63/63 00:18
Class     Images  Instances          P          R      mAP50   mAP50-95: 100%|██████████| 8/8 00:02
all       1000        641      0.666       0.15      0.136     0.0511
Epoch    GPU_mem   box_loss   obj_loss   cls_loss  Instances       Size
7/99      13.9G    0.05243   0.007642   0.007318         24        640: 100%|██████████| 63/63 00:17
Class     Images  Instances          P          R      mAP50   mAP50-95: 100%|██████████| 8/8 00:02
all       1000        641      0.713      0.146      0.158     0.0554
Epoch    GPU_mem   box_loss   obj_loss   cls_loss  Instances       Size
8/99      13.9G    0.05162   0.007987   0.007818         26        640: 100%|██████████| 63/63 00:19
Class     Images  Instances          P          R      mAP50   mAP50-95: 100%|██████████| 8/8 00:02
all       1000        641      0.654      0.131      0.122     0.0454
Epoch    GPU_mem   box_loss   obj_loss   cls_loss  Instances       Size
9/99      13.9G     0.0505   0.007605   0.006801         22        640: 100%|██████████| 63/63 00:16
Class     Images  Instances          P          R      mAP50   mAP50-95: 100%|██████████| 8/8 00:03
all       1000        641      0.718      0.168       0.19     0.0705
Epoch    GPU_mem   box_loss   obj_loss   cls_loss  Instances       Size
10/99      13.9G    0.04852   0.007421   0.006639         38        640: 100%|██████████| 63/63 00:20
Class     Images  Instances          P          R      mAP50   mAP50-95: 100%|██████████| 8/8 00:02
all       1000        641       0.74      0.131      0.146     0.0579
Epoch    GPU_mem   box_loss   obj_loss   cls_loss  Instances       Size
11/99      13.9G     0.0463   0.007488   0.006136         27        640: 100%|██████████| 63/63 00:19
Class     Images  Instances          P          R      mAP50   mAP50-95: 100%|██████████| 8/8 00:02
all       1000        641      0.685      0.141       0.15     0.0572
Epoch    GPU_mem   box_loss   obj_loss   cls_loss  Instances       Size
12/99      13.9G    0.04636   0.007061   0.006413         35        640: 100%|██████████| 63/63 00:15
Class     Images  Instances          P          R      mAP50   mAP50-95: 100%|██████████| 8/8 00:02
all       1000        641      0.431        0.2      0.191     0.0785
Epoch    GPU_mem   box_loss   obj_loss   cls_loss  Instances       Size
13/99      13.9G    0.04465   0.006814   0.005865         33        640: 100%|██████████| 63/63 00:20
Class     Images  Instances          P          R      mAP50   mAP50-95: 100%|██████████| 8/8 00:02
all       1000        641      0.695      0.169      0.168     0.0666
Epoch    GPU_mem   box_loss   obj_loss   cls_loss  Instances       Size
14/99      13.9G    0.04411   0.006854   0.006196         33        640: 100%|██████████| 63/63 00:18
Class     Images  Instances          P          R      mAP50   mAP50-95: 100%|██████████| 8/8 00:02
all       1000        641      0.426      0.188      0.162     0.0663
Epoch    GPU_mem   box_loss   obj_loss   cls_loss  Instances       Size
15/99      13.9G    0.04467   0.006799   0.005321         34        640: 100%|██████████| 63/63 00:15
Class     Images  Instances          P          R      mAP50   mAP50-95: 100%|██████████| 8/8 00:02
all       1000        641      0.778      0.172      0.222       0.09
Epoch    GPU_mem   box_loss   obj_loss   cls_loss  Instances       Size
16/99      13.9G    0.04327    0.00666   0.004878         35        640: 100%|██████████| 63/63 00:19
Class     Images  Instances          P          R      mAP50   mAP50-95: 100%|██████████| 8/8 00:02
all       1000        641      0.479      0.211      0.183     0.0599
Epoch    GPU_mem   box_loss   obj_loss   cls_loss  Instances       Size
17/99      13.9G    0.04224   0.006476   0.004871         33        640: 100%|██████████| 63/63 00:16
Class     Images  Instances          P          R      mAP50   mAP50-95: 100%|██████████| 8/8 00:02
all       1000        641      0.763      0.196      0.252      0.108
Epoch    GPU_mem   box_loss   obj_loss   cls_loss  Instances       Size
18/99      13.9G     0.0422   0.006517   0.004323         28        640: 100%|██████████| 63/63 00:19
Class     Images  Instances          P          R      mAP50   mAP50-95: 100%|██████████| 8/8 00:02
all       1000        641      0.701       0.13       0.12      0.047
Epoch    GPU_mem   box_loss   obj_loss   cls_loss  Instances       Size
19/99      13.9G    0.04096   0.006441   0.004098         30        640: 100%|██████████| 63/63 00:18
Class     Images  Instances          P          R      mAP50   mAP50-95: 100%|██████████| 8/8 00:02
all       1000        641       0.53      0.261       0.21     0.0871
Epoch    GPU_mem   box_loss   obj_loss   cls_loss  Instances       Size
20/99      13.9G      0.041   0.006486   0.004854         34        640: 100%|██████████| 63/63 00:18
Class     Images  Instances          P          R      mAP50   mAP50-95: 100%|██████████| 8/8 00:02
all       1000        641      0.475      0.273      0.246      0.101
Epoch    GPU_mem   box_loss   obj_loss   cls_loss  Instances       Size
21/99      13.9G    0.04115   0.006283   0.004155         29        640: 100%|██████████| 63/63 00:20
Class     Images  Instances          P          R      mAP50   mAP50-95: 100%|██████████| 8/8 00:02
all       1000        641      0.569      0.254      0.271      0.105
Epoch    GPU_mem   box_loss   obj_loss   cls_loss  Instances       Size
22/99      13.9G    0.03974   0.006241   0.003768         29        640: 100%|██████████| 63/63 00:15
Class     Images  Instances          P          R      mAP50   mAP50-95: 100%|██████████| 8/8 00:02
all       1000        641       0.61      0.264      0.262      0.102
Epoch    GPU_mem   box_loss   obj_loss   cls_loss  Instances       Size
23/99      13.9G    0.03933    0.00613   0.004135         28        640: 100%|██████████| 63/63 00:20
Class     Images  Instances          P          R      mAP50   mAP50-95: 100%|██████████| 8/8 00:02
all       1000        641      0.631      0.287      0.287       0.11
Epoch    GPU_mem   box_loss   obj_loss   cls_loss  Instances       Size
24/99      13.9G      0.039   0.006057   0.003339         30        640: 100%|██████████| 63/63 00:18
Class     Images  Instances          P          R      mAP50   mAP50-95: 100%|██████████| 8/8 00:02
all       1000        641      0.586      0.285       0.27      0.113
Epoch    GPU_mem   box_loss   obj_loss   cls_loss  Instances       Size
25/99      13.9G    0.03805   0.006143    0.00335         36        640: 100%|██████████| 63/63 00:18
Class     Images  Instances          P          R      mAP50   mAP50-95: 100%|██████████| 8/8 00:02
all       1000        641      0.617      0.264       0.26      0.111
Epoch    GPU_mem   box_loss   obj_loss   cls_loss  Instances       Size
26/99      13.9G    0.03815   0.005822   0.003222         36        640: 100%|██████████| 63/63 00:20
Class     Images  Instances          P          R      mAP50   mAP50-95: 100%|██████████| 8/8 00:02
all       1000        641      0.606      0.261       0.27      0.116
Epoch    GPU_mem   box_loss   obj_loss   cls_loss  Instances       Size
27/99      13.9G    0.03816   0.006109   0.003242         31        640: 100%|██████████| 63/63 00:16
Class     Images  Instances          P          R      mAP50   mAP50-95: 100%|██████████| 8/8 00:02
all       1000        641      0.498      0.201      0.192     0.0804
Epoch    GPU_mem   box_loss   obj_loss   cls_loss  Instances       Size
28/99      13.9G    0.03728   0.005915   0.002981         41        640: 100%|██████████| 63/63 00:18
Class     Images  Instances          P          R      mAP50   mAP50-95: 100%|██████████| 8/8 00:02
all       1000        641      0.623      0.266      0.274      0.111
Epoch    GPU_mem   box_loss   obj_loss   cls_loss  Instances       Size
29/99      13.9G    0.03655    0.00558   0.003048         28        640: 100%|██████████| 63/63 00:21
Class     Images  Instances          P          R      mAP50   mAP50-95: 100%|██████████| 8/8 00:02
all       1000        641      0.695      0.255      0.302      0.131
Epoch    GPU_mem   box_loss   obj_loss   cls_loss  Instances       Size
30/99      13.9G    0.03631   0.005643   0.002529         20        640: 100%|██████████| 63/63 00:18
Class     Images  Instances          P          R      mAP50   mAP50-95: 100%|██████████| 8/8 00:02
all       1000        641      0.701      0.227      0.262      0.106
Epoch    GPU_mem   box_loss   obj_loss   cls_loss  Instances       Size
31/99      13.9G    0.03535   0.005542   0.002531         28        640: 100%|██████████| 63/63 00:17
Class     Images  Instances          P          R      mAP50   mAP50-95: 100%|██████████| 8/8 00:02
all       1000        641      0.674      0.272      0.311      0.144
Epoch    GPU_mem   box_loss   obj_loss   cls_loss  Instances       Size
32/99      13.9G    0.03465    0.00559   0.002339         29        640: 100%|██████████| 63/63 00:15
Class     Images  Instances          P          R      mAP50   mAP50-95: 100%|██████████| 8/8 00:02
all       1000        641      0.714      0.278      0.313      0.135
Epoch    GPU_mem   box_loss   obj_loss   cls_loss  Instances       Size
33/99      13.9G    0.03463   0.005608   0.002506         38        640: 100%|██████████| 63/63 00:20
Class     Images  Instances          P          R      mAP50   mAP50-95: 100%|██████████| 8/8 00:02
all       1000        641      0.609      0.289      0.275       0.11
Epoch    GPU_mem   box_loss   obj_loss   cls_loss  Instances       Size
34/99      13.9G    0.03486   0.005543   0.002227         35        640: 100%|██████████| 63/63 00:16
Class     Images  Instances          P          R      mAP50   mAP50-95: 100%|██████████| 8/8 00:02
all       1000        641      0.694      0.228      0.282      0.124
Epoch    GPU_mem   box_loss   obj_loss   cls_loss  Instances       Size
35/99      13.9G    0.03445   0.005213   0.002402         26        640: 100%|██████████| 63/63 00:20
Class     Images  Instances          P          R      mAP50   mAP50-95: 100%|██████████| 8/8 00:02
all       1000        641        0.6      0.286      0.295      0.139
Epoch    GPU_mem   box_loss   obj_loss   cls_loss  Instances       Size
36/99      13.9G    0.03448   0.005386     0.0025         21        640: 100%|██████████| 63/63 00:20
Class     Images  Instances          P          R      mAP50   mAP50-95: 100%|██████████| 8/8 00:02
all       1000        641      0.609      0.263       0.26      0.105
Epoch    GPU_mem   box_loss   obj_loss   cls_loss  Instances       Size
37/99      13.9G    0.03446   0.005315   0.002336         14        640: 100%|██████████| 63/63 00:20
Class     Images  Instances          P          R      mAP50   mAP50-95: 100%|██████████| 8/8 00:02
all       1000        641      0.686      0.267      0.306      0.131
Epoch    GPU_mem   box_loss   obj_loss   cls_loss  Instances       Size
38/99      13.9G    0.03349   0.005254   0.002061         36        640: 100%|██████████| 63/63 00:15
Class     Images  Instances          P          R      mAP50   mAP50-95: 100%|██████████| 8/8 00:02
all       1000        641      0.727      0.246       0.28      0.125
Epoch    GPU_mem   box_loss   obj_loss   cls_loss  Instances       Size
39/99      13.9G    0.03397   0.005239    0.00203         30        640: 100%|██████████| 63/63 00:21
Class     Images  Instances          P          R      mAP50   mAP50-95: 100%|██████████| 8/8 00:02
all       1000        641      0.624      0.252      0.254      0.105
Epoch    GPU_mem   box_loss   obj_loss   cls_loss  Instances       Size
40/99      13.9G    0.03341   0.005189   0.001997         17        640: 100%|██████████| 63/63 00:20
Class     Images  Instances          P          R      mAP50   mAP50-95: 100%|██████████| 8/8 00:02
all       1000        641      0.739      0.241      0.277      0.122
Epoch    GPU_mem   box_loss   obj_loss   cls_loss  Instances       Size
41/99      13.9G    0.03335   0.005114   0.002193         26        640: 100%|██████████| 63/63 00:15
Class     Images  Instances          P          R      mAP50   mAP50-95: 100%|██████████| 8/8 00:02
all       1000        641      0.736      0.213      0.247       0.11
Epoch    GPU_mem   box_loss   obj_loss   cls_loss  Instances       Size
42/99      13.9G    0.03289   0.005142   0.001596         37        640: 100%|██████████| 63/63 00:20
Class     Images  Instances          P          R      mAP50   mAP50-95: 100%|██████████| 8/8 00:02
all       1000        641      0.699      0.254      0.281       0.11
Epoch    GPU_mem   box_loss   obj_loss   cls_loss  Instances       Size
43/99      13.9G     0.0318   0.005032    0.00189         34        640: 100%|██████████| 63/63 00:20
Class     Images  Instances          P          R      mAP50   mAP50-95: 100%|██████████| 8/8 00:02
all       1000        641      0.667      0.268      0.289      0.116
Epoch    GPU_mem   box_loss   obj_loss   cls_loss  Instances       Size
44/99      13.9G    0.03173   0.005158   0.001709         26        640: 100%|██████████| 63/63 00:16
Class     Images  Instances          P          R      mAP50   mAP50-95: 100%|██████████| 8/8 00:02
all       1000        641      0.586      0.323      0.326      0.133
Epoch    GPU_mem   box_loss   obj_loss   cls_loss  Instances       Size
45/99      13.9G    0.03149   0.004952   0.002081         34        640: 100%|██████████| 63/63 00:19
Class     Images  Instances          P          R      mAP50   mAP50-95: 100%|██████████| 8/8 00:02
all       1000        641      0.686      0.292      0.322      0.135
Epoch    GPU_mem   box_loss   obj_loss   cls_loss  Instances       Size
46/99      13.9G    0.03117   0.004876   0.001474         33        640: 100%|██████████| 63/63 00:21
Class     Images  Instances          P          R      mAP50   mAP50-95: 100%|██████████| 8/8 00:02
all       1000        641      0.664      0.301      0.303      0.124
Epoch    GPU_mem   box_loss   obj_loss   cls_loss  Instances       Size
47/99      13.9G     0.0307   0.004978   0.001401         29        640: 100%|██████████| 63/63 00:20
Class     Images  Instances          P          R      mAP50   mAP50-95: 100%|██████████| 8/8 00:02
all       1000        641      0.676      0.271       0.29      0.121
Epoch    GPU_mem   box_loss   obj_loss   cls_loss  Instances       Size
48/99      13.9G    0.03062   0.004785   0.001217         24        640: 100%|██████████| 63/63 00:16
Class     Images  Instances          P          R      mAP50   mAP50-95: 100%|██████████| 8/8 00:02
all       1000        641       0.62       0.27      0.264      0.123
Epoch    GPU_mem   box_loss   obj_loss   cls_loss  Instances       Size
49/99      13.9G    0.03023   0.004693   0.001463         22        640: 100%|██████████| 63/63 00:21
Class     Images  Instances          P          R      mAP50   mAP50-95: 100%|██████████| 8/8 00:02
all       1000        641       0.69      0.256      0.274      0.114
Epoch    GPU_mem   box_loss   obj_loss   cls_loss  Instances       Size
50/99      13.9G    0.03007   0.004599   0.001395         27        640: 100%|██████████| 63/63 00:17
Class     Images  Instances          P          R      mAP50   mAP50-95: 100%|██████████| 8/8 00:02
all       1000        641      0.692      0.293      0.319      0.135
Epoch    GPU_mem   box_loss   obj_loss   cls_loss  Instances       Size
51/99      13.9G    0.02949    0.00476     0.0013         30        640: 100%|██████████| 63/63 00:19
Class     Images  Instances          P          R      mAP50   mAP50-95: 100%|██████████| 8/8 00:06
all       1000        641      0.612       0.26      0.284      0.123
Epoch    GPU_mem   box_loss   obj_loss   cls_loss  Instances       Size
52/99      13.9G    0.02925   0.004695  0.0009912         33        640: 100%|██████████| 63/63 00:15
Class     Images  Instances          P          R      mAP50   mAP50-95: 100%|██████████| 8/8 00:03
all       1000        641      0.607      0.293      0.295      0.127
Epoch    GPU_mem   box_loss   obj_loss   cls_loss  Instances       Size
53/99      13.9G    0.02928   0.004562   0.001199         29        640: 100%|██████████| 63/63 00:21
Class     Images  Instances          P          R      mAP50   mAP50-95: 100%|██████████| 8/8 00:02
all       1000        641      0.728      0.265      0.299      0.132
Epoch    GPU_mem   box_loss   obj_loss   cls_loss  Instances       Size
54/99      13.9G    0.02976   0.004659   0.001232         43        640: 100%|██████████| 63/63 00:20
Class     Images  Instances          P          R      mAP50   mAP50-95: 100%|██████████| 8/8 00:02
all       1000        641      0.648      0.283      0.285      0.122
Epoch    GPU_mem   box_loss   obj_loss   cls_loss  Instances       Size
55/99      13.9G    0.02861   0.004535   0.001246         32        640: 100%|██████████| 63/63 00:15
Class     Images  Instances          P          R      mAP50   mAP50-95: 100%|██████████| 8/8 00:02
all       1000        641      0.642      0.282      0.292      0.127
Epoch    GPU_mem   box_loss   obj_loss   cls_loss  Instances       Size
56/99      13.9G    0.02905   0.004569   0.001198         38        640: 100%|██████████| 63/63 00:19
Class     Images  Instances          P          R      mAP50   mAP50-95: 100%|██████████| 8/8 00:02
all       1000        641      0.635      0.244      0.269      0.114
Epoch    GPU_mem   box_loss   obj_loss   cls_loss  Instances       Size
57/99      13.9G    0.02845   0.004507   0.001233         34        640: 100%|██████████| 63/63 00:20
Class     Images  Instances          P          R      mAP50   mAP50-95: 100%|██████████| 8/8 00:02
all       1000        641      0.624      0.301      0.296      0.127
Epoch    GPU_mem   box_loss   obj_loss   cls_loss  Instances       Size
58/99      13.9G    0.02832   0.004536   0.001186         22        640: 100%|██████████| 63/63 00:18
Class     Images  Instances          P          R      mAP50   mAP50-95: 100%|██████████| 8/8 00:02
all       1000        641      0.686      0.239      0.279      0.123
Epoch    GPU_mem   box_loss   obj_loss   cls_loss  Instances       Size
59/99      13.9G    0.02829   0.004297   0.000962         31        640: 100%|██████████| 63/63 00:17
Class     Images  Instances          P          R      mAP50   mAP50-95: 100%|██████████| 8/8 00:02
all       1000        641      0.611      0.294      0.302      0.135
Epoch    GPU_mem   box_loss   obj_loss   cls_loss  Instances       Size
60/99      13.9G    0.02767   0.004455   0.001386         35        640: 100%|██████████| 63/63 00:17
Class     Images  Instances          P          R      mAP50   mAP50-95: 100%|██████████| 8/8 00:02
all       1000        641       0.59      0.307      0.282      0.124
Epoch    GPU_mem   box_loss   obj_loss   cls_loss  Instances       Size
61/99      13.9G    0.02741   0.004438   0.001174         24        640: 100%|██████████| 63/63 00:17
Class     Images  Instances          P          R      mAP50   mAP50-95: 100%|██████████| 8/8 00:02
all       1000        641      0.675      0.264      0.283      0.131
Epoch    GPU_mem   box_loss   obj_loss   cls_loss  Instances       Size
62/99      13.9G    0.02734   0.004178   0.001122         26        640: 100%|██████████| 63/63 00:18
Class     Images  Instances          P          R      mAP50   mAP50-95: 100%|██████████| 8/8 00:02
all       1000        641      0.706      0.266        0.3      0.133
Epoch    GPU_mem   box_loss   obj_loss   cls_loss  Instances       Size
63/99      13.9G    0.02711   0.004279   0.001068         34        640: 100%|██████████| 63/63 00:17
Class     Images  Instances          P          R      mAP50   mAP50-95: 100%|██████████| 8/8 00:02
all       1000        641      0.661      0.279      0.284      0.115
Epoch    GPU_mem   box_loss   obj_loss   cls_loss  Instances       Size
64/99      13.9G    0.02655   0.004104   0.001199         19        640: 100%|██████████| 63/63 00:18
Class     Images  Instances          P          R      mAP50   mAP50-95: 100%|██████████| 8/8 00:02
all       1000        641       0.72      0.266      0.295      0.124
Epoch    GPU_mem   box_loss   obj_loss   cls_loss  Instances       Size
65/99      13.9G    0.02642    0.00415  0.0008768         32        640: 100%|██████████| 63/63 00:21
Class     Images  Instances          P          R      mAP50   mAP50-95: 100%|██████████| 8/8 00:02
all       1000        641      0.671      0.283      0.304      0.129
Epoch    GPU_mem   box_loss   obj_loss   cls_loss  Instances       Size
66/99      13.9G    0.02622   0.004262  0.0007456         23        640: 100%|██████████| 63/63 00:19
Class     Images  Instances          P          R      mAP50   mAP50-95: 100%|██████████| 8/8 00:02
all       1000        641      0.631      0.314      0.297      0.125
Epoch    GPU_mem   box_loss   obj_loss   cls_loss  Instances       Size
67/99      13.9G     0.0256   0.003989  0.0007788         19        640: 100%|██████████| 63/63 00:20
Class     Images  Instances          P          R      mAP50   mAP50-95: 100%|██████████| 8/8 00:02
all       1000        641      0.628      0.329      0.318      0.131
Epoch    GPU_mem   box_loss   obj_loss   cls_loss  Instances       Size
68/99      13.9G     0.0257   0.004219  0.0008427         39        640: 100%|██████████| 63/63 00:17
Class     Images  Instances          P          R      mAP50   mAP50-95: 100%|██████████| 8/8 00:02
all       1000        641      0.627      0.285       0.29      0.118
Epoch    GPU_mem   box_loss   obj_loss   cls_loss  Instances       Size
69/99      13.9G    0.02519   0.004059  0.0007914         37        640: 100%|██████████| 63/63 00:20
Class     Images  Instances          P          R      mAP50   mAP50-95: 100%|██████████| 8/8 00:02
all       1000        641      0.658      0.282      0.281      0.113
Epoch    GPU_mem   box_loss   obj_loss   cls_loss  Instances       Size
70/99      13.9G    0.02497   0.003949    0.00069         22        640: 100%|██████████| 63/63 00:16
Class     Images  Instances          P          R      mAP50   mAP50-95: 100%|██████████| 8/8 00:02
all       1000        641      0.697      0.269      0.308      0.131
Epoch    GPU_mem   box_loss   obj_loss   cls_loss  Instances       Size
71/99      13.9G    0.02461   0.004047  0.0006877         24        640: 100%|██████████| 63/63 00:20
Class     Images  Instances          P          R      mAP50   mAP50-95: 100%|██████████| 8/8 00:02
all       1000        641      0.639      0.291        0.3      0.125
Epoch    GPU_mem   box_loss   obj_loss   cls_loss  Instances       Size
72/99      13.9G    0.02475   0.003892  0.0008432         30        640: 100%|██████████| 63/63 00:17
Class     Images  Instances          P          R      mAP50   mAP50-95: 100%|██████████| 8/8 00:02
all       1000        641      0.678       0.31      0.314      0.139
Epoch    GPU_mem   box_loss   obj_loss   cls_loss  Instances       Size
73/99      13.9G    0.02441    0.00384  0.0009143         18        640: 100%|██████████| 63/63 00:18
Class     Images  Instances          P          R      mAP50   mAP50-95: 100%|██████████| 8/8 00:02
all       1000        641      0.657      0.311      0.316      0.136
Epoch    GPU_mem   box_loss   obj_loss   cls_loss  Instances       Size
74/99      13.9G    0.02421   0.003866  0.0006439         30        640: 100%|██████████| 63/63 00:19
Class     Images  Instances          P          R      mAP50   mAP50-95: 100%|██████████| 8/8 00:02
all       1000        641      0.651      0.313      0.321      0.138
Epoch    GPU_mem   box_loss   obj_loss   cls_loss  Instances       Size
75/99      13.9G      0.024   0.003805  0.0007171         29        640: 100%|██████████| 63/63 00:16
Class     Images  Instances          P          R      mAP50   mAP50-95: 100%|██████████| 8/8 00:02
all       1000        641      0.655      0.296      0.299      0.126
Epoch    GPU_mem   box_loss   obj_loss   cls_loss  Instances       Size
76/99      13.9G    0.02398   0.003729  0.0007446         30        640: 100%|██████████| 63/63 00:19
Class     Images  Instances          P          R      mAP50   mAP50-95: 100%|██████████| 8/8 00:02
all       1000        641      0.673      0.285      0.306      0.124
Epoch    GPU_mem   box_loss   obj_loss   cls_loss  Instances       Size
77/99      13.9G    0.02373   0.003741  0.0006289         26        640: 100%|██████████| 63/63 00:15
Class     Images  Instances          P          R      mAP50   mAP50-95: 100%|██████████| 8/8 00:02
all       1000        641      0.655      0.314      0.311      0.131
Epoch    GPU_mem   box_loss   obj_loss   cls_loss  Instances       Size
78/99      13.9G     0.0235   0.003691  0.0006143         37        640: 100%|██████████| 63/63 00:20
Class     Images  Instances          P          R      mAP50   mAP50-95: 100%|██████████| 8/8 00:02
all       1000        641       0.67      0.298      0.306      0.132
Epoch    GPU_mem   box_loss   obj_loss   cls_loss  Instances       Size
79/99      13.9G    0.02288   0.003646   0.000624         28        640: 100%|██████████| 63/63 00:16
Class     Images  Instances          P          R      mAP50   mAP50-95: 100%|██████████| 8/8 00:02
all       1000        641      0.661      0.331      0.317      0.133
Epoch    GPU_mem   box_loss   obj_loss   cls_loss  Instances       Size
80/99      13.9G     0.0227   0.003689  0.0007613         18        640: 100%|██████████| 63/63 00:19
Class     Images  Instances          P          R      mAP50   mAP50-95: 100%|██████████| 8/8 00:02
all       1000        641      0.647       0.31      0.319      0.134
Epoch    GPU_mem   box_loss   obj_loss   cls_loss  Instances       Size
81/99      13.9G    0.02285   0.003682  0.0006534         18        640: 100%|██████████| 63/63 00:17
Class     Images  Instances          P          R      mAP50   mAP50-95: 100%|██████████| 8/8 00:02
all       1000        641      0.668      0.318      0.329      0.142
Epoch    GPU_mem   box_loss   obj_loss   cls_loss  Instances       Size
82/99      13.9G    0.02277   0.003631   0.000642         36        640: 100%|██████████| 63/63 00:18
Class     Images  Instances          P          R      mAP50   mAP50-95: 100%|██████████| 8/8 00:02
all       1000        641      0.677      0.281      0.318      0.134
Epoch    GPU_mem   box_loss   obj_loss   cls_loss  Instances       Size
83/99      13.9G    0.02253   0.003594  0.0005932         23        640: 100%|██████████| 63/63 00:20
Class     Images  Instances          P          R      mAP50   mAP50-95: 100%|██████████| 8/8 00:02
all       1000        641      0.691      0.297      0.312      0.135
Epoch    GPU_mem   box_loss   obj_loss   cls_loss  Instances       Size
84/99      13.9G    0.02231   0.003715  0.0005086         27        640: 100%|██████████| 63/63 00:15
Class     Images  Instances          P          R      mAP50   mAP50-95: 100%|██████████| 8/8 00:02
all       1000        641      0.677      0.304      0.311      0.133
Epoch    GPU_mem   box_loss   obj_loss   cls_loss  Instances       Size
85/99      13.9G    0.02207   0.003658  0.0005532         21        640: 100%|██████████| 63/63 00:20
Class     Images  Instances          P          R      mAP50   mAP50-95: 100%|██████████| 8/8 00:01
all       1000        641      0.657      0.317      0.311      0.134
Epoch    GPU_mem   box_loss   obj_loss   cls_loss  Instances       Size
86/99      13.9G    0.02167   0.003614  0.0006688         40        640: 100%|██████████| 63/63 00:16
Class     Images  Instances          P          R      mAP50   mAP50-95: 100%|██████████| 8/8 00:02
all       1000        641      0.678      0.318      0.312       0.14
Epoch    GPU_mem   box_loss   obj_loss   cls_loss  Instances       Size
87/99      13.9G    0.02141   0.003514  0.0006038         33        640: 100%|██████████| 63/63 00:19
Class     Images  Instances          P          R      mAP50   mAP50-95: 100%|██████████| 8/8 00:02
all       1000        641      0.701      0.302      0.321      0.133
Epoch    GPU_mem   box_loss   obj_loss   cls_loss  Instances       Size
88/99      13.9G    0.02145   0.003511  0.0004603         25        640: 100%|██████████| 63/63 00:20
Class     Images  Instances          P          R      mAP50   mAP50-95: 100%|██████████| 8/8 00:02
all       1000        641      0.674      0.287      0.311      0.132
Epoch    GPU_mem   box_loss   obj_loss   cls_loss  Instances       Size
89/99      13.9G    0.02126   0.003545  0.0005385         36        640: 100%|██████████| 63/63 00:17
Class     Images  Instances          P          R      mAP50   mAP50-95: 100%|██████████| 8/8 00:02
all       1000        641      0.659      0.313      0.314      0.132
Epoch    GPU_mem   box_loss   obj_loss   cls_loss  Instances       Size
90/99      13.9G    0.02109   0.003504  0.0004429         29        640: 100%|██████████| 63/63 00:18
Class     Images  Instances          P          R      mAP50   mAP50-95: 100%|██████████| 8/8 00:02
all       1000        641      0.699      0.277       0.31      0.135
Epoch    GPU_mem   box_loss   obj_loss   cls_loss  Instances       Size
91/99      13.9G    0.02104   0.003366  0.0003855         28        640: 100%|██████████| 63/63 00:17
Class     Images  Instances          P          R      mAP50   mAP50-95: 100%|██████████| 8/8 00:02
all       1000        641      0.719      0.271      0.307      0.132
Epoch    GPU_mem   box_loss   obj_loss   cls_loss  Instances       Size
92/99      13.9G    0.02046    0.00348  0.0005028         34        640: 100%|██████████| 63/63 00:19
Class     Images  Instances          P          R      mAP50   mAP50-95: 100%|██████████| 8/8 00:02
all       1000        641      0.653      0.315      0.317      0.133
Epoch    GPU_mem   box_loss   obj_loss   cls_loss  Instances       Size
93/99      13.9G    0.02022   0.003336  0.0004318         40        640: 100%|██████████| 63/63 00:16
Class     Images  Instances          P          R      mAP50   mAP50-95: 100%|██████████| 8/8 00:05
all       1000        641      0.643      0.328      0.321      0.136
Epoch    GPU_mem   box_loss   obj_loss   cls_loss  Instances       Size
94/99      13.9G    0.02048   0.003294   0.000397         28        640: 100%|██████████| 63/63 00:15
Class     Images  Instances          P          R      mAP50   mAP50-95: 100%|██████████| 8/8 00:02
all       1000        641      0.639      0.323      0.313      0.134
Epoch    GPU_mem   box_loss   obj_loss   cls_loss  Instances       Size
95/99      13.9G    0.01972   0.003446  0.0003264         26        640: 100%|██████████| 63/63 00:21
Class     Images  Instances          P          R      mAP50   mAP50-95: 100%|██████████| 8/8 00:02
all       1000        641      0.662      0.302      0.314      0.138
Epoch    GPU_mem   box_loss   obj_loss   cls_loss  Instances       Size
96/99      13.9G    0.01996   0.003427  0.0005269         29        640: 100%|██████████| 63/63 00:15
Class     Images  Instances          P          R      mAP50   mAP50-95: 100%|██████████| 8/8 00:03
all       1000        641      0.647      0.318      0.319      0.138
Epoch    GPU_mem   box_loss   obj_loss   cls_loss  Instances       Size
97/99      13.9G    0.01972   0.003361  0.0003814         28        640: 100%|██████████| 63/63 00:21
Class     Images  Instances          P          R      mAP50   mAP50-95: 100%|██████████| 8/8 00:02
all       1000        641      0.684      0.307      0.322       0.14
Epoch    GPU_mem   box_loss   obj_loss   cls_loss  Instances       Size
98/99      13.9G    0.01964   0.003454   0.000378         29        640: 100%|██████████| 63/63 00:21
Class     Images  Instances          P          R      mAP50   mAP50-95: 100%|██████████| 8/8 00:02
all       1000        641      0.672      0.317      0.319      0.139
Epoch    GPU_mem   box_loss   obj_loss   cls_loss  Instances       Size
99/99      13.9G    0.01974   0.003294  0.0004757         26        640: 100%|██████████| 63/63 00:15
Class     Images  Instances          P          R      mAP50   mAP50-95: 100%|██████████| 8/8 00:02
all       1000        641      0.663      0.324      0.312      0.136
100 epochs completed in 0.609 hours.
Optimizer stripped from /home/lijinhe/work/YOLO_Retraining/runs/studies/balance_learning_curve_2batch/sequences/Balance_Learning_Curve_random_s43__seq-full-cold__stage0-stage7__yolov5s__s42/tasks/003__stage3__full-cold/backend/yolov5/train/weights/last.pt, 14.4MB
Optimizer stripped from /home/lijinhe/work/YOLO_Retraining/runs/studies/balance_learning_curve_2batch/sequences/Balance_Learning_Curve_random_s43__seq-full-cold__stage0-stage7__yolov5s__s42/tasks/003__stage3__full-cold/backend/yolov5/train/weights/best.pt, 14.4MB
Validating /home/lijinhe/work/YOLO_Retraining/runs/studies/balance_learning_curve_2batch/sequences/Balance_Learning_Curve_random_s43__seq-full-cold__stage0-stage7__yolov5s__s42/tasks/003__stage3__full-cold/backend/yolov5/train/weights/best.pt...
Fusing layers...
Model summary: 157 layers, 7020913 parameters, 0 gradients, 15.8 GFLOPs
Class     Images  Instances          P          R      mAP50   mAP50-95: 100%|██████████| 8/8 00:02
all       1000        641      0.667      0.318       0.33      0.142
large luggage       1000        410      0.476      0.444       0.44      0.208
stroller       1000        169      0.579      0.527       0.51      0.212
wheelchair       1000         53      0.614      0.301      0.367      0.148
flatbed truck       1000          9          1          0    0.00263    0.00105
Results saved to /home/lijinhe/work/YOLO_Retraining/runs/studies/balance_learning_curve_2batch/sequences/Balance_Learning_Curve_random_s43__seq-full-cold__stage0-stage7__yolov5s__s42/tasks/003__stage3__full-cold/backend/yolov5/train
terminate called without an active exception
Exception ignored in: <function _MultiProcessingDataLoaderIter.__del__ at 0x7f2067872830>
Traceback (most recent call last):
File "/home/lijinhe/miniforge3/envs/yolo-retraining-v5/lib/python3.10/site-packages/torch/utils/data/dataloader.py", line 1479, in __del__
self._shutdown_workers()
File "/home/lijinhe/miniforge3/envs/yolo-retraining-v5/lib/python3.10/site-packages/torch/utils/data/dataloader.py", line 1443, in _shutdown_workers
w.join(timeout=_utils.MP_STATUS_CHECK_INTERVAL)
File "/home/lijinhe/miniforge3/envs/yolo-retraining-v5/lib/python3.10/multiprocessing/process.py", line 149, in join
res = self._popen.wait(timeout)
File "/home/lijinhe/miniforge3/envs/yolo-retraining-v5/lib/python3.10/multiprocessing/popen_fork.py", line 40, in wait
if not wait([self.sentinel], timeout):
File "/home/lijinhe/miniforge3/envs/yolo-retraining-v5/lib/python3.10/multiprocessing/connection.py", line 931, in wait
ready = selector.select(timeout)
File "/home/lijinhe/miniforge3/envs/yolo-retraining-v5/lib/python3.10/selectors.py", line 416, in select
fd_event_list = self._selector.poll(timeout)
File "/home/lijinhe/miniforge3/envs/yolo-retraining-v5/lib/python3.10/site-packages/torch/utils/data/_utils/signal_handling.py", line 66, in handler
_error_if_any_worker_fails()
RuntimeError: DataLoader worker (pid 4057690) is killed by signal: Aborted.
terminate called without an active exception
Exception ignored in: <function _MultiProcessingDataLoaderIter.__del__ at 0x7f2067872830>
Traceback (most recent call last):
File "/home/lijinhe/miniforge3/envs/yolo-retraining-v5/lib/python3.10/site-packages/torch/utils/data/dataloader.py", line 1479, in __del__
self._shutdown_workers()
File "/home/lijinhe/miniforge3/envs/yolo-retraining-v5/lib/python3.10/site-packages/torch/utils/data/dataloader.py", line 1443, in _shutdown_workers
w.join(timeout=_utils.MP_STATUS_CHECK_INTERVAL)
File "/home/lijinhe/miniforge3/envs/yolo-retraining-v5/lib/python3.10/multiprocessing/process.py", line 149, in join
res = self._popen.wait(timeout)
File "/home/lijinhe/miniforge3/envs/yolo-retraining-v5/lib/python3.10/multiprocessing/popen_fork.py", line 40, in wait
if not wait([self.sentinel], timeout):
File "/home/lijinhe/miniforge3/envs/yolo-retraining-v5/lib/python3.10/multiprocessing/connection.py", line 931, in wait
ready = selector.select(timeout)
File "/home/lijinhe/miniforge3/envs/yolo-retraining-v5/lib/python3.10/selectors.py", line 416, in select
fd_event_list = self._selector.poll(timeout)
File "/home/lijinhe/miniforge3/envs/yolo-retraining-v5/lib/python3.10/site-packages/torch/utils/data/_utils/signal_handling.py", line 66, in handler
_error_if_any_worker_fails()
RuntimeError: DataLoader worker (pid 4060062) is killed by signal: Aborted.
[YOLOv5] compacted progress updates: 13948 -> 203 lines
[YOLOv5] coalesced warning: incomplete JPEG accepted read-only; count=4919; by_source=train=3921, val=998
[YOLOv5] warning example: train: WARNING ⚠️ /home/lijinhe/work/YOLO_Retraining/data/self_improving/images/0720_1/00001_1780987846311329_0.jpg: incomplete JPEG accepted read-only
[YOLOv5] warning example: train: WARNING ⚠️ /home/lijinhe/work/YOLO_Retraining/data/self_improving/images/0720_1/00002_1780987856406331_0.jpg: incomplete JPEG accepted read-only
[YOLOv5] warning example: train: WARNING ⚠️ /home/lijinhe/work/YOLO_Retraining/data/self_improving/images/0720_1/00003_1780987872391333_0.jpg: incomplete JPEG accepted read-only
