train: weights=/home/lijinhe/work/YOLO_Retraining/runs/sequences/0814-214925__seq-current-only__stage0-stage3__yolov5s__s42/tasks/002__stage2__current-only/checkpoints/best.pt, cfg=, data=/home/lijinhe/work/YOLO_Retraining/runs/sequences/0814-214925__seq-current-only__stage0-stage3__yolov5s__s42/tasks/003__stage3__current-only/data/backend_data.yaml, hyp=data/hyps/hyp.scratch-low.yaml, epochs=100, batch_size=64, imgsz=640, rect=False, resume=False, nosave=False, noval=False, noautoanchor=False, noplots=True, evolve=None, bucket=, cache=None, image_weights=False, device=0, multi_scale=False, single_cls=False, optimizer=SGD, sync_bn=False, workers=16, project=/home/lijinhe/work/YOLO_Retraining/runs/sequences/0814-214925__seq-current-only__stage0-stage3__yolov5s__s42/tasks/003__stage3__current-only/backend/yolov5, name=train, exist_ok=True, quad=False, cos_lr=False, label_smoothing=0.0, patience=100, freeze=[0], save_period=-1, seed=45, local_rank=-1, entity=None, upload_dataset=False, bbox_interval=-1, artifact_alias=latest
github: skipping check (offline), for updates see https://github.com/ultralytics/yolov5
YOLOv5 🚀 v7.0-0-g915bbf29 Python-3.10.20 torch-2.2.2+cu121 CUDA:0 (NVIDIA H100 PCIe, 81090MiB)
hyperparameters: lr0=0.01, lrf=0.01, momentum=0.937, weight_decay=0.0005, warmup_epochs=3.0, warmup_momentum=0.8, warmup_bias_lr=0.1, box=0.05, cls=0.5, cls_pw=1.0, obj=1.0, obj_pw=1.0, iou_t=0.2, anchor_t=4.0, fl_gamma=0.0, hsv_h=0.015, hsv_s=0.7, hsv_v=0.4, degrees=0.0, translate=0.1, scale=0.5, shear=0.0, perspective=0.0, flipud=0.0, fliplr=0.5, mosaic=1.0, mixup=0.0, copy_paste=0.0
ClearML: run 'pip install clearml' to automatically track, visualize and remotely train YOLOv5 🚀 in ClearML
Comet: run 'pip install comet_ml' to automatically track and visualize YOLOv5 🚀 runs in Comet
TensorBoard: Start with 'tensorboard --logdir /home/lijinhe/work/YOLO_Retraining/runs/sequences/0814-214925__seq-current-only__stage0-stage3__yolov5s__s42/tasks/003__stage3__current-only/backend/yolov5', view at http://localhost:6006/
from  n    params  module                                  arguments
0                -1  1      3520  models.common.Conv                      [3, 32, 6, 2, 2]
1                -1  1     18560  models.common.Conv                      [32, 64, 3, 2]
2                -1  1     18816  models.common.C3                        [64, 64, 1]
3                -1  1     73984  models.common.Conv                      [64, 128, 3, 2]
4                -1  2    115712  models.common.C3                        [128, 128, 2]
5                -1  1    295424  models.common.Conv                      [128, 256, 3, 2]
6                -1  3    625152  models.common.C3                        [256, 256, 3]
7                -1  1   1180672  models.common.Conv                      [256, 512, 3, 2]
8                -1  1   1182720  models.common.C3                        [512, 512, 1]
9                -1  1    656896  models.common.SPPF                      [512, 512, 5]
10                -1  1    131584  models.common.Conv                      [512, 256, 1, 1]
11                -1  1         0  torch.nn.modules.upsampling.Upsample    [None, 2, 'nearest']
12           [-1, 6]  1         0  models.common.Concat                    [1]
13                -1  1    361984  models.common.C3                        [512, 256, 1, False]
14                -1  1     33024  models.common.Conv                      [256, 128, 1, 1]
15                -1  1         0  torch.nn.modules.upsampling.Upsample    [None, 2, 'nearest']
16           [-1, 4]  1         0  models.common.Concat                    [1]
17                -1  1     90880  models.common.C3                        [256, 128, 1, False]
18                -1  1    147712  models.common.Conv                      [128, 128, 3, 2]
19          [-1, 14]  1         0  models.common.Concat                    [1]
20                -1  1    296448  models.common.C3                        [256, 256, 1, False]
21                -1  1    590336  models.common.Conv                      [256, 256, 3, 2]
22          [-1, 10]  1         0  models.common.Concat                    [1]
23                -1  1   1182720  models.common.C3                        [512, 512, 1, False]
24      [17, 20, 23]  1     24273  models.yolo.Detect                      [4, [[10, 13, 16, 30, 33, 23], [30, 61, 62, 45, 59, 119], [116, 90, 156, 198, 373, 326]], [128, 256, 512]]
Model summary: 214 layers, 7030417 parameters, 7030417 gradients, 16.0 GFLOPs
Transferred 349/349 items from /home/lijinhe/work/YOLO_Retraining/runs/sequences/0814-214925__seq-current-only__stage0-stage3__yolov5s__s42/tasks/002__stage2__current-only/checkpoints/best.pt
AMP: checks passed ✅
optimizer: SGD(lr=0.01) with parameter groups 57 weight(decay=0.0), 60 weight(decay=0.0005), 60 bias
train: Scanning /home/lijinhe/work/YOLO_Retraining/runs/sequences/0814-214925__seq-current-only__stage0-stage3__yolov5s__s42/tasks/003__stage3__current-only/data/backend_train_images... 1075 images, 695 backgrounds, 0 corrupt: 100%|██████████| 1075/1075 00:03
train: New cache created: /home/lijinhe/work/YOLO_Retraining/runs/sequences/0814-214925__seq-current-only__stage0-stage3__yolov5s__s42/tasks/003__stage3__current-only/data/backend_train_images.cache
val: Scanning /home/lijinhe/work/YOLO_Retraining/runs/sequences/0814-214925__seq-current-only__stage0-stage3__yolov5s__s42/tasks/003__stage3__current-only/data/backend_validation_images... 1000 images, 297 backgrounds, 0 corrupt: 100%|██████████| 1000/1000 00:04
val: New cache created: /home/lijinhe/work/YOLO_Retraining/runs/sequences/0814-214925__seq-current-only__stage0-stage3__yolov5s__s42/tasks/003__stage3__current-only/data/backend_validation_images.cache
AutoAnchor: 5.57 anchors/target, 1.000 Best Possible Recall (BPR). Current anchors are a good fit to dataset ✅
Image sizes 640 train, 640 val
Using 16 dataloader workers
Logging results to /home/lijinhe/work/YOLO_Retraining/runs/sequences/0814-214925__seq-current-only__stage0-stage3__yolov5s__s42/tasks/003__stage3__current-only/backend/yolov5/train
Starting training for 100 epochs...
Epoch    GPU_mem   box_loss   obj_loss   cls_loss  Instances       Size
0/99      13.9G    0.04815   0.007675   0.002694         52        640: 100%|██████████| 17/17 00:14
Class     Images  Instances          P          R      mAP50   mAP50-95: 100%|██████████| 8/8 00:26
all       1000        939      0.718      0.406      0.435      0.205
Epoch    GPU_mem   box_loss   obj_loss   cls_loss  Instances       Size
1/99      13.9G    0.04347   0.005979   0.002834         49        640: 100%|██████████| 17/17 00:06
Class     Images  Instances          P          R      mAP50   mAP50-95: 100%|██████████| 8/8 00:25
all       1000        939       0.74      0.379       0.42      0.195
Epoch    GPU_mem   box_loss   obj_loss   cls_loss  Instances       Size
2/99      13.9G    0.04222   0.005764   0.001791         53        640: 100%|██████████| 17/17 00:04
Class     Images  Instances          P          R      mAP50   mAP50-95: 100%|██████████| 8/8 00:28
all       1000        939      0.783      0.348      0.407      0.173
Epoch    GPU_mem   box_loss   obj_loss   cls_loss  Instances       Size
3/99      13.9G    0.03913   0.005465   0.001141         58        640: 100%|██████████| 17/17 00:04
Class     Images  Instances          P          R      mAP50   mAP50-95: 100%|██████████| 8/8 00:28
all       1000        939      0.781      0.339      0.408      0.179
Epoch    GPU_mem   box_loss   obj_loss   cls_loss  Instances       Size
4/99      13.9G    0.03855    0.00539  0.0009939         52        640: 100%|██████████| 17/17 00:04
Class     Images  Instances          P          R      mAP50   mAP50-95: 100%|██████████| 8/8 00:27
all       1000        939      0.735      0.327      0.363      0.158
Epoch    GPU_mem   box_loss   obj_loss   cls_loss  Instances       Size
5/99      13.9G    0.03778   0.005349    0.00119         59        640: 100%|██████████| 17/17 00:04
Class     Images  Instances          P          R      mAP50   mAP50-95: 100%|██████████| 8/8 00:24
all       1000        939      0.693       0.29      0.311      0.128
Epoch    GPU_mem   box_loss   obj_loss   cls_loss  Instances       Size
6/99      13.9G    0.03782   0.005161  0.0009897         58        640: 100%|██████████| 17/17 00:06
Class     Images  Instances          P          R      mAP50   mAP50-95: 100%|██████████| 8/8 00:22
all       1000        939      0.673       0.27      0.294      0.125
Epoch    GPU_mem   box_loss   obj_loss   cls_loss  Instances       Size
7/99      13.9G     0.0367   0.005019   0.001038         44        640: 100%|██████████| 17/17 00:05
Class     Images  Instances          P          R      mAP50   mAP50-95: 100%|██████████| 8/8 00:26
all       1000        939      0.688      0.276      0.302      0.125
Epoch    GPU_mem   box_loss   obj_loss   cls_loss  Instances       Size
8/99      13.9G    0.03649   0.005007  0.0009806         38        640: 100%|██████████| 17/17 00:05
Class     Images  Instances          P          R      mAP50   mAP50-95: 100%|██████████| 8/8 00:27
all       1000        939       0.68      0.271      0.286      0.115
Epoch    GPU_mem   box_loss   obj_loss   cls_loss  Instances       Size
9/99      13.9G    0.03594   0.004767  0.0007911         44        640: 100%|██████████| 17/17 00:03
Class     Images  Instances          P          R      mAP50   mAP50-95: 100%|██████████| 8/8 00:27
all       1000        939      0.708      0.267       0.29      0.115
Epoch    GPU_mem   box_loss   obj_loss   cls_loss  Instances       Size
10/99      13.9G    0.03508   0.004463  0.0006761         51        640: 100%|██████████| 17/17 00:04
Class     Images  Instances          P          R      mAP50   mAP50-95: 100%|██████████| 8/8 00:28
all       1000        939      0.656      0.283      0.308       0.12
Epoch    GPU_mem   box_loss   obj_loss   cls_loss  Instances       Size
11/99      13.9G    0.03373   0.004659  0.0009842         48        640: 100%|██████████| 17/17 00:04
Class     Images  Instances          P          R      mAP50   mAP50-95: 100%|██████████| 8/8 00:24
all       1000        939      0.685      0.246      0.271      0.101
Epoch    GPU_mem   box_loss   obj_loss   cls_loss  Instances       Size
12/99      13.9G    0.03239   0.004075  0.0009367         41        640: 100%|██████████| 17/17 00:06
Class     Images  Instances          P          R      mAP50   mAP50-95: 100%|██████████| 8/8 00:20
all       1000        939      0.675      0.267      0.296       0.12
Epoch    GPU_mem   box_loss   obj_loss   cls_loss  Instances       Size
13/99      13.9G    0.03413   0.004643    0.00123         81        640: 100%|██████████| 17/17 00:05
Class     Images  Instances          P          R      mAP50   mAP50-95: 100%|██████████| 8/8 00:26
all       1000        939      0.724      0.176      0.208      0.086
Epoch    GPU_mem   box_loss   obj_loss   cls_loss  Instances       Size
14/99      13.9G    0.03298   0.004384  0.0007343         36        640: 100%|██████████| 17/17 00:06
Class     Images  Instances          P          R      mAP50   mAP50-95: 100%|██████████| 8/8 00:27
all       1000        939      0.702      0.184      0.215     0.0865
Epoch    GPU_mem   box_loss   obj_loss   cls_loss  Instances       Size
15/99      13.9G    0.03177   0.004191   0.000682         49        640: 100%|██████████| 17/17 00:04
Class     Images  Instances          P          R      mAP50   mAP50-95: 100%|██████████| 8/8 00:27
all       1000        939      0.644       0.21      0.216     0.0798
Epoch    GPU_mem   box_loss   obj_loss   cls_loss  Instances       Size
16/99      13.9G    0.03154   0.004294  0.0007738         43        640: 100%|██████████| 17/17 00:04
Class     Images  Instances          P          R      mAP50   mAP50-95: 100%|██████████| 8/8 00:26
all       1000        939      0.687      0.243      0.282      0.122
Epoch    GPU_mem   box_loss   obj_loss   cls_loss  Instances       Size
17/99      13.9G    0.03149   0.004049  0.0006755         32        640: 100%|██████████| 17/17 00:05
Class     Images  Instances          P          R      mAP50   mAP50-95: 100%|██████████| 8/8 00:21
all       1000        939      0.697      0.245      0.293      0.135
Epoch    GPU_mem   box_loss   obj_loss   cls_loss  Instances       Size
18/99      13.9G    0.03179   0.004175   0.000744         66        640: 100%|██████████| 17/17 00:06
Class     Images  Instances          P          R      mAP50   mAP50-95: 100%|██████████| 8/8 00:23
all       1000        939      0.721      0.223       0.26      0.103
Epoch    GPU_mem   box_loss   obj_loss   cls_loss  Instances       Size
19/99      13.9G    0.02957   0.004116   0.000693         56        640: 100%|██████████| 17/17 00:05
Class     Images  Instances          P          R      mAP50   mAP50-95: 100%|██████████| 8/8 00:27
all       1000        939      0.704      0.202      0.232     0.0901
Epoch    GPU_mem   box_loss   obj_loss   cls_loss  Instances       Size
20/99      13.9G    0.02995   0.003991  0.0007807         36        640: 100%|██████████| 17/17 00:04
Class     Images  Instances          P          R      mAP50   mAP50-95: 100%|██████████| 8/8 00:27
all       1000        939      0.699      0.219      0.239      0.089
Epoch    GPU_mem   box_loss   obj_loss   cls_loss  Instances       Size
21/99      13.9G     0.0305   0.004147  0.0007618         45        640: 100%|██████████| 17/17 00:04
Class     Images  Instances          P          R      mAP50   mAP50-95: 100%|██████████| 8/8 00:27
all       1000        939      0.668      0.231      0.265     0.0996
Epoch    GPU_mem   box_loss   obj_loss   cls_loss  Instances       Size
22/99      13.9G    0.02994   0.003948   0.000554         40        640: 100%|██████████| 17/17 00:05
Class     Images  Instances          P          R      mAP50   mAP50-95: 100%|██████████| 8/8 00:23
all       1000        939      0.706      0.272      0.299      0.122
Epoch    GPU_mem   box_loss   obj_loss   cls_loss  Instances       Size
23/99      13.9G    0.02948   0.004007  0.0007384         52        640: 100%|██████████| 17/17 00:06
Class     Images  Instances          P          R      mAP50   mAP50-95: 100%|██████████| 8/8 00:21
all       1000        939        0.7      0.266      0.297      0.117
Epoch    GPU_mem   box_loss   obj_loss   cls_loss  Instances       Size
24/99      13.9G     0.0284   0.003618  0.0005496         54        640: 100%|██████████| 17/17 00:06
Class     Images  Instances          P          R      mAP50   mAP50-95: 100%|██████████| 8/8 00:24
all       1000        939      0.703      0.253        0.3      0.128
Epoch    GPU_mem   box_loss   obj_loss   cls_loss  Instances       Size
25/99      13.9G    0.02887   0.003933  0.0006286         53        640: 100%|██████████| 17/17 00:06
Class     Images  Instances          P          R      mAP50   mAP50-95: 100%|██████████| 8/8 00:26
all       1000        939      0.707      0.263      0.306      0.127
Epoch    GPU_mem   box_loss   obj_loss   cls_loss  Instances       Size
26/99      13.9G    0.02899   0.003703  0.0006073         55        640: 100%|██████████| 17/17 00:06
Class     Images  Instances          P          R      mAP50   mAP50-95: 100%|██████████| 8/8 00:25
all       1000        939      0.737      0.214      0.273      0.109
Epoch    GPU_mem   box_loss   obj_loss   cls_loss  Instances       Size
27/99      13.9G    0.02933   0.003837  0.0006861         27        640: 100%|██████████| 17/17 00:05
Class     Images  Instances          P          R      mAP50   mAP50-95: 100%|██████████| 8/8 00:22
all       1000        939      0.682       0.24      0.277      0.111
Epoch    GPU_mem   box_loss   obj_loss   cls_loss  Instances       Size
28/99      13.9G    0.02797   0.003826  0.0006945         47        640: 100%|██████████| 17/17 00:05
Class     Images  Instances          P          R      mAP50   mAP50-95: 100%|██████████| 8/8 00:21
all       1000        939       0.68      0.231       0.27      0.114
Epoch    GPU_mem   box_loss   obj_loss   cls_loss  Instances       Size
29/99      13.9G    0.02772   0.003794  0.0007289         53        640: 100%|██████████| 17/17 00:06
Class     Images  Instances          P          R      mAP50   mAP50-95: 100%|██████████| 8/8 00:24
all       1000        939      0.704      0.222      0.261      0.109
Epoch    GPU_mem   box_loss   obj_loss   cls_loss  Instances       Size
30/99      13.9G    0.02715   0.003793  0.0004984         61        640: 100%|██████████| 17/17 00:04
Class     Images  Instances          P          R      mAP50   mAP50-95: 100%|██████████| 8/8 00:26
all       1000        939      0.698      0.235      0.275      0.122
Epoch    GPU_mem   box_loss   obj_loss   cls_loss  Instances       Size
31/99      13.9G    0.02724   0.003659  0.0008105         45        640: 100%|██████████| 17/17 00:05
Class     Images  Instances          P          R      mAP50   mAP50-95: 100%|██████████| 8/8 00:28
all       1000        939      0.696      0.242      0.285      0.111
Epoch    GPU_mem   box_loss   obj_loss   cls_loss  Instances       Size
32/99      13.9G     0.0281   0.003651  0.0005555         59        640: 100%|██████████| 17/17 00:04
Class     Images  Instances          P          R      mAP50   mAP50-95: 100%|██████████| 8/8 00:27
all       1000        939       0.66      0.256      0.274      0.101
Epoch    GPU_mem   box_loss   obj_loss   cls_loss  Instances       Size
33/99      13.9G    0.02715   0.003641  0.0005644         58        640: 100%|██████████| 17/17 00:04
Class     Images  Instances          P          R      mAP50   mAP50-95: 100%|██████████| 8/8 00:22
all       1000        939      0.669      0.239      0.256     0.0978
Epoch    GPU_mem   box_loss   obj_loss   cls_loss  Instances       Size
34/99      13.9G     0.0267   0.003566  0.0004313         43        640: 100%|██████████| 17/17 00:06
Class     Images  Instances          P          R      mAP50   mAP50-95: 100%|██████████| 8/8 00:21
all       1000        939      0.664      0.219      0.244     0.0888
Epoch    GPU_mem   box_loss   obj_loss   cls_loss  Instances       Size
35/99      13.9G    0.02719   0.003508  0.0005132         54        640: 100%|██████████| 17/17 00:05
Class     Images  Instances          P          R      mAP50   mAP50-95: 100%|██████████| 8/8 00:26
all       1000        939      0.634      0.207      0.239     0.0902
Epoch    GPU_mem   box_loss   obj_loss   cls_loss  Instances       Size
36/99      13.9G    0.02797   0.003496  0.0005355         36        640: 100%|██████████| 17/17 00:04
Class     Images  Instances          P          R      mAP50   mAP50-95: 100%|██████████| 8/8 00:27
all       1000        939      0.719      0.229      0.274      0.112
Epoch    GPU_mem   box_loss   obj_loss   cls_loss  Instances       Size
37/99      13.9G      0.026   0.003383  0.0005363         34        640: 100%|██████████| 17/17 00:04
Class     Images  Instances          P          R      mAP50   mAP50-95: 100%|██████████| 8/8 00:26
all       1000        939      0.674      0.234       0.27      0.102
Epoch    GPU_mem   box_loss   obj_loss   cls_loss  Instances       Size
38/99      13.9G     0.0257   0.003673  0.0004185         61        640: 100%|██████████| 17/17 00:05
Class     Images  Instances          P          R      mAP50   mAP50-95: 100%|██████████| 8/8 00:23
all       1000        939      0.662      0.202      0.227     0.0896
Epoch    GPU_mem   box_loss   obj_loss   cls_loss  Instances       Size
39/99      13.9G      0.026   0.003257  0.0004849         43        640: 100%|██████████| 17/17 00:06
Class     Images  Instances          P          R      mAP50   mAP50-95: 100%|██████████| 8/8 00:21
all       1000        939      0.697      0.209      0.244     0.0947
Epoch    GPU_mem   box_loss   obj_loss   cls_loss  Instances       Size
40/99      13.9G    0.02457    0.00338  0.0005705         57        640: 100%|██████████| 17/17 00:06
Class     Images  Instances          P          R      mAP50   mAP50-95: 100%|██████████| 8/8 00:25
all       1000        939      0.686       0.25      0.282      0.112
Epoch    GPU_mem   box_loss   obj_loss   cls_loss  Instances       Size
41/99      13.9G     0.0254   0.003368  0.0003745         42        640: 100%|██████████| 17/17 00:03
Class     Images  Instances          P          R      mAP50   mAP50-95: 100%|██████████| 8/8 00:27
all       1000        939      0.688      0.243      0.279      0.113
Epoch    GPU_mem   box_loss   obj_loss   cls_loss  Instances       Size
42/99      13.9G    0.02535   0.003258  0.0005907         48        640: 100%|██████████| 17/17 00:05
Class     Images  Instances          P          R      mAP50   mAP50-95: 100%|██████████| 8/8 00:27
all       1000        939      0.674      0.218      0.261     0.0983
Epoch    GPU_mem   box_loss   obj_loss   cls_loss  Instances       Size
43/99      13.9G    0.02492   0.003303  0.0005232         38        640: 100%|██████████| 17/17 00:04
Class     Images  Instances          P          R      mAP50   mAP50-95: 100%|██████████| 8/8 00:24
all       1000        939      0.715      0.237      0.283      0.116
Epoch    GPU_mem   box_loss   obj_loss   cls_loss  Instances       Size
44/99      13.9G    0.02532   0.003603  0.0004475         57        640: 100%|██████████| 17/17 00:06
Class     Images  Instances          P          R      mAP50   mAP50-95: 100%|██████████| 8/8 00:20
all       1000        939      0.687      0.251      0.285      0.119
Epoch    GPU_mem   box_loss   obj_loss   cls_loss  Instances       Size
45/99      13.9G    0.02479   0.003414  0.0003695         58        640: 100%|██████████| 17/17 00:05
Class     Images  Instances          P          R      mAP50   mAP50-95: 100%|██████████| 8/8 00:25
all       1000        939      0.658      0.239      0.273      0.105
Epoch    GPU_mem   box_loss   obj_loss   cls_loss  Instances       Size
46/99      13.9G    0.02334   0.003189  0.0003788         47        640: 100%|██████████| 17/17 00:05
Class     Images  Instances          P          R      mAP50   mAP50-95: 100%|██████████| 8/8 00:26
all       1000        939      0.686      0.236      0.274      0.111
Epoch    GPU_mem   box_loss   obj_loss   cls_loss  Instances       Size
47/99      13.9G    0.02445   0.003152  0.0003398         38        640: 100%|██████████| 17/17 00:04
Class     Images  Instances          P          R      mAP50   mAP50-95: 100%|██████████| 8/8 00:27
all       1000        939      0.726      0.246      0.292      0.127
Epoch    GPU_mem   box_loss   obj_loss   cls_loss  Instances       Size
48/99      13.9G    0.02458   0.003277  0.0003958         55        640: 100%|██████████| 17/17 00:04
Class     Images  Instances          P          R      mAP50   mAP50-95: 100%|██████████| 8/8 00:25
all       1000        939      0.667      0.207      0.256     0.0972
Epoch    GPU_mem   box_loss   obj_loss   cls_loss  Instances       Size
49/99      13.9G    0.02399    0.00316  0.0005581         36        640: 100%|██████████| 17/17 00:05
Class     Images  Instances          P          R      mAP50   mAP50-95: 100%|██████████| 8/8 00:25
all       1000        939      0.663      0.208      0.238     0.0877
Epoch    GPU_mem   box_loss   obj_loss   cls_loss  Instances       Size
50/99      13.9G    0.02305   0.003343  0.0004462         51        640: 100%|██████████| 17/17 00:06
Class     Images  Instances          P          R      mAP50   mAP50-95: 100%|██████████| 8/8 00:19
all       1000        939      0.689      0.221      0.265      0.111
Epoch    GPU_mem   box_loss   obj_loss   cls_loss  Instances       Size
51/99      13.9G     0.0236   0.002988  0.0003365         45        640: 100%|██████████| 17/17 00:07
Class     Images  Instances          P          R      mAP50   mAP50-95: 100%|██████████| 8/8 00:21
all       1000        939      0.727      0.211      0.264     0.0969
Epoch    GPU_mem   box_loss   obj_loss   cls_loss  Instances       Size
52/99      13.9G    0.02349   0.003305   0.000381         66        640: 100%|██████████| 17/17 00:05
Class     Images  Instances          P          R      mAP50   mAP50-95: 100%|██████████| 8/8 00:24
all       1000        939      0.691      0.198      0.237     0.0943
Epoch    GPU_mem   box_loss   obj_loss   cls_loss  Instances       Size
53/99      13.9G    0.02307   0.003562  0.0003271         47        640: 100%|██████████| 17/17 00:05
Class     Images  Instances          P          R      mAP50   mAP50-95: 100%|██████████| 8/8 00:25
all       1000        939      0.708      0.207      0.243      0.092
Epoch    GPU_mem   box_loss   obj_loss   cls_loss  Instances       Size
54/99      13.9G    0.02278     0.0032   0.000413         63        640: 100%|██████████| 17/17 00:06
Class     Images  Instances          P          R      mAP50   mAP50-95: 100%|██████████| 8/8 00:20
all       1000        939      0.721      0.232      0.276      0.108
Epoch    GPU_mem   box_loss   obj_loss   cls_loss  Instances       Size
55/99      13.9G     0.0231   0.003119   0.000348         64        640: 100%|██████████| 17/17 00:06
Class     Images  Instances          P          R      mAP50   mAP50-95: 100%|██████████| 8/8 00:21
all       1000        939      0.733      0.231      0.285      0.119
Epoch    GPU_mem   box_loss   obj_loss   cls_loss  Instances       Size
56/99      13.9G    0.02198   0.003183  0.0003326         47        640: 100%|██████████| 17/17 00:05
Class     Images  Instances          P          R      mAP50   mAP50-95: 100%|██████████| 8/8 00:26
all       1000        939      0.705      0.253      0.294      0.113
Epoch    GPU_mem   box_loss   obj_loss   cls_loss  Instances       Size
57/99      13.9G    0.02237    0.00299  0.0003485         52        640: 100%|██████████| 17/17 00:04
Class     Images  Instances          P          R      mAP50   mAP50-95: 100%|██████████| 8/8 00:26
all       1000        939      0.719      0.229      0.276       0.11
Epoch    GPU_mem   box_loss   obj_loss   cls_loss  Instances       Size
58/99      13.9G    0.02154   0.002967   0.000339         47        640: 100%|██████████| 17/17 00:04
Class     Images  Instances          P          R      mAP50   mAP50-95: 100%|██████████| 8/8 00:23
all       1000        939      0.721      0.219      0.264      0.104
Epoch    GPU_mem   box_loss   obj_loss   cls_loss  Instances       Size
59/99      13.9G    0.02247   0.003056   0.000312         55        640: 100%|██████████| 17/17 00:06
Class     Images  Instances          P          R      mAP50   mAP50-95: 100%|██████████| 8/8 00:20
all       1000        939      0.714      0.249      0.299      0.119
Epoch    GPU_mem   box_loss   obj_loss   cls_loss  Instances       Size
60/99      13.9G    0.02169   0.002958  0.0002779         51        640: 100%|██████████| 17/17 00:06
Class     Images  Instances          P          R      mAP50   mAP50-95: 100%|██████████| 8/8 00:25
all       1000        939      0.702      0.243      0.285      0.111
Epoch    GPU_mem   box_loss   obj_loss   cls_loss  Instances       Size
61/99      13.9G    0.02135   0.002936  0.0003125         51        640: 100%|██████████| 17/17 00:04
Class     Images  Instances          P          R      mAP50   mAP50-95: 100%|██████████| 8/8 00:26
all       1000        939      0.709      0.235      0.277      0.108
Epoch    GPU_mem   box_loss   obj_loss   cls_loss  Instances       Size
62/99      13.9G    0.02201   0.003052  0.0003196         32        640: 100%|██████████| 17/17 00:03
Class     Images  Instances          P          R      mAP50   mAP50-95: 100%|██████████| 8/8 00:25
all       1000        939      0.705      0.232      0.266      0.103
Epoch    GPU_mem   box_loss   obj_loss   cls_loss  Instances       Size
63/99      13.9G    0.02155   0.002977  0.0002919         35        640: 100%|██████████| 17/17 00:05
Class     Images  Instances          P          R      mAP50   mAP50-95: 100%|██████████| 8/8 00:21
all       1000        939      0.701      0.235      0.282      0.114
Epoch    GPU_mem   box_loss   obj_loss   cls_loss  Instances       Size
64/99      13.9G    0.02127   0.003139  0.0003065         46        640: 100%|██████████| 17/17 00:06
Class     Images  Instances          P          R      mAP50   mAP50-95: 100%|██████████| 8/8 00:21
all       1000        939      0.692      0.232      0.265      0.101
Epoch    GPU_mem   box_loss   obj_loss   cls_loss  Instances       Size
65/99      13.9G    0.02063   0.002845  0.0002459         42        640: 100%|██████████| 17/17 00:05
Class     Images  Instances          P          R      mAP50   mAP50-95: 100%|██████████| 8/8 00:26
all       1000        939      0.715      0.238      0.283      0.108
Epoch    GPU_mem   box_loss   obj_loss   cls_loss  Instances       Size
66/99      13.9G    0.02111   0.002931  0.0002296         42        640: 100%|██████████| 17/17 00:05
Class     Images  Instances          P          R      mAP50   mAP50-95: 100%|██████████| 8/8 00:18
all       1000        939       0.69       0.23      0.274      0.108
Epoch    GPU_mem   box_loss   obj_loss   cls_loss  Instances       Size
67/99      13.9G    0.02126   0.002956  0.0003021         64        640: 100%|██████████| 17/17 00:04
Class     Images  Instances          P          R      mAP50   mAP50-95: 100%|██████████| 8/8 00:10
all       1000        939      0.699      0.225      0.271      0.109
Epoch    GPU_mem   box_loss   obj_loss   cls_loss  Instances       Size
68/99      13.9G    0.01988   0.002941  0.0002548         49        640: 100%|██████████| 17/17 00:05
Class     Images  Instances          P          R      mAP50   mAP50-95: 100%|██████████| 8/8 00:14
all       1000        939      0.698      0.205      0.244     0.0889
Epoch    GPU_mem   box_loss   obj_loss   cls_loss  Instances       Size
69/99      13.9G    0.02096   0.003135  0.0003074         42        640: 100%|██████████| 17/17 00:05
Class     Images  Instances          P          R      mAP50   mAP50-95: 100%|██████████| 8/8 00:16
all       1000        939      0.726      0.231      0.282      0.121
Epoch    GPU_mem   box_loss   obj_loss   cls_loss  Instances       Size
70/99      13.9G    0.02088   0.003177  0.0002533         58        640: 100%|██████████| 17/17 00:05
Class     Images  Instances          P          R      mAP50   mAP50-95: 100%|██████████| 8/8 00:13
all       1000        939      0.727      0.232      0.287      0.119
Epoch    GPU_mem   box_loss   obj_loss   cls_loss  Instances       Size
71/99      13.9G    0.02036   0.002818  0.0002433         37        640: 100%|██████████| 17/17 00:06
Class     Images  Instances          P          R      mAP50   mAP50-95: 100%|██████████| 8/8 00:14
all       1000        939      0.718      0.231      0.278      0.117
Epoch    GPU_mem   box_loss   obj_loss   cls_loss  Instances       Size
72/99      13.9G    0.02025   0.003001  0.0002453         53        640: 100%|██████████| 17/17 00:04
Class     Images  Instances          P          R      mAP50   mAP50-95: 100%|██████████| 8/8 00:19
all       1000        939      0.709      0.245      0.291      0.121
Epoch    GPU_mem   box_loss   obj_loss   cls_loss  Instances       Size
73/99      13.9G    0.02067   0.002793  0.0002012         56        640: 100%|██████████| 17/17 00:06
Class     Images  Instances          P          R      mAP50   mAP50-95: 100%|██████████| 8/8 00:21
all       1000        939      0.699      0.248      0.294      0.118
Epoch    GPU_mem   box_loss   obj_loss   cls_loss  Instances       Size
74/99      13.9G    0.02015   0.002917  0.0002676         57        640: 100%|██████████| 17/17 00:06
Class     Images  Instances          P          R      mAP50   mAP50-95: 100%|██████████| 8/8 00:19
all       1000        939      0.694      0.245      0.298      0.125
Epoch    GPU_mem   box_loss   obj_loss   cls_loss  Instances       Size
75/99      13.9G    0.01969   0.002846  0.0002616         48        640: 100%|██████████| 17/17 00:05
Class     Images  Instances          P          R      mAP50   mAP50-95: 100%|██████████| 8/8 00:19
all       1000        939      0.699      0.239      0.285      0.115
Epoch    GPU_mem   box_loss   obj_loss   cls_loss  Instances       Size
76/99      13.9G    0.01975   0.002851  0.0002132         56        640: 100%|██████████| 17/17 00:07
Class     Images  Instances          P          R      mAP50   mAP50-95: 100%|██████████| 8/8 00:19
all       1000        939      0.719      0.226      0.271      0.109
Epoch    GPU_mem   box_loss   obj_loss   cls_loss  Instances       Size
77/99      13.9G    0.01946   0.002837  0.0002362         58        640: 100%|██████████| 17/17 00:05
Class     Images  Instances          P          R      mAP50   mAP50-95: 100%|██████████| 8/8 00:17
all       1000        939      0.727      0.234      0.286      0.118
Epoch    GPU_mem   box_loss   obj_loss   cls_loss  Instances       Size
78/99      13.9G    0.01913   0.002716   0.000335         40        640: 100%|██████████| 17/17 00:06
Class     Images  Instances          P          R      mAP50   mAP50-95: 100%|██████████| 8/8 00:18
all       1000        939        0.7      0.229      0.273      0.111
Epoch    GPU_mem   box_loss   obj_loss   cls_loss  Instances       Size
79/99      13.9G    0.02031   0.002811   0.000204         56        640: 100%|██████████| 17/17 00:05
Class     Images  Instances          P          R      mAP50   mAP50-95: 100%|██████████| 8/8 00:19
all       1000        939      0.698      0.234      0.273      0.105
Epoch    GPU_mem   box_loss   obj_loss   cls_loss  Instances       Size
80/99      13.9G    0.01893   0.002702   0.000423         50        640: 100%|██████████| 17/17 00:06
Class     Images  Instances          P          R      mAP50   mAP50-95: 100%|██████████| 8/8 00:23
all       1000        939      0.723      0.233      0.287      0.115
Epoch    GPU_mem   box_loss   obj_loss   cls_loss  Instances       Size
81/99      13.9G    0.01899   0.002704  0.0002229         50        640: 100%|██████████| 17/17 00:05
Class     Images  Instances          P          R      mAP50   mAP50-95: 100%|██████████| 8/8 00:20
all       1000        939      0.706       0.22      0.262      0.103
Epoch    GPU_mem   box_loss   obj_loss   cls_loss  Instances       Size
82/99      13.9G    0.01908   0.002935  0.0002128         61        640: 100%|██████████| 17/17 00:04
Class     Images  Instances          P          R      mAP50   mAP50-95: 100%|██████████| 8/8 00:21
all       1000        939       0.71      0.222      0.266      0.108
Epoch    GPU_mem   box_loss   obj_loss   cls_loss  Instances       Size
83/99      13.9G    0.01917   0.002755  0.0001868         48        640: 100%|██████████| 17/17 00:04
Class     Images  Instances          P          R      mAP50   mAP50-95: 100%|██████████| 8/8 00:20
all       1000        939      0.729      0.228      0.261      0.108
Epoch    GPU_mem   box_loss   obj_loss   cls_loss  Instances       Size
84/99      13.9G    0.01851   0.002738  0.0001885         56        640: 100%|██████████| 17/17 00:04
Class     Images  Instances          P          R      mAP50   mAP50-95: 100%|██████████| 8/8 00:21
all       1000        939      0.729      0.226      0.258      0.105
Epoch    GPU_mem   box_loss   obj_loss   cls_loss  Instances       Size
85/99      13.9G    0.01823   0.002632  0.0001845         44        640: 100%|██████████| 17/17 00:04
Class     Images  Instances          P          R      mAP50   mAP50-95: 100%|██████████| 8/8 00:20
all       1000        939      0.697      0.223      0.257      0.103
Epoch    GPU_mem   box_loss   obj_loss   cls_loss  Instances       Size
86/99      13.9G    0.01859   0.002791  0.0001562         32        640: 100%|██████████| 17/17 00:04
Class     Images  Instances          P          R      mAP50   mAP50-95: 100%|██████████| 8/8 00:21
all       1000        939      0.716      0.231      0.271      0.103
Epoch    GPU_mem   box_loss   obj_loss   cls_loss  Instances       Size
87/99      13.9G    0.01842   0.002767  0.0001858         45        640: 100%|██████████| 17/17 00:05
Class     Images  Instances          P          R      mAP50   mAP50-95: 100%|██████████| 8/8 00:18
all       1000        939      0.709      0.238      0.276      0.113
Epoch    GPU_mem   box_loss   obj_loss   cls_loss  Instances       Size
88/99      13.9G    0.01862   0.002925  0.0001837         56        640: 100%|██████████| 17/17 00:05
Class     Images  Instances          P          R      mAP50   mAP50-95: 100%|██████████| 8/8 00:18
all       1000        939      0.719      0.235      0.277      0.109
Epoch    GPU_mem   box_loss   obj_loss   cls_loss  Instances       Size
89/99      13.9G    0.01919   0.002879  0.0001621         39        640: 100%|██████████| 17/17 00:06
Class     Images  Instances          P          R      mAP50   mAP50-95: 100%|██████████| 8/8 00:18
all       1000        939      0.706      0.229      0.269      0.105
Epoch    GPU_mem   box_loss   obj_loss   cls_loss  Instances       Size
90/99      13.9G    0.01803   0.002616  0.0001568         53        640: 100%|██████████| 17/17 00:04
Class     Images  Instances          P          R      mAP50   mAP50-95: 100%|██████████| 8/8 00:21
all       1000        939       0.73       0.23      0.275       0.11
Epoch    GPU_mem   box_loss   obj_loss   cls_loss  Instances       Size
91/99      13.9G    0.01818   0.002799  0.0001493         56        640: 100%|██████████| 17/17 00:05
Class     Images  Instances          P          R      mAP50   mAP50-95: 100%|██████████| 8/8 00:19
all       1000        939      0.733       0.24      0.281      0.113
Epoch    GPU_mem   box_loss   obj_loss   cls_loss  Instances       Size
92/99      13.9G     0.0177   0.002538  0.0001592         51        640: 100%|██████████| 17/17 00:04
Class     Images  Instances          P          R      mAP50   mAP50-95: 100%|██████████| 8/8 00:20
all       1000        939      0.722      0.236      0.274      0.111
Epoch    GPU_mem   box_loss   obj_loss   cls_loss  Instances       Size
93/99      13.9G     0.0188   0.002726  0.0001901         58        640: 100%|██████████| 17/17 00:06
Class     Images  Instances          P          R      mAP50   mAP50-95: 100%|██████████| 8/8 00:19
all       1000        939      0.726       0.23      0.274      0.114
Epoch    GPU_mem   box_loss   obj_loss   cls_loss  Instances       Size
94/99      13.9G    0.01752   0.002622  0.0001822         59        640: 100%|██████████| 17/17 00:05
Class     Images  Instances          P          R      mAP50   mAP50-95: 100%|██████████| 8/8 00:19
all       1000        939      0.732      0.232       0.28      0.112
Epoch    GPU_mem   box_loss   obj_loss   cls_loss  Instances       Size
95/99      13.9G    0.01794   0.002701  0.0001296         40        640: 100%|██████████| 17/17 00:04
Class     Images  Instances          P          R      mAP50   mAP50-95: 100%|██████████| 8/8 00:20
all       1000        939      0.729      0.234      0.274      0.109
Epoch    GPU_mem   box_loss   obj_loss   cls_loss  Instances       Size
96/99      13.9G    0.01747   0.002621  0.0003435         43        640: 100%|██████████| 17/17 00:04
Class     Images  Instances          P          R      mAP50   mAP50-95: 100%|██████████| 8/8 00:20
all       1000        939      0.724      0.237      0.276      0.109
Epoch    GPU_mem   box_loss   obj_loss   cls_loss  Instances       Size
97/99      13.9G    0.01731   0.002557  0.0001398         40        640: 100%|██████████| 17/17 00:04
Class     Images  Instances          P          R      mAP50   mAP50-95: 100%|██████████| 8/8 00:21
all       1000        939      0.731      0.238      0.279      0.109
Epoch    GPU_mem   box_loss   obj_loss   cls_loss  Instances       Size
98/99      13.9G    0.01718   0.002587  0.0001164         49        640: 100%|██████████| 17/17 00:04
Class     Images  Instances          P          R      mAP50   mAP50-95: 100%|██████████| 8/8 00:21
all       1000        939      0.733      0.237      0.286      0.117
Epoch    GPU_mem   box_loss   obj_loss   cls_loss  Instances       Size
99/99      13.9G    0.01724   0.002697  0.0002239         53        640: 100%|██████████| 17/17 00:04
Class     Images  Instances          P          R      mAP50   mAP50-95: 100%|██████████| 8/8 00:17
all       1000        939       0.73      0.237      0.283      0.115
100 epochs completed in 0.806 hours.
Optimizer stripped from /home/lijinhe/work/YOLO_Retraining/runs/sequences/0814-214925__seq-current-only__stage0-stage3__yolov5s__s42/tasks/003__stage3__current-only/backend/yolov5/train/weights/last.pt, 14.4MB
Optimizer stripped from /home/lijinhe/work/YOLO_Retraining/runs/sequences/0814-214925__seq-current-only__stage0-stage3__yolov5s__s42/tasks/003__stage3__current-only/backend/yolov5/train/weights/best.pt, 14.4MB
Validating /home/lijinhe/work/YOLO_Retraining/runs/sequences/0814-214925__seq-current-only__stage0-stage3__yolov5s__s42/tasks/003__stage3__current-only/backend/yolov5/train/weights/best.pt...
Fusing layers...
Model summary: 157 layers, 7020913 parameters, 0 gradients, 15.8 GFLOPs
Class     Images  Instances          P          R      mAP50   mAP50-95: 100%|██████████| 8/8 00:14
all       1000        939      0.718      0.406      0.434      0.205
large luggage       1000        358      0.384      0.665      0.563       0.26
stroller       1000        413      0.766      0.557      0.625      0.276
wheelchair       1000        155      0.722      0.403      0.539       0.28
flatbed truck       1000         13          1          0     0.0104    0.00459
Results saved to /home/lijinhe/work/YOLO_Retraining/runs/sequences/0814-214925__seq-current-only__stage0-stage3__yolov5s__s42/tasks/003__stage3__current-only/backend/yolov5/train
[YOLOv5] compacted progress updates: 4683 -> 203 lines
[YOLOv5] coalesced warning: incomplete JPEG accepted read-only; count=2046; by_source=train=1050, val=996
[YOLOv5] warning example: train: WARNING ⚠️ /home/lijinhe/work/YOLO_Retraining/data/self_improving/images/0720_18/08501_1784530604433615_0.jpg: incomplete JPEG accepted read-only
[YOLOv5] warning example: train: WARNING ⚠️ /home/lijinhe/work/YOLO_Retraining/data/self_improving/images/0720_18/08502_1784530613774616_0.jpg: incomplete JPEG accepted read-only
[YOLOv5] warning example: train: WARNING ⚠️ /home/lijinhe/work/YOLO_Retraining/data/self_improving/images/0720_18/08503_1784530614373775_0.jpg: incomplete JPEG accepted read-only
