[Task] output: /home/lijinhe/work/YOLO_Retraining/runs/studies/20260824-182608/sequences/dedup_tau_0p900__seq-full-cold__stage0-stage3__yolov5s__s42/tasks/000__stage0__full-cold
[Task] data: current=2410, candidate=2410, validation=1000, test=1000
[Task] selection: policy=full, selected=2410, groups={'candidate': 2410}, time=0.001s
[Task] training: backend=yolov5, epochs=100, batch=64, device=0
[YOLOv5] epoch 1/100 running
[YOLOv5] validation: all       1000        939     0.0029      0.427     0.0177    0.00417
[YOLOv5] epoch 2/100 running
[YOLOv5] validation: all       1000        939      0.851     0.0587      0.112     0.0334
[YOLOv5] epoch 3/100 running
[YOLOv5] validation: all       1000        939       0.67      0.114      0.103     0.0381
[YOLOv5] epoch 4/100 running
[YOLOv5] validation: all       1000        939       0.67      0.117      0.123     0.0453
[YOLOv5] epoch 5/100 running
[YOLOv5] validation: all       1000        939      0.615      0.148      0.115     0.0384
[YOLOv5] epoch 6/100 running
[YOLOv5] validation: all       1000        939      0.671      0.202      0.188     0.0716
[YOLOv5] epoch 7/100 running
[YOLOv5] validation: all       1000        939      0.662      0.155      0.141     0.0537
[YOLOv5] epoch 8/100 running
[YOLOv5] validation: all       1000        939      0.675      0.214      0.202     0.0759
[YOLOv5] epoch 9/100 running
[YOLOv5] validation: all       1000        939      0.718      0.189      0.205      0.076
[YOLOv5] epoch 10/100 running
[YOLOv5] validation: all       1000        939      0.698      0.223      0.226      0.097
[YOLOv5] epoch 11/100 running
[YOLOv5] validation: all       1000        939      0.715       0.19      0.185     0.0678
[YOLOv5] epoch 12/100 running
[YOLOv5] validation: all       1000        939      0.732      0.185      0.224     0.0886
[YOLOv5] epoch 13/100 running
[YOLOv5] validation: all       1000        939      0.756      0.197      0.274      0.122
[YOLOv5] epoch 14/100 running
[YOLOv5] validation: all       1000        939      0.585      0.127      0.189     0.0853
[YOLOv5] epoch 15/100 running
[YOLOv5] validation: all       1000        939      0.395      0.235      0.177     0.0695
[YOLOv5] epoch 16/100 running
[YOLOv5] validation: all       1000        939      0.758      0.174      0.209      0.087
[YOLOv5] epoch 17/100 running
[YOLOv5] validation: all       1000        939      0.523      0.345      0.276      0.118
[YOLOv5] epoch 18/100 running
[YOLOv5] validation: all       1000        939      0.566      0.312      0.288      0.121
[YOLOv5] epoch 19/100 running
[YOLOv5] validation: all       1000        939      0.759      0.217      0.293      0.122
[YOLOv5] epoch 20/100 running
[YOLOv5] validation: all       1000        939      0.641      0.313       0.32      0.139
[YOLOv5] epoch 21/100 running
[YOLOv5] validation: all       1000        939      0.619        0.2      0.222        0.1
[YOLOv5] epoch 22/100 running
[YOLOv5] validation: all       1000        939      0.647      0.287      0.295      0.125
[YOLOv5] epoch 23/100 running
[YOLOv5] validation: all       1000        939       0.64      0.287      0.306      0.123
[YOLOv5] epoch 24/100 running
[YOLOv5] validation: all       1000        939      0.661      0.338      0.363      0.158
[YOLOv5] epoch 25/100 running
[YOLOv5] validation: all       1000        939      0.674      0.331      0.342      0.154
[YOLOv5] epoch 26/100 running
[YOLOv5] validation: all       1000        939      0.651      0.349       0.35      0.156
[YOLOv5] epoch 27/100 running
[YOLOv5] validation: all       1000        939      0.657      0.304      0.333      0.138
[YOLOv5] epoch 28/100 running
[YOLOv5] validation: all       1000        939      0.692      0.332      0.357      0.169
[YOLOv5] epoch 29/100 running
[YOLOv5] validation: all       1000        939      0.668      0.331      0.341      0.146
[YOLOv5] epoch 30/100 running
[YOLOv5] validation: all       1000        939      0.679      0.303      0.317      0.131
[YOLOv5] epoch 31/100 running
[YOLOv5] validation: all       1000        939      0.676      0.318      0.328      0.143
[YOLOv5] epoch 32/100 running
[YOLOv5] validation: all       1000        939      0.691      0.299      0.319      0.136
[YOLOv5] epoch 33/100 running
[YOLOv5] validation: all       1000        939        0.7      0.331      0.362       0.17
[YOLOv5] epoch 34/100 running
[YOLOv5] validation: all       1000        939      0.702      0.344      0.359       0.16
[YOLOv5] epoch 35/100 running
[YOLOv5] validation: all       1000        939      0.732      0.319       0.36       0.17
[YOLOv5] epoch 36/100 running
[YOLOv5] validation: all       1000        939      0.712      0.298      0.333      0.148
[YOLOv5] epoch 37/100 running
[YOLOv5] validation: all       1000        939      0.701      0.336       0.37      0.166
[YOLOv5] epoch 38/100 running
[YOLOv5] validation: all       1000        939       0.71      0.337      0.364      0.166
[YOLOv5] epoch 39/100 running
[YOLOv5] validation: all       1000        939      0.725      0.322      0.359      0.166
[YOLOv5] epoch 40/100 running
[YOLOv5] validation: all       1000        939      0.707      0.355      0.381      0.168
[YOLOv5] epoch 41/100 running
[YOLOv5] validation: all       1000        939       0.71      0.326       0.37      0.172
[YOLOv5] epoch 42/100 running
[YOLOv5] validation: all       1000        939      0.699      0.348      0.378      0.175
[YOLOv5] epoch 43/100 running
[YOLOv5] validation: all       1000        939      0.758      0.344      0.397      0.189
[YOLOv5] epoch 44/100 running
[YOLOv5] validation: all       1000        939      0.698      0.353      0.366      0.169
[YOLOv5] epoch 45/100 running
[YOLOv5] validation: all       1000        939      0.716      0.346      0.384      0.181
[YOLOv5] epoch 46/100 running
[YOLOv5] validation: all       1000        939      0.674      0.366      0.381      0.168
[YOLOv5] epoch 47/100 running
[YOLOv5] validation: all       1000        939      0.735      0.335      0.362      0.154
[YOLOv5] epoch 48/100 running
[YOLOv5] validation: all       1000        939      0.766       0.33      0.373       0.18
[YOLOv5] epoch 49/100 running
[YOLOv5] validation: all       1000        939      0.716      0.372      0.396      0.187
[YOLOv5] epoch 50/100 running
[YOLOv5] validation: all       1000        939      0.751      0.333      0.379      0.176
[YOLOv5] epoch 51/100 running
[YOLOv5] validation: all       1000        939      0.726      0.331      0.366      0.169
[YOLOv5] epoch 52/100 running
[YOLOv5] validation: all       1000        939       0.71      0.359      0.378      0.181
[YOLOv5] epoch 53/100 running
[YOLOv5] validation: all       1000        939      0.746      0.324      0.368      0.169
[YOLOv5] epoch 54/100 running
[YOLOv5] validation: all       1000        939      0.731      0.371      0.399      0.192
[YOLOv5] epoch 55/100 running
[YOLOv5] validation: all       1000        939      0.725      0.345      0.376      0.175
[YOLOv5] epoch 56/100 running
[YOLOv5] validation: all       1000        939      0.725      0.366      0.388      0.188
[YOLOv5] epoch 57/100 running
[YOLOv5] validation: all       1000        939      0.747      0.332      0.378      0.181
[YOLOv5] epoch 58/100 running
[YOLOv5] validation: all       1000        939      0.804      0.325      0.397      0.196
[YOLOv5] epoch 59/100 running
[YOLOv5] validation: all       1000        939      0.742      0.335       0.37      0.172
[YOLOv5] epoch 60/100 running
[YOLOv5] validation: all       1000        939       0.73       0.37      0.405      0.197
[YOLOv5] epoch 61/100 running
[YOLOv5] validation: all       1000        939      0.735      0.361      0.398      0.193
[YOLOv5] epoch 62/100 running
[YOLOv5] validation: all       1000        939      0.752      0.352      0.394      0.184
[YOLOv5] epoch 63/100 running
[YOLOv5] validation: all       1000        939      0.769      0.347      0.405      0.204
[YOLOv5] epoch 64/100 running
[YOLOv5] validation: all       1000        939      0.742      0.333      0.388      0.203
[YOLOv5] epoch 65/100 running
[YOLOv5] validation: all       1000        939      0.761      0.334      0.373      0.173
[YOLOv5] epoch 66/100 running
[YOLOv5] validation: all       1000        939      0.738      0.336       0.37      0.182
[YOLOv5] epoch 67/100 running
[YOLOv5] validation: all       1000        939      0.739      0.343      0.384      0.194
[YOLOv5] epoch 68/100 running
[YOLOv5] validation: all       1000        939      0.742      0.333      0.365      0.183
[YOLOv5] epoch 69/100 running
[YOLOv5] validation: all       1000        939      0.771       0.33      0.377      0.184
[YOLOv5] epoch 70/100 running
[YOLOv5] validation: all       1000        939      0.713      0.372      0.383      0.188
[YOLOv5] epoch 71/100 running
[YOLOv5] validation: all       1000        939       0.73      0.356       0.39      0.196
[YOLOv5] epoch 72/100 running
[YOLOv5] validation: all       1000        939      0.724      0.357      0.386      0.198
[YOLOv5] epoch 73/100 running
[YOLOv5] validation: all       1000        939      0.771      0.338      0.382      0.192
[YOLOv5] epoch 74/100 running
[YOLOv5] validation: all       1000        939        0.8      0.286      0.357      0.181
[YOLOv5] epoch 75/100 running
[YOLOv5] validation: all       1000        939      0.729      0.334      0.381       0.19
[YOLOv5] epoch 76/100 running
[YOLOv5] validation: all       1000        939      0.753      0.329      0.379      0.185
[YOLOv5] epoch 77/100 running
[YOLOv5] validation: all       1000        939       0.74      0.334      0.374      0.184
[YOLOv5] epoch 78/100 running
[YOLOv5] validation: all       1000        939      0.753      0.304      0.354      0.171
[YOLOv5] epoch 79/100 running
[YOLOv5] validation: all       1000        939      0.755      0.336      0.377      0.189
[YOLOv5] epoch 80/100 running
[YOLOv5] validation: all       1000        939      0.752      0.354      0.387      0.189
[YOLOv5] epoch 81/100 running
[YOLOv5] validation: all       1000        939      0.762      0.359      0.397      0.201
[YOLOv5] epoch 82/100 running
[YOLOv5] validation: all       1000        939      0.739      0.326      0.368      0.179
[YOLOv5] epoch 83/100 running
[YOLOv5] validation: all       1000        939      0.741      0.359      0.394      0.196
[YOLOv5] epoch 84/100 running
[YOLOv5] validation: all       1000        939      0.726      0.366      0.393      0.207
[YOLOv5] epoch 85/100 running
[YOLOv5] validation: all       1000        939      0.769      0.354      0.386      0.201
[YOLOv5] epoch 86/100 running
[YOLOv5] validation: all       1000        939       0.77      0.334      0.382      0.193
[YOLOv5] epoch 87/100 running
[YOLOv5] validation: all       1000        939      0.773      0.331      0.384      0.193
[YOLOv5] epoch 88/100 running
[YOLOv5] validation: all       1000        939       0.74      0.347      0.375      0.191
[YOLOv5] epoch 89/100 running
[YOLOv5] validation: all       1000        939      0.734      0.354      0.383      0.195
[YOLOv5] epoch 90/100 running
[YOLOv5] validation: all       1000        939       0.79      0.333      0.386      0.196
[YOLOv5] epoch 91/100 running
[YOLOv5] validation: all       1000        939      0.751      0.343      0.376      0.197
[YOLOv5] epoch 92/100 running
[YOLOv5] validation: all       1000        939      0.477      0.342      0.372      0.186
[YOLOv5] epoch 93/100 running
[YOLOv5] validation: all       1000        939       0.77      0.336      0.385      0.197
[YOLOv5] epoch 94/100 running
[YOLOv5] validation: all       1000        939      0.777      0.333      0.382      0.195
[YOLOv5] epoch 95/100 running
[YOLOv5] validation: all       1000        939       0.75      0.346      0.381      0.196
[YOLOv5] epoch 96/100 running
[YOLOv5] validation: all       1000        939      0.515      0.347      0.382      0.198
[YOLOv5] epoch 97/100 running
[YOLOv5] validation: all       1000        939      0.502      0.342      0.382      0.193
[YOLOv5] epoch 98/100 running
[YOLOv5] validation: all       1000        939      0.481      0.354      0.384      0.196
[YOLOv5] epoch 99/100 running
[YOLOv5] validation: all       1000        939      0.497      0.344      0.381      0.195
[YOLOv5] epoch 100/100 running
[YOLOv5] validation: all       1000        939      0.492      0.353      0.383      0.195
[YOLOv5] 100 epochs completed in 0.379 hours.
[YOLOv5] validation: all       1000        939       0.73       0.37      0.405      0.197
[Task] training completed: 1582.4s
[Task] evaluating: checkpoint=last, group=test, samples=1000
[YOLOv5] validation: all       1000        430      0.756      0.336      0.372      0.149
[Task] evaluation: checkpoint=last, group=test, mAP50-95=0.1487, mAP50=0.3716, time=80.8s
[Task] evaluating: checkpoint=best, group=test, samples=1000
[YOLOv5] validation: all       1000        430      0.757      0.306      0.342      0.141
[Task] evaluation: checkpoint=best, group=test, mAP50-95=0.1414, mAP50=0.3419, time=82.2s
[Task] completed: evaluation=163.0s, output=/home/lijinhe/work/YOLO_Retraining/runs/studies/20260824-182608/sequences/dedup_tau_0p900__seq-full-cold__stage0-stage3__yolov5s__s42/tasks/000__stage0__full-cold
[Task] output: /home/lijinhe/work/YOLO_Retraining/runs/studies/20260824-182608/sequences/dedup_tau_0p900__seq-full-cold__stage0-stage3__yolov5s__s42/tasks/001__stage1__full-cold
[Task] data: current=450, candidate=2860, validation=1000, test=1000
[Task] selection: policy=full, selected=2860, groups={'candidate': 2860}, time=0.001s
[Task] training: backend=yolov5, epochs=100, batch=64, device=0
[YOLOv5] epoch 1/100 running
[YOLOv5] validation: all       1000        939    0.00145      0.301    0.00483    0.00125
[YOLOv5] epoch 2/100 running
[YOLOv5] validation: all       1000        939      0.819     0.0552     0.0582     0.0152
[YOLOv5] epoch 3/100 running
[YOLOv5] validation: all       1000        939      0.617      0.167     0.0998     0.0322
[YOLOv5] epoch 4/100 running
[YOLOv5] validation: all       1000        939       0.66      0.168       0.14     0.0514
[YOLOv5] epoch 5/100 running
[YOLOv5] validation: all       1000        939      0.664       0.14      0.156      0.061
[YOLOv5] epoch 6/100 running
[YOLOv5] validation: all       1000        939      0.733     0.0505     0.0524     0.0211
[YOLOv5] epoch 7/100 running
[YOLOv5] validation: all       1000        939      0.637      0.102     0.0858     0.0336
[YOLOv5] epoch 8/100 running
[YOLOv5] validation: all       1000        939      0.687      0.147      0.168     0.0607
[YOLOv5] epoch 9/100 running
[YOLOv5] validation: all       1000        939      0.692      0.189      0.207     0.0845
[YOLOv5] epoch 10/100 running
[YOLOv5] validation: all       1000        939      0.745      0.186      0.248      0.101
[YOLOv5] epoch 11/100 running
[YOLOv5] validation: all       1000        939      0.698      0.188        0.2     0.0785
[YOLOv5] epoch 12/100 running
[YOLOv5] validation: all       1000        939      0.714      0.159      0.222     0.0983
[YOLOv5] epoch 13/100 running
[YOLOv5] validation: all       1000        939      0.721      0.204      0.245     0.0973
[YOLOv5] epoch 14/100 running
[YOLOv5] validation: all       1000        939      0.512      0.237      0.208     0.0796
[YOLOv5] epoch 15/100 running
[YOLOv5] validation: all       1000        939      0.738      0.186      0.224     0.0878
[YOLOv5] epoch 16/100 running
[YOLOv5] validation: all       1000        939      0.556      0.246      0.235     0.0944
[YOLOv5] epoch 17/100 running
[YOLOv5] validation: all       1000        939      0.562      0.274      0.242      0.107
[YOLOv5] epoch 18/100 running
[YOLOv5] validation: all       1000        939      0.611      0.259      0.265       0.11
[YOLOv5] epoch 19/100 running
[YOLOv5] validation: all       1000        939      0.599      0.273      0.272      0.114
[YOLOv5] epoch 20/100 running
[YOLOv5] validation: all       1000        939      0.682      0.256      0.304      0.135
[YOLOv5] epoch 21/100 running
[YOLOv5] validation: all       1000        939      0.636      0.309      0.304       0.14
[YOLOv5] epoch 22/100 running
[YOLOv5] validation: all       1000        939      0.672      0.282      0.306       0.13
[YOLOv5] epoch 23/100 running
[YOLOv5] validation: all       1000        939      0.645      0.303       0.31      0.136
[YOLOv5] epoch 24/100 running
[YOLOv5] validation: all       1000        939      0.616      0.298      0.307      0.136
[YOLOv5] epoch 25/100 running
[YOLOv5] validation: all       1000        939      0.699      0.317      0.351      0.154
[YOLOv5] epoch 26/100 running
[YOLOv5] validation: all       1000        939      0.658      0.297      0.332      0.142
[YOLOv5] epoch 27/100 running
[YOLOv5] validation: all       1000        939      0.664      0.327      0.345      0.146
[YOLOv5] epoch 28/100 running
[YOLOv5] validation: all       1000        939      0.648      0.332      0.347      0.162
[YOLOv5] epoch 29/100 running
[YOLOv5] validation: all       1000        939      0.699      0.326      0.358      0.163
[YOLOv5] epoch 30/100 running
[YOLOv5] validation: all       1000        939      0.654      0.326      0.339      0.155
[YOLOv5] epoch 31/100 running
[YOLOv5] validation: all       1000        939      0.619      0.308        0.3      0.132
[YOLOv5] epoch 32/100 running
[YOLOv5] validation: all       1000        939      0.696      0.296      0.327       0.15
[YOLOv5] epoch 33/100 running
[YOLOv5] validation: all       1000        939      0.699      0.341       0.37      0.167
[YOLOv5] epoch 34/100 running
[YOLOv5] validation: all       1000        939      0.646      0.312      0.311      0.135
[YOLOv5] epoch 35/100 running
[YOLOv5] validation: all       1000        939      0.639      0.321      0.318      0.141
[YOLOv5] epoch 36/100 running
[YOLOv5] validation: all       1000        939      0.657      0.329      0.344       0.15
[YOLOv5] epoch 37/100 running
[YOLOv5] validation: all       1000        939      0.658      0.284      0.311      0.139
[YOLOv5] epoch 38/100 running
[YOLOv5] validation: all       1000        939       0.72      0.336      0.371      0.173
[YOLOv5] epoch 39/100 running
[YOLOv5] validation: all       1000        939      0.712      0.338      0.382      0.175
[YOLOv5] epoch 40/100 running
[YOLOv5] validation: all       1000        939      0.744       0.32      0.377      0.179
[YOLOv5] epoch 41/100 running
[YOLOv5] validation: all       1000        939      0.713      0.348      0.374      0.169
[YOLOv5] epoch 42/100 running
[YOLOv5] validation: all       1000        939      0.754      0.312      0.363       0.17
[YOLOv5] epoch 43/100 running
[YOLOv5] validation: all       1000        939      0.715      0.328      0.373      0.162
[YOLOv5] epoch 44/100 running
[YOLOv5] validation: all       1000        939      0.715      0.326       0.36      0.164
[YOLOv5] epoch 45/100 running
[YOLOv5] validation: all       1000        939      0.753      0.331      0.382      0.176
[YOLOv5] epoch 46/100 running
[YOLOv5] validation: all       1000        939       0.73      0.352      0.388      0.188
[YOLOv5] epoch 47/100 running
[YOLOv5] validation: all       1000        939       0.68      0.373      0.381      0.178
[YOLOv5] epoch 48/100 running
[YOLOv5] validation: all       1000        939      0.763      0.321      0.369      0.174
[YOLOv5] epoch 49/100 running
[YOLOv5] validation: all       1000        939       0.75      0.317      0.353      0.157
[YOLOv5] epoch 50/100 running
[YOLOv5] validation: all       1000        939      0.727       0.35      0.384       0.19
[YOLOv5] epoch 51/100 running
[YOLOv5] validation: all       1000        939      0.731      0.352      0.384      0.188
[YOLOv5] epoch 52/100 running
[YOLOv5] validation: all       1000        939      0.772      0.355      0.405      0.194
[YOLOv5] epoch 53/100 running
[YOLOv5] validation: all       1000        939      0.706       0.35      0.373      0.183
[YOLOv5] epoch 54/100 running
[YOLOv5] validation: all       1000        939      0.714      0.367      0.387      0.184
[YOLOv5] epoch 55/100 running
[YOLOv5] validation: all       1000        939       0.78      0.366      0.403       0.19
[YOLOv5] epoch 56/100 running
[YOLOv5] validation: all       1000        939      0.748      0.368      0.406      0.195
[YOLOv5] epoch 57/100 running
[YOLOv5] validation: all       1000        939      0.739      0.353      0.396      0.182
[YOLOv5] epoch 58/100 running
[YOLOv5] validation: all       1000        939      0.732      0.348      0.381      0.179
[YOLOv5] epoch 59/100 running
[YOLOv5] validation: all       1000        939      0.766      0.343      0.384       0.18
[YOLOv5] epoch 60/100 running
[YOLOv5] validation: all       1000        939      0.781      0.337      0.393      0.188
[YOLOv5] epoch 61/100 running
[YOLOv5] validation: all       1000        939       0.75      0.368       0.41      0.208
[YOLOv5] epoch 62/100 running
[YOLOv5] validation: all       1000        939       0.75      0.365      0.393      0.181
[YOLOv5] epoch 63/100 running
[YOLOv5] validation: all       1000        939      0.789       0.33       0.39      0.188
[YOLOv5] epoch 64/100 running
[YOLOv5] validation: all       1000        939      0.735      0.365      0.396      0.191
[YOLOv5] epoch 65/100 running
[YOLOv5] validation: all       1000        939      0.737      0.332      0.376      0.186
[YOLOv5] epoch 66/100 running
[YOLOv5] validation: all       1000        939      0.715      0.379        0.4      0.195
[YOLOv5] epoch 67/100 running
[YOLOv5] validation: all       1000        939      0.721      0.347      0.394      0.193
[YOLOv5] epoch 68/100 running
[YOLOv5] validation: all       1000        939      0.792      0.348      0.418      0.204
[YOLOv5] epoch 69/100 running
[YOLOv5] validation: all       1000        939      0.749      0.357      0.398      0.197
[YOLOv5] epoch 70/100 running
[YOLOv5] validation: all       1000        939      0.777      0.354      0.404      0.204
[YOLOv5] epoch 71/100 running
[YOLOv5] validation: all       1000        939      0.752      0.375      0.409      0.206
[YOLOv5] epoch 72/100 running
[YOLOv5] validation: all       1000        939      0.731      0.382       0.41      0.197
[YOLOv5] epoch 73/100 running
[YOLOv5] validation: all       1000        939      0.723      0.359      0.388       0.19
[YOLOv5] epoch 74/100 running
[YOLOv5] validation: all       1000        939      0.772      0.331      0.379      0.185
[YOLOv5] epoch 75/100 running
[YOLOv5] validation: all       1000        939      0.724      0.363      0.386      0.194
[YOLOv5] epoch 76/100 running
[YOLOv5] validation: all       1000        939      0.753      0.343      0.392      0.189
[YOLOv5] epoch 77/100 running
[YOLOv5] validation: all       1000        939       0.75      0.346      0.385      0.186
[YOLOv5] epoch 78/100 running
[YOLOv5] validation: all       1000        939      0.461      0.369      0.394      0.199
[YOLOv5] epoch 79/100 running
[YOLOv5] validation: all       1000        939      0.786      0.335      0.383      0.187
[YOLOv5] epoch 80/100 running
[YOLOv5] validation: all       1000        939      0.732      0.338      0.375      0.184
[YOLOv5] epoch 81/100 running
[YOLOv5] validation: all       1000        939      0.788      0.329      0.396      0.194
[YOLOv5] epoch 82/100 running
[YOLOv5] validation: all       1000        939      0.792      0.332      0.391      0.189
[YOLOv5] epoch 83/100 running
[YOLOv5] validation: all       1000        939      0.755      0.348       0.39      0.195
[YOLOv5] epoch 84/100 running
[YOLOv5] validation: all       1000        939      0.755      0.377      0.403      0.205
[YOLOv5] epoch 85/100 running
[YOLOv5] validation: all       1000        939      0.734      0.375      0.394      0.197
[YOLOv5] epoch 86/100 running
[YOLOv5] validation: all       1000        939      0.734      0.365      0.392      0.192
[YOLOv5] epoch 87/100 running
[YOLOv5] validation: all       1000        939      0.739      0.364      0.393      0.193
[YOLOv5] epoch 88/100 running
[YOLOv5] validation: all       1000        939      0.766       0.34      0.387      0.191
[YOLOv5] epoch 89/100 running
[YOLOv5] validation: all       1000        939      0.771      0.349      0.398      0.198
[YOLOv5] epoch 90/100 running
[YOLOv5] validation: all       1000        939      0.768      0.341      0.394      0.204
[YOLOv5] epoch 91/100 running
[YOLOv5] validation: all       1000        939      0.741      0.363      0.403      0.201
[YOLOv5] epoch 92/100 running
[YOLOv5] validation: all       1000        939      0.757      0.359      0.397        0.2
[YOLOv5] epoch 93/100 running
[YOLOv5] validation: all       1000        939      0.763      0.361      0.397      0.202
[YOLOv5] epoch 94/100 running
[YOLOv5] validation: all       1000        939      0.732      0.353       0.39      0.199
[YOLOv5] epoch 95/100 running
[YOLOv5] validation: all       1000        939      0.735      0.358      0.388      0.198
[YOLOv5] epoch 96/100 running
[YOLOv5] validation: all       1000        939      0.743      0.344      0.389      0.195
[YOLOv5] epoch 97/100 running
[YOLOv5] validation: all       1000        939      0.711      0.361      0.384      0.194
[YOLOv5] epoch 98/100 running
[YOLOv5] validation: all       1000        939      0.723      0.363      0.389      0.196
[YOLOv5] epoch 99/100 running
[YOLOv5] validation: all       1000        939      0.712      0.367      0.388      0.196
[YOLOv5] epoch 100/100 running
[YOLOv5] validation: all       1000        939      0.743       0.35      0.389      0.198
[YOLOv5] 100 epochs completed in 0.445 hours.
[YOLOv5] validation: all       1000        939      0.792      0.348      0.418      0.204
[Task] training completed: 1837.7s
[Task] evaluating: checkpoint=last, group=test, samples=1000
[YOLOv5] validation: all       1000        430       0.76      0.345      0.377      0.155
[Task] evaluation: checkpoint=last, group=test, mAP50-95=0.1547, mAP50=0.3765, time=73.0s
[Task] evaluating: checkpoint=best, group=test, samples=1000
[YOLOv5] validation: all       1000        430       0.78      0.345       0.38      0.165
[Task] evaluation: checkpoint=best, group=test, mAP50-95=0.1653, mAP50=0.3798, time=81.0s
[Task] completed: evaluation=154.1s, output=/home/lijinhe/work/YOLO_Retraining/runs/studies/20260824-182608/sequences/dedup_tau_0p900__seq-full-cold__stage0-stage3__yolov5s__s42/tasks/001__stage1__full-cold
[Task] output: /home/lijinhe/work/YOLO_Retraining/runs/studies/20260824-182608/sequences/dedup_tau_0p900__seq-full-cold__stage0-stage3__yolov5s__s42/tasks/002__stage2__full-cold
[Task] data: current=537, candidate=3397, validation=1000, test=1000
[Task] selection: policy=full, selected=3397, groups={'candidate': 3397}, time=0.001s
[Task] training: backend=yolov5, epochs=100, batch=64, device=0
[YOLOv5] epoch 1/100 running
[YOLOv5] validation: all       1000        939    0.00183      0.314    0.00439    0.00101
[YOLOv5] epoch 2/100 running
[YOLOv5] validation: all       1000        939      0.578       0.15     0.0803     0.0282
[YOLOv5] epoch 3/100 running
[YOLOv5] validation: all       1000        939       0.66      0.141      0.121     0.0345
[YOLOv5] epoch 4/100 running
[YOLOv5] validation: all       1000        939      0.347      0.205     0.0714     0.0267
[YOLOv5] epoch 5/100 running
[YOLOv5] validation: all       1000        939      0.575        0.1     0.0519     0.0167
[YOLOv5] epoch 6/100 running
[YOLOv5] validation: all       1000        939      0.652      0.137      0.143     0.0507
[YOLOv5] epoch 7/100 running
[YOLOv5] validation: all       1000        939      0.614      0.174      0.108     0.0405
[YOLOv5] epoch 8/100 running
[YOLOv5] validation: all       1000        939      0.705      0.153      0.175     0.0645
[YOLOv5] epoch 9/100 running
[YOLOv5] validation: all       1000        939      0.648      0.147      0.135     0.0499
[YOLOv5] epoch 10/100 running
[YOLOv5] validation: all       1000        939      0.688      0.187      0.209     0.0825
[YOLOv5] epoch 11/100 running
[YOLOv5] validation: all       1000        939      0.758       0.14      0.181     0.0622
[YOLOv5] epoch 12/100 running
[YOLOv5] validation: all       1000        939      0.767      0.184      0.257      0.115
[YOLOv5] epoch 13/100 running
[YOLOv5] validation: all       1000        939       0.76      0.199      0.253      0.105
[YOLOv5] epoch 14/100 running
[YOLOv5] validation: all       1000        939      0.735      0.206      0.207     0.0827
[YOLOv5] epoch 15/100 running
[YOLOv5] validation: all       1000        939      0.758      0.236       0.26      0.108
[YOLOv5] epoch 16/100 running
[YOLOv5] validation: all       1000        939      0.739      0.208      0.289      0.119
[YOLOv5] epoch 17/100 running
[YOLOv5] validation: all       1000        939       0.78      0.213       0.32      0.138
[YOLOv5] epoch 18/100 running
[YOLOv5] validation: all       1000        939      0.556      0.335      0.296      0.119
[YOLOv5] epoch 19/100 running
[YOLOv5] validation: all       1000        939       0.69      0.237      0.244      0.106
[YOLOv5] epoch 20/100 running
[YOLOv5] validation: all       1000        939      0.775      0.189      0.263      0.112
[YOLOv5] epoch 21/100 running
[YOLOv5] validation: all       1000        939       0.61      0.328      0.315       0.13
[YOLOv5] epoch 22/100 running
[YOLOv5] validation: all       1000        939      0.608      0.303      0.305      0.127
[YOLOv5] epoch 23/100 running
[YOLOv5] validation: all       1000        939      0.722      0.334      0.376      0.183
[YOLOv5] epoch 24/100 running
[YOLOv5] validation: all       1000        939      0.638      0.337      0.342      0.156
[YOLOv5] epoch 25/100 running
[YOLOv5] validation: all       1000        939      0.661      0.311      0.312      0.125
[YOLOv5] epoch 26/100 running
[YOLOv5] validation: all       1000        939      0.674      0.301      0.333       0.14
[YOLOv5] epoch 27/100 running
[YOLOv5] validation: all       1000        939      0.688      0.306      0.324      0.146
[YOLOv5] epoch 28/100 running
[YOLOv5] validation: all       1000        939      0.776      0.275       0.34      0.156
[YOLOv5] epoch 29/100 running
[YOLOv5] validation: all       1000        939      0.629      0.295       0.31      0.129
[YOLOv5] epoch 30/100 running
[YOLOv5] validation: all       1000        939      0.707      0.355      0.383      0.175
[YOLOv5] epoch 31/100 running
[YOLOv5] validation: all       1000        939      0.742      0.365      0.406      0.195
[YOLOv5] epoch 32/100 running
[YOLOv5] validation: all       1000        939      0.697       0.34      0.375       0.17
[YOLOv5] epoch 33/100 running
[YOLOv5] validation: all       1000        939      0.747       0.28      0.337      0.162
[YOLOv5] epoch 34/100 running
[YOLOv5] validation: all       1000        939      0.728      0.286      0.325      0.135
[YOLOv5] epoch 35/100 running
[YOLOv5] validation: all       1000        939      0.675      0.349      0.374      0.177
[YOLOv5] epoch 36/100 running
[YOLOv5] validation: all       1000        939      0.713      0.331      0.378      0.177
[YOLOv5] epoch 37/100 running
[YOLOv5] validation: all       1000        939      0.684      0.338      0.354      0.163
[YOLOv5] epoch 38/100 running
[YOLOv5] validation: all       1000        939      0.778      0.317       0.38      0.181
[YOLOv5] epoch 39/100 running
[YOLOv5] validation: all       1000        939      0.691      0.289      0.332      0.154
[YOLOv5] epoch 40/100 running
[YOLOv5] validation: all       1000        939      0.692      0.346      0.382      0.179
[YOLOv5] epoch 41/100 running
[YOLOv5] validation: all       1000        939      0.731      0.354      0.386      0.186
[YOLOv5] epoch 42/100 running
[YOLOv5] validation: all       1000        939      0.698      0.374      0.381      0.182
[YOLOv5] epoch 43/100 running
[YOLOv5] validation: all       1000        939      0.675      0.356      0.368      0.181
[YOLOv5] epoch 44/100 running
[YOLOv5] validation: all       1000        939      0.714      0.317       0.35      0.162
[YOLOv5] epoch 45/100 running
[YOLOv5] validation: all       1000        939      0.745      0.319      0.373      0.177
[YOLOv5] epoch 46/100 running
[YOLOv5] validation: all       1000        939      0.714      0.317      0.354      0.163
[YOLOv5] epoch 47/100 running
[YOLOv5] validation: all       1000        939      0.712      0.326      0.355      0.163
[YOLOv5] epoch 48/100 running
[YOLOv5] validation: all       1000        939      0.737      0.378      0.396       0.19
[YOLOv5] epoch 49/100 running
[YOLOv5] validation: all       1000        939      0.727      0.321      0.353      0.156
[YOLOv5] epoch 50/100 running
[YOLOv5] validation: all       1000        939      0.748      0.381      0.408      0.204
[YOLOv5] epoch 51/100 running
[YOLOv5] validation: all       1000        939      0.712      0.339      0.359      0.177
[YOLOv5] epoch 52/100 running
[YOLOv5] validation: all       1000        939      0.719      0.342      0.364      0.171
[YOLOv5] epoch 53/100 running
[YOLOv5] validation: all       1000        939      0.706      0.357      0.372      0.173
[YOLOv5] epoch 54/100 running
[YOLOv5] validation: all       1000        939      0.732      0.346      0.379      0.188
[YOLOv5] epoch 55/100 running
[YOLOv5] validation: all       1000        939      0.693      0.358      0.372      0.181
[YOLOv5] epoch 56/100 running
[YOLOv5] validation: all       1000        939      0.731      0.335      0.376      0.179
[YOLOv5] epoch 57/100 running
[YOLOv5] validation: all       1000        939      0.691      0.356      0.369      0.175
[YOLOv5] epoch 58/100 running
[YOLOv5] validation: all       1000        939      0.701      0.335       0.36      0.171
[YOLOv5] epoch 59/100 running
[YOLOv5] validation: all       1000        939      0.706       0.32      0.339      0.166
[YOLOv5] epoch 60/100 running
[YOLOv5] validation: all       1000        939       0.72      0.323      0.354      0.169
[YOLOv5] epoch 61/100 running
[YOLOv5] validation: all       1000        939      0.718      0.359      0.373      0.179
[YOLOv5] epoch 62/100 running
[YOLOv5] validation: all       1000        939      0.683      0.361       0.39      0.196
[YOLOv5] epoch 63/100 running
[YOLOv5] validation: all       1000        939      0.694      0.357      0.373      0.174
[YOLOv5] epoch 64/100 running
[YOLOv5] validation: all       1000        939      0.689      0.367      0.388      0.191
[YOLOv5] epoch 65/100 running
[YOLOv5] validation: all       1000        939       0.73      0.349      0.377      0.183
[YOLOv5] epoch 66/100 running
[YOLOv5] validation: all       1000        939      0.782      0.347      0.391      0.188
[YOLOv5] epoch 67/100 running
[YOLOv5] validation: all       1000        939      0.718      0.368      0.398      0.195
[YOLOv5] epoch 68/100 running
[YOLOv5] validation: all       1000        939      0.744      0.354       0.38      0.188
[YOLOv5] epoch 69/100 running
[YOLOv5] validation: all       1000        939      0.758      0.343       0.38      0.184
[YOLOv5] epoch 70/100 running
[YOLOv5] validation: all       1000        939      0.784      0.312      0.358      0.176
[YOLOv5] epoch 71/100 running
[YOLOv5] validation: all       1000        939      0.772      0.338      0.377      0.184
[YOLOv5] epoch 72/100 running
[YOLOv5] validation: all       1000        939      0.731      0.368      0.393       0.19
[YOLOv5] epoch 73/100 running
[YOLOv5] validation: all       1000        939      0.761      0.334      0.372      0.181
[YOLOv5] epoch 74/100 running
[YOLOv5] validation: all       1000        939      0.736      0.358      0.386      0.192
[YOLOv5] epoch 75/100 running
[YOLOv5] validation: all       1000        939      0.743      0.354      0.384       0.19
[YOLOv5] epoch 76/100 running
[YOLOv5] validation: all       1000        939      0.753      0.351      0.378       0.19
[YOLOv5] epoch 77/100 running
[YOLOv5] validation: all       1000        939      0.741      0.355      0.386       0.19
[YOLOv5] epoch 78/100 running
[YOLOv5] validation: all       1000        939      0.726       0.37      0.388      0.202
[YOLOv5] epoch 79/100 running
[YOLOv5] validation: all       1000        939      0.704      0.351      0.368      0.183
[YOLOv5] epoch 80/100 running
[YOLOv5] validation: all       1000        939      0.785      0.328      0.381       0.19
[YOLOv5] epoch 81/100 running
[YOLOv5] validation: all       1000        939      0.774      0.361      0.398      0.199
[YOLOv5] epoch 82/100 running
[YOLOv5] validation: all       1000        939      0.748      0.358      0.394      0.203
[YOLOv5] epoch 83/100 running
[YOLOv5] validation: all       1000        939      0.763      0.349      0.396        0.2
[YOLOv5] epoch 84/100 running
[YOLOv5] validation: all       1000        939      0.757      0.366      0.394      0.198
[YOLOv5] epoch 85/100 running
[YOLOv5] validation: all       1000        939      0.772      0.351      0.385      0.194
[YOLOv5] epoch 86/100 running
[YOLOv5] validation: all       1000        939       0.73      0.356      0.387      0.194
[YOLOv5] epoch 87/100 running
[YOLOv5] validation: all       1000        939      0.738      0.385      0.408      0.203
[YOLOv5] epoch 88/100 running
[YOLOv5] validation: all       1000        939      0.766      0.359      0.401      0.203
[YOLOv5] epoch 89/100 running
[YOLOv5] validation: all       1000        939      0.752      0.359      0.395        0.2
[YOLOv5] epoch 90/100 running
[YOLOv5] validation: all       1000        939      0.751      0.368      0.406      0.204
[YOLOv5] epoch 91/100 running
[YOLOv5] validation: all       1000        939      0.744      0.364      0.398      0.199
[YOLOv5] epoch 92/100 running
[YOLOv5] validation: all       1000        939      0.735      0.363      0.398      0.195
[YOLOv5] epoch 93/100 running
[YOLOv5] validation: all       1000        939      0.743      0.363      0.401      0.202
[YOLOv5] epoch 94/100 running
[YOLOv5] validation: all       1000        939      0.762       0.36      0.394      0.196
[YOLOv5] epoch 95/100 running
[YOLOv5] validation: all       1000        939      0.763      0.362      0.396      0.196
[YOLOv5] epoch 96/100 running
[YOLOv5] validation: all       1000        939      0.747      0.365      0.392      0.198
[YOLOv5] epoch 97/100 running
[YOLOv5] validation: all       1000        939      0.768      0.353      0.395      0.199
[YOLOv5] epoch 98/100 running
[YOLOv5] validation: all       1000        939      0.773      0.353        0.4      0.205
[YOLOv5] epoch 99/100 running
[YOLOv5] validation: all       1000        939      0.734      0.373      0.395      0.198
[YOLOv5] epoch 100/100 running
[YOLOv5] validation: all       1000        939      0.758      0.358      0.396      0.196
[YOLOv5] 100 epochs completed in 0.528 hours.
[YOLOv5] validation: all       1000        939      0.749       0.38      0.408      0.205
[Task] training completed: 2134.6s
[Task] evaluating: checkpoint=last, group=test, samples=1000
[YOLOv5] validation: all       1000        430      0.762      0.322      0.372      0.153
[Task] evaluation: checkpoint=last, group=test, mAP50-95=0.1534, mAP50=0.3724, time=80.2s
[Task] evaluating: checkpoint=best, group=test, samples=1000
[YOLOv5] validation: all       1000        430      0.723      0.348      0.369      0.159
[Task] evaluation: checkpoint=best, group=test, mAP50-95=0.1592, mAP50=0.3688, time=80.8s
[Task] completed: evaluation=161.0s, output=/home/lijinhe/work/YOLO_Retraining/runs/studies/20260824-182608/sequences/dedup_tau_0p900__seq-full-cold__stage0-stage3__yolov5s__s42/tasks/002__stage2__full-cold
[Task] output: /home/lijinhe/work/YOLO_Retraining/runs/studies/20260824-182608/sequences/dedup_tau_0p900__seq-full-cold__stage0-stage3__yolov5s__s42/tasks/003__stage3__full-cold
[Task] data: current=520, candidate=3917, validation=1000, test=1000
[Task] selection: policy=full, selected=3917, groups={'candidate': 3917}, time=0.001s
[Task] training: backend=yolov5, epochs=100, batch=64, device=0
[YOLOv5] epoch 1/100 running
[YOLOv5] validation: all       1000        939    0.00293      0.341     0.0118    0.00321
[YOLOv5] epoch 2/100 running
[YOLOv5] validation: all       1000        939      0.843     0.0529      0.109     0.0403
[YOLOv5] epoch 3/100 running
[YOLOv5] validation: all       1000        939      0.599      0.146     0.0855      0.027
[YOLOv5] epoch 4/100 running
[YOLOv5] validation: all       1000        939      0.622      0.109     0.0814     0.0275
[YOLOv5] epoch 5/100 running
[YOLOv5] validation: all       1000        939      0.637      0.148       0.15     0.0542
[YOLOv5] epoch 6/100 running
[YOLOv5] validation: all       1000        939      0.682      0.138       0.16     0.0601
[YOLOv5] epoch 7/100 running
[YOLOv5] validation: all       1000        939      0.666      0.152      0.136     0.0503
[YOLOv5] epoch 8/100 running
[YOLOv5] validation: all       1000        939      0.714      0.146      0.131     0.0472
[YOLOv5] epoch 9/100 running
[YOLOv5] validation: all       1000        939      0.719      0.177      0.207     0.0714
[YOLOv5] epoch 10/100 running
[YOLOv5] validation: all       1000        939      0.761      0.184      0.227     0.0954
[YOLOv5] epoch 11/100 running
[YOLOv5] validation: all       1000        939      0.714      0.182      0.204     0.0809
[YOLOv5] epoch 12/100 running
[YOLOv5] validation: all       1000        939      0.688       0.19      0.164     0.0668
[YOLOv5] epoch 13/100 running
[YOLOv5] validation: all       1000        939      0.776      0.193      0.247     0.0989
[YOLOv5] epoch 14/100 running
[YOLOv5] validation: all       1000        939      0.755      0.222      0.232     0.0926
[YOLOv5] epoch 15/100 running
[YOLOv5] validation: all       1000        939      0.765      0.232       0.28      0.125
[YOLOv5] epoch 16/100 running
[YOLOv5] validation: all       1000        939       0.76      0.201      0.246      0.102
[YOLOv5] epoch 17/100 running
[YOLOv5] validation: all       1000        939      0.762      0.205      0.251      0.109
[YOLOv5] epoch 18/100 running
[YOLOv5] validation: all       1000        939      0.787       0.21      0.272      0.105
[YOLOv5] epoch 19/100 running
[YOLOv5] validation: all       1000        939       0.75      0.251      0.304       0.13
[YOLOv5] epoch 20/100 running
[YOLOv5] validation: all       1000        939      0.764      0.242      0.305      0.125
[YOLOv5] epoch 21/100 running
[YOLOv5] validation: all       1000        939      0.775      0.237      0.284      0.119
[YOLOv5] epoch 22/100 running
[YOLOv5] validation: all       1000        939      0.784      0.228      0.288      0.133
[YOLOv5] epoch 23/100 running
[YOLOv5] validation: all       1000        939      0.637      0.303      0.313      0.137
[YOLOv5] epoch 24/100 running
[YOLOv5] validation: all       1000        939      0.606      0.335       0.33      0.135
[YOLOv5] epoch 25/100 running
[YOLOv5] validation: all       1000        939      0.596       0.35      0.339      0.146
[YOLOv5] epoch 26/100 running
[YOLOv5] validation: all       1000        939      0.687      0.298      0.328      0.154
[YOLOv5] epoch 27/100 running
[YOLOv5] validation: all       1000        939       0.57      0.291      0.287       0.12
[YOLOv5] epoch 28/100 running
[YOLOv5] validation: all       1000        939      0.815      0.224      0.312       0.14
[YOLOv5] epoch 29/100 running
[YOLOv5] validation: all       1000        939      0.703      0.309      0.362      0.157
[YOLOv5] epoch 30/100 running
[YOLOv5] validation: all       1000        939      0.682      0.317      0.356      0.168
[YOLOv5] epoch 31/100 running
[YOLOv5] validation: all       1000        939      0.568      0.368      0.329      0.149
[YOLOv5] epoch 32/100 running
[YOLOv5] validation: all       1000        939      0.653      0.287      0.303      0.129
[YOLOv5] epoch 33/100 running
[YOLOv5] validation: all       1000        939       0.64      0.309      0.311      0.138
[YOLOv5] epoch 34/100 running
[YOLOv5] validation: all       1000        939      0.639      0.344      0.348      0.159
[YOLOv5] epoch 35/100 running
[YOLOv5] validation: all       1000        939      0.694      0.345      0.375      0.165
[YOLOv5] epoch 36/100 running
[YOLOv5] validation: all       1000        939      0.673      0.343      0.357      0.141
[YOLOv5] epoch 37/100 running
[YOLOv5] validation: all       1000        939      0.729      0.349       0.38      0.183
[YOLOv5] epoch 38/100 running
[YOLOv5] validation: all       1000        939      0.661      0.334      0.355      0.164
[YOLOv5] epoch 39/100 running
[YOLOv5] validation: all       1000        939      0.718      0.329      0.373      0.168
[YOLOv5] epoch 40/100 running
[YOLOv5] validation: all       1000        939      0.727      0.343      0.381      0.175
[YOLOv5] epoch 41/100 running
[YOLOv5] validation: all       1000        939      0.667      0.329      0.344      0.149
[YOLOv5] epoch 42/100 running
[YOLOv5] validation: all       1000        939      0.666      0.339      0.346      0.156
[YOLOv5] epoch 43/100 running
[YOLOv5] validation: all       1000        939      0.706      0.368      0.384      0.171
[YOLOv5] epoch 44/100 running
[YOLOv5] validation: all       1000        939      0.724      0.342      0.369      0.167
[YOLOv5] epoch 45/100 running
[YOLOv5] validation: all       1000        939      0.672      0.338      0.345      0.165
[YOLOv5] epoch 46/100 running
[YOLOv5] validation: all       1000        939       0.74      0.331      0.386      0.171
[YOLOv5] epoch 47/100 running
[YOLOv5] validation: all       1000        939      0.756      0.317      0.375      0.181
[YOLOv5] epoch 48/100 running
[YOLOv5] validation: all       1000        939      0.704      0.355      0.382      0.176
[YOLOv5] epoch 49/100 running
[YOLOv5] validation: all       1000        939       0.68      0.369      0.389      0.186
[YOLOv5] epoch 50/100 running
[YOLOv5] validation: all       1000        939      0.674      0.359      0.362      0.172
[YOLOv5] epoch 51/100 running
[YOLOv5] validation: all       1000        939      0.659      0.325      0.331      0.142
[YOLOv5] epoch 52/100 running
[YOLOv5] validation: all       1000        939      0.693      0.365      0.386      0.184
[YOLOv5] epoch 53/100 running
[YOLOv5] validation: all       1000        939       0.72      0.349      0.387      0.178
[YOLOv5] epoch 54/100 running
[YOLOv5] validation: all       1000        939      0.774      0.334      0.386      0.177
[YOLOv5] epoch 55/100 running
[YOLOv5] validation: all       1000        939      0.753      0.344      0.392      0.196
[YOLOv5] epoch 56/100 running
[YOLOv5] validation: all       1000        939       0.71      0.341      0.375      0.179
[YOLOv5] epoch 57/100 running
[YOLOv5] validation: all       1000        939      0.778      0.345      0.398      0.194
[YOLOv5] epoch 58/100 running
[YOLOv5] validation: all       1000        939      0.695      0.353      0.375      0.175
[YOLOv5] epoch 59/100 running
[YOLOv5] validation: all       1000        939      0.741      0.313      0.347       0.16
[YOLOv5] epoch 60/100 running
[YOLOv5] validation: all       1000        939      0.687      0.349      0.374      0.179
[YOLOv5] epoch 61/100 running
[YOLOv5] validation: all       1000        939      0.678      0.331      0.354      0.168
[YOLOv5] epoch 62/100 running
[YOLOv5] validation: all       1000        939      0.742      0.351      0.385      0.186
[YOLOv5] epoch 63/100 running
[YOLOv5] validation: all       1000        939      0.769      0.308      0.379      0.187
[YOLOv5] epoch 64/100 running
[YOLOv5] validation: all       1000        939      0.756      0.309      0.369      0.173
[YOLOv5] epoch 65/100 running
[YOLOv5] validation: all       1000        939      0.712      0.356      0.378      0.183
[YOLOv5] epoch 66/100 running
[YOLOv5] validation: all       1000        939       0.71      0.329      0.371      0.181
[YOLOv5] epoch 67/100 running
[YOLOv5] validation: all       1000        939      0.716      0.365        0.4        0.2
[YOLOv5] epoch 68/100 running
[YOLOv5] validation: all       1000        939      0.739      0.347      0.396      0.202
[YOLOv5] epoch 69/100 running
[YOLOv5] validation: all       1000        939      0.724      0.362      0.397      0.195
[YOLOv5] epoch 70/100 running
[YOLOv5] validation: all       1000        939      0.774      0.316      0.367      0.183
[YOLOv5] epoch 71/100 running
[YOLOv5] validation: all       1000        939      0.695      0.368      0.391      0.189
[YOLOv5] epoch 72/100 running
[YOLOv5] validation: all       1000        939      0.733      0.358        0.4       0.19
[YOLOv5] epoch 73/100 running
[YOLOv5] validation: all       1000        939      0.738      0.353      0.398      0.194
[YOLOv5] epoch 74/100 running
[YOLOv5] validation: all       1000        939      0.743      0.365      0.408        0.2
[YOLOv5] epoch 75/100 running
[YOLOv5] validation: all       1000        939      0.786      0.332      0.403      0.201
[YOLOv5] epoch 76/100 running
[YOLOv5] validation: all       1000        939      0.702      0.381      0.397      0.201
[YOLOv5] epoch 77/100 running
[YOLOv5] validation: all       1000        939      0.753      0.344      0.398        0.2
[YOLOv5] epoch 78/100 running
[YOLOv5] validation: all       1000        939       0.76      0.349      0.404      0.198
[YOLOv5] epoch 79/100 running
[YOLOv5] validation: all       1000        939        0.7      0.367      0.384      0.192
[YOLOv5] epoch 80/100 running
[YOLOv5] validation: all       1000        939      0.713       0.37      0.397      0.192
[YOLOv5] epoch 81/100 running
[YOLOv5] validation: all       1000        939      0.705       0.36      0.387      0.195
[YOLOv5] epoch 82/100 running
[YOLOv5] validation: all       1000        939      0.708      0.345      0.378      0.191
[YOLOv5] epoch 83/100 running
[YOLOv5] validation: all       1000        939      0.701      0.354      0.381       0.19
[YOLOv5] epoch 84/100 running
[YOLOv5] validation: all       1000        939      0.732      0.343      0.393      0.192
[YOLOv5] epoch 85/100 running
[YOLOv5] validation: all       1000        939      0.701      0.354      0.393      0.194
[YOLOv5] epoch 86/100 running
[YOLOv5] validation: all       1000        939      0.706      0.368      0.401      0.195
[YOLOv5] epoch 87/100 running
[YOLOv5] validation: all       1000        939      0.726      0.381      0.407        0.2
[YOLOv5] epoch 88/100 running
[YOLOv5] validation: all       1000        939      0.761      0.336      0.402      0.199
[YOLOv5] epoch 89/100 running
[YOLOv5] validation: all       1000        939      0.727      0.359      0.398      0.196
[YOLOv5] epoch 90/100 running
[YOLOv5] validation: all       1000        939      0.711      0.374      0.409      0.205
[YOLOv5] epoch 91/100 running
[YOLOv5] validation: all       1000        939      0.738      0.392      0.417      0.211
[YOLOv5] epoch 92/100 running
[YOLOv5] validation: all       1000        939      0.751      0.358      0.411      0.202
[YOLOv5] epoch 93/100 running
[YOLOv5] validation: all       1000        939       0.72      0.373      0.403      0.199
[YOLOv5] epoch 94/100 running
[YOLOv5] validation: all       1000        939      0.721      0.362      0.406        0.2
[YOLOv5] epoch 95/100 running
[YOLOv5] validation: all       1000        939      0.728      0.355      0.395      0.195
[YOLOv5] epoch 96/100 running
[YOLOv5] validation: all       1000        939      0.443      0.363      0.393      0.195
[YOLOv5] epoch 97/100 running
[YOLOv5] validation: all       1000        939      0.436       0.38      0.399      0.199
[YOLOv5] epoch 98/100 running
[YOLOv5] validation: all       1000        939      0.695       0.39      0.406      0.201
[YOLOv5] epoch 99/100 running
[YOLOv5] validation: all       1000        939      0.691      0.388      0.406        0.2
[YOLOv5] epoch 100/100 running
[YOLOv5] validation: all       1000        939      0.703      0.379      0.404      0.201
[YOLOv5] 100 epochs completed in 0.596 hours.
[YOLOv5] validation: all       1000        939      0.734      0.393      0.418      0.212
[Task] training completed: 2379.6s
[Task] evaluating: checkpoint=last, group=test, samples=1000
[YOLOv5] validation: all       1000        430      0.709      0.336      0.361      0.157
[Task] evaluation: checkpoint=last, group=test, mAP50-95=0.1569, mAP50=0.3613, time=73.4s
[Task] evaluating: checkpoint=best, group=test, samples=1000
[YOLOv5] validation: all       1000        430      0.715       0.32       0.36      0.161
[Task] evaluation: checkpoint=best, group=test, mAP50-95=0.1610, mAP50=0.3602, time=74.3s
[Task] completed: evaluation=147.7s, output=/home/lijinhe/work/YOLO_Retraining/runs/studies/20260824-182608/sequences/dedup_tau_0p900__seq-full-cold__stage0-stage3__yolov5s__s42/tasks/003__stage3__full-cold
/home/lijinhe/work/YOLO_Retraining/runs/studies/20260824-182608/sequences/dedup_tau_0p900__seq-full-cold__stage0-stage3__yolov5s__s42
