train: weights=/home/lijinhe/work/YOLO_Retraining/runs/sequences/0814-214349__seq-random-replay__stage0-stage3__yolov5s__s42/tasks/001__stage1__random-replay/checkpoints/best.pt, cfg=, data=/home/lijinhe/work/YOLO_Retraining/runs/sequences/0814-214349__seq-random-replay__stage0-stage3__yolov5s__s42/tasks/002__stage2__random-replay/data/backend_data.yaml, hyp=data/hyps/hyp.scratch-low.yaml, epochs=100, batch_size=64, imgsz=640, rect=False, resume=False, nosave=False, noval=False, noautoanchor=False, noplots=True, evolve=None, bucket=, cache=None, image_weights=False, device=0, multi_scale=False, single_cls=False, optimizer=SGD, sync_bn=False, workers=16, project=/home/lijinhe/work/YOLO_Retraining/runs/sequences/0814-214349__seq-random-replay__stage0-stage3__yolov5s__s42/tasks/002__stage2__random-replay/backend/yolov5, name=train, exist_ok=True, quad=False, cos_lr=False, label_smoothing=0.0, patience=100, freeze=[0], save_period=-1, seed=44, local_rank=-1, entity=None, upload_dataset=False, bbox_interval=-1, artifact_alias=latest
github: skipping check (offline), for updates see https://github.com/ultralytics/yolov5
YOLOv5 🚀 v7.0-0-g915bbf29 Python-3.10.20 torch-2.2.2+cu121 CUDA:0 (NVIDIA H100 PCIe, 81090MiB)
hyperparameters: lr0=0.01, lrf=0.01, momentum=0.937, weight_decay=0.0005, warmup_epochs=3.0, warmup_momentum=0.8, warmup_bias_lr=0.1, box=0.05, cls=0.5, cls_pw=1.0, obj=1.0, obj_pw=1.0, iou_t=0.2, anchor_t=4.0, fl_gamma=0.0, hsv_h=0.015, hsv_s=0.7, hsv_v=0.4, degrees=0.0, translate=0.1, scale=0.5, shear=0.0, perspective=0.0, flipud=0.0, fliplr=0.5, mosaic=1.0, mixup=0.0, copy_paste=0.0
ClearML: run 'pip install clearml' to automatically track, visualize and remotely train YOLOv5 🚀 in ClearML
Comet: run 'pip install comet_ml' to automatically track and visualize YOLOv5 🚀 runs in Comet
TensorBoard: Start with 'tensorboard --logdir /home/lijinhe/work/YOLO_Retraining/runs/sequences/0814-214349__seq-random-replay__stage0-stage3__yolov5s__s42/tasks/002__stage2__random-replay/backend/yolov5', view at http://localhost:6006/
from  n    params  module                                  arguments
0                -1  1      3520  models.common.Conv                      [3, 32, 6, 2, 2]
1                -1  1     18560  models.common.Conv                      [32, 64, 3, 2]
2                -1  1     18816  models.common.C3                        [64, 64, 1]
3                -1  1     73984  models.common.Conv                      [64, 128, 3, 2]
4                -1  2    115712  models.common.C3                        [128, 128, 2]
5                -1  1    295424  models.common.Conv                      [128, 256, 3, 2]
6                -1  3    625152  models.common.C3                        [256, 256, 3]
7                -1  1   1180672  models.common.Conv                      [256, 512, 3, 2]
8                -1  1   1182720  models.common.C3                        [512, 512, 1]
9                -1  1    656896  models.common.SPPF                      [512, 512, 5]
10                -1  1    131584  models.common.Conv                      [512, 256, 1, 1]
11                -1  1         0  torch.nn.modules.upsampling.Upsample    [None, 2, 'nearest']
12           [-1, 6]  1         0  models.common.Concat                    [1]
13                -1  1    361984  models.common.C3                        [512, 256, 1, False]
14                -1  1     33024  models.common.Conv                      [256, 128, 1, 1]
15                -1  1         0  torch.nn.modules.upsampling.Upsample    [None, 2, 'nearest']
16           [-1, 4]  1         0  models.common.Concat                    [1]
17                -1  1     90880  models.common.C3                        [256, 128, 1, False]
18                -1  1    147712  models.common.Conv                      [128, 128, 3, 2]
19          [-1, 14]  1         0  models.common.Concat                    [1]
20                -1  1    296448  models.common.C3                        [256, 256, 1, False]
21                -1  1    590336  models.common.Conv                      [256, 256, 3, 2]
22          [-1, 10]  1         0  models.common.Concat                    [1]
23                -1  1   1182720  models.common.C3                        [512, 512, 1, False]
24      [17, 20, 23]  1     24273  models.yolo.Detect                      [4, [[10, 13, 16, 30, 33, 23], [30, 61, 62, 45, 59, 119], [116, 90, 156, 198, 373, 326]], [128, 256, 512]]
Model summary: 214 layers, 7030417 parameters, 7030417 gradients, 16.0 GFLOPs
Transferred 349/349 items from /home/lijinhe/work/YOLO_Retraining/runs/sequences/0814-214349__seq-random-replay__stage0-stage3__yolov5s__s42/tasks/001__stage1__random-replay/checkpoints/best.pt
AMP: checks passed ✅
optimizer: SGD(lr=0.01) with parameter groups 57 weight(decay=0.0), 60 weight(decay=0.0005), 60 bias
train: Scanning /home/lijinhe/work/YOLO_Retraining/runs/sequences/0814-214349__seq-random-replay__stage0-stage3__yolov5s__s42/tasks/002__stage2__random-replay/data/backend_train_images... 1500 images, 918 backgrounds, 0 corrupt: 100%|██████████| 1500/1500 00:05
train: New cache created: /home/lijinhe/work/YOLO_Retraining/runs/sequences/0814-214349__seq-random-replay__stage0-stage3__yolov5s__s42/tasks/002__stage2__random-replay/data/backend_train_images.cache
val: Scanning /home/lijinhe/work/YOLO_Retraining/runs/sequences/0814-214349__seq-random-replay__stage0-stage3__yolov5s__s42/tasks/002__stage2__random-replay/data/backend_validation_images... 1000 images, 297 backgrounds, 0 corrupt: 100%|██████████| 1000/1000 00:03
val: New cache created: /home/lijinhe/work/YOLO_Retraining/runs/sequences/0814-214349__seq-random-replay__stage0-stage3__yolov5s__s42/tasks/002__stage2__random-replay/data/backend_validation_images.cache
AutoAnchor: 5.25 anchors/target, 0.999 Best Possible Recall (BPR). Current anchors are a good fit to dataset ✅
Image sizes 640 train, 640 val
Using 16 dataloader workers
Logging results to /home/lijinhe/work/YOLO_Retraining/runs/sequences/0814-214349__seq-random-replay__stage0-stage3__yolov5s__s42/tasks/002__stage2__random-replay/backend/yolov5/train
Starting training for 100 epochs...
Epoch    GPU_mem   box_loss   obj_loss   cls_loss  Instances       Size
0/99      13.9G    0.04151   0.005735   0.004597         30        640: 100%|██████████| 24/24 00:18
Class     Images  Instances          P          R      mAP50   mAP50-95: 100%|██████████| 8/8 00:26
all       1000        939      0.762      0.426      0.469       0.23
Epoch    GPU_mem   box_loss   obj_loss   cls_loss  Instances       Size
1/99      13.9G    0.04028   0.005412   0.002082         24        640: 100%|██████████| 24/24 00:08
Class     Images  Instances          P          R      mAP50   mAP50-95: 100%|██████████| 8/8 00:23
all       1000        939      0.747      0.405      0.453      0.212
Epoch    GPU_mem   box_loss   obj_loss   cls_loss  Instances       Size
2/99      13.9G    0.03779   0.005312   0.002367         36        640: 100%|██████████| 24/24 00:06
Class     Images  Instances          P          R      mAP50   mAP50-95: 100%|██████████| 8/8 00:32
all       1000        939       0.72       0.37      0.396      0.186
Epoch    GPU_mem   box_loss   obj_loss   cls_loss  Instances       Size
3/99      13.9G    0.03752   0.004918    0.00146         27        640: 100%|██████████| 24/24 00:05
Class     Images  Instances          P          R      mAP50   mAP50-95: 100%|██████████| 8/8 00:26
all       1000        939      0.759      0.359       0.41      0.192
Epoch    GPU_mem   box_loss   obj_loss   cls_loss  Instances       Size
4/99      13.9G     0.0382   0.005312   0.002393         23        640: 100%|██████████| 24/24 00:10
Class     Images  Instances          P          R      mAP50   mAP50-95: 100%|██████████| 8/8 00:19
all       1000        939      0.613      0.318      0.319      0.142
Epoch    GPU_mem   box_loss   obj_loss   cls_loss  Instances       Size
5/99      13.9G    0.03667    0.00525    0.00253         26        640: 100%|██████████| 24/24 00:08
Class     Images  Instances          P          R      mAP50   mAP50-95: 100%|██████████| 8/8 00:27
all       1000        939      0.579      0.329      0.319      0.147
Epoch    GPU_mem   box_loss   obj_loss   cls_loss  Instances       Size
6/99      13.9G    0.03799   0.005198   0.002801         26        640: 100%|██████████| 24/24 00:05
Class     Images  Instances          P          R      mAP50   mAP50-95: 100%|██████████| 8/8 00:18
all       1000        939      0.606      0.175      0.191      0.075
Epoch    GPU_mem   box_loss   obj_loss   cls_loss  Instances       Size
7/99      13.9G     0.0377   0.005355   0.001906         33        640: 100%|██████████| 24/24 00:08
Class     Images  Instances          P          R      mAP50   mAP50-95: 100%|██████████| 8/8 00:15
all       1000        939      0.736      0.208      0.261      0.107
Epoch    GPU_mem   box_loss   obj_loss   cls_loss  Instances       Size
8/99      13.9G    0.03756   0.005049   0.001753         28        640: 100%|██████████| 24/24 00:06
Class     Images  Instances          P          R      mAP50   mAP50-95: 100%|██████████| 8/8 00:15
all       1000        939      0.555      0.192      0.191     0.0831
Epoch    GPU_mem   box_loss   obj_loss   cls_loss  Instances       Size
9/99      13.9G     0.0369   0.005249   0.002082         21        640: 100%|██████████| 24/24 00:08
Class     Images  Instances          P          R      mAP50   mAP50-95: 100%|██████████| 8/8 00:13
all       1000        939      0.566      0.253      0.259       0.11
Epoch    GPU_mem   box_loss   obj_loss   cls_loss  Instances       Size
10/99      13.9G     0.0347   0.004924   0.002074         27        640: 100%|██████████| 24/24 00:06
Class     Images  Instances          P          R      mAP50   mAP50-95: 100%|██████████| 8/8 00:30
all       1000        939      0.722      0.233      0.296      0.132
Epoch    GPU_mem   box_loss   obj_loss   cls_loss  Instances       Size
11/99      13.9G    0.03618   0.005017   0.002129         12        640: 100%|██████████| 24/24 00:05
Class     Images  Instances          P          R      mAP50   mAP50-95: 100%|██████████| 8/8 00:24
all       1000        939      0.633      0.261      0.282      0.121
Epoch    GPU_mem   box_loss   obj_loss   cls_loss  Instances       Size
12/99      13.9G    0.03521   0.005214   0.002174         26        640: 100%|██████████| 24/24 00:08
Class     Images  Instances          P          R      mAP50   mAP50-95: 100%|██████████| 8/8 00:23
all       1000        939      0.689      0.215      0.237     0.0989
Epoch    GPU_mem   box_loss   obj_loss   cls_loss  Instances       Size
13/99      13.9G    0.03391   0.004915   0.001926         13        640: 100%|██████████| 24/24 00:06
Class     Images  Instances          P          R      mAP50   mAP50-95: 100%|██████████| 8/8 00:31
all       1000        939      0.638      0.312      0.312      0.129
Epoch    GPU_mem   box_loss   obj_loss   cls_loss  Instances       Size
14/99      13.9G    0.03396   0.004987   0.002037         31        640: 100%|██████████| 24/24 00:05
Class     Images  Instances          P          R      mAP50   mAP50-95: 100%|██████████| 8/8 00:24
all       1000        939      0.695      0.278      0.326      0.143
Epoch    GPU_mem   box_loss   obj_loss   cls_loss  Instances       Size
15/99      13.9G    0.03371   0.004639   0.001747         29        640: 100%|██████████| 24/24 00:08
Class     Images  Instances          P          R      mAP50   mAP50-95: 100%|██████████| 8/8 00:23
all       1000        939      0.635      0.258      0.286      0.122
Epoch    GPU_mem   box_loss   obj_loss   cls_loss  Instances       Size
16/99      13.9G    0.03345   0.004666   0.001455         34        640: 100%|██████████| 24/24 00:07
Class     Images  Instances          P          R      mAP50   mAP50-95: 100%|██████████| 8/8 00:30
all       1000        939       0.51      0.226      0.295       0.13
Epoch    GPU_mem   box_loss   obj_loss   cls_loss  Instances       Size
17/99      13.9G    0.03351   0.004872   0.001774         27        640: 100%|██████████| 24/24 00:07
Class     Images  Instances          P          R      mAP50   mAP50-95: 100%|██████████| 8/8 00:24
all       1000        939      0.614      0.261      0.283       0.12
Epoch    GPU_mem   box_loss   obj_loss   cls_loss  Instances       Size
18/99      13.9G    0.03232   0.004306    0.00106         25        640: 100%|██████████| 24/24 00:09
Class     Images  Instances          P          R      mAP50   mAP50-95: 100%|██████████| 8/8 00:20
all       1000        939      0.705      0.289      0.315      0.136
Epoch    GPU_mem   box_loss   obj_loss   cls_loss  Instances       Size
19/99      13.9G    0.03167   0.004434   0.001746         18        640: 100%|██████████| 24/24 00:09
Class     Images  Instances          P          R      mAP50   mAP50-95: 100%|██████████| 8/8 00:29
all       1000        939      0.602      0.288      0.301      0.123
Epoch    GPU_mem   box_loss   obj_loss   cls_loss  Instances       Size
20/99      13.9G    0.03152   0.004447  0.0009357         32        640: 100%|██████████| 24/24 00:06
Class     Images  Instances          P          R      mAP50   mAP50-95: 100%|██████████| 8/8 00:27
all       1000        939      0.652       0.27      0.288      0.118
Epoch    GPU_mem   box_loss   obj_loss   cls_loss  Instances       Size
21/99      13.9G    0.03088   0.004348   0.001575         28        640: 100%|██████████| 24/24 00:08
Class     Images  Instances          P          R      mAP50   mAP50-95: 100%|██████████| 8/8 00:20
all       1000        939      0.597      0.259      0.262      0.109
Epoch    GPU_mem   box_loss   obj_loss   cls_loss  Instances       Size
22/99      13.9G    0.03026   0.004417  0.0009453         29        640: 100%|██████████| 24/24 00:08
Class     Images  Instances          P          R      mAP50   mAP50-95: 100%|██████████| 8/8 00:30
all       1000        939      0.703      0.272      0.301      0.134
Epoch    GPU_mem   box_loss   obj_loss   cls_loss  Instances       Size
23/99      13.9G    0.03014   0.004077  0.0008833         32        640: 100%|██████████| 24/24 00:05
Class     Images  Instances          P          R      mAP50   mAP50-95: 100%|██████████| 8/8 00:26
all       1000        939      0.692      0.279      0.301       0.13
Epoch    GPU_mem   box_loss   obj_loss   cls_loss  Instances       Size
24/99      13.9G    0.03058   0.004216  0.0009645         26        640: 100%|██████████| 24/24 00:08
Class     Images  Instances          P          R      mAP50   mAP50-95: 100%|██████████| 8/8 00:20
all       1000        939      0.621      0.268      0.277      0.108
Epoch    GPU_mem   box_loss   obj_loss   cls_loss  Instances       Size
25/99      13.9G    0.02872    0.00409  0.0008795         24        640: 100%|██████████| 24/24 00:07
Class     Images  Instances          P          R      mAP50   mAP50-95: 100%|██████████| 8/8 00:30
all       1000        939      0.608       0.31      0.304      0.123
Epoch    GPU_mem   box_loss   obj_loss   cls_loss  Instances       Size
26/99      13.9G    0.02978   0.004175   0.001127         28        640: 100%|██████████| 24/24 00:05
Class     Images  Instances          P          R      mAP50   mAP50-95: 100%|██████████| 8/8 00:23
all       1000        939       0.71      0.274      0.318      0.138
Epoch    GPU_mem   box_loss   obj_loss   cls_loss  Instances       Size
27/99      13.9G    0.02849   0.003743   0.001054         16        640: 100%|██████████| 24/24 00:08
Class     Images  Instances          P          R      mAP50   mAP50-95: 100%|██████████| 8/8 00:22
all       1000        939      0.652      0.283      0.293      0.124
Epoch    GPU_mem   box_loss   obj_loss   cls_loss  Instances       Size
28/99      13.9G    0.02828   0.003974   0.000986         30        640: 100%|██████████| 24/24 00:07
Class     Images  Instances          P          R      mAP50   mAP50-95: 100%|██████████| 8/8 00:30
all       1000        939      0.697      0.238      0.278      0.112
Epoch    GPU_mem   box_loss   obj_loss   cls_loss  Instances       Size
29/99      13.9G    0.02754   0.003788  0.0009536         26        640: 100%|██████████| 24/24 00:05
Class     Images  Instances          P          R      mAP50   mAP50-95: 100%|██████████| 8/8 00:24
all       1000        939      0.648      0.249      0.291      0.132
Epoch    GPU_mem   box_loss   obj_loss   cls_loss  Instances       Size
30/99      13.9G    0.02779    0.00403  0.0009319         13        640: 100%|██████████| 24/24 00:08
Class     Images  Instances          P          R      mAP50   mAP50-95: 100%|██████████| 8/8 00:21
all       1000        939      0.611      0.284       0.28      0.124
Epoch    GPU_mem   box_loss   obj_loss   cls_loss  Instances       Size
31/99      13.9G    0.02835   0.003752   0.000808         18        640: 100%|██████████| 24/24 00:07
Class     Images  Instances          P          R      mAP50   mAP50-95: 100%|██████████| 8/8 00:31
all       1000        939       0.64      0.288      0.325      0.145
Epoch    GPU_mem   box_loss   obj_loss   cls_loss  Instances       Size
32/99      13.9G    0.02722   0.003884   0.001062         20        640: 100%|██████████| 24/24 00:05
Class     Images  Instances          P          R      mAP50   mAP50-95: 100%|██████████| 8/8 00:25
all       1000        939      0.633      0.273      0.307      0.134
Epoch    GPU_mem   box_loss   obj_loss   cls_loss  Instances       Size
33/99      13.9G    0.02679   0.003622  0.0006204         19        640: 100%|██████████| 24/24 00:08
Class     Images  Instances          P          R      mAP50   mAP50-95: 100%|██████████| 8/8 00:22
all       1000        939       0.68        0.3       0.32      0.141
Epoch    GPU_mem   box_loss   obj_loss   cls_loss  Instances       Size
34/99      13.9G    0.02662   0.003515  0.0007174         19        640: 100%|██████████| 24/24 00:06
Class     Images  Instances          P          R      mAP50   mAP50-95: 100%|██████████| 8/8 00:31
all       1000        939      0.622      0.266      0.278       0.12
Epoch    GPU_mem   box_loss   obj_loss   cls_loss  Instances       Size
35/99      13.9G    0.02661   0.003612  0.0006425         20        640: 100%|██████████| 24/24 00:05
Class     Images  Instances          P          R      mAP50   mAP50-95: 100%|██████████| 8/8 00:26
all       1000        939      0.683      0.272      0.294      0.142
Epoch    GPU_mem   box_loss   obj_loss   cls_loss  Instances       Size
36/99      13.9G    0.02559    0.00357    0.00101         27        640: 100%|██████████| 24/24 00:09
Class     Images  Instances          P          R      mAP50   mAP50-95: 100%|██████████| 8/8 00:19
all       1000        939      0.682      0.201      0.226      0.104
Epoch    GPU_mem   box_loss   obj_loss   cls_loss  Instances       Size
37/99      13.9G    0.02629   0.003634  0.0007177         13        640: 100%|██████████| 24/24 00:09
Class     Images  Instances          P          R      mAP50   mAP50-95: 100%|██████████| 8/8 00:26
all       1000        939      0.598       0.26      0.275      0.114
Epoch    GPU_mem   box_loss   obj_loss   cls_loss  Instances       Size
38/99      13.9G    0.02529    0.00353  0.0006241         27        640: 100%|██████████| 24/24 00:07
Class     Images  Instances          P          R      mAP50   mAP50-95: 100%|██████████| 8/8 00:22
all       1000        939      0.689      0.285       0.32      0.142
Epoch    GPU_mem   box_loss   obj_loss   cls_loss  Instances       Size
39/99      13.9G    0.02571   0.003593   0.000634         20        640: 100%|██████████| 24/24 00:09
Class     Images  Instances          P          R      mAP50   mAP50-95: 100%|██████████| 8/8 00:21
all       1000        939      0.442       0.26      0.313      0.149
Epoch    GPU_mem   box_loss   obj_loss   cls_loss  Instances       Size
40/99      13.9G    0.02474   0.003465  0.0006487         21        640: 100%|██████████| 24/24 00:06
Class     Images  Instances          P          R      mAP50   mAP50-95: 100%|██████████| 8/8 00:31
all       1000        939      0.433       0.28      0.315      0.147
Epoch    GPU_mem   box_loss   obj_loss   cls_loss  Instances       Size
41/99      13.9G    0.02511   0.003374   0.000814         25        640: 100%|██████████| 24/24 00:05
Class     Images  Instances          P          R      mAP50   mAP50-95: 100%|██████████| 8/8 00:21
all       1000        939      0.398      0.287      0.305      0.137
Epoch    GPU_mem   box_loss   obj_loss   cls_loss  Instances       Size
42/99      13.9G    0.02533   0.003436  0.0005263         21        640: 100%|██████████| 24/24 00:08
Class     Images  Instances          P          R      mAP50   mAP50-95: 100%|██████████| 8/8 00:24
all       1000        939      0.601      0.273      0.288      0.139
Epoch    GPU_mem   box_loss   obj_loss   cls_loss  Instances       Size
43/99      13.9G    0.02408   0.003413  0.0006632         24        640: 100%|██████████| 24/24 00:05
Class     Images  Instances          P          R      mAP50   mAP50-95: 100%|██████████| 8/8 00:30
all       1000        939      0.658      0.251      0.281      0.122
Epoch    GPU_mem   box_loss   obj_loss   cls_loss  Instances       Size
44/99      13.9G    0.02455   0.003388  0.0006814         27        640: 100%|██████████| 24/24 00:07
Class     Images  Instances          P          R      mAP50   mAP50-95: 100%|██████████| 8/8 00:16
all       1000        939      0.704       0.26      0.302      0.136
Epoch    GPU_mem   box_loss   obj_loss   cls_loss  Instances       Size
45/99      13.9G     0.0243    0.00331  0.0006306         26        640: 100%|██████████| 24/24 00:05
Class     Images  Instances          P          R      mAP50   mAP50-95: 100%|██████████| 8/8 00:14
all       1000        939      0.683      0.266      0.284      0.127
Epoch    GPU_mem   box_loss   obj_loss   cls_loss  Instances       Size
46/99      13.9G    0.02509   0.003492   0.001084         29        640: 100%|██████████| 24/24 00:05
Class     Images  Instances          P          R      mAP50   mAP50-95: 100%|██████████| 8/8 00:14
all       1000        939      0.652       0.25      0.282      0.133
Epoch    GPU_mem   box_loss   obj_loss   cls_loss  Instances       Size
47/99      13.9G    0.02442   0.003565   0.001018         23        640: 100%|██████████| 24/24 00:05
Class     Images  Instances          P          R      mAP50   mAP50-95: 100%|██████████| 8/8 00:12
all       1000        939      0.718      0.256      0.311      0.137
Epoch    GPU_mem   box_loss   obj_loss   cls_loss  Instances       Size
48/99      13.9G    0.02455    0.00361  0.0009771         22        640: 100%|██████████| 24/24 00:05
Class     Images  Instances          P          R      mAP50   mAP50-95: 100%|██████████| 8/8 00:12
all       1000        939      0.665      0.279       0.29      0.123
Epoch    GPU_mem   box_loss   obj_loss   cls_loss  Instances       Size
49/99      13.9G    0.02462   0.003472    0.00064         25        640: 100%|██████████| 24/24 00:06
Class     Images  Instances          P          R      mAP50   mAP50-95: 100%|██████████| 8/8 00:12
all       1000        939      0.649      0.241      0.273      0.116
Epoch    GPU_mem   box_loss   obj_loss   cls_loss  Instances       Size
50/99      13.9G    0.02402   0.003256  0.0004687         21        640: 100%|██████████| 24/24 00:05
Class     Images  Instances          P          R      mAP50   mAP50-95: 100%|██████████| 8/8 00:11
all       1000        939      0.679      0.277      0.322      0.145
Epoch    GPU_mem   box_loss   obj_loss   cls_loss  Instances       Size
51/99      13.9G    0.02411   0.003309   0.000658         30        640: 100%|██████████| 24/24 00:06
Class     Images  Instances          P          R      mAP50   mAP50-95: 100%|██████████| 8/8 00:23
all       1000        939      0.661      0.273      0.298      0.138
Epoch    GPU_mem   box_loss   obj_loss   cls_loss  Instances       Size
52/99      13.9G    0.02296   0.003077  0.0005647         32        640: 100%|██████████| 24/24 00:05
Class     Images  Instances          P          R      mAP50   mAP50-95: 100%|██████████| 8/8 00:22
all       1000        939      0.672      0.294      0.321      0.143
Epoch    GPU_mem   box_loss   obj_loss   cls_loss  Instances       Size
53/99      13.9G     0.0229   0.003567  0.0004708         30        640: 100%|██████████| 24/24 00:08
Class     Images  Instances          P          R      mAP50   mAP50-95: 100%|██████████| 8/8 00:17
all       1000        939      0.622      0.283       0.31      0.139
Epoch    GPU_mem   box_loss   obj_loss   cls_loss  Instances       Size
54/99      13.9G    0.02314   0.003262  0.0008446         30        640: 100%|██████████| 24/24 00:08
Class     Images  Instances          P          R      mAP50   mAP50-95: 100%|██████████| 8/8 00:24
all       1000        939      0.644      0.292      0.316      0.149
Epoch    GPU_mem   box_loss   obj_loss   cls_loss  Instances       Size
55/99      13.9G    0.02202    0.00319  0.0006672         20        640: 100%|██████████| 24/24 00:06
Class     Images  Instances          P          R      mAP50   mAP50-95: 100%|██████████| 8/8 00:25
all       1000        939      0.676      0.284      0.306      0.136
Epoch    GPU_mem   box_loss   obj_loss   cls_loss  Instances       Size
56/99      13.9G    0.02221   0.003092  0.0006934         20        640: 100%|██████████| 24/24 00:06
Class     Images  Instances          P          R      mAP50   mAP50-95: 100%|██████████| 8/8 00:23
all       1000        939      0.713      0.292       0.34      0.159
Epoch    GPU_mem   box_loss   obj_loss   cls_loss  Instances       Size
57/99      13.9G    0.02207   0.003082  0.0005404         29        640: 100%|██████████| 24/24 00:08
Class     Images  Instances          P          R      mAP50   mAP50-95: 100%|██████████| 8/8 00:19
all       1000        939       0.69      0.284      0.327      0.144
Epoch    GPU_mem   box_loss   obj_loss   cls_loss  Instances       Size
58/99      13.9G    0.02229    0.00303  0.0006157         17        640: 100%|██████████| 24/24 00:09
Class     Images  Instances          P          R      mAP50   mAP50-95: 100%|██████████| 8/8 00:19
all       1000        939      0.644      0.303      0.316       0.14
Epoch    GPU_mem   box_loss   obj_loss   cls_loss  Instances       Size
59/99      13.9G    0.02168   0.003281  0.0006445         28        640: 100%|██████████| 24/24 00:08
Class     Images  Instances          P          R      mAP50   mAP50-95: 100%|██████████| 8/8 00:22
all       1000        939      0.705      0.275      0.324      0.144
Epoch    GPU_mem   box_loss   obj_loss   cls_loss  Instances       Size
60/99      13.9G    0.02247   0.003191   0.000866         17        640: 100%|██████████| 24/24 00:06
Class     Images  Instances          P          R      mAP50   mAP50-95: 100%|██████████| 8/8 00:21
all       1000        939      0.724      0.298      0.343      0.163
Epoch    GPU_mem   box_loss   obj_loss   cls_loss  Instances       Size
61/99      13.9G    0.02108   0.003251  0.0005821         31        640: 100%|██████████| 24/24 00:08
Class     Images  Instances          P          R      mAP50   mAP50-95: 100%|██████████| 8/8 00:21
all       1000        939      0.674      0.306      0.331      0.149
Epoch    GPU_mem   box_loss   obj_loss   cls_loss  Instances       Size
62/99      13.9G    0.02149   0.003205   0.000441         24        640: 100%|██████████| 24/24 00:08
Class     Images  Instances          P          R      mAP50   mAP50-95: 100%|██████████| 8/8 00:19
all       1000        939      0.695      0.274      0.311      0.144
Epoch    GPU_mem   box_loss   obj_loss   cls_loss  Instances       Size
63/99      13.9G     0.0204   0.003102  0.0004782         23        640: 100%|██████████| 24/24 00:08
Class     Images  Instances          P          R      mAP50   mAP50-95: 100%|██████████| 8/8 00:23
all       1000        939      0.727      0.294      0.343      0.158
Epoch    GPU_mem   box_loss   obj_loss   cls_loss  Instances       Size
64/99      13.9G    0.02088   0.003095  0.0004929         18        640: 100%|██████████| 24/24 00:06
Class     Images  Instances          P          R      mAP50   mAP50-95: 100%|██████████| 8/8 00:25
all       1000        939       0.71      0.298      0.349      0.165
Epoch    GPU_mem   box_loss   obj_loss   cls_loss  Instances       Size
65/99      13.9G    0.02062   0.002955  0.0004321         35        640: 100%|██████████| 24/24 00:05
Class     Images  Instances          P          R      mAP50   mAP50-95: 100%|██████████| 8/8 00:24
all       1000        939      0.686      0.288      0.332      0.165
Epoch    GPU_mem   box_loss   obj_loss   cls_loss  Instances       Size
66/99      13.9G    0.02123   0.002989  0.0006732         20        640: 100%|██████████| 24/24 00:07
Class     Images  Instances          P          R      mAP50   mAP50-95: 100%|██████████| 8/8 00:20
all       1000        939      0.697      0.278      0.324      0.144
Epoch    GPU_mem   box_loss   obj_loss   cls_loss  Instances       Size
67/99      13.9G    0.02048    0.00278  0.0004638         27        640: 100%|██████████| 24/24 00:08
Class     Images  Instances          P          R      mAP50   mAP50-95: 100%|██████████| 8/8 00:20
all       1000        939      0.712      0.287      0.336      0.157
Epoch    GPU_mem   box_loss   obj_loss   cls_loss  Instances       Size
68/99      13.9G    0.02038   0.002791   0.000478         28        640: 100%|██████████| 24/24 00:05
Class     Images  Instances          P          R      mAP50   mAP50-95: 100%|██████████| 8/8 00:24
all       1000        939      0.718      0.267      0.322      0.146
Epoch    GPU_mem   box_loss   obj_loss   cls_loss  Instances       Size
69/99      13.9G    0.01985   0.002981  0.0005048         25        640: 100%|██████████| 24/24 00:05
Class     Images  Instances          P          R      mAP50   mAP50-95: 100%|██████████| 8/8 00:26
all       1000        939      0.693      0.277       0.32      0.151
Epoch    GPU_mem   box_loss   obj_loss   cls_loss  Instances       Size
70/99      13.9G    0.01966   0.002851  0.0005424         29        640: 100%|██████████| 24/24 00:05
Class     Images  Instances          P          R      mAP50   mAP50-95: 100%|██████████| 8/8 00:21
all       1000        939      0.737      0.273      0.325       0.15
Epoch    GPU_mem   box_loss   obj_loss   cls_loss  Instances       Size
71/99      13.9G    0.01952    0.00276  0.0005447         23        640: 100%|██████████| 24/24 00:08
Class     Images  Instances          P          R      mAP50   mAP50-95: 100%|██████████| 8/8 00:18
all       1000        939      0.705      0.291      0.333      0.157
Epoch    GPU_mem   box_loss   obj_loss   cls_loss  Instances       Size
72/99      13.9G    0.01937    0.00295  0.0003822         30        640: 100%|██████████| 24/24 00:08
Class     Images  Instances          P          R      mAP50   mAP50-95: 100%|██████████| 8/8 00:22
all       1000        939      0.691      0.279      0.323      0.144
Epoch    GPU_mem   box_loss   obj_loss   cls_loss  Instances       Size
73/99      13.9G    0.01851   0.002878  0.0006184         19        640: 100%|██████████| 24/24 00:05
Class     Images  Instances          P          R      mAP50   mAP50-95: 100%|██████████| 8/8 00:25
all       1000        939      0.721       0.28      0.336      0.159
Epoch    GPU_mem   box_loss   obj_loss   cls_loss  Instances       Size
74/99      13.9G    0.01888   0.002788  0.0004643         24        640: 100%|██████████| 24/24 00:05
Class     Images  Instances          P          R      mAP50   mAP50-95: 100%|██████████| 8/8 00:25
all       1000        939      0.706      0.258      0.316      0.145
Epoch    GPU_mem   box_loss   obj_loss   cls_loss  Instances       Size
75/99      13.9G    0.01863   0.002659  0.0003954         19        640: 100%|██████████| 24/24 00:07
Class     Images  Instances          P          R      mAP50   mAP50-95: 100%|██████████| 8/8 00:20
all       1000        939      0.704      0.257      0.301      0.136
Epoch    GPU_mem   box_loss   obj_loss   cls_loss  Instances       Size
76/99      13.9G    0.01986   0.002786  0.0003864         16        640: 100%|██████████| 24/24 00:10
Class     Images  Instances          P          R      mAP50   mAP50-95: 100%|██████████| 8/8 00:16
all       1000        939      0.702      0.263       0.31      0.145
Epoch    GPU_mem   box_loss   obj_loss   cls_loss  Instances       Size
77/99      13.9G    0.01837   0.002694  0.0004224         26        640: 100%|██████████| 24/24 00:10
Class     Images  Instances          P          R      mAP50   mAP50-95: 100%|██████████| 8/8 00:21
all       1000        939      0.712      0.259       0.32      0.157
Epoch    GPU_mem   box_loss   obj_loss   cls_loss  Instances       Size
78/99      13.9G    0.01821   0.002713  0.0002914         22        640: 100%|██████████| 24/24 00:06
Class     Images  Instances          P          R      mAP50   mAP50-95: 100%|██████████| 8/8 00:24
all       1000        939      0.725      0.254      0.309      0.146
Epoch    GPU_mem   box_loss   obj_loss   cls_loss  Instances       Size
79/99      13.9G     0.0185   0.002701  0.0003312         20        640: 100%|██████████| 24/24 00:06
Class     Images  Instances          P          R      mAP50   mAP50-95: 100%|██████████| 8/8 00:25
all       1000        939      0.723      0.265      0.313      0.144
Epoch    GPU_mem   box_loss   obj_loss   cls_loss  Instances       Size
80/99      13.9G    0.01851   0.002826  0.0005504         31        640: 100%|██████████| 24/24 00:05
Class     Images  Instances          P          R      mAP50   mAP50-95: 100%|██████████| 8/8 00:21
all       1000        939      0.708      0.273      0.318      0.152
Epoch    GPU_mem   box_loss   obj_loss   cls_loss  Instances       Size
81/99      13.9G    0.01822   0.002855  0.0003704         32        640: 100%|██████████| 24/24 00:08
Class     Images  Instances          P          R      mAP50   mAP50-95: 100%|██████████| 8/8 00:18
all       1000        939      0.721       0.27      0.321      0.154
Epoch    GPU_mem   box_loss   obj_loss   cls_loss  Instances       Size
82/99      13.9G    0.01821   0.002767  0.0002542         25        640: 100%|██████████| 24/24 00:08
Class     Images  Instances          P          R      mAP50   mAP50-95: 100%|██████████| 8/8 00:23
all       1000        939      0.734      0.271      0.324      0.159
Epoch    GPU_mem   box_loss   obj_loss   cls_loss  Instances       Size
83/99      13.9G    0.01775   0.002771  0.0004208         17        640: 100%|██████████| 24/24 00:05
Class     Images  Instances          P          R      mAP50   mAP50-95: 100%|██████████| 8/8 00:25
all       1000        939      0.717      0.271      0.326      0.157
Epoch    GPU_mem   box_loss   obj_loss   cls_loss  Instances       Size
84/99      13.9G    0.01776   0.002634  0.0003222         22        640: 100%|██████████| 24/24 00:05
Class     Images  Instances          P          R      mAP50   mAP50-95: 100%|██████████| 8/8 00:25
all       1000        939      0.703      0.269       0.33      0.155
Epoch    GPU_mem   box_loss   obj_loss   cls_loss  Instances       Size
85/99      13.9G     0.0174   0.002664  0.0003502         26        640: 100%|██████████| 24/24 00:05
Class     Images  Instances          P          R      mAP50   mAP50-95: 100%|██████████| 8/8 00:21
all       1000        939      0.693      0.266       0.32      0.153
Epoch    GPU_mem   box_loss   obj_loss   cls_loss  Instances       Size
86/99      13.9G    0.01739   0.002621  0.0002845         25        640: 100%|██████████| 24/24 00:08
Class     Images  Instances          P          R      mAP50   mAP50-95: 100%|██████████| 8/8 00:18
all       1000        939      0.709      0.267       0.32      0.154
Epoch    GPU_mem   box_loss   obj_loss   cls_loss  Instances       Size
87/99      13.9G    0.01704    0.00267  0.0002989         33        640: 100%|██████████| 24/24 00:08
Class     Images  Instances          P          R      mAP50   mAP50-95: 100%|██████████| 8/8 00:23
all       1000        939      0.707      0.272      0.324      0.152
Epoch    GPU_mem   box_loss   obj_loss   cls_loss  Instances       Size
88/99      13.9G    0.01737   0.002608  0.0003419         28        640: 100%|██████████| 24/24 00:05
Class     Images  Instances          P          R      mAP50   mAP50-95: 100%|██████████| 8/8 00:25
all       1000        939      0.689      0.285      0.327      0.158
Epoch    GPU_mem   box_loss   obj_loss   cls_loss  Instances       Size
89/99      13.9G    0.01677   0.002636  0.0003264         12        640: 100%|██████████| 24/24 00:05
Class     Images  Instances          P          R      mAP50   mAP50-95: 100%|██████████| 8/8 00:25
all       1000        939      0.665      0.281      0.323       0.15
Epoch    GPU_mem   box_loss   obj_loss   cls_loss  Instances       Size
90/99      13.9G    0.01733   0.002594  0.0003501         28        640: 100%|██████████| 24/24 00:07
Class     Images  Instances          P          R      mAP50   mAP50-95: 100%|██████████| 8/8 00:21
all       1000        939      0.696      0.275      0.335      0.157
Epoch    GPU_mem   box_loss   obj_loss   cls_loss  Instances       Size
91/99      13.9G    0.01716   0.002684  0.0003501         25        640: 100%|██████████| 24/24 00:10
Class     Images  Instances          P          R      mAP50   mAP50-95: 100%|██████████| 8/8 00:14
all       1000        939       0.68      0.278      0.327      0.151
Epoch    GPU_mem   box_loss   obj_loss   cls_loss  Instances       Size
92/99      13.9G    0.01638   0.002435   0.000274         17        640: 100%|██████████| 24/24 00:10
Class     Images  Instances          P          R      mAP50   mAP50-95: 100%|██████████| 8/8 00:21
all       1000        939      0.671      0.282      0.327      0.158
Epoch    GPU_mem   box_loss   obj_loss   cls_loss  Instances       Size
93/99      13.9G    0.01674   0.002613  0.0002921         23        640: 100%|██████████| 24/24 00:06
Class     Images  Instances          P          R      mAP50   mAP50-95: 100%|██████████| 8/8 00:25
all       1000        939      0.683      0.275      0.327      0.154
Epoch    GPU_mem   box_loss   obj_loss   cls_loss  Instances       Size
94/99      13.9G    0.01604   0.002757  0.0002134         20        640: 100%|██████████| 24/24 00:05
Class     Images  Instances          P          R      mAP50   mAP50-95: 100%|██████████| 8/8 00:25
all       1000        939      0.689      0.276      0.326      0.156
Epoch    GPU_mem   box_loss   obj_loss   cls_loss  Instances       Size
95/99      13.9G     0.0156   0.002632  0.0002502         35        640: 100%|██████████| 24/24 00:05
Class     Images  Instances          P          R      mAP50   mAP50-95: 100%|██████████| 8/8 00:21
all       1000        939      0.695      0.275      0.326      0.157
Epoch    GPU_mem   box_loss   obj_loss   cls_loss  Instances       Size
96/99      13.9G    0.01562   0.002517  0.0002272         17        640: 100%|██████████| 24/24 00:08
Class     Images  Instances          P          R      mAP50   mAP50-95: 100%|██████████| 8/8 00:18
all       1000        939      0.687      0.282      0.326      0.154
Epoch    GPU_mem   box_loss   obj_loss   cls_loss  Instances       Size
97/99      13.9G    0.01595   0.002489  0.0002696         26        640: 100%|██████████| 24/24 00:08
Class     Images  Instances          P          R      mAP50   mAP50-95: 100%|██████████| 8/8 00:22
all       1000        939       0.69      0.275       0.32      0.151
Epoch    GPU_mem   box_loss   obj_loss   cls_loss  Instances       Size
98/99      13.9G    0.01601   0.002343  0.0002111         20        640: 100%|██████████| 24/24 00:05
Class     Images  Instances          P          R      mAP50   mAP50-95: 100%|██████████| 8/8 00:25
all       1000        939      0.685      0.279      0.321      0.153
Epoch    GPU_mem   box_loss   obj_loss   cls_loss  Instances       Size
99/99      13.9G    0.01565   0.002488  0.0002695         28        640: 100%|██████████| 24/24 00:05
Class     Images  Instances          P          R      mAP50   mAP50-95: 100%|██████████| 8/8 00:23
all       1000        939       0.69      0.276       0.32      0.152
100 epochs completed in 0.852 hours.
Optimizer stripped from /home/lijinhe/work/YOLO_Retraining/runs/sequences/0814-214349__seq-random-replay__stage0-stage3__yolov5s__s42/tasks/002__stage2__random-replay/backend/yolov5/train/weights/last.pt, 14.4MB
Optimizer stripped from /home/lijinhe/work/YOLO_Retraining/runs/sequences/0814-214349__seq-random-replay__stage0-stage3__yolov5s__s42/tasks/002__stage2__random-replay/backend/yolov5/train/weights/best.pt, 14.4MB
Validating /home/lijinhe/work/YOLO_Retraining/runs/sequences/0814-214349__seq-random-replay__stage0-stage3__yolov5s__s42/tasks/002__stage2__random-replay/backend/yolov5/train/weights/best.pt...
Fusing layers...
Model summary: 157 layers, 7020913 parameters, 0 gradients, 15.8 GFLOPs
Class     Images  Instances          P          R      mAP50   mAP50-95: 100%|██████████| 8/8 00:20
all       1000        939      0.759       0.43      0.468       0.23
large luggage       1000        358      0.547      0.648      0.622       0.31
stroller       1000        413      0.739      0.584      0.658      0.302
wheelchair       1000        155      0.751      0.488       0.58      0.301
flatbed truck       1000         13          1          0     0.0136    0.00582
Results saved to /home/lijinhe/work/YOLO_Retraining/runs/sequences/0814-214349__seq-random-replay__stage0-stage3__yolov5s__s42/tasks/002__stage2__random-replay/backend/yolov5/train
[YOLOv5] compacted progress updates: 6089 -> 203 lines
[YOLOv5] coalesced warning: incomplete JPEG accepted read-only; count=2496; by_source=train=1500, val=996
[YOLOv5] warning example: train: WARNING ⚠️ /home/lijinhe/work/YOLO_Retraining/data/self_improving/images/0720_10/04508_1784522068530385_0.jpg: incomplete JPEG accepted read-only
[YOLOv5] warning example: train: WARNING ⚠️ /home/lijinhe/work/YOLO_Retraining/data/self_improving/images/0720_10/04530_1784522115166398_0.jpg: incomplete JPEG accepted read-only
[YOLOv5] warning example: train: WARNING ⚠️ /home/lijinhe/work/YOLO_Retraining/data/self_improving/images/0720_10/04531_1784522115773399_0.jpg: incomplete JPEG accepted read-only
