train: weights=/home/lijinhe/work/YOLO_Retraining/.third_party/yolov5/yolov5s.pt, cfg=, data=/home/lijinhe/work/YOLO_Retraining/runs/studies/0907_stroller_window10_learning_curve/experiment/sequence/StrollerWindow10Tau099_SplitS42__seq-full-cold__stage0-stage7__yolov5s__s42/tasks/002__stage2__full-cold/data/backend_data.yaml, hyp=data/hyps/hyp.scratch-low.yaml, epochs=100, batch_size=64, imgsz=640, rect=False, resume=False, nosave=False, noval=False, noautoanchor=False, noplots=True, evolve=None, bucket=, cache=None, image_weights=False, device=0, multi_scale=False, single_cls=False, optimizer=SGD, sync_bn=False, workers=16, project=/home/lijinhe/work/YOLO_Retraining/runs/studies/0907_stroller_window10_learning_curve/experiment/sequence/StrollerWindow10Tau099_SplitS42__seq-full-cold__stage0-stage7__yolov5s__s42/tasks/002__stage2__full-cold/backend/yolov5, name=train, exist_ok=True, quad=False, cos_lr=False, label_smoothing=0.0, patience=100, freeze=[0], save_period=-1, seed=44, local_rank=-1, entity=None, upload_dataset=False, bbox_interval=-1, artifact_alias=latest
github: skipping check (offline), for updates see https://github.com/ultralytics/yolov5
YOLOv5 🚀 v7.0-0-g915bbf29 Python-3.10.20 torch-2.2.2+cu121 CUDA:0 (NVIDIA H100 PCIe, 81090MiB)
hyperparameters: lr0=0.01, lrf=0.01, momentum=0.937, weight_decay=0.0005, warmup_epochs=3.0, warmup_momentum=0.8, warmup_bias_lr=0.1, box=0.05, cls=0.5, cls_pw=1.0, obj=1.0, obj_pw=1.0, iou_t=0.2, anchor_t=4.0, fl_gamma=0.0, hsv_h=0.015, hsv_s=0.7, hsv_v=0.4, degrees=0.0, translate=0.1, scale=0.5, shear=0.0, perspective=0.0, flipud=0.0, fliplr=0.5, mosaic=1.0, mixup=0.0, copy_paste=0.0
ClearML: run 'pip install clearml' to automatically track, visualize and remotely train YOLOv5 🚀 in ClearML
Comet: run 'pip install comet_ml' to automatically track and visualize YOLOv5 🚀 runs in Comet
TensorBoard: Start with 'tensorboard --logdir /home/lijinhe/work/YOLO_Retraining/runs/studies/0907_stroller_window10_learning_curve/experiment/sequence/StrollerWindow10Tau099_SplitS42__seq-full-cold__stage0-stage7__yolov5s__s42/tasks/002__stage2__full-cold/backend/yolov5', view at http://localhost:6006/
Overriding model.yaml nc=80 with nc=4
from  n    params  module                                  arguments
0                -1  1      3520  models.common.Conv                      [3, 32, 6, 2, 2]
1                -1  1     18560  models.common.Conv                      [32, 64, 3, 2]
2                -1  1     18816  models.common.C3                        [64, 64, 1]
3                -1  1     73984  models.common.Conv                      [64, 128, 3, 2]
4                -1  2    115712  models.common.C3                        [128, 128, 2]
5                -1  1    295424  models.common.Conv                      [128, 256, 3, 2]
6                -1  3    625152  models.common.C3                        [256, 256, 3]
7                -1  1   1180672  models.common.Conv                      [256, 512, 3, 2]
8                -1  1   1182720  models.common.C3                        [512, 512, 1]
9                -1  1    656896  models.common.SPPF                      [512, 512, 5]
10                -1  1    131584  models.common.Conv                      [512, 256, 1, 1]
11                -1  1         0  torch.nn.modules.upsampling.Upsample    [None, 2, 'nearest']
12           [-1, 6]  1         0  models.common.Concat                    [1]
13                -1  1    361984  models.common.C3                        [512, 256, 1, False]
14                -1  1     33024  models.common.Conv                      [256, 128, 1, 1]
15                -1  1         0  torch.nn.modules.upsampling.Upsample    [None, 2, 'nearest']
16           [-1, 4]  1         0  models.common.Concat                    [1]
17                -1  1     90880  models.common.C3                        [256, 128, 1, False]
18                -1  1    147712  models.common.Conv                      [128, 128, 3, 2]
19          [-1, 14]  1         0  models.common.Concat                    [1]
20                -1  1    296448  models.common.C3                        [256, 256, 1, False]
21                -1  1    590336  models.common.Conv                      [256, 256, 3, 2]
22          [-1, 10]  1         0  models.common.Concat                    [1]
23                -1  1   1182720  models.common.C3                        [512, 512, 1, False]
24      [17, 20, 23]  1     24273  models.yolo.Detect                      [4, [[10, 13, 16, 30, 33, 23], [30, 61, 62, 45, 59, 119], [116, 90, 156, 198, 373, 326]], [128, 256, 512]]
Model summary: 214 layers, 7030417 parameters, 7030417 gradients, 16.0 GFLOPs
Transferred 343/349 items from /home/lijinhe/work/YOLO_Retraining/.third_party/yolov5/yolov5s.pt
AMP: checks passed ✅
optimizer: SGD(lr=0.01) with parameter groups 57 weight(decay=0.0), 60 weight(decay=0.0005), 60 bias
train: Scanning /home/lijinhe/work/YOLO_Retraining/runs/studies/0907_stroller_window10_learning_curve/experiment/sequence/StrollerWindow10Tau099_SplitS42__seq-full-cold__stage0-stage7__yolov5s__s42/tasks/002__stage2__full-cold/data/backend_train_images... 241 images, 0 backgrounds, 0 corrupt: 100%|██████████| 241/241 00:04
train: New cache created: /home/lijinhe/work/YOLO_Retraining/runs/studies/0907_stroller_window10_learning_curve/experiment/sequence/StrollerWindow10Tau099_SplitS42__seq-full-cold__stage0-stage7__yolov5s__s42/tasks/002__stage2__full-cold/data/backend_train_images.cache
val: Scanning /home/lijinhe/work/YOLO_Retraining/runs/studies/0907_stroller_window10_learning_curve/experiment/sequence/StrollerWindow10Tau099_SplitS42__seq-full-cold__stage0-stage7__yolov5s__s42/tasks/002__stage2__full-cold/data/backend_validation_images... 80 images, 0 backgrounds, 0 corrupt: 100%|██████████| 80/80 00:04
val: New cache created: /home/lijinhe/work/YOLO_Retraining/runs/studies/0907_stroller_window10_learning_curve/experiment/sequence/StrollerWindow10Tau099_SplitS42__seq-full-cold__stage0-stage7__yolov5s__s42/tasks/002__stage2__full-cold/data/backend_validation_images.cache
AutoAnchor: 6.17 anchors/target, 1.000 Best Possible Recall (BPR). Current anchors are a good fit to dataset ✅
Image sizes 640 train, 640 val
Using 16 dataloader workers
Logging results to /home/lijinhe/work/YOLO_Retraining/runs/studies/0907_stroller_window10_learning_curve/experiment/sequence/StrollerWindow10Tau099_SplitS42__seq-full-cold__stage0-stage7__yolov5s__s42/tasks/002__stage2__full-cold/backend/yolov5/train
Starting training for 100 epochs...
Epoch    GPU_mem   box_loss   obj_loss   cls_loss  Instances       Size
0/99      13.9G     0.1204    0.02801    0.04832         88        640: 100%|██████████| 4/4 00:05
Class     Images  Instances          P          R      mAP50   mAP50-95: 100%|██████████| 1/1 00:06
all         80         84   0.000127     0.0119   6.47e-05   1.29e-05
Epoch    GPU_mem   box_loss   obj_loss   cls_loss  Instances       Size
1/99      13.9G      0.116    0.02789    0.04438         98        640: 100%|██████████| 4/4 00:00
Class     Images  Instances          P          R      mAP50   mAP50-95: 100%|██████████| 1/1 00:00
all         80         84    0.00145      0.179   0.000887    0.00015
Epoch    GPU_mem   box_loss   obj_loss   cls_loss  Instances       Size
2/99      13.9G     0.1054    0.02741    0.03561         99        640: 100%|██████████| 4/4 00:00
Class     Images  Instances          P          R      mAP50   mAP50-95: 100%|██████████| 1/1 00:00
all         80         84    0.00352      0.583    0.00998    0.00178
Epoch    GPU_mem   box_loss   obj_loss   cls_loss  Instances       Size
3/99      13.9G    0.09577    0.02543    0.02426         89        640: 100%|██████████| 4/4 00:00
Class     Images  Instances          P          R      mAP50   mAP50-95: 100%|██████████| 1/1 00:00
all         80         84     0.0038      0.774     0.0179    0.00383
Epoch    GPU_mem   box_loss   obj_loss   cls_loss  Instances       Size
4/99      13.9G    0.08866    0.02566    0.01685         86        640: 100%|██████████| 4/4 00:00
Class     Images  Instances          P          R      mAP50   mAP50-95: 100%|██████████| 1/1 00:00
all         80         84    0.00362      0.833     0.0325     0.0084
Epoch    GPU_mem   box_loss   obj_loss   cls_loss  Instances       Size
5/99      13.9G    0.08454    0.02522      0.012        101        640: 100%|██████████| 4/4 00:00
Class     Images  Instances          P          R      mAP50   mAP50-95: 100%|██████████| 1/1 00:00
all         80         84     0.0328      0.607     0.0772     0.0203
Epoch    GPU_mem   box_loss   obj_loss   cls_loss  Instances       Size
6/99      13.9G    0.08028    0.02439   0.008388         78        640: 100%|██████████| 4/4 00:00
Class     Images  Instances          P          R      mAP50   mAP50-95: 100%|██████████| 1/1 00:00
all         80         84       0.17       0.28       0.11     0.0289
Epoch    GPU_mem   box_loss   obj_loss   cls_loss  Instances       Size
7/99      13.9G     0.0793    0.02527   0.006141         88        640: 100%|██████████| 4/4 00:00
Class     Images  Instances          P          R      mAP50   mAP50-95: 100%|██████████| 1/1 00:00
all         80         84        0.2       0.44      0.149     0.0405
Epoch    GPU_mem   box_loss   obj_loss   cls_loss  Instances       Size
8/99      13.9G    0.07411    0.02562   0.004873         97        640: 100%|██████████| 4/4 00:00
Class     Images  Instances          P          R      mAP50   mAP50-95: 100%|██████████| 1/1 00:00
all         80         84      0.242      0.274      0.156     0.0394
Epoch    GPU_mem   box_loss   obj_loss   cls_loss  Instances       Size
9/99      13.9G     0.0743    0.02357    0.00408        102        640: 100%|██████████| 4/4 00:00
Class     Images  Instances          P          R      mAP50   mAP50-95: 100%|██████████| 1/1 00:00
all         80         84      0.305      0.405       0.27     0.0764
Epoch    GPU_mem   box_loss   obj_loss   cls_loss  Instances       Size
10/99      13.9G    0.07289    0.02111   0.003448         86        640: 100%|██████████| 4/4 00:00
Class     Images  Instances          P          R      mAP50   mAP50-95: 100%|██████████| 1/1 00:00
all         80         84     0.0784      0.202     0.0442    0.00998
Epoch    GPU_mem   box_loss   obj_loss   cls_loss  Instances       Size
11/99      13.9G    0.07119    0.02145   0.003439        101        640: 100%|██████████| 4/4 00:00
Class     Images  Instances          P          R      mAP50   mAP50-95: 100%|██████████| 1/1 00:00
all         80         84      0.129      0.298      0.101     0.0285
Epoch    GPU_mem   box_loss   obj_loss   cls_loss  Instances       Size
12/99      13.9G    0.07135    0.02098   0.003263        103        640: 100%|██████████| 4/4 00:00
Class     Images  Instances          P          R      mAP50   mAP50-95: 100%|██████████| 1/1 00:00
all         80         84      0.407      0.405      0.304     0.0912
Epoch    GPU_mem   box_loss   obj_loss   cls_loss  Instances       Size
13/99      13.9G    0.07131    0.02028   0.003096         91        640: 100%|██████████| 4/4 00:00
Class     Images  Instances          P          R      mAP50   mAP50-95: 100%|██████████| 1/1 00:00
all         80         84      0.418      0.417        0.3     0.0916
Epoch    GPU_mem   box_loss   obj_loss   cls_loss  Instances       Size
14/99      13.9G    0.06945    0.01892   0.003071         87        640: 100%|██████████| 4/4 00:00
Class     Images  Instances          P          R      mAP50   mAP50-95: 100%|██████████| 1/1 00:00
all         80         84      0.456      0.417      0.414      0.152
Epoch    GPU_mem   box_loss   obj_loss   cls_loss  Instances       Size
15/99      13.9G    0.06757    0.01903   0.003226         90        640: 100%|██████████| 4/4 00:00
Class     Images  Instances          P          R      mAP50   mAP50-95: 100%|██████████| 1/1 00:00
all         80         84      0.378      0.345       0.35     0.0934
Epoch    GPU_mem   box_loss   obj_loss   cls_loss  Instances       Size
16/99      13.9G    0.06958    0.01888   0.003023         94        640: 100%|██████████| 4/4 00:00
Class     Images  Instances          P          R      mAP50   mAP50-95: 100%|██████████| 1/1 00:00
all         80         84      0.585      0.476      0.527       0.19
Epoch    GPU_mem   box_loss   obj_loss   cls_loss  Instances       Size
17/99      13.9G    0.06722    0.01711   0.002919         94        640: 100%|██████████| 4/4 00:00
Class     Images  Instances          P          R      mAP50   mAP50-95: 100%|██████████| 1/1 00:00
all         80         84      0.488      0.429      0.444      0.161
Epoch    GPU_mem   box_loss   obj_loss   cls_loss  Instances       Size
18/99      13.9G    0.06575     0.0184   0.003229        105        640: 100%|██████████| 4/4 00:00
Class     Images  Instances          P          R      mAP50   mAP50-95: 100%|██████████| 1/1 00:00
all         80         84      0.383      0.429      0.399       0.13
Epoch    GPU_mem   box_loss   obj_loss   cls_loss  Instances       Size
19/99      13.9G    0.06591    0.01756   0.003272         96        640: 100%|██████████| 4/4 00:00
Class     Images  Instances          P          R      mAP50   mAP50-95: 100%|██████████| 1/1 00:00
all         80         84      0.405       0.56      0.442      0.163
Epoch    GPU_mem   box_loss   obj_loss   cls_loss  Instances       Size
20/99      13.9G    0.06313    0.01617    0.00336         82        640: 100%|██████████| 4/4 00:00
Class     Images  Instances          P          R      mAP50   mAP50-95: 100%|██████████| 1/1 00:00
all         80         84      0.326      0.495      0.354      0.132
Epoch    GPU_mem   box_loss   obj_loss   cls_loss  Instances       Size
21/99      13.9G    0.06271    0.01656   0.003239        100        640: 100%|██████████| 4/4 00:00
Class     Images  Instances          P          R      mAP50   mAP50-95: 100%|██████████| 1/1 00:00
all         80         84      0.467      0.548      0.501      0.175
Epoch    GPU_mem   box_loss   obj_loss   cls_loss  Instances       Size
22/99      13.9G    0.05983    0.01651   0.003252         98        640: 100%|██████████| 4/4 00:00
Class     Images  Instances          P          R      mAP50   mAP50-95: 100%|██████████| 1/1 00:00
all         80         84       0.44        0.5      0.477      0.173
Epoch    GPU_mem   box_loss   obj_loss   cls_loss  Instances       Size
23/99      13.9G    0.05937     0.0148    0.00295        102        640: 100%|██████████| 4/4 00:00
Class     Images  Instances          P          R      mAP50   mAP50-95: 100%|██████████| 1/1 00:00
all         80         84      0.354      0.571      0.395      0.124
Epoch    GPU_mem   box_loss   obj_loss   cls_loss  Instances       Size
24/99      13.9G    0.05819    0.01512   0.002943         94        640: 100%|██████████| 4/4 00:00
Class     Images  Instances          P          R      mAP50   mAP50-95: 100%|██████████| 1/1 00:00
all         80         84      0.599      0.516       0.57      0.245
Epoch    GPU_mem   box_loss   obj_loss   cls_loss  Instances       Size
25/99      13.9G    0.05645    0.01334    0.00283         90        640: 100%|██████████| 4/4 00:00
Class     Images  Instances          P          R      mAP50   mAP50-95: 100%|██████████| 1/1 00:00
all         80         84      0.357      0.512      0.344     0.0988
Epoch    GPU_mem   box_loss   obj_loss   cls_loss  Instances       Size
26/99      13.9G    0.05731    0.01395   0.002684        100        640: 100%|██████████| 4/4 00:00
Class     Images  Instances          P          R      mAP50   mAP50-95: 100%|██████████| 1/1 00:00
all         80         84      0.329      0.583       0.43       0.16
Epoch    GPU_mem   box_loss   obj_loss   cls_loss  Instances       Size
27/99      13.9G    0.05365    0.01331   0.002902         82        640: 100%|██████████| 4/4 00:00
Class     Images  Instances          P          R      mAP50   mAP50-95: 100%|██████████| 1/1 00:00
all         80         84      0.327        0.5       0.36      0.137
Epoch    GPU_mem   box_loss   obj_loss   cls_loss  Instances       Size
28/99      13.9G    0.04967    0.01403   0.002713         84        640: 100%|██████████| 4/4 00:00
Class     Images  Instances          P          R      mAP50   mAP50-95: 100%|██████████| 1/1 00:00
all         80         84      0.333      0.381      0.325      0.119
Epoch    GPU_mem   box_loss   obj_loss   cls_loss  Instances       Size
29/99      13.9G    0.05033    0.01322   0.002759         98        640: 100%|██████████| 4/4 00:00
Class     Images  Instances          P          R      mAP50   mAP50-95: 100%|██████████| 1/1 00:00
all         80         84      0.348      0.417      0.327     0.0953
Epoch    GPU_mem   box_loss   obj_loss   cls_loss  Instances       Size
30/99      13.9G    0.04931     0.0124    0.00249         87        640: 100%|██████████| 4/4 00:00
Class     Images  Instances          P          R      mAP50   mAP50-95: 100%|██████████| 1/1 00:00
all         80         84      0.429      0.369      0.309      0.114
Epoch    GPU_mem   box_loss   obj_loss   cls_loss  Instances       Size
31/99      13.9G    0.04863    0.01276   0.002314         85        640: 100%|██████████| 4/4 00:00
Class     Images  Instances          P          R      mAP50   mAP50-95: 100%|██████████| 1/1 00:00
all         80         84      0.462      0.595      0.513        0.2
Epoch    GPU_mem   box_loss   obj_loss   cls_loss  Instances       Size
32/99      13.9G    0.04856    0.01233   0.002376         99        640: 100%|██████████| 4/4 00:00
Class     Images  Instances          P          R      mAP50   mAP50-95: 100%|██████████| 1/1 00:00
all         80         84      0.404      0.607       0.42      0.171
Epoch    GPU_mem   box_loss   obj_loss   cls_loss  Instances       Size
33/99      13.9G    0.04493     0.0114   0.002196         85        640: 100%|██████████| 4/4 00:00
Class     Images  Instances          P          R      mAP50   mAP50-95: 100%|██████████| 1/1 00:00
all         80         84      0.409      0.592      0.479      0.186
Epoch    GPU_mem   box_loss   obj_loss   cls_loss  Instances       Size
34/99      13.9G    0.04494    0.01185   0.002072         76        640: 100%|██████████| 4/4 00:00
Class     Images  Instances          P          R      mAP50   mAP50-95: 100%|██████████| 1/1 00:00
all         80         84       0.68      0.643      0.647       0.26
Epoch    GPU_mem   box_loss   obj_loss   cls_loss  Instances       Size
35/99      13.9G    0.04431    0.01112   0.001982        103        640: 100%|██████████| 4/4 00:00
Class     Images  Instances          P          R      mAP50   mAP50-95: 100%|██████████| 1/1 00:00
all         80         84      0.592       0.57      0.593      0.248
Epoch    GPU_mem   box_loss   obj_loss   cls_loss  Instances       Size
36/99      13.9G    0.04342    0.01108   0.001974         99        640: 100%|██████████| 4/4 00:00
Class     Images  Instances          P          R      mAP50   mAP50-95: 100%|██████████| 1/1 00:00
all         80         84      0.703      0.583      0.631      0.255
Epoch    GPU_mem   box_loss   obj_loss   cls_loss  Instances       Size
37/99      13.9G     0.0442    0.01025    0.00194         96        640: 100%|██████████| 4/4 00:00
Class     Images  Instances          P          R      mAP50   mAP50-95: 100%|██████████| 1/1 00:00
all         80         84      0.768      0.583      0.682      0.289
Epoch    GPU_mem   box_loss   obj_loss   cls_loss  Instances       Size
38/99      13.9G    0.04354    0.01018   0.001979         80        640: 100%|██████████| 4/4 00:00
Class     Images  Instances          P          R      mAP50   mAP50-95: 100%|██████████| 1/1 00:00
all         80         84      0.745      0.697      0.705      0.323
Epoch    GPU_mem   box_loss   obj_loss   cls_loss  Instances       Size
39/99      13.9G    0.04006     0.0104   0.001976         88        640: 100%|██████████| 4/4 00:00
Class     Images  Instances          P          R      mAP50   mAP50-95: 100%|██████████| 1/1 00:00
all         80         84      0.744      0.656      0.703      0.301
Epoch    GPU_mem   box_loss   obj_loss   cls_loss  Instances       Size
40/99      13.9G    0.04008    0.01094   0.001829        107        640: 100%|██████████| 4/4 00:00
Class     Images  Instances          P          R      mAP50   mAP50-95: 100%|██████████| 1/1 00:00
all         80         84      0.723      0.684      0.665      0.271
Epoch    GPU_mem   box_loss   obj_loss   cls_loss  Instances       Size
41/99      13.9G    0.03953    0.01056   0.001888         79        640: 100%|██████████| 4/4 00:00
Class     Images  Instances          P          R      mAP50   mAP50-95: 100%|██████████| 1/1 00:00
all         80         84       0.59      0.685      0.622      0.255
Epoch    GPU_mem   box_loss   obj_loss   cls_loss  Instances       Size
42/99      13.9G    0.03822    0.01018   0.001758         78        640: 100%|██████████| 4/4 00:00
Class     Images  Instances          P          R      mAP50   mAP50-95: 100%|██████████| 1/1 00:00
all         80         84      0.703      0.732      0.739      0.297
Epoch    GPU_mem   box_loss   obj_loss   cls_loss  Instances       Size
43/99      13.9G    0.03756    0.00941   0.001719         84        640: 100%|██████████| 4/4 00:00
Class     Images  Instances          P          R      mAP50   mAP50-95: 100%|██████████| 1/1 00:00
all         80         84      0.709       0.75      0.743      0.311
Epoch    GPU_mem   box_loss   obj_loss   cls_loss  Instances       Size
44/99      13.9G    0.03773   0.009852   0.001629         93        640: 100%|██████████| 4/4 00:00
Class     Images  Instances          P          R      mAP50   mAP50-95: 100%|██████████| 1/1 00:00
all         80         84      0.788      0.709      0.727       0.31
Epoch    GPU_mem   box_loss   obj_loss   cls_loss  Instances       Size
45/99      13.9G    0.03588    0.00931   0.001607         91        640: 100%|██████████| 4/4 00:00
Class     Images  Instances          P          R      mAP50   mAP50-95: 100%|██████████| 1/1 00:00
all         80         84      0.783      0.702      0.767      0.306
Epoch    GPU_mem   box_loss   obj_loss   cls_loss  Instances       Size
46/99      13.9G    0.03722   0.009414   0.001501         87        640: 100%|██████████| 4/4 00:00
Class     Images  Instances          P          R      mAP50   mAP50-95: 100%|██████████| 1/1 00:00
all         80         84      0.742      0.702      0.746      0.328
Epoch    GPU_mem   box_loss   obj_loss   cls_loss  Instances       Size
47/99      13.9G      0.036   0.008909   0.001447         87        640: 100%|██████████| 4/4 00:00
Class     Images  Instances          P          R      mAP50   mAP50-95: 100%|██████████| 1/1 00:00
all         80         84      0.859      0.714      0.807       0.36
Epoch    GPU_mem   box_loss   obj_loss   cls_loss  Instances       Size
48/99      13.9G    0.03516     0.0103    0.00141        101        640: 100%|██████████| 4/4 00:00
Class     Images  Instances          P          R      mAP50   mAP50-95: 100%|██████████| 1/1 00:00
all         80         84      0.815      0.774      0.818       0.35
Epoch    GPU_mem   box_loss   obj_loss   cls_loss  Instances       Size
49/99      13.9G    0.03516   0.008853   0.001449         80        640: 100%|██████████| 4/4 00:00
Class     Images  Instances          P          R      mAP50   mAP50-95: 100%|██████████| 1/1 00:00
all         80         84      0.802      0.772      0.822       0.35
Epoch    GPU_mem   box_loss   obj_loss   cls_loss  Instances       Size
50/99      13.9G    0.03386   0.009516   0.001396         86        640: 100%|██████████| 4/4 00:00
Class     Images  Instances          P          R      mAP50   mAP50-95: 100%|██████████| 1/1 00:00
all         80         84      0.761      0.774      0.803      0.314
Epoch    GPU_mem   box_loss   obj_loss   cls_loss  Instances       Size
51/99      13.9G    0.03579   0.009595   0.001386         97        640: 100%|██████████| 4/4 00:00
Class     Images  Instances          P          R      mAP50   mAP50-95: 100%|██████████| 1/1 00:00
all         80         84      0.711      0.821      0.819      0.348
Epoch    GPU_mem   box_loss   obj_loss   cls_loss  Instances       Size
52/99      13.9G    0.03337   0.008963   0.001346         82        640: 100%|██████████| 4/4 00:00
Class     Images  Instances          P          R      mAP50   mAP50-95: 100%|██████████| 1/1 00:00
all         80         84      0.895      0.643      0.785      0.359
Epoch    GPU_mem   box_loss   obj_loss   cls_loss  Instances       Size
53/99      13.9G    0.03337   0.009123   0.001384         90        640: 100%|██████████| 4/4 00:00
Class     Images  Instances          P          R      mAP50   mAP50-95: 100%|██████████| 1/1 00:00
all         80         84      0.721      0.714      0.747      0.328
Epoch    GPU_mem   box_loss   obj_loss   cls_loss  Instances       Size
54/99      13.9G    0.03432    0.00928   0.001373        108        640: 100%|██████████| 4/4 00:00
Class     Images  Instances          P          R      mAP50   mAP50-95: 100%|██████████| 1/1 00:00
all         80         84      0.757      0.726       0.78      0.334
Epoch    GPU_mem   box_loss   obj_loss   cls_loss  Instances       Size
55/99      13.9G    0.03172   0.008914   0.001323        111        640: 100%|██████████| 4/4 00:00
Class     Images  Instances          P          R      mAP50   mAP50-95: 100%|██████████| 1/1 00:00
all         80         84       0.86      0.619      0.745      0.349
Epoch    GPU_mem   box_loss   obj_loss   cls_loss  Instances       Size
56/99      13.9G    0.03201    0.00919    0.00132         95        640: 100%|██████████| 4/4 00:00
Class     Images  Instances          P          R      mAP50   mAP50-95: 100%|██████████| 1/1 00:00
all         80         84      0.845       0.75      0.801      0.361
Epoch    GPU_mem   box_loss   obj_loss   cls_loss  Instances       Size
57/99      13.9G    0.03097   0.008519   0.001287         78        640: 100%|██████████| 4/4 00:00
Class     Images  Instances          P          R      mAP50   mAP50-95: 100%|██████████| 1/1 00:00
all         80         84      0.804       0.78      0.801      0.368
Epoch    GPU_mem   box_loss   obj_loss   cls_loss  Instances       Size
58/99      13.9G    0.02957   0.009009    0.00127         86        640: 100%|██████████| 4/4 00:00
Class     Images  Instances          P          R      mAP50   mAP50-95: 100%|██████████| 1/1 00:00
all         80         84      0.876      0.754      0.817      0.355
Epoch    GPU_mem   box_loss   obj_loss   cls_loss  Instances       Size
59/99      13.9G    0.02976   0.008595   0.001191         93        640: 100%|██████████| 4/4 00:00
Class     Images  Instances          P          R      mAP50   mAP50-95: 100%|██████████| 1/1 00:00
all         80         84      0.874      0.741      0.813      0.351
Epoch    GPU_mem   box_loss   obj_loss   cls_loss  Instances       Size
60/99      13.9G    0.03031    0.00868   0.001186         92        640: 100%|██████████| 4/4 00:00
Class     Images  Instances          P          R      mAP50   mAP50-95: 100%|██████████| 1/1 00:00
all         80         84      0.844      0.702      0.784      0.331
Epoch    GPU_mem   box_loss   obj_loss   cls_loss  Instances       Size
61/99      13.9G    0.03022    0.00825   0.001108         82        640: 100%|██████████| 4/4 00:00
Class     Images  Instances          P          R      mAP50   mAP50-95: 100%|██████████| 1/1 00:00
all         80         84      0.857      0.679      0.745      0.323
Epoch    GPU_mem   box_loss   obj_loss   cls_loss  Instances       Size
62/99      13.9G    0.02957   0.008218   0.001115         87        640: 100%|██████████| 4/4 00:00
Class     Images  Instances          P          R      mAP50   mAP50-95: 100%|██████████| 1/1 00:00
all         80         84      0.858      0.679      0.756      0.312
Epoch    GPU_mem   box_loss   obj_loss   cls_loss  Instances       Size
63/99      13.9G    0.03026   0.008619   0.001084         96        640: 100%|██████████| 4/4 00:00
Class     Images  Instances          P          R      mAP50   mAP50-95: 100%|██████████| 1/1 00:00
all         80         84      0.805      0.689      0.733      0.344
Epoch    GPU_mem   box_loss   obj_loss   cls_loss  Instances       Size
64/99      13.9G    0.02971   0.008749   0.001037        104        640: 100%|██████████| 4/4 00:00
Class     Images  Instances          P          R      mAP50   mAP50-95: 100%|██████████| 1/1 00:00
all         80         84      0.796      0.726      0.734      0.331
Epoch    GPU_mem   box_loss   obj_loss   cls_loss  Instances       Size
65/99      13.9G    0.02875   0.008418    0.00109         77        640: 100%|██████████| 4/4 00:00
Class     Images  Instances          P          R      mAP50   mAP50-95: 100%|██████████| 1/1 00:00
all         80         84      0.856      0.786      0.778       0.37
Epoch    GPU_mem   box_loss   obj_loss   cls_loss  Instances       Size
66/99      13.9G     0.0269     0.0089    0.00102        111        640: 100%|██████████| 4/4 00:00
Class     Images  Instances          P          R      mAP50   mAP50-95: 100%|██████████| 1/1 00:00
all         80         84      0.842      0.726      0.786      0.353
Epoch    GPU_mem   box_loss   obj_loss   cls_loss  Instances       Size
67/99      13.9G    0.02821   0.008974   0.001013         93        640: 100%|██████████| 4/4 00:00
Class     Images  Instances          P          R      mAP50   mAP50-95: 100%|██████████| 1/1 00:00
all         80         84      0.768       0.69       0.73      0.333
Epoch    GPU_mem   box_loss   obj_loss   cls_loss  Instances       Size
68/99      13.9G    0.02703   0.008245   0.001047         99        640: 100%|██████████| 4/4 00:00
Class     Images  Instances          P          R      mAP50   mAP50-95: 100%|██████████| 1/1 00:00
all         80         84      0.837      0.762       0.78      0.363
Epoch    GPU_mem   box_loss   obj_loss   cls_loss  Instances       Size
69/99      13.9G    0.02601   0.007822  0.0009861         79        640: 100%|██████████| 4/4 00:00
Class     Images  Instances          P          R      mAP50   mAP50-95: 100%|██████████| 1/1 00:00
all         80         84      0.815      0.786      0.841      0.377
Epoch    GPU_mem   box_loss   obj_loss   cls_loss  Instances       Size
70/99      13.9G    0.02699   0.008007  0.0009043         92        640: 100%|██████████| 4/4 00:00
Class     Images  Instances          P          R      mAP50   mAP50-95: 100%|██████████| 1/1 00:00
all         80         84      0.913      0.762      0.863      0.394
Epoch    GPU_mem   box_loss   obj_loss   cls_loss  Instances       Size
71/99      13.9G    0.02626    0.00814  0.0008859         92        640: 100%|██████████| 4/4 00:00
Class     Images  Instances          P          R      mAP50   mAP50-95: 100%|██████████| 1/1 00:00
all         80         84      0.921      0.774      0.866      0.387
Epoch    GPU_mem   box_loss   obj_loss   cls_loss  Instances       Size
72/99      13.9G    0.02606   0.008068  0.0008557         99        640: 100%|██████████| 4/4 00:00
Class     Images  Instances          P          R      mAP50   mAP50-95: 100%|██████████| 1/1 00:00
all         80         84      0.861      0.833      0.846      0.377
Epoch    GPU_mem   box_loss   obj_loss   cls_loss  Instances       Size
73/99      13.9G    0.02579   0.008224  0.0008451        101        640: 100%|██████████| 4/4 00:00
Class     Images  Instances          P          R      mAP50   mAP50-95: 100%|██████████| 1/1 00:00
all         80         84      0.849      0.821       0.82      0.378
Epoch    GPU_mem   box_loss   obj_loss   cls_loss  Instances       Size
74/99      13.9G    0.02554   0.007762   0.000842         91        640: 100%|██████████| 4/4 00:00
Class     Images  Instances          P          R      mAP50   mAP50-95: 100%|██████████| 1/1 00:00
all         80         84      0.847       0.79      0.795      0.369
Epoch    GPU_mem   box_loss   obj_loss   cls_loss  Instances       Size
75/99      13.9G    0.02526   0.008192   0.000845         97        640: 100%|██████████| 4/4 00:00
Class     Images  Instances          P          R      mAP50   mAP50-95: 100%|██████████| 1/1 00:00
all         80         84      0.864      0.798      0.832      0.392
Epoch    GPU_mem   box_loss   obj_loss   cls_loss  Instances       Size
76/99      13.9G    0.02394   0.008027  0.0008387         92        640: 100%|██████████| 4/4 00:00
Class     Images  Instances          P          R      mAP50   mAP50-95: 100%|██████████| 1/1 00:00
all         80         84      0.866      0.767      0.828      0.392
Epoch    GPU_mem   box_loss   obj_loss   cls_loss  Instances       Size
77/99      13.9G     0.0238   0.007446  0.0007931         96        640: 100%|██████████| 4/4 00:00
Class     Images  Instances          P          R      mAP50   mAP50-95: 100%|██████████| 1/1 00:00
all         80         84      0.877      0.765      0.849      0.394
Epoch    GPU_mem   box_loss   obj_loss   cls_loss  Instances       Size
78/99      13.9G    0.02402   0.007332  0.0007947         94        640: 100%|██████████| 4/4 00:00
Class     Images  Instances          P          R      mAP50   mAP50-95: 100%|██████████| 1/1 00:00
all         80         84      0.875      0.753      0.852      0.396
Epoch    GPU_mem   box_loss   obj_loss   cls_loss  Instances       Size
79/99      13.9G    0.02312   0.007118  0.0007442         75        640: 100%|██████████| 4/4 00:00
Class     Images  Instances          P          R      mAP50   mAP50-95: 100%|██████████| 1/1 00:00
all         80         84      0.857      0.783      0.846      0.403
Epoch    GPU_mem   box_loss   obj_loss   cls_loss  Instances       Size
80/99      13.9G    0.02256   0.007262  0.0007217         80        640: 100%|██████████| 4/4 00:00
Class     Images  Instances          P          R      mAP50   mAP50-95: 100%|██████████| 1/1 00:00
all         80         84      0.859      0.786      0.841      0.403
Epoch    GPU_mem   box_loss   obj_loss   cls_loss  Instances       Size
81/99      13.9G    0.02309   0.007273  0.0006971         90        640: 100%|██████████| 4/4 00:00
Class     Images  Instances          P          R      mAP50   mAP50-95: 100%|██████████| 1/1 00:00
all         80         84      0.857      0.784      0.829      0.391
Epoch    GPU_mem   box_loss   obj_loss   cls_loss  Instances       Size
82/99      13.9G    0.02255   0.007613  0.0006935        103        640: 100%|██████████| 4/4 00:00
Class     Images  Instances          P          R      mAP50   mAP50-95: 100%|██████████| 1/1 00:00
all         80         84      0.822      0.768      0.806       0.38
Epoch    GPU_mem   box_loss   obj_loss   cls_loss  Instances       Size
83/99      13.9G    0.02283   0.008096  0.0006857        101        640: 100%|██████████| 4/4 00:00
Class     Images  Instances          P          R      mAP50   mAP50-95: 100%|██████████| 1/1 00:00
all         80         84      0.845      0.777       0.83      0.374
Epoch    GPU_mem   box_loss   obj_loss   cls_loss  Instances       Size
84/99      13.9G    0.02347   0.007723  0.0006597        111        640: 100%|██████████| 4/4 00:00
Class     Images  Instances          P          R      mAP50   mAP50-95: 100%|██████████| 1/1 00:00
all         80         84      0.813      0.726      0.814      0.373
Epoch    GPU_mem   box_loss   obj_loss   cls_loss  Instances       Size
85/99      13.9G    0.02166   0.007106  0.0006208         87        640: 100%|██████████| 4/4 00:00
Class     Images  Instances          P          R      mAP50   mAP50-95: 100%|██████████| 1/1 00:00
all         80         84      0.816      0.774      0.839      0.385
Epoch    GPU_mem   box_loss   obj_loss   cls_loss  Instances       Size
86/99      13.9G    0.02175   0.007542  0.0006143         87        640: 100%|██████████| 4/4 00:00
Class     Images  Instances          P          R      mAP50   mAP50-95: 100%|██████████| 1/1 00:00
all         80         84      0.824      0.762      0.826      0.391
Epoch    GPU_mem   box_loss   obj_loss   cls_loss  Instances       Size
87/99      13.9G    0.02143   0.007471  0.0006137         99        640: 100%|██████████| 4/4 00:00
Class     Images  Instances          P          R      mAP50   mAP50-95: 100%|██████████| 1/1 00:00
all         80         84      0.782      0.725      0.786      0.367
Epoch    GPU_mem   box_loss   obj_loss   cls_loss  Instances       Size
88/99      13.9G     0.0217   0.007082  0.0005752         76        640: 100%|██████████| 4/4 00:00
Class     Images  Instances          P          R      mAP50   mAP50-95: 100%|██████████| 1/1 00:00
all         80         84      0.798      0.762      0.806      0.376
Epoch    GPU_mem   box_loss   obj_loss   cls_loss  Instances       Size
89/99      13.9G    0.02059   0.006975  0.0005642         98        640: 100%|██████████| 4/4 00:00
Class     Images  Instances          P          R      mAP50   mAP50-95: 100%|██████████| 1/1 00:00
all         80         84      0.795       0.75      0.787      0.378
Epoch    GPU_mem   box_loss   obj_loss   cls_loss  Instances       Size
90/99      13.9G    0.02028   0.006991  0.0005446         94        640: 100%|██████████| 4/4 00:00
Class     Images  Instances          P          R      mAP50   mAP50-95: 100%|██████████| 1/1 00:00
all         80         84      0.803      0.726      0.812      0.387
Epoch    GPU_mem   box_loss   obj_loss   cls_loss  Instances       Size
91/99      13.9G    0.02016   0.007435  0.0005334        100        640: 100%|██████████| 4/4 00:00
Class     Images  Instances          P          R      mAP50   mAP50-95: 100%|██████████| 1/1 00:00
all         80         84      0.905      0.683      0.812      0.382
Epoch    GPU_mem   box_loss   obj_loss   cls_loss  Instances       Size
92/99      13.9G    0.01979   0.006787  0.0005197         95        640: 100%|██████████| 4/4 00:00
Class     Images  Instances          P          R      mAP50   mAP50-95: 100%|██████████| 1/1 00:00
all         80         84      0.893      0.698      0.813      0.384
Epoch    GPU_mem   box_loss   obj_loss   cls_loss  Instances       Size
93/99      13.9G    0.01931   0.006931  0.0005321         92        640: 100%|██████████| 4/4 00:00
Class     Images  Instances          P          R      mAP50   mAP50-95: 100%|██████████| 1/1 00:00
all         80         84      0.818       0.75       0.79      0.393
Epoch    GPU_mem   box_loss   obj_loss   cls_loss  Instances       Size
94/99      13.9G    0.01963    0.00722  0.0004923        101        640: 100%|██████████| 4/4 00:00
Class     Images  Instances          P          R      mAP50   mAP50-95: 100%|██████████| 1/1 00:00
all         80         84      0.831      0.759      0.796      0.396
Epoch    GPU_mem   box_loss   obj_loss   cls_loss  Instances       Size
95/99      13.9G    0.01936   0.006806  0.0004943         90        640: 100%|██████████| 4/4 00:00
Class     Images  Instances          P          R      mAP50   mAP50-95: 100%|██████████| 1/1 00:00
all         80         84      0.894      0.704      0.793      0.386
Epoch    GPU_mem   box_loss   obj_loss   cls_loss  Instances       Size
96/99      13.9G    0.01838   0.006517  0.0004589         96        640: 100%|██████████| 4/4 00:00
Class     Images  Instances          P          R      mAP50   mAP50-95: 100%|██████████| 1/1 00:00
all         80         84      0.895      0.711      0.795      0.382
Epoch    GPU_mem   box_loss   obj_loss   cls_loss  Instances       Size
97/99      13.9G    0.01932     0.0078  0.0004671        103        640: 100%|██████████| 4/4 00:00
Class     Images  Instances          P          R      mAP50   mAP50-95: 100%|██████████| 1/1 00:00
all         80         84      0.822      0.768      0.815      0.384
Epoch    GPU_mem   box_loss   obj_loss   cls_loss  Instances       Size
98/99      13.9G    0.01939   0.007077  0.0004908         95        640: 100%|██████████| 4/4 00:00
Class     Images  Instances          P          R      mAP50   mAP50-95: 100%|██████████| 1/1 00:00
all         80         84      0.821      0.766      0.812      0.389
Epoch    GPU_mem   box_loss   obj_loss   cls_loss  Instances       Size
99/99      13.9G    0.01883    0.00711  0.0004685         95        640: 100%|██████████| 4/4 00:00
Class     Images  Instances          P          R      mAP50   mAP50-95: 100%|██████████| 1/1 00:00
all         80         84      0.828      0.762      0.809      0.387
100 epochs completed in 0.046 hours.
Optimizer stripped from /home/lijinhe/work/YOLO_Retraining/runs/studies/0907_stroller_window10_learning_curve/experiment/sequence/StrollerWindow10Tau099_SplitS42__seq-full-cold__stage0-stage7__yolov5s__s42/tasks/002__stage2__full-cold/backend/yolov5/train/weights/last.pt, 14.4MB
Optimizer stripped from /home/lijinhe/work/YOLO_Retraining/runs/studies/0907_stroller_window10_learning_curve/experiment/sequence/StrollerWindow10Tau099_SplitS42__seq-full-cold__stage0-stage7__yolov5s__s42/tasks/002__stage2__full-cold/backend/yolov5/train/weights/best.pt, 14.4MB
Validating /home/lijinhe/work/YOLO_Retraining/runs/studies/0907_stroller_window10_learning_curve/experiment/sequence/StrollerWindow10Tau099_SplitS42__seq-full-cold__stage0-stage7__yolov5s__s42/tasks/002__stage2__full-cold/backend/yolov5/train/weights/best.pt...
Fusing layers...
Model summary: 157 layers, 7020913 parameters, 0 gradients, 15.8 GFLOPs
Class     Images  Instances          P          R      mAP50   mAP50-95: 100%|██████████| 1/1 00:00
all         80         84      0.922      0.774      0.866      0.385
stroller         80         84      0.922      0.774      0.866      0.385
Results saved to /home/lijinhe/work/YOLO_Retraining/runs/studies/0907_stroller_window10_learning_curve/experiment/sequence/StrollerWindow10Tau099_SplitS42__seq-full-cold__stage0-stage7__yolov5s__s42/tasks/002__stage2__full-cold/backend/yolov5/train
terminate called without an active exception
terminate called without an active exception
Exception ignored in: <function _MultiProcessingDataLoaderIter.__del__ at 0x7f4b8e97a830>
Traceback (most recent call last):
File "/home/lijinhe/miniforge3/envs/yolo-retraining-v5/lib/python3.10/site-packages/torch/utils/data/dataloader.py", line 1479, in __del__
self._shutdown_workers()
File "/home/lijinhe/miniforge3/envs/yolo-retraining-v5/lib/python3.10/site-packages/torch/utils/data/dataloader.py", line 1443, in _shutdown_workers
w.join(timeout=_utils.MP_STATUS_CHECK_INTERVAL)
File "/home/lijinhe/miniforge3/envs/yolo-retraining-v5/lib/python3.10/multiprocessing/process.py", line 149, in join
res = self._popen.wait(timeout)
File "/home/lijinhe/miniforge3/envs/yolo-retraining-v5/lib/python3.10/multiprocessing/popen_fork.py", line 40, in wait
if not wait([self.sentinel], timeout):
File "/home/lijinhe/miniforge3/envs/yolo-retraining-v5/lib/python3.10/multiprocessing/connection.py", line 931, in wait
ready = selector.select(timeout)
File "/home/lijinhe/miniforge3/envs/yolo-retraining-v5/lib/python3.10/selectors.py", line 416, in select
fd_event_list = self._selector.poll(timeout)
File "/home/lijinhe/miniforge3/envs/yolo-retraining-v5/lib/python3.10/site-packages/torch/utils/data/_utils/signal_handling.py", line 66, in handler
_error_if_any_worker_fails()
RuntimeError: DataLoader worker (pid 2160992) is killed by signal: Aborted.
terminate called without an active exception
[YOLOv5] compacted progress updates: 1323 -> 203 lines
[YOLOv5] coalesced warning: incomplete JPEG accepted read-only; count=299; by_source=train=225, val=74
[YOLOv5] warning example: train: WARNING ⚠️ /home/lijinhe/work/YOLO_Retraining/data/stroller/images/00883_1783290258090340_0.jpg: incomplete JPEG accepted read-only
[YOLOv5] warning example: train: WARNING ⚠️ /home/lijinhe/work/YOLO_Retraining/data/stroller/images/00888_1783303273638066_0.jpg: incomplete JPEG accepted read-only
[YOLOv5] warning example: train: WARNING ⚠️ /home/lijinhe/work/YOLO_Retraining/data/stroller/images/00889_1783304549616241_0.jpg: incomplete JPEG accepted read-only
