train: weights=/home/lijinhe/work/YOLO_Retraining/runs/sequences/Balance_Test__seq-full-warm__stage0-stage3__yolov5s__s42/tasks/000__stage0__full-warm/checkpoints/best.pt, cfg=, data=/home/lijinhe/work/YOLO_Retraining/runs/sequences/B640__seq-pred-positive__current-warm__stage0-stage3__yolov5s__s42/tasks/001__stage1__pred-positive__current-warm/data/backend_data.yaml, hyp=data/hyps/hyp.scratch-low.yaml, epochs=100, batch_size=64, imgsz=640, rect=False, resume=False, nosave=False, noval=False, noautoanchor=False, noplots=True, evolve=None, bucket=, cache=None, image_weights=False, device=0, multi_scale=False, single_cls=False, optimizer=SGD, sync_bn=False, workers=16, project=/home/lijinhe/work/YOLO_Retraining/runs/sequences/B640__seq-pred-positive__current-warm__stage0-stage3__yolov5s__s42/tasks/001__stage1__pred-positive__current-warm/backend/yolov5, name=train, exist_ok=True, quad=False, cos_lr=False, label_smoothing=0.0, patience=100, freeze=[0], save_period=-1, seed=43, local_rank=-1, entity=None, upload_dataset=False, bbox_interval=-1, artifact_alias=latest
github: skipping check (offline), for updates see https://github.com/ultralytics/yolov5
YOLOv5 🚀 v7.0-0-g915bbf29 Python-3.10.20 torch-2.2.2+cu121 CUDA:0 (NVIDIA H100 PCIe, 81090MiB)
hyperparameters: lr0=0.01, lrf=0.01, momentum=0.937, weight_decay=0.0005, warmup_epochs=3.0, warmup_momentum=0.8, warmup_bias_lr=0.1, box=0.05, cls=0.5, cls_pw=1.0, obj=1.0, obj_pw=1.0, iou_t=0.2, anchor_t=4.0, fl_gamma=0.0, hsv_h=0.015, hsv_s=0.7, hsv_v=0.4, degrees=0.0, translate=0.1, scale=0.5, shear=0.0, perspective=0.0, flipud=0.0, fliplr=0.5, mosaic=1.0, mixup=0.0, copy_paste=0.0
ClearML: run 'pip install clearml' to automatically track, visualize and remotely train YOLOv5 🚀 in ClearML
Comet: run 'pip install comet_ml' to automatically track and visualize YOLOv5 🚀 runs in Comet
TensorBoard: Start with 'tensorboard --logdir /home/lijinhe/work/YOLO_Retraining/runs/sequences/B640__seq-pred-positive__current-warm__stage0-stage3__yolov5s__s42/tasks/001__stage1__pred-positive__current-warm/backend/yolov5', view at http://localhost:6006/
from  n    params  module                                  arguments
0                -1  1      3520  models.common.Conv                      [3, 32, 6, 2, 2]
1                -1  1     18560  models.common.Conv                      [32, 64, 3, 2]
2                -1  1     18816  models.common.C3                        [64, 64, 1]
3                -1  1     73984  models.common.Conv                      [64, 128, 3, 2]
4                -1  2    115712  models.common.C3                        [128, 128, 2]
5                -1  1    295424  models.common.Conv                      [128, 256, 3, 2]
6                -1  3    625152  models.common.C3                        [256, 256, 3]
7                -1  1   1180672  models.common.Conv                      [256, 512, 3, 2]
8                -1  1   1182720  models.common.C3                        [512, 512, 1]
9                -1  1    656896  models.common.SPPF                      [512, 512, 5]
10                -1  1    131584  models.common.Conv                      [512, 256, 1, 1]
11                -1  1         0  torch.nn.modules.upsampling.Upsample    [None, 2, 'nearest']
12           [-1, 6]  1         0  models.common.Concat                    [1]
13                -1  1    361984  models.common.C3                        [512, 256, 1, False]
14                -1  1     33024  models.common.Conv                      [256, 128, 1, 1]
15                -1  1         0  torch.nn.modules.upsampling.Upsample    [None, 2, 'nearest']
16           [-1, 4]  1         0  models.common.Concat                    [1]
17                -1  1     90880  models.common.C3                        [256, 128, 1, False]
18                -1  1    147712  models.common.Conv                      [128, 128, 3, 2]
19          [-1, 14]  1         0  models.common.Concat                    [1]
20                -1  1    296448  models.common.C3                        [256, 256, 1, False]
21                -1  1    590336  models.common.Conv                      [256, 256, 3, 2]
22          [-1, 10]  1         0  models.common.Concat                    [1]
23                -1  1   1182720  models.common.C3                        [512, 512, 1, False]
24      [17, 20, 23]  1     24273  models.yolo.Detect                      [4, [[10, 13, 16, 30, 33, 23], [30, 61, 62, 45, 59, 119], [116, 90, 156, 198, 373, 326]], [128, 256, 512]]
Model summary: 214 layers, 7030417 parameters, 7030417 gradients, 16.0 GFLOPs
Transferred 349/349 items from /home/lijinhe/work/YOLO_Retraining/runs/sequences/Balance_Test__seq-full-warm__stage0-stage3__yolov5s__s42/tasks/000__stage0__full-warm/checkpoints/best.pt
AMP: checks passed ✅
optimizer: SGD(lr=0.01) with parameter groups 57 weight(decay=0.0), 60 weight(decay=0.0005), 60 bias
train: Scanning /home/lijinhe/work/YOLO_Retraining/runs/sequences/B640__seq-pred-positive__current-warm__stage0-stage3__yolov5s__s42/tasks/001__stage1__pred-positive__current-warm/data/backend_train_images... 294 images, 32 backgrounds, 0 corrupt: 100%|██████████| 294/294 00:01
train: New cache created: /home/lijinhe/work/YOLO_Retraining/runs/sequences/B640__seq-pred-positive__current-warm__stage0-stage3__yolov5s__s42/tasks/001__stage1__pred-positive__current-warm/data/backend_train_images.cache
val: Scanning /home/lijinhe/work/YOLO_Retraining/runs/sequences/B640__seq-pred-positive__current-warm__stage0-stage3__yolov5s__s42/tasks/001__stage1__pred-positive__current-warm/data/backend_validation_images... 1000 images, 499 backgrounds, 0 corrupt: 100%|██████████| 1000/1000 00:03
val: New cache created: /home/lijinhe/work/YOLO_Retraining/runs/sequences/B640__seq-pred-positive__current-warm__stage0-stage3__yolov5s__s42/tasks/001__stage1__pred-positive__current-warm/data/backend_validation_images.cache
AutoAnchor: 5.54 anchors/target, 1.000 Best Possible Recall (BPR). Current anchors are a good fit to dataset ✅
Image sizes 640 train, 640 val
Using 16 dataloader workers
Logging results to /home/lijinhe/work/YOLO_Retraining/runs/sequences/B640__seq-pred-positive__current-warm__stage0-stage3__yolov5s__s42/tasks/001__stage1__pred-positive__current-warm/backend/yolov5/train
Starting training for 100 epochs...
Epoch    GPU_mem   box_loss   obj_loss   cls_loss  Instances       Size
0/99      13.9G    0.04023    0.01329   0.004541         79        640: 100%|██████████| 5/5 00:04
Class     Images  Instances          P          R      mAP50   mAP50-95: 100%|██████████| 8/8 00:12
all       1000        641      0.863      0.456      0.541      0.299
Epoch    GPU_mem   box_loss   obj_loss   cls_loss  Instances       Size
1/99      13.9G    0.04333    0.01513   0.004268         78        640: 100%|██████████| 5/5 00:00
Class     Images  Instances          P          R      mAP50   mAP50-95: 100%|██████████| 8/8 00:03
all       1000        641      0.849      0.465      0.536        0.3
Epoch    GPU_mem   box_loss   obj_loss   cls_loss  Instances       Size
2/99      13.9G     0.0399    0.01243   0.001128         67        640: 100%|██████████| 5/5 00:00
Class     Images  Instances          P          R      mAP50   mAP50-95: 100%|██████████| 8/8 00:03
all       1000        641      0.842      0.462      0.534      0.286
Epoch    GPU_mem   box_loss   obj_loss   cls_loss  Instances       Size
3/99      13.9G    0.03822     0.0121   0.001648         80        640: 100%|██████████| 5/5 00:00
Class     Images  Instances          P          R      mAP50   mAP50-95: 100%|██████████| 8/8 00:07
all       1000        641      0.816      0.472      0.526      0.275
Epoch    GPU_mem   box_loss   obj_loss   cls_loss  Instances       Size
4/99      13.9G    0.03667    0.01166  0.0008937         80        640: 100%|██████████| 5/5 00:01
Class     Images  Instances          P          R      mAP50   mAP50-95: 100%|██████████| 8/8 00:04
all       1000        641      0.811      0.467      0.517      0.287
Epoch    GPU_mem   box_loss   obj_loss   cls_loss  Instances       Size
5/99      13.9G    0.03644    0.01089   0.000898         84        640: 100%|██████████| 5/5 00:00
Class     Images  Instances          P          R      mAP50   mAP50-95: 100%|██████████| 8/8 00:04
all       1000        641       0.84       0.44      0.518      0.285
Epoch    GPU_mem   box_loss   obj_loss   cls_loss  Instances       Size
6/99      13.9G    0.03371    0.01122   0.003816         71        640: 100%|██████████| 5/5 00:00
Class     Images  Instances          P          R      mAP50   mAP50-95: 100%|██████████| 8/8 00:03
all       1000        641      0.823      0.457      0.517      0.292
Epoch    GPU_mem   box_loss   obj_loss   cls_loss  Instances       Size
7/99      13.9G    0.03402    0.01049   0.001835         83        640: 100%|██████████| 5/5 00:00
Class     Images  Instances          P          R      mAP50   mAP50-95: 100%|██████████| 8/8 00:03
all       1000        641      0.829      0.438      0.514      0.285
Epoch    GPU_mem   box_loss   obj_loss   cls_loss  Instances       Size
8/99      13.9G    0.03332    0.01012  0.0006398        100        640: 100%|██████████| 5/5 00:01
Class     Images  Instances          P          R      mAP50   mAP50-95: 100%|██████████| 8/8 00:03
all       1000        641       0.84      0.425       0.51      0.285
Epoch    GPU_mem   box_loss   obj_loss   cls_loss  Instances       Size
9/99      13.9G    0.03417    0.00988   0.001372         93        640: 100%|██████████| 5/5 00:00
Class     Images  Instances          P          R      mAP50   mAP50-95: 100%|██████████| 8/8 00:03
all       1000        641      0.819      0.426      0.503      0.278
Epoch    GPU_mem   box_loss   obj_loss   cls_loss  Instances       Size
10/99      13.9G    0.03249    0.00969  0.0008309         71        640: 100%|██████████| 5/5 00:00
Class     Images  Instances          P          R      mAP50   mAP50-95: 100%|██████████| 8/8 00:05
all       1000        641       0.83      0.418      0.496      0.274
Epoch    GPU_mem   box_loss   obj_loss   cls_loss  Instances       Size
11/99      13.9G    0.03269   0.008875   0.001163         83        640: 100%|██████████| 5/5 00:01
Class     Images  Instances          P          R      mAP50   mAP50-95: 100%|██████████| 8/8 00:04
all       1000        641      0.836      0.416      0.496      0.273
Epoch    GPU_mem   box_loss   obj_loss   cls_loss  Instances       Size
12/99      13.9G    0.03244    0.00911  0.0007575         91        640: 100%|██████████| 5/5 00:00
Class     Images  Instances          P          R      mAP50   mAP50-95: 100%|██████████| 8/8 00:03
all       1000        641      0.844      0.412      0.497      0.276
Epoch    GPU_mem   box_loss   obj_loss   cls_loss  Instances       Size
13/99      13.9G    0.02892   0.008523   0.001139         74        640: 100%|██████████| 5/5 00:00
Class     Images  Instances          P          R      mAP50   mAP50-95: 100%|██████████| 8/8 00:03
all       1000        641      0.851      0.423      0.502      0.273
Epoch    GPU_mem   box_loss   obj_loss   cls_loss  Instances       Size
14/99      13.9G    0.03018   0.008846  0.0009525         89        640: 100%|██████████| 5/5 00:00
Class     Images  Instances          P          R      mAP50   mAP50-95: 100%|██████████| 8/8 00:03
all       1000        641      0.817      0.445      0.507      0.278
Epoch    GPU_mem   box_loss   obj_loss   cls_loss  Instances       Size
15/99      13.9G    0.03095   0.009097   0.001101         96        640: 100%|██████████| 5/5 00:00
Class     Images  Instances          P          R      mAP50   mAP50-95: 100%|██████████| 8/8 00:03
all       1000        641      0.826       0.44      0.502       0.27
Epoch    GPU_mem   box_loss   obj_loss   cls_loss  Instances       Size
16/99      13.9G    0.02901   0.008011  0.0009462         77        640: 100%|██████████| 5/5 00:00
Class     Images  Instances          P          R      mAP50   mAP50-95: 100%|██████████| 8/8 00:03
all       1000        641      0.868      0.396       0.49      0.269
Epoch    GPU_mem   box_loss   obj_loss   cls_loss  Instances       Size
17/99      13.9G    0.02924   0.008378   0.001454         82        640: 100%|██████████| 5/5 00:00
Class     Images  Instances          P          R      mAP50   mAP50-95: 100%|██████████| 8/8 00:04
all       1000        641      0.829      0.376      0.466      0.248
Epoch    GPU_mem   box_loss   obj_loss   cls_loss  Instances       Size
18/99      13.9G    0.03111   0.008328   0.001333         77        640: 100%|██████████| 5/5 00:01
Class     Images  Instances          P          R      mAP50   mAP50-95: 100%|██████████| 8/8 00:04
all       1000        641      0.803      0.394      0.462      0.244
Epoch    GPU_mem   box_loss   obj_loss   cls_loss  Instances       Size
19/99      13.9G    0.02901   0.007992   0.001125         84        640: 100%|██████████| 5/5 00:00
Class     Images  Instances          P          R      mAP50   mAP50-95: 100%|██████████| 8/8 00:03
all       1000        641      0.829      0.385      0.468      0.248
Epoch    GPU_mem   box_loss   obj_loss   cls_loss  Instances       Size
20/99      13.9G    0.02872   0.007994  0.0009301         95        640: 100%|██████████| 5/5 00:00
Class     Images  Instances          P          R      mAP50   mAP50-95: 100%|██████████| 8/8 00:03
all       1000        641      0.839      0.389      0.459      0.241
Epoch    GPU_mem   box_loss   obj_loss   cls_loss  Instances       Size
21/99      13.9G     0.0282   0.007769   0.001026         85        640: 100%|██████████| 5/5 00:00
Class     Images  Instances          P          R      mAP50   mAP50-95: 100%|██████████| 8/8 00:03
all       1000        641       0.81      0.394      0.457      0.233
Epoch    GPU_mem   box_loss   obj_loss   cls_loss  Instances       Size
22/99      13.9G    0.02809    0.00886  0.0006442         93        640: 100%|██████████| 5/5 00:00
Class     Images  Instances          P          R      mAP50   mAP50-95: 100%|██████████| 8/8 00:03
all       1000        641      0.555       0.38       0.44      0.224
Epoch    GPU_mem   box_loss   obj_loss   cls_loss  Instances       Size
23/99      13.9G    0.02758   0.007296  0.0007083         72        640: 100%|██████████| 5/5 00:00
Class     Images  Instances          P          R      mAP50   mAP50-95: 100%|██████████| 8/8 00:03
all       1000        641       0.56      0.394      0.452      0.227
Epoch    GPU_mem   box_loss   obj_loss   cls_loss  Instances       Size
24/99      13.9G    0.02707   0.007425   0.001122         88        640: 100%|██████████| 5/5 00:00
Class     Images  Instances          P          R      mAP50   mAP50-95: 100%|██████████| 8/8 00:03
all       1000        641      0.519      0.406      0.435      0.222
Epoch    GPU_mem   box_loss   obj_loss   cls_loss  Instances       Size
25/99      13.9G     0.0261   0.007527   0.000706         81        640: 100%|██████████| 5/5 00:01
Class     Images  Instances          P          R      mAP50   mAP50-95: 100%|██████████| 8/8 00:04
all       1000        641      0.521      0.388      0.426      0.214
Epoch    GPU_mem   box_loss   obj_loss   cls_loss  Instances       Size
26/99      13.9G    0.02633   0.007719  0.0008131         78        640: 100%|██████████| 5/5 00:00
Class     Images  Instances          P          R      mAP50   mAP50-95: 100%|██████████| 8/8 00:03
all       1000        641      0.523      0.376      0.413      0.203
Epoch    GPU_mem   box_loss   obj_loss   cls_loss  Instances       Size
27/99      13.9G    0.02678   0.007641  0.0007582         85        640: 100%|██████████| 5/5 00:00
Class     Images  Instances          P          R      mAP50   mAP50-95: 100%|██████████| 8/8 00:03
all       1000        641      0.795      0.383      0.416      0.207
Epoch    GPU_mem   box_loss   obj_loss   cls_loss  Instances       Size
28/99      13.9G    0.02641   0.007184  0.0007561         86        640: 100%|██████████| 5/5 00:00
Class     Images  Instances          P          R      mAP50   mAP50-95: 100%|██████████| 8/8 00:03
all       1000        641      0.802       0.37      0.402      0.196
Epoch    GPU_mem   box_loss   obj_loss   cls_loss  Instances       Size
29/99      13.9G    0.02595   0.007674  0.0007574         73        640: 100%|██████████| 5/5 00:00
Class     Images  Instances          P          R      mAP50   mAP50-95: 100%|██████████| 8/8 00:02
all       1000        641      0.792      0.361      0.411      0.207
Epoch    GPU_mem   box_loss   obj_loss   cls_loss  Instances       Size
30/99      13.9G    0.02527   0.006951  0.0006788         58        640: 100%|██████████| 5/5 00:00
Class     Images  Instances          P          R      mAP50   mAP50-95: 100%|██████████| 8/8 00:02
all       1000        641      0.783      0.372       0.42      0.212
Epoch    GPU_mem   box_loss   obj_loss   cls_loss  Instances       Size
31/99      13.9G    0.02628    0.00739  0.0007732         81        640: 100%|██████████| 5/5 00:00
Class     Images  Instances          P          R      mAP50   mAP50-95: 100%|██████████| 8/8 00:03
all       1000        641      0.811      0.341      0.424      0.216
Epoch    GPU_mem   box_loss   obj_loss   cls_loss  Instances       Size
32/99      13.9G    0.02598   0.007012  0.0007738         88        640: 100%|██████████| 5/5 00:00
Class     Images  Instances          P          R      mAP50   mAP50-95: 100%|██████████| 8/8 00:04
all       1000        641      0.765      0.385      0.424      0.207
Epoch    GPU_mem   box_loss   obj_loss   cls_loss  Instances       Size
33/99      13.9G    0.02394     0.0069  0.0006625         87        640: 100%|██████████| 5/5 00:00
Class     Images  Instances          P          R      mAP50   mAP50-95: 100%|██████████| 8/8 00:03
all       1000        641      0.761      0.359      0.393      0.202
Epoch    GPU_mem   box_loss   obj_loss   cls_loss  Instances       Size
34/99      13.9G    0.02326   0.006437  0.0008429         68        640: 100%|██████████| 5/5 00:00
Class     Images  Instances          P          R      mAP50   mAP50-95: 100%|██████████| 8/8 00:03
all       1000        641      0.774      0.362      0.393      0.202
Epoch    GPU_mem   box_loss   obj_loss   cls_loss  Instances       Size
35/99      13.9G    0.02374   0.006809  0.0006475         80        640: 100%|██████████| 5/5 00:00
Class     Images  Instances          P          R      mAP50   mAP50-95: 100%|██████████| 8/8 00:03
all       1000        641      0.778      0.358      0.398      0.202
Epoch    GPU_mem   box_loss   obj_loss   cls_loss  Instances       Size
36/99      13.9G    0.02437   0.006885  0.0009318         91        640: 100%|██████████| 5/5 00:00
Class     Images  Instances          P          R      mAP50   mAP50-95: 100%|██████████| 8/8 00:03
all       1000        641      0.781      0.356      0.396        0.2
Epoch    GPU_mem   box_loss   obj_loss   cls_loss  Instances       Size
37/99      13.9G    0.02446   0.007006  0.0008349         67        640: 100%|██████████| 5/5 00:00
Class     Images  Instances          P          R      mAP50   mAP50-95: 100%|██████████| 8/8 00:02
all       1000        641      0.776      0.367      0.404      0.202
Epoch    GPU_mem   box_loss   obj_loss   cls_loss  Instances       Size
38/99      13.9G    0.02309    0.00678  0.0007011        111        640: 100%|██████████| 5/5 00:00
Class     Images  Instances          P          R      mAP50   mAP50-95: 100%|██████████| 8/8 00:02
all       1000        641       0.77       0.38      0.403        0.2
Epoch    GPU_mem   box_loss   obj_loss   cls_loss  Instances       Size
39/99      13.9G    0.02195   0.006981  0.0009664         74        640: 100%|██████████| 5/5 00:00
Class     Images  Instances          P          R      mAP50   mAP50-95: 100%|██████████| 8/8 00:02
all       1000        641      0.505      0.362      0.393        0.2
Epoch    GPU_mem   box_loss   obj_loss   cls_loss  Instances       Size
40/99      13.9G    0.02319   0.006544  0.0006153         74        640: 100%|██████████| 5/5 00:00
Class     Images  Instances          P          R      mAP50   mAP50-95: 100%|██████████| 8/8 00:04
all       1000        641      0.508      0.352       0.38      0.192
Epoch    GPU_mem   box_loss   obj_loss   cls_loss  Instances       Size
41/99      13.9G    0.02136   0.006635   0.000594         74        640: 100%|██████████| 5/5 00:00
Class     Images  Instances          P          R      mAP50   mAP50-95: 100%|██████████| 8/8 00:02
all       1000        641        0.5      0.345      0.378      0.188
Epoch    GPU_mem   box_loss   obj_loss   cls_loss  Instances       Size
42/99      13.9G    0.02219   0.006502  0.0007042         82        640: 100%|██████████| 5/5 00:00
Class     Images  Instances          P          R      mAP50   mAP50-95: 100%|██████████| 8/8 00:02
all       1000        641       0.75      0.338      0.372      0.189
Epoch    GPU_mem   box_loss   obj_loss   cls_loss  Instances       Size
43/99      13.9G    0.02149   0.006638  0.0005312         88        640: 100%|██████████| 5/5 00:00
Class     Images  Instances          P          R      mAP50   mAP50-95: 100%|██████████| 8/8 00:02
all       1000        641      0.734      0.348      0.385      0.196
Epoch    GPU_mem   box_loss   obj_loss   cls_loss  Instances       Size
44/99      13.9G    0.02236   0.006855  0.0005974         97        640: 100%|██████████| 5/5 00:00
Class     Images  Instances          P          R      mAP50   mAP50-95: 100%|██████████| 8/8 00:02
all       1000        641      0.749      0.362      0.385      0.196
Epoch    GPU_mem   box_loss   obj_loss   cls_loss  Instances       Size
45/99      13.9G    0.02156   0.006487  0.0005825         78        640: 100%|██████████| 5/5 00:00
Class     Images  Instances          P          R      mAP50   mAP50-95: 100%|██████████| 8/8 00:02
all       1000        641      0.752      0.362      0.391      0.204
Epoch    GPU_mem   box_loss   obj_loss   cls_loss  Instances       Size
46/99      13.9G    0.02139   0.006005  0.0005469         78        640: 100%|██████████| 5/5 00:00
Class     Images  Instances          P          R      mAP50   mAP50-95: 100%|██████████| 8/8 00:02
all       1000        641      0.753      0.351      0.381      0.198
Epoch    GPU_mem   box_loss   obj_loss   cls_loss  Instances       Size
47/99      13.9G    0.02125    0.00619  0.0006764         72        640: 100%|██████████| 5/5 00:00
Class     Images  Instances          P          R      mAP50   mAP50-95: 100%|██████████| 8/8 00:02
all       1000        641      0.754      0.361      0.397        0.2
Epoch    GPU_mem   box_loss   obj_loss   cls_loss  Instances       Size
48/99      13.9G    0.02012   0.006352  0.0005389         72        640: 100%|██████████| 5/5 00:00
Class     Images  Instances          P          R      mAP50   mAP50-95: 100%|██████████| 8/8 00:02
all       1000        641      0.751      0.345      0.389      0.199
Epoch    GPU_mem   box_loss   obj_loss   cls_loss  Instances       Size
49/99      13.9G       0.02   0.006451  0.0005225        100        640: 100%|██████████| 5/5 00:01
Class     Images  Instances          P          R      mAP50   mAP50-95: 100%|██████████| 8/8 00:03
all       1000        641      0.765      0.354       0.39      0.201
Epoch    GPU_mem   box_loss   obj_loss   cls_loss  Instances       Size
50/99      13.9G    0.02072   0.006485  0.0005634         93        640: 100%|██████████| 5/5 00:00
Class     Images  Instances          P          R      mAP50   mAP50-95: 100%|██████████| 8/8 00:02
all       1000        641      0.773      0.363      0.404       0.21
Epoch    GPU_mem   box_loss   obj_loss   cls_loss  Instances       Size
51/99      13.9G    0.01983    0.00592  0.0004702         71        640: 100%|██████████| 5/5 00:00
Class     Images  Instances          P          R      mAP50   mAP50-95: 100%|██████████| 8/8 00:02
all       1000        641      0.799      0.366       0.41      0.215
Epoch    GPU_mem   box_loss   obj_loss   cls_loss  Instances       Size
52/99      13.9G    0.02087    0.00589   0.000447         83        640: 100%|██████████| 5/5 00:00
Class     Images  Instances          P          R      mAP50   mAP50-95: 100%|██████████| 8/8 00:02
all       1000        641        0.8      0.366      0.414       0.22
Epoch    GPU_mem   box_loss   obj_loss   cls_loss  Instances       Size
53/99      13.9G    0.02003   0.005956  0.0004475         69        640: 100%|██████████| 5/5 00:00
Class     Images  Instances          P          R      mAP50   mAP50-95: 100%|██████████| 8/8 00:03
all       1000        641      0.792      0.379      0.416       0.22
Epoch    GPU_mem   box_loss   obj_loss   cls_loss  Instances       Size
54/99      13.9G    0.01993   0.005693  0.0005168         71        640: 100%|██████████| 5/5 00:00
Class     Images  Instances          P          R      mAP50   mAP50-95: 100%|██████████| 8/8 00:03
all       1000        641      0.798      0.372      0.418      0.219
Epoch    GPU_mem   box_loss   obj_loss   cls_loss  Instances       Size
55/99      13.9G    0.01914   0.005891  0.0004684         84        640: 100%|██████████| 5/5 00:00
Class     Images  Instances          P          R      mAP50   mAP50-95: 100%|██████████| 8/8 00:03
all       1000        641      0.815      0.368      0.413      0.215
Epoch    GPU_mem   box_loss   obj_loss   cls_loss  Instances       Size
56/99      13.9G     0.0196   0.006099  0.0005526         84        640: 100%|██████████| 5/5 00:00
Class     Images  Instances          P          R      mAP50   mAP50-95: 100%|██████████| 8/8 00:03
all       1000        641      0.799      0.376      0.416      0.217
Epoch    GPU_mem   box_loss   obj_loss   cls_loss  Instances       Size
57/99      13.9G    0.02013   0.006484  0.0004375        103        640: 100%|██████████| 5/5 00:01
Class     Images  Instances          P          R      mAP50   mAP50-95: 100%|██████████| 8/8 00:04
all       1000        641      0.799      0.374      0.419      0.222
Epoch    GPU_mem   box_loss   obj_loss   cls_loss  Instances       Size
58/99      13.9G    0.01928   0.006421   0.000534        111        640: 100%|██████████| 5/5 00:00
Class     Images  Instances          P          R      mAP50   mAP50-95: 100%|██████████| 8/8 00:02
all       1000        641      0.803      0.377      0.418      0.214
Epoch    GPU_mem   box_loss   obj_loss   cls_loss  Instances       Size
59/99      13.9G     0.0203   0.005927  0.0005378         82        640: 100%|██████████| 5/5 00:00
Class     Images  Instances          P          R      mAP50   mAP50-95: 100%|██████████| 8/8 00:02
all       1000        641      0.793      0.377      0.414       0.21
Epoch    GPU_mem   box_loss   obj_loss   cls_loss  Instances       Size
60/99      13.9G    0.01846   0.006121  0.0005575         69        640: 100%|██████████| 5/5 00:00
Class     Images  Instances          P          R      mAP50   mAP50-95: 100%|██████████| 8/8 00:02
all       1000        641      0.789      0.372      0.414      0.208
Epoch    GPU_mem   box_loss   obj_loss   cls_loss  Instances       Size
61/99      13.9G    0.01826   0.005943   0.000507         84        640: 100%|██████████| 5/5 00:00
Class     Images  Instances          P          R      mAP50   mAP50-95: 100%|██████████| 8/8 00:03
all       1000        641      0.797      0.364      0.413      0.212
Epoch    GPU_mem   box_loss   obj_loss   cls_loss  Instances       Size
62/99      13.9G    0.01785   0.005792  0.0004058         88        640: 100%|██████████| 5/5 00:00
Class     Images  Instances          P          R      mAP50   mAP50-95: 100%|██████████| 8/8 00:03
all       1000        641      0.801      0.352       0.41       0.21
Epoch    GPU_mem   box_loss   obj_loss   cls_loss  Instances       Size
63/99      13.9G    0.01794   0.006019  0.0003799         74        640: 100%|██████████| 5/5 00:00
Class     Images  Instances          P          R      mAP50   mAP50-95: 100%|██████████| 8/8 00:03
all       1000        641      0.792      0.348      0.401      0.205
Epoch    GPU_mem   box_loss   obj_loss   cls_loss  Instances       Size
64/99      13.9G     0.0183   0.005932  0.0003269         87        640: 100%|██████████| 5/5 00:00
Class     Images  Instances          P          R      mAP50   mAP50-95: 100%|██████████| 8/8 00:03
all       1000        641      0.792      0.337      0.398      0.201
Epoch    GPU_mem   box_loss   obj_loss   cls_loss  Instances       Size
65/99      13.9G    0.01871   0.005827  0.0005579         80        640: 100%|██████████| 5/5 00:01
Class     Images  Instances          P          R      mAP50   mAP50-95: 100%|██████████| 8/8 00:03
all       1000        641      0.793      0.354      0.404      0.206
Epoch    GPU_mem   box_loss   obj_loss   cls_loss  Instances       Size
66/99      13.9G    0.01798   0.005687  0.0003403         82        640: 100%|██████████| 5/5 00:00
Class     Images  Instances          P          R      mAP50   mAP50-95: 100%|██████████| 8/8 00:02
all       1000        641      0.791      0.359      0.406      0.206
Epoch    GPU_mem   box_loss   obj_loss   cls_loss  Instances       Size
67/99      13.9G    0.01759   0.005884  0.0003946         78        640: 100%|██████████| 5/5 00:00
Class     Images  Instances          P          R      mAP50   mAP50-95: 100%|██████████| 8/8 00:03
all       1000        641      0.789      0.355      0.402      0.208
Epoch    GPU_mem   box_loss   obj_loss   cls_loss  Instances       Size
68/99      13.9G    0.01678   0.005291  0.0003856         63        640: 100%|██████████| 5/5 00:00
Class     Images  Instances          P          R      mAP50   mAP50-95: 100%|██████████| 8/8 00:03
all       1000        641      0.798       0.35      0.402      0.209
Epoch    GPU_mem   box_loss   obj_loss   cls_loss  Instances       Size
69/99      13.9G     0.0176   0.006047   0.000383         71        640: 100%|██████████| 5/5 00:00
Class     Images  Instances          P          R      mAP50   mAP50-95: 100%|██████████| 8/8 00:03
all       1000        641      0.792      0.343      0.396      0.206
Epoch    GPU_mem   box_loss   obj_loss   cls_loss  Instances       Size
70/99      13.9G    0.01668   0.005119  0.0002959         67        640: 100%|██████████| 5/5 00:00
Class     Images  Instances          P          R      mAP50   mAP50-95: 100%|██████████| 8/8 00:03
all       1000        641      0.797      0.345      0.399      0.204
Epoch    GPU_mem   box_loss   obj_loss   cls_loss  Instances       Size
71/99      13.9G    0.01687   0.005659  0.0003326         92        640: 100%|██████████| 5/5 00:00
Class     Images  Instances          P          R      mAP50   mAP50-95: 100%|██████████| 8/8 00:03
all       1000        641      0.795      0.352      0.403      0.211
Epoch    GPU_mem   box_loss   obj_loss   cls_loss  Instances       Size
72/99      13.9G    0.01578    0.00572   0.000357         80        640: 100%|██████████| 5/5 00:00
Class     Images  Instances          P          R      mAP50   mAP50-95: 100%|██████████| 8/8 00:04
all       1000        641       0.79      0.351      0.405      0.213
Epoch    GPU_mem   box_loss   obj_loss   cls_loss  Instances       Size
73/99      13.9G     0.0167   0.005424   0.000283         86        640: 100%|██████████| 5/5 00:01
Class     Images  Instances          P          R      mAP50   mAP50-95: 100%|██████████| 8/8 00:04
all       1000        641      0.796      0.361      0.408      0.212
Epoch    GPU_mem   box_loss   obj_loss   cls_loss  Instances       Size
74/99      13.9G    0.01664    0.00565  0.0002928         82        640: 100%|██████████| 5/5 00:00
Class     Images  Instances          P          R      mAP50   mAP50-95: 100%|██████████| 8/8 00:03
all       1000        641      0.788      0.362      0.406      0.209
Epoch    GPU_mem   box_loss   obj_loss   cls_loss  Instances       Size
75/99      13.9G    0.01578   0.005448  0.0003511         84        640: 100%|██████████| 5/5 00:00
Class     Images  Instances          P          R      mAP50   mAP50-95: 100%|██████████| 8/8 00:03
all       1000        641      0.791      0.362      0.406      0.211
Epoch    GPU_mem   box_loss   obj_loss   cls_loss  Instances       Size
76/99      13.9G     0.0165   0.005511  0.0004086         97        640: 100%|██████████| 5/5 00:00
Class     Images  Instances          P          R      mAP50   mAP50-95: 100%|██████████| 8/8 00:02
all       1000        641      0.792      0.355      0.405      0.206
Epoch    GPU_mem   box_loss   obj_loss   cls_loss  Instances       Size
77/99      13.9G    0.01607   0.005633  0.0002914         97        640: 100%|██████████| 5/5 00:00
Class     Images  Instances          P          R      mAP50   mAP50-95: 100%|██████████| 8/8 00:02
all       1000        641      0.789      0.354      0.406      0.208
Epoch    GPU_mem   box_loss   obj_loss   cls_loss  Instances       Size
78/99      13.9G    0.01576   0.005251  0.0002875         79        640: 100%|██████████| 5/5 00:00
Class     Images  Instances          P          R      mAP50   mAP50-95: 100%|██████████| 8/8 00:02
all       1000        641      0.787      0.355      0.406      0.208
Epoch    GPU_mem   box_loss   obj_loss   cls_loss  Instances       Size
79/99      13.9G    0.01547   0.005554  0.0002555         76        640: 100%|██████████| 5/5 00:00
Class     Images  Instances          P          R      mAP50   mAP50-95: 100%|██████████| 8/8 00:02
all       1000        641      0.788      0.361      0.405       0.21
Epoch    GPU_mem   box_loss   obj_loss   cls_loss  Instances       Size
80/99      13.9G    0.01589   0.005445  0.0002678         76        640: 100%|██████████| 5/5 00:00
Class     Images  Instances          P          R      mAP50   mAP50-95: 100%|██████████| 8/8 00:02
all       1000        641      0.793       0.36      0.405      0.209
Epoch    GPU_mem   box_loss   obj_loss   cls_loss  Instances       Size
81/99      13.9G    0.01529   0.005397  0.0003011         72        640: 100%|██████████| 5/5 00:01
Class     Images  Instances          P          R      mAP50   mAP50-95: 100%|██████████| 8/8 00:04
all       1000        641      0.794      0.357      0.399      0.208
Epoch    GPU_mem   box_loss   obj_loss   cls_loss  Instances       Size
82/99      13.9G    0.01587   0.005641  0.0003157         92        640: 100%|██████████| 5/5 00:00
Class     Images  Instances          P          R      mAP50   mAP50-95: 100%|██████████| 8/8 00:02
all       1000        641      0.792      0.354      0.401      0.205
Epoch    GPU_mem   box_loss   obj_loss   cls_loss  Instances       Size
83/99      13.9G    0.01543    0.00558  0.0005839         80        640: 100%|██████████| 5/5 00:00
Class     Images  Instances          P          R      mAP50   mAP50-95: 100%|██████████| 8/8 00:02
all       1000        641      0.793      0.348      0.396      0.204
Epoch    GPU_mem   box_loss   obj_loss   cls_loss  Instances       Size
84/99      13.9G    0.01553   0.005373  0.0002228         96        640: 100%|██████████| 5/5 00:00
Class     Images  Instances          P          R      mAP50   mAP50-95: 100%|██████████| 8/8 00:02
all       1000        641      0.781       0.35      0.397      0.202
Epoch    GPU_mem   box_loss   obj_loss   cls_loss  Instances       Size
85/99      13.9G    0.01626   0.005721  0.0003586         88        640: 100%|██████████| 5/5 00:00
Class     Images  Instances          P          R      mAP50   mAP50-95: 100%|██████████| 8/8 00:02
all       1000        641       0.79      0.351      0.397      0.202
Epoch    GPU_mem   box_loss   obj_loss   cls_loss  Instances       Size
86/99      13.9G    0.01562   0.005499  0.0002232         85        640: 100%|██████████| 5/5 00:00
Class     Images  Instances          P          R      mAP50   mAP50-95: 100%|██████████| 8/8 00:02
all       1000        641      0.797      0.353      0.401      0.206
Epoch    GPU_mem   box_loss   obj_loss   cls_loss  Instances       Size
87/99      13.9G    0.01388   0.005595  0.0002383         81        640: 100%|██████████| 5/5 00:00
Class     Images  Instances          P          R      mAP50   mAP50-95: 100%|██████████| 8/8 00:02
all       1000        641      0.788      0.352      0.399      0.204
Epoch    GPU_mem   box_loss   obj_loss   cls_loss  Instances       Size
88/99      13.9G    0.01472   0.005584  0.0001999         91        640: 100%|██████████| 5/5 00:00
Class     Images  Instances          P          R      mAP50   mAP50-95: 100%|██████████| 8/8 00:02
all       1000        641      0.793      0.361      0.401      0.208
Epoch    GPU_mem   box_loss   obj_loss   cls_loss  Instances       Size
89/99      13.9G    0.01473   0.005625  0.0002169         97        640: 100%|██████████| 5/5 00:00
Class     Images  Instances          P          R      mAP50   mAP50-95: 100%|██████████| 8/8 00:03
all       1000        641      0.793      0.364        0.4      0.207
Epoch    GPU_mem   box_loss   obj_loss   cls_loss  Instances       Size
90/99      13.9G    0.01443   0.005426  0.0003024         92        640: 100%|██████████| 5/5 00:01
Class     Images  Instances          P          R      mAP50   mAP50-95: 100%|██████████| 8/8 00:02
all       1000        641      0.798      0.363        0.4      0.208
Epoch    GPU_mem   box_loss   obj_loss   cls_loss  Instances       Size
91/99      13.9G    0.01407   0.005384  0.0001876         76        640: 100%|██████████| 5/5 00:00
Class     Images  Instances          P          R      mAP50   mAP50-95: 100%|██████████| 8/8 00:02
all       1000        641      0.794      0.361      0.401      0.209
Epoch    GPU_mem   box_loss   obj_loss   cls_loss  Instances       Size
92/99      13.9G    0.01433    0.00549  0.0002753         74        640: 100%|██████████| 5/5 00:00
Class     Images  Instances          P          R      mAP50   mAP50-95: 100%|██████████| 8/8 00:02
all       1000        641      0.795       0.36      0.402       0.21
Epoch    GPU_mem   box_loss   obj_loss   cls_loss  Instances       Size
93/99      13.9G    0.01467   0.005327  0.0002237         91        640: 100%|██████████| 5/5 00:00
Class     Images  Instances          P          R      mAP50   mAP50-95: 100%|██████████| 8/8 00:02
all       1000        641      0.788      0.356      0.402      0.209
Epoch    GPU_mem   box_loss   obj_loss   cls_loss  Instances       Size
94/99      13.9G     0.0141   0.005299  0.0003867        113        640: 100%|██████████| 5/5 00:00
Class     Images  Instances          P          R      mAP50   mAP50-95: 100%|██████████| 8/8 00:02
all       1000        641      0.787      0.355      0.402      0.209
Epoch    GPU_mem   box_loss   obj_loss   cls_loss  Instances       Size
95/99      13.9G    0.01452   0.005568  0.0002012         94        640: 100%|██████████| 5/5 00:00
Class     Images  Instances          P          R      mAP50   mAP50-95: 100%|██████████| 8/8 00:02
all       1000        641      0.793      0.352      0.402      0.211
Epoch    GPU_mem   box_loss   obj_loss   cls_loss  Instances       Size
96/99      13.9G    0.01527   0.005459  0.0002192         73        640: 100%|██████████| 5/5 00:00
Class     Images  Instances          P          R      mAP50   mAP50-95: 100%|██████████| 8/8 00:02
all       1000        641      0.784      0.353      0.402       0.21
Epoch    GPU_mem   box_loss   obj_loss   cls_loss  Instances       Size
97/99      13.9G    0.01367   0.005335  0.0001744         79        640: 100%|██████████| 5/5 00:00
Class     Images  Instances          P          R      mAP50   mAP50-95: 100%|██████████| 8/8 00:02
all       1000        641      0.786      0.356      0.401       0.21
Epoch    GPU_mem   box_loss   obj_loss   cls_loss  Instances       Size
98/99      13.9G    0.01403    0.00482  0.0001668         99        640: 100%|██████████| 5/5 00:00
Class     Images  Instances          P          R      mAP50   mAP50-95: 100%|██████████| 8/8 00:04
all       1000        641      0.798      0.358      0.403      0.211
Epoch    GPU_mem   box_loss   obj_loss   cls_loss  Instances       Size
99/99      13.9G    0.01445   0.005152  0.0001668         72        640: 100%|██████████| 5/5 00:01
Class     Images  Instances          P          R      mAP50   mAP50-95: 100%|██████████| 8/8 00:03
all       1000        641      0.799      0.359      0.404      0.212
100 epochs completed in 0.138 hours.
Optimizer stripped from /home/lijinhe/work/YOLO_Retraining/runs/sequences/B640__seq-pred-positive__current-warm__stage0-stage3__yolov5s__s42/tasks/001__stage1__pred-positive__current-warm/backend/yolov5/train/weights/last.pt, 14.4MB
Optimizer stripped from /home/lijinhe/work/YOLO_Retraining/runs/sequences/B640__seq-pred-positive__current-warm__stage0-stage3__yolov5s__s42/tasks/001__stage1__pred-positive__current-warm/backend/yolov5/train/weights/best.pt, 14.4MB
Validating /home/lijinhe/work/YOLO_Retraining/runs/sequences/B640__seq-pred-positive__current-warm__stage0-stage3__yolov5s__s42/tasks/001__stage1__pred-positive__current-warm/backend/yolov5/train/weights/best.pt...
Fusing layers...
Model summary: 157 layers, 7020913 parameters, 0 gradients, 15.8 GFLOPs
Class     Images  Instances          P          R      mAP50   mAP50-95: 100%|██████████| 8/8 00:02
all       1000        641      0.865      0.455      0.541      0.299
large luggage       1000        410      0.691      0.478       0.56      0.274
stroller       1000        169      0.822      0.669      0.749      0.395
wheelchair       1000         53      0.947      0.675      0.775      0.482
flatbed truck       1000          9          1          0     0.0791     0.0469
Results saved to /home/lijinhe/work/YOLO_Retraining/runs/sequences/B640__seq-pred-positive__current-warm__stage0-stage3__yolov5s__s42/tasks/001__stage1__pred-positive__current-warm/backend/yolov5/train
[YOLOv5] compacted progress updates: 2259 -> 203 lines
[YOLOv5] coalesced warning: incomplete JPEG accepted read-only; count=1292; by_source=train=294, val=998
[YOLOv5] warning example: train: WARNING ⚠️ /home/lijinhe/work/YOLO_Retraining/data/self_improving/images/0720_12/05503_1784524211336673_0.jpg: incomplete JPEG accepted read-only
[YOLOv5] warning example: train: WARNING ⚠️ /home/lijinhe/work/YOLO_Retraining/data/self_improving/images/0720_12/05516_1784524240421677_0.jpg: incomplete JPEG accepted read-only
[YOLOv5] warning example: train: WARNING ⚠️ /home/lijinhe/work/YOLO_Retraining/data/self_improving/images/0720_12/05517_1784524240572678_0.jpg: incomplete JPEG accepted read-only
