train: weights=/home/lijinhe/work/YOLO_Retraining/.third_party/yolov5/yolov5s.pt, cfg=, data=/home/lijinhe/work/YOLO_Retraining/runs/tasks/0815-015127__full-cold-stage0123__stage0+stage1+stage2+stage3__yolov5s__s42/data/backend_data.yaml, hyp=data/hyps/hyp.scratch-low.yaml, epochs=300, batch_size=64, imgsz=640, rect=False, resume=False, nosave=False, noval=False, noautoanchor=False, noplots=True, evolve=None, bucket=, cache=None, image_weights=False, device=0, multi_scale=False, single_cls=False, optimizer=SGD, sync_bn=False, workers=16, project=/home/lijinhe/work/YOLO_Retraining/runs/tasks/0815-015127__full-cold-stage0123__stage0+stage1+stage2+stage3__yolov5s__s42/backend/yolov5, name=train, exist_ok=True, quad=False, cos_lr=False, label_smoothing=0.0, patience=100, freeze=[0], save_period=-1, seed=42, local_rank=-1, entity=None, upload_dataset=False, bbox_interval=-1, artifact_alias=latest
github: skipping check (offline), for updates see https://github.com/ultralytics/yolov5
YOLOv5 🚀 v7.0-0-g915bbf29 Python-3.10.20 torch-2.2.2+cu121 CUDA:0 (NVIDIA H100 PCIe, 81090MiB)
hyperparameters: lr0=0.01, lrf=0.01, momentum=0.937, weight_decay=0.0005, warmup_epochs=3.0, warmup_momentum=0.8, warmup_bias_lr=0.1, box=0.05, cls=0.5, cls_pw=1.0, obj=1.0, obj_pw=1.0, iou_t=0.2, anchor_t=4.0, fl_gamma=0.0, hsv_h=0.015, hsv_s=0.7, hsv_v=0.4, degrees=0.0, translate=0.1, scale=0.5, shear=0.0, perspective=0.0, flipud=0.0, fliplr=0.5, mosaic=1.0, mixup=0.0, copy_paste=0.0
ClearML: run 'pip install clearml' to automatically track, visualize and remotely train YOLOv5 🚀 in ClearML
Comet: run 'pip install comet_ml' to automatically track and visualize YOLOv5 🚀 runs in Comet
TensorBoard: Start with 'tensorboard --logdir /home/lijinhe/work/YOLO_Retraining/runs/tasks/0815-015127__full-cold-stage0123__stage0+stage1+stage2+stage3__yolov5s__s42/backend/yolov5', view at http://localhost:6006/
Overriding model.yaml nc=80 with nc=4
from  n    params  module                                  arguments
0                -1  1      3520  models.common.Conv                      [3, 32, 6, 2, 2]
1                -1  1     18560  models.common.Conv                      [32, 64, 3, 2]
2                -1  1     18816  models.common.C3                        [64, 64, 1]
3                -1  1     73984  models.common.Conv                      [64, 128, 3, 2]
4                -1  2    115712  models.common.C3                        [128, 128, 2]
5                -1  1    295424  models.common.Conv                      [128, 256, 3, 2]
6                -1  3    625152  models.common.C3                        [256, 256, 3]
7                -1  1   1180672  models.common.Conv                      [256, 512, 3, 2]
8                -1  1   1182720  models.common.C3                        [512, 512, 1]
9                -1  1    656896  models.common.SPPF                      [512, 512, 5]
10                -1  1    131584  models.common.Conv                      [512, 256, 1, 1]
11                -1  1         0  torch.nn.modules.upsampling.Upsample    [None, 2, 'nearest']
12           [-1, 6]  1         0  models.common.Concat                    [1]
13                -1  1    361984  models.common.C3                        [512, 256, 1, False]
14                -1  1     33024  models.common.Conv                      [256, 128, 1, 1]
15                -1  1         0  torch.nn.modules.upsampling.Upsample    [None, 2, 'nearest']
16           [-1, 4]  1         0  models.common.Concat                    [1]
17                -1  1     90880  models.common.C3                        [256, 128, 1, False]
18                -1  1    147712  models.common.Conv                      [128, 128, 3, 2]
19          [-1, 14]  1         0  models.common.Concat                    [1]
20                -1  1    296448  models.common.C3                        [256, 256, 1, False]
21                -1  1    590336  models.common.Conv                      [256, 256, 3, 2]
22          [-1, 10]  1         0  models.common.Concat                    [1]
23                -1  1   1182720  models.common.C3                        [512, 512, 1, False]
24      [17, 20, 23]  1     24273  models.yolo.Detect                      [4, [[10, 13, 16, 30, 33, 23], [30, 61, 62, 45, 59, 119], [116, 90, 156, 198, 373, 326]], [128, 256, 512]]
Model summary: 214 layers, 7030417 parameters, 7030417 gradients, 16.0 GFLOPs
Transferred 343/349 items from /home/lijinhe/work/YOLO_Retraining/.third_party/yolov5/yolov5s.pt
AMP: checks passed ✅
optimizer: SGD(lr=0.01) with parameter groups 57 weight(decay=0.0), 60 weight(decay=0.0005), 60 bias
train: Scanning /home/lijinhe/work/YOLO_Retraining/runs/tasks/0815-015127__full-cold-stage0123__stage0+stage1+stage2+stage3__yolov5s__s42/data/backend_train_images... 7573 images, 4196 backgrounds, 0 corrupt: 100%|██████████| 7573/7573 00:17
train: WARNING ⚠️ /home/lijinhe/work/YOLO_Retraining/data/self_improving/images/0720_11/05168_1784523505059766_0.jpg: 2 duplicate labels removed
train: New cache created: /home/lijinhe/work/YOLO_Retraining/runs/tasks/0815-015127__full-cold-stage0123__stage0+stage1+stage2+stage3__yolov5s__s42/data/backend_train_images.cache
val: Scanning /home/lijinhe/work/YOLO_Retraining/runs/tasks/0815-015127__full-cold-stage0123__stage0+stage1+stage2+stage3__yolov5s__s42/data/backend_validation_images... 1000 images, 297 backgrounds, 0 corrupt: 100%|██████████| 1000/1000 00:02
val: New cache created: /home/lijinhe/work/YOLO_Retraining/runs/tasks/0815-015127__full-cold-stage0123__stage0+stage1+stage2+stage3__yolov5s__s42/data/backend_validation_images.cache
AutoAnchor: 5.46 anchors/target, 1.000 Best Possible Recall (BPR). Current anchors are a good fit to dataset ✅
Image sizes 640 train, 640 val
Using 16 dataloader workers
Logging results to /home/lijinhe/work/YOLO_Retraining/runs/tasks/0815-015127__full-cold-stage0123__stage0+stage1+stage2+stage3__yolov5s__s42/backend/yolov5/train
Starting training for 300 epochs...
Epoch    GPU_mem   box_loss   obj_loss   cls_loss  Instances       Size
0/299      13.9G    0.08939     0.0163    0.02581         37        640: 100%|██████████| 119/119 00:47
Class     Images  Instances          P          R      mAP50   mAP50-95: 100%|██████████| 8/8 00:13
all       1000        939       0.82     0.0768       0.09     0.0298
Epoch    GPU_mem   box_loss   obj_loss   cls_loss  Instances       Size
1/299      13.9G    0.06391    0.01193    0.01178         32        640: 100%|██████████| 119/119 00:37
Class     Images  Instances          P          R      mAP50   mAP50-95: 100%|██████████| 8/8 00:11
all       1000        939      0.668      0.225       0.17     0.0659
Epoch    GPU_mem   box_loss   obj_loss   cls_loss  Instances       Size
2/299      13.9G    0.05984   0.009505    0.01018         16        640: 100%|██████████| 119/119 00:38
Class     Images  Instances          P          R      mAP50   mAP50-95: 100%|██████████| 8/8 00:12
all       1000        939      0.628      0.112     0.0866     0.0256
Epoch    GPU_mem   box_loss   obj_loss   cls_loss  Instances       Size
3/299      13.9G    0.05853   0.009388    0.01027         20        640: 100%|██████████| 119/119 00:37
Class     Images  Instances          P          R      mAP50   mAP50-95: 100%|██████████| 8/8 00:13
all       1000        939      0.635      0.121      0.107     0.0377
Epoch    GPU_mem   box_loss   obj_loss   cls_loss  Instances       Size
4/299      13.9G    0.05564   0.009212    0.01006         33        640: 100%|██████████| 119/119 00:36
Class     Images  Instances          P          R      mAP50   mAP50-95: 100%|██████████| 8/8 00:11
all       1000        939      0.699      0.149      0.191     0.0796
Epoch    GPU_mem   box_loss   obj_loss   cls_loss  Instances       Size
5/299      13.9G    0.05291    0.00872   0.008195         28        640: 100%|██████████| 119/119 00:38
Class     Images  Instances          P          R      mAP50   mAP50-95: 100%|██████████| 8/8 00:11
all       1000        939      0.729      0.158      0.209      0.091
Epoch    GPU_mem   box_loss   obj_loss   cls_loss  Instances       Size
6/299      13.9G    0.05061   0.008363   0.007984         24        640: 100%|██████████| 119/119 00:37
Class     Images  Instances          P          R      mAP50   mAP50-95: 100%|██████████| 8/8 00:14
all       1000        939      0.729      0.185      0.208     0.0862
Epoch    GPU_mem   box_loss   obj_loss   cls_loss  Instances       Size
7/299      13.9G    0.04956     0.0083   0.007736         14        640: 100%|██████████| 119/119 00:36
Class     Images  Instances          P          R      mAP50   mAP50-95: 100%|██████████| 8/8 00:11
all       1000        939      0.724        0.2      0.237      0.104
Epoch    GPU_mem   box_loss   obj_loss   cls_loss  Instances       Size
8/299      13.9G    0.04816   0.008058   0.007417         15        640: 100%|██████████| 119/119 00:36
Class     Images  Instances          P          R      mAP50   mAP50-95: 100%|██████████| 8/8 00:12
all       1000        939      0.718      0.212       0.24     0.0942
Epoch    GPU_mem   box_loss   obj_loss   cls_loss  Instances       Size
9/299      13.9G    0.04723   0.008023   0.007271         26        640: 100%|██████████| 119/119 00:38
Class     Images  Instances          P          R      mAP50   mAP50-95: 100%|██████████| 8/8 00:13
all       1000        939      0.699      0.193      0.216     0.0968
Epoch    GPU_mem   box_loss   obj_loss   cls_loss  Instances       Size
10/299      13.9G    0.04607    0.00766   0.006209         25        640: 100%|██████████| 119/119 00:38
Class     Images  Instances          P          R      mAP50   mAP50-95: 100%|██████████| 8/8 00:15
all       1000        939       0.77      0.189      0.268      0.122
Epoch    GPU_mem   box_loss   obj_loss   cls_loss  Instances       Size
11/299      13.9G    0.04559   0.007601   0.006734         21        640: 100%|██████████| 119/119 00:37
Class     Images  Instances          P          R      mAP50   mAP50-95: 100%|██████████| 8/8 00:11
all       1000        939       0.77      0.214      0.301      0.138
Epoch    GPU_mem   box_loss   obj_loss   cls_loss  Instances       Size
12/299      13.9G    0.04413   0.007605   0.005687         17        640: 100%|██████████| 119/119 00:36
Class     Images  Instances          P          R      mAP50   mAP50-95: 100%|██████████| 8/8 00:12
all       1000        939      0.758      0.221      0.281      0.128
Epoch    GPU_mem   box_loss   obj_loss   cls_loss  Instances       Size
13/299      13.9G    0.04413   0.007538   0.005957         20        640: 100%|██████████| 119/119 00:34
Class     Images  Instances          P          R      mAP50   mAP50-95: 100%|██████████| 8/8 00:12
all       1000        939      0.604      0.242      0.231     0.0986
Epoch    GPU_mem   box_loss   obj_loss   cls_loss  Instances       Size
14/299      13.9G    0.04367   0.007426   0.005846         19        640: 100%|██████████| 119/119 00:32
Class     Images  Instances          P          R      mAP50   mAP50-95: 100%|██████████| 8/8 00:12
all       1000        939      0.773      0.252      0.324      0.148
Epoch    GPU_mem   box_loss   obj_loss   cls_loss  Instances       Size
15/299      13.9G     0.0434   0.007331   0.005932         17        640: 100%|██████████| 119/119 00:34
Class     Images  Instances          P          R      mAP50   mAP50-95: 100%|██████████| 8/8 00:12
all       1000        939      0.647      0.305      0.319      0.132
Epoch    GPU_mem   box_loss   obj_loss   cls_loss  Instances       Size
16/299      13.9G     0.0424   0.007173   0.005283         15        640: 100%|██████████| 119/119 00:30
Class     Images  Instances          P          R      mAP50   mAP50-95: 100%|██████████| 8/8 00:13
all       1000        939      0.603      0.358      0.369      0.166
Epoch    GPU_mem   box_loss   obj_loss   cls_loss  Instances       Size
17/299      13.9G    0.04192   0.007093   0.004888         19        640: 100%|██████████| 119/119 00:33
Class     Images  Instances          P          R      mAP50   mAP50-95: 100%|██████████| 8/8 00:08
all       1000        939      0.561      0.378       0.34      0.154
Epoch    GPU_mem   box_loss   obj_loss   cls_loss  Instances       Size
18/299      13.9G    0.04162   0.007161   0.004844         11        640: 100%|██████████| 119/119 00:32
Class     Images  Instances          P          R      mAP50   mAP50-95: 100%|██████████| 8/8 00:13
all       1000        939       0.62      0.395      0.384      0.184
Epoch    GPU_mem   box_loss   obj_loss   cls_loss  Instances       Size
19/299      13.9G    0.04195   0.007186   0.005143         23        640: 100%|██████████| 119/119 00:32
Class     Images  Instances          P          R      mAP50   mAP50-95: 100%|██████████| 8/8 00:12
all       1000        939        0.6      0.305      0.312      0.125
Epoch    GPU_mem   box_loss   obj_loss   cls_loss  Instances       Size
20/299      13.9G    0.04144    0.00705    0.00499         17        640: 100%|██████████| 119/119 00:31
Class     Images  Instances          P          R      mAP50   mAP50-95: 100%|██████████| 8/8 00:13
all       1000        939      0.663      0.351      0.379      0.177
Epoch    GPU_mem   box_loss   obj_loss   cls_loss  Instances       Size
21/299      13.9G    0.04047   0.007098   0.004444         30        640: 100%|██████████| 119/119 00:31
Class     Images  Instances          P          R      mAP50   mAP50-95: 100%|██████████| 8/8 00:12
all       1000        939      0.733      0.335      0.411      0.187
Epoch    GPU_mem   box_loss   obj_loss   cls_loss  Instances       Size
22/299      13.9G       0.04   0.006906    0.00421         22        640: 100%|██████████| 119/119 00:33
Class     Images  Instances          P          R      mAP50   mAP50-95: 100%|██████████| 8/8 00:11
all       1000        939        0.7      0.341       0.38      0.177
Epoch    GPU_mem   box_loss   obj_loss   cls_loss  Instances       Size
23/299      13.9G    0.03974   0.006733   0.004101         32        640: 100%|██████████| 119/119 00:32
Class     Images  Instances          P          R      mAP50   mAP50-95: 100%|██████████| 8/8 00:12
all       1000        939      0.677      0.369      0.402      0.193
Epoch    GPU_mem   box_loss   obj_loss   cls_loss  Instances       Size
24/299      13.9G    0.03933    0.00683   0.004067         29        640: 100%|██████████| 119/119 00:31
Class     Images  Instances          P          R      mAP50   mAP50-95: 100%|██████████| 8/8 00:11
all       1000        939      0.733      0.372      0.418      0.194
Epoch    GPU_mem   box_loss   obj_loss   cls_loss  Instances       Size
25/299      13.9G     0.0391   0.006794   0.003648         24        640: 100%|██████████| 119/119 00:34
Class     Images  Instances          P          R      mAP50   mAP50-95: 100%|██████████| 8/8 00:07
all       1000        939      0.673      0.343      0.374      0.179
Epoch    GPU_mem   box_loss   obj_loss   cls_loss  Instances       Size
26/299      13.9G    0.03908   0.006713   0.003917         21        640: 100%|██████████| 119/119 00:30
Class     Images  Instances          P          R      mAP50   mAP50-95: 100%|██████████| 8/8 00:03
all       1000        939      0.774      0.344      0.403      0.188
Epoch    GPU_mem   box_loss   obj_loss   cls_loss  Instances       Size
27/299      13.9G    0.03898   0.006783    0.00411         29        640: 100%|██████████| 119/119 00:31
Class     Images  Instances          P          R      mAP50   mAP50-95: 100%|██████████| 8/8 00:05
all       1000        939      0.715      0.368      0.415      0.207
Epoch    GPU_mem   box_loss   obj_loss   cls_loss  Instances       Size
28/299      13.9G    0.03868   0.006667   0.003543         17        640: 100%|██████████| 119/119 00:31
Class     Images  Instances          P          R      mAP50   mAP50-95: 100%|██████████| 8/8 00:05
all       1000        939      0.728       0.35      0.393      0.188
Epoch    GPU_mem   box_loss   obj_loss   cls_loss  Instances       Size
29/299      13.9G    0.03895   0.006793    0.00374         22        640: 100%|██████████| 119/119 00:31
Class     Images  Instances          P          R      mAP50   mAP50-95: 100%|██████████| 8/8 00:13
all       1000        939      0.718      0.392      0.433      0.202
Epoch    GPU_mem   box_loss   obj_loss   cls_loss  Instances       Size
30/299      13.9G    0.03846   0.006591   0.003722         23        640: 100%|██████████| 119/119 00:32
Class     Images  Instances          P          R      mAP50   mAP50-95: 100%|██████████| 8/8 00:11
all       1000        939      0.703      0.339      0.389      0.182
Epoch    GPU_mem   box_loss   obj_loss   cls_loss  Instances       Size
31/299      13.9G    0.03754    0.00662   0.003395         16        640: 100%|██████████| 119/119 00:32
Class     Images  Instances          P          R      mAP50   mAP50-95: 100%|██████████| 8/8 00:12
all       1000        939      0.719      0.363       0.39      0.189
Epoch    GPU_mem   box_loss   obj_loss   cls_loss  Instances       Size
32/299      13.9G    0.03727   0.006477   0.003393         27        640: 100%|██████████| 119/119 00:32
Class     Images  Instances          P          R      mAP50   mAP50-95: 100%|██████████| 8/8 00:13
all       1000        939      0.709      0.352      0.386      0.196
Epoch    GPU_mem   box_loss   obj_loss   cls_loss  Instances       Size
33/299      13.9G    0.03758   0.006423   0.003265         14        640: 100%|██████████| 119/119 00:31
Class     Images  Instances          P          R      mAP50   mAP50-95: 100%|██████████| 8/8 00:11
all       1000        939      0.731      0.365      0.407      0.195
Epoch    GPU_mem   box_loss   obj_loss   cls_loss  Instances       Size
34/299      13.9G    0.03729   0.006378   0.003156         24        640: 100%|██████████| 119/119 00:32
Class     Images  Instances          P          R      mAP50   mAP50-95: 100%|██████████| 8/8 00:13
all       1000        939      0.732      0.349      0.421      0.204
Epoch    GPU_mem   box_loss   obj_loss   cls_loss  Instances       Size
35/299      13.9G      0.037   0.006399   0.003089         20        640: 100%|██████████| 119/119 00:32
Class     Images  Instances          P          R      mAP50   mAP50-95: 100%|██████████| 8/8 00:12
all       1000        939       0.72      0.348      0.399      0.189
Epoch    GPU_mem   box_loss   obj_loss   cls_loss  Instances       Size
36/299      13.9G    0.03706   0.006497   0.003245         19        640: 100%|██████████| 119/119 00:32
Class     Images  Instances          P          R      mAP50   mAP50-95: 100%|██████████| 8/8 00:13
all       1000        939      0.692      0.381      0.418      0.201
Epoch    GPU_mem   box_loss   obj_loss   cls_loss  Instances       Size
37/299      13.9G    0.03637   0.006375   0.002849         23        640: 100%|██████████| 119/119 00:32
Class     Images  Instances          P          R      mAP50   mAP50-95: 100%|██████████| 8/8 00:13
all       1000        939      0.777      0.375      0.425      0.211
Epoch    GPU_mem   box_loss   obj_loss   cls_loss  Instances       Size
38/299      13.9G    0.03658   0.006259   0.002939         17        640: 100%|██████████| 119/119 00:32
Class     Images  Instances          P          R      mAP50   mAP50-95: 100%|██████████| 8/8 00:11
all       1000        939      0.709      0.386      0.413      0.194
Epoch    GPU_mem   box_loss   obj_loss   cls_loss  Instances       Size
39/299      13.9G    0.03595   0.006289    0.00269         25        640: 100%|██████████| 119/119 00:32
Class     Images  Instances          P          R      mAP50   mAP50-95: 100%|██████████| 8/8 00:11
all       1000        939      0.745      0.376      0.413      0.199
Epoch    GPU_mem   box_loss   obj_loss   cls_loss  Instances       Size
40/299      13.9G      0.036    0.00625   0.002663         33        640: 100%|██████████| 119/119 00:32
Class     Images  Instances          P          R      mAP50   mAP50-95: 100%|██████████| 8/8 00:12
all       1000        939      0.708      0.409      0.431       0.21
Epoch    GPU_mem   box_loss   obj_loss   cls_loss  Instances       Size
41/299      13.9G    0.03583   0.006126   0.002692         26        640: 100%|██████████| 119/119 00:33
Class     Images  Instances          P          R      mAP50   mAP50-95: 100%|██████████| 8/8 00:12
all       1000        939      0.766      0.363      0.412      0.206
Epoch    GPU_mem   box_loss   obj_loss   cls_loss  Instances       Size
42/299      13.9G    0.03597   0.006205   0.002666         17        640: 100%|██████████| 119/119 00:32
Class     Images  Instances          P          R      mAP50   mAP50-95: 100%|██████████| 8/8 00:13
all       1000        939       0.72      0.399      0.426      0.217
Epoch    GPU_mem   box_loss   obj_loss   cls_loss  Instances       Size
43/299      13.9G    0.03511   0.006119   0.002087         21        640: 100%|██████████| 119/119 00:32
Class     Images  Instances          P          R      mAP50   mAP50-95: 100%|██████████| 8/8 00:13
all       1000        939      0.769       0.38      0.431      0.219
Epoch    GPU_mem   box_loss   obj_loss   cls_loss  Instances       Size
44/299      13.9G    0.03516   0.006133   0.002604         21        640: 100%|██████████| 119/119 00:32
Class     Images  Instances          P          R      mAP50   mAP50-95: 100%|██████████| 8/8 00:13
all       1000        939       0.74      0.377      0.429      0.217
Epoch    GPU_mem   box_loss   obj_loss   cls_loss  Instances       Size
45/299      13.9G    0.03487   0.006181   0.002489         14        640: 100%|██████████| 119/119 00:31
Class     Images  Instances          P          R      mAP50   mAP50-95: 100%|██████████| 8/8 00:13
all       1000        939      0.787      0.369       0.44      0.224
Epoch    GPU_mem   box_loss   obj_loss   cls_loss  Instances       Size
46/299      13.9G    0.03456   0.005977   0.002582         33        640: 100%|██████████| 119/119 00:32
Class     Images  Instances          P          R      mAP50   mAP50-95: 100%|██████████| 8/8 00:12
all       1000        939      0.752      0.366      0.425      0.223
Epoch    GPU_mem   box_loss   obj_loss   cls_loss  Instances       Size
47/299      13.9G    0.03456   0.005941   0.002473         23        640: 100%|██████████| 119/119 00:31
Class     Images  Instances          P          R      mAP50   mAP50-95: 100%|██████████| 8/8 00:13
all       1000        939      0.762      0.381       0.43      0.222
Epoch    GPU_mem   box_loss   obj_loss   cls_loss  Instances       Size
48/299      13.9G    0.03439   0.006046   0.002636         17        640: 100%|██████████| 119/119 00:32
Class     Images  Instances          P          R      mAP50   mAP50-95: 100%|██████████| 8/8 00:11
all       1000        939      0.727      0.397      0.428      0.206
Epoch    GPU_mem   box_loss   obj_loss   cls_loss  Instances       Size
49/299      13.9G     0.0346   0.006013    0.00227         27        640: 100%|██████████| 119/119 00:31
Class     Images  Instances          P          R      mAP50   mAP50-95: 100%|██████████| 8/8 00:12
all       1000        939       0.77      0.383      0.433      0.222
Epoch    GPU_mem   box_loss   obj_loss   cls_loss  Instances       Size
50/299      13.9G    0.03437    0.00604    0.00232         26        640: 100%|██████████| 119/119 00:32
Class     Images  Instances          P          R      mAP50   mAP50-95: 100%|██████████| 8/8 00:12
all       1000        939      0.753      0.364      0.416      0.212
Epoch    GPU_mem   box_loss   obj_loss   cls_loss  Instances       Size
51/299      13.9G    0.03415   0.005983     0.0021         22        640: 100%|██████████| 119/119 00:32
Class     Images  Instances          P          R      mAP50   mAP50-95: 100%|██████████| 8/8 00:12
all       1000        939      0.774       0.39      0.457      0.232
Epoch    GPU_mem   box_loss   obj_loss   cls_loss  Instances       Size
52/299      13.9G    0.03431   0.006036   0.002123         26        640: 100%|██████████| 119/119 00:32
Class     Images  Instances          P          R      mAP50   mAP50-95: 100%|██████████| 8/8 00:11
all       1000        939      0.762      0.368      0.418      0.211
Epoch    GPU_mem   box_loss   obj_loss   cls_loss  Instances       Size
53/299      13.9G    0.03318    0.00586    0.00188         22        640: 100%|██████████| 119/119 00:32
Class     Images  Instances          P          R      mAP50   mAP50-95: 100%|██████████| 8/8 00:13
all       1000        939      0.793       0.41      0.456       0.23
Epoch    GPU_mem   box_loss   obj_loss   cls_loss  Instances       Size
54/299      13.9G    0.03364   0.005986   0.002153         26        640: 100%|██████████| 119/119 00:31
Class     Images  Instances          P          R      mAP50   mAP50-95: 100%|██████████| 8/8 00:14
all       1000        939      0.776      0.375       0.44      0.219
Epoch    GPU_mem   box_loss   obj_loss   cls_loss  Instances       Size
55/299      13.9G    0.03351   0.005892   0.001998         34        640: 100%|██████████| 119/119 00:32
Class     Images  Instances          P          R      mAP50   mAP50-95: 100%|██████████| 8/8 00:13
all       1000        939      0.785      0.396      0.459      0.236
Epoch    GPU_mem   box_loss   obj_loss   cls_loss  Instances       Size
56/299      13.9G    0.03396   0.005924   0.002422         40        640: 100%|██████████| 119/119 00:31
Class     Images  Instances          P          R      mAP50   mAP50-95: 100%|██████████| 8/8 00:12
all       1000        939      0.744      0.409      0.448      0.222
Epoch    GPU_mem   box_loss   obj_loss   cls_loss  Instances       Size
57/299      13.9G     0.0335   0.005967    0.00214         22        640: 100%|██████████| 119/119 00:32
Class     Images  Instances          P          R      mAP50   mAP50-95: 100%|██████████| 8/8 00:13
all       1000        939       0.73      0.381      0.418      0.202
Epoch    GPU_mem   box_loss   obj_loss   cls_loss  Instances       Size
58/299      13.9G    0.03348   0.005863   0.002197         14        640: 100%|██████████| 119/119 00:32
Class     Images  Instances          P          R      mAP50   mAP50-95: 100%|██████████| 8/8 00:12
all       1000        939      0.792      0.391      0.456      0.231
Epoch    GPU_mem   box_loss   obj_loss   cls_loss  Instances       Size
59/299      13.9G    0.03316   0.005819   0.002049         22        640: 100%|██████████| 119/119 00:32
Class     Images  Instances          P          R      mAP50   mAP50-95: 100%|██████████| 8/8 00:12
all       1000        939      0.784        0.4      0.459      0.226
Epoch    GPU_mem   box_loss   obj_loss   cls_loss  Instances       Size
60/299      13.9G    0.03263   0.005803   0.001589         20        640: 100%|██████████| 119/119 00:32
Class     Images  Instances          P          R      mAP50   mAP50-95: 100%|██████████| 8/8 00:12
all       1000        939       0.78       0.41      0.453      0.232
Epoch    GPU_mem   box_loss   obj_loss   cls_loss  Instances       Size
61/299      13.9G    0.03282   0.005716   0.002123         18        640: 100%|██████████| 119/119 00:32
Class     Images  Instances          P          R      mAP50   mAP50-95: 100%|██████████| 8/8 00:12
all       1000        939      0.748        0.4      0.431      0.212
Epoch    GPU_mem   box_loss   obj_loss   cls_loss  Instances       Size
62/299      13.9G    0.03245   0.005716   0.001753         12        640: 100%|██████████| 119/119 00:32
Class     Images  Instances          P          R      mAP50   mAP50-95: 100%|██████████| 8/8 00:13
all       1000        939      0.775      0.398      0.441      0.221
Epoch    GPU_mem   box_loss   obj_loss   cls_loss  Instances       Size
63/299      13.9G    0.03264   0.005703   0.001802         30        640: 100%|██████████| 119/119 00:32
Class     Images  Instances          P          R      mAP50   mAP50-95: 100%|██████████| 8/8 00:13
all       1000        939       0.79      0.403       0.45      0.232
Epoch    GPU_mem   box_loss   obj_loss   cls_loss  Instances       Size
64/299      13.9G    0.03191    0.00566   0.001764         39        640: 100%|██████████| 119/119 00:31
Class     Images  Instances          P          R      mAP50   mAP50-95: 100%|██████████| 8/8 00:13
all       1000        939      0.801       0.39      0.453      0.236
Epoch    GPU_mem   box_loss   obj_loss   cls_loss  Instances       Size
65/299      13.9G    0.03257   0.005733   0.001876         26        640: 100%|██████████| 119/119 00:31
Class     Images  Instances          P          R      mAP50   mAP50-95: 100%|██████████| 8/8 00:13
all       1000        939       0.82      0.373      0.446      0.227
Epoch    GPU_mem   box_loss   obj_loss   cls_loss  Instances       Size
66/299      13.9G    0.03224   0.005677    0.00205         27        640: 100%|██████████| 119/119 00:32
Class     Images  Instances          P          R      mAP50   mAP50-95: 100%|██████████| 8/8 00:12
all       1000        939      0.795      0.387      0.458      0.232
Epoch    GPU_mem   box_loss   obj_loss   cls_loss  Instances       Size
67/299      13.9G    0.03198   0.005789   0.001788         24        640: 100%|██████████| 119/119 00:32
Class     Images  Instances          P          R      mAP50   mAP50-95: 100%|██████████| 8/8 00:12
all       1000        939      0.787      0.358       0.43      0.226
Epoch    GPU_mem   box_loss   obj_loss   cls_loss  Instances       Size
68/299      13.9G    0.03169     0.0055   0.001794         27        640: 100%|██████████| 119/119 00:31
Class     Images  Instances          P          R      mAP50   mAP50-95: 100%|██████████| 8/8 00:12
all       1000        939      0.768       0.38      0.439      0.228
Epoch    GPU_mem   box_loss   obj_loss   cls_loss  Instances       Size
69/299      13.9G    0.03168   0.005495   0.001509         33        640: 100%|██████████| 119/119 00:32
Class     Images  Instances          P          R      mAP50   mAP50-95: 100%|██████████| 8/8 00:05
all       1000        939      0.779      0.388      0.445      0.232
Epoch    GPU_mem   box_loss   obj_loss   cls_loss  Instances       Size
70/299      13.9G    0.03135   0.005545   0.001651         23        640: 100%|██████████| 119/119 00:32
Class     Images  Instances          P          R      mAP50   mAP50-95: 100%|██████████| 8/8 00:03
all       1000        939      0.815      0.405      0.473      0.249
Epoch    GPU_mem   box_loss   obj_loss   cls_loss  Instances       Size
71/299      13.9G    0.03145   0.005494   0.001635         19        640: 100%|██████████| 119/119 00:31
Class     Images  Instances          P          R      mAP50   mAP50-95: 100%|██████████| 8/8 00:03
all       1000        939      0.798      0.392      0.454      0.239
Epoch    GPU_mem   box_loss   obj_loss   cls_loss  Instances       Size
72/299      13.9G    0.03158   0.005404   0.001594         16        640: 100%|██████████| 119/119 00:32
Class     Images  Instances          P          R      mAP50   mAP50-95: 100%|██████████| 8/8 00:12
all       1000        939      0.787      0.389      0.447      0.231
Epoch    GPU_mem   box_loss   obj_loss   cls_loss  Instances       Size
73/299      13.9G    0.03168   0.005575   0.001785         28        640: 100%|██████████| 119/119 00:32
Class     Images  Instances          P          R      mAP50   mAP50-95: 100%|██████████| 8/8 00:10
all       1000        939      0.759      0.408       0.45      0.231
Epoch    GPU_mem   box_loss   obj_loss   cls_loss  Instances       Size
74/299      13.9G    0.03128   0.005629   0.001828         13        640: 100%|██████████| 119/119 00:32
Class     Images  Instances          P          R      mAP50   mAP50-95: 100%|██████████| 8/8 00:11
all       1000        939      0.804      0.375      0.456      0.232
Epoch    GPU_mem   box_loss   obj_loss   cls_loss  Instances       Size
75/299      13.9G    0.03083   0.005414   0.001523         25        640: 100%|██████████| 119/119 00:32
Class     Images  Instances          P          R      mAP50   mAP50-95: 100%|██████████| 8/8 00:11
all       1000        939      0.783      0.414      0.463      0.237
Epoch    GPU_mem   box_loss   obj_loss   cls_loss  Instances       Size
76/299      13.9G    0.03052   0.005341   0.001271         10        640: 100%|██████████| 119/119 00:32
Class     Images  Instances          P          R      mAP50   mAP50-95: 100%|██████████| 8/8 00:13
all       1000        939      0.803      0.399      0.466       0.24
Epoch    GPU_mem   box_loss   obj_loss   cls_loss  Instances       Size
77/299      13.9G    0.03052   0.005397   0.001662         25        640: 100%|██████████| 119/119 00:32
Class     Images  Instances          P          R      mAP50   mAP50-95: 100%|██████████| 8/8 00:11
all       1000        939        0.8      0.389      0.455      0.232
Epoch    GPU_mem   box_loss   obj_loss   cls_loss  Instances       Size
78/299      13.9G    0.03064   0.005372   0.001418         22        640: 100%|██████████| 119/119 00:32
Class     Images  Instances          P          R      mAP50   mAP50-95: 100%|██████████| 8/8 00:11
all       1000        939      0.788      0.386      0.443      0.224
Epoch    GPU_mem   box_loss   obj_loss   cls_loss  Instances       Size
79/299      13.9G    0.03092    0.00531   0.001779         30        640: 100%|██████████| 119/119 00:33
Class     Images  Instances          P          R      mAP50   mAP50-95: 100%|██████████| 8/8 00:12
all       1000        939      0.793      0.387       0.45      0.229
Epoch    GPU_mem   box_loss   obj_loss   cls_loss  Instances       Size
80/299      13.9G    0.03101   0.005414   0.001766         23        640: 100%|██████████| 119/119 00:31
Class     Images  Instances          P          R      mAP50   mAP50-95: 100%|██████████| 8/8 00:12
all       1000        939      0.736      0.416       0.45       0.23
Epoch    GPU_mem   box_loss   obj_loss   cls_loss  Instances       Size
81/299      13.9G    0.03102   0.005496   0.001894         19        640: 100%|██████████| 119/119 00:30
Class     Images  Instances          P          R      mAP50   mAP50-95: 100%|██████████| 8/8 00:12
all       1000        939      0.761      0.415      0.459      0.237
Epoch    GPU_mem   box_loss   obj_loss   cls_loss  Instances       Size
82/299      13.9G    0.03051   0.005396   0.001752         35        640: 100%|██████████| 119/119 00:31
Class     Images  Instances          P          R      mAP50   mAP50-95: 100%|██████████| 8/8 00:12
all       1000        939        0.8      0.397      0.464      0.243
Epoch    GPU_mem   box_loss   obj_loss   cls_loss  Instances       Size
83/299      13.9G    0.03011   0.005368   0.001457         33        640: 100%|██████████| 119/119 00:31
Class     Images  Instances          P          R      mAP50   mAP50-95: 100%|██████████| 8/8 00:12
all       1000        939      0.768      0.411      0.464      0.242
Epoch    GPU_mem   box_loss   obj_loss   cls_loss  Instances       Size
84/299      13.9G    0.02978   0.005338   0.001212         17        640: 100%|██████████| 119/119 00:32
Class     Images  Instances          P          R      mAP50   mAP50-95: 100%|██████████| 8/8 00:11
all       1000        939      0.809      0.396      0.475      0.248
Epoch    GPU_mem   box_loss   obj_loss   cls_loss  Instances       Size
85/299      13.9G    0.02992   0.005285   0.001498         20        640: 100%|██████████| 119/119 00:33
Class     Images  Instances          P          R      mAP50   mAP50-95: 100%|██████████| 8/8 00:11
all       1000        939      0.801      0.387      0.468      0.245
Epoch    GPU_mem   box_loss   obj_loss   cls_loss  Instances       Size
86/299      13.9G    0.02947    0.00521   0.001324         16        640: 100%|██████████| 119/119 00:33
Class     Images  Instances          P          R      mAP50   mAP50-95: 100%|██████████| 8/8 00:12
all       1000        939       0.79      0.401      0.467      0.241
Epoch    GPU_mem   box_loss   obj_loss   cls_loss  Instances       Size
87/299      13.9G    0.02927   0.005185   0.001257         22        640: 100%|██████████| 119/119 00:33
Class     Images  Instances          P          R      mAP50   mAP50-95: 100%|██████████| 8/8 00:10
all       1000        939      0.791      0.395      0.473      0.245
Epoch    GPU_mem   box_loss   obj_loss   cls_loss  Instances       Size
88/299      13.9G    0.02975   0.005361   0.001377         27        640: 100%|██████████| 119/119 00:33
Class     Images  Instances          P          R      mAP50   mAP50-95: 100%|██████████| 8/8 00:11
all       1000        939      0.761      0.411      0.465      0.243
Epoch    GPU_mem   box_loss   obj_loss   cls_loss  Instances       Size
89/299      13.9G     0.0297   0.005202   0.001619         39        640: 100%|██████████| 119/119 00:32
Class     Images  Instances          P          R      mAP50   mAP50-95: 100%|██████████| 8/8 00:12
all       1000        939      0.775      0.401      0.464      0.243
Epoch    GPU_mem   box_loss   obj_loss   cls_loss  Instances       Size
90/299      13.9G     0.0294   0.005167    0.00117         37        640: 100%|██████████| 119/119 00:30
Class     Images  Instances          P          R      mAP50   mAP50-95: 100%|██████████| 8/8 00:13
all       1000        939        0.8      0.395      0.461      0.244
Epoch    GPU_mem   box_loss   obj_loss   cls_loss  Instances       Size
91/299      13.9G    0.02992   0.005185   0.001314         19        640: 100%|██████████| 119/119 00:32
Class     Images  Instances          P          R      mAP50   mAP50-95: 100%|██████████| 8/8 00:10
all       1000        939      0.805      0.383      0.457      0.245
Epoch    GPU_mem   box_loss   obj_loss   cls_loss  Instances       Size
92/299      13.9G    0.02933   0.005102   0.001295         26        640: 100%|██████████| 119/119 00:33
Class     Images  Instances          P          R      mAP50   mAP50-95: 100%|██████████| 8/8 00:10
all       1000        939      0.776      0.402      0.466       0.25
Epoch    GPU_mem   box_loss   obj_loss   cls_loss  Instances       Size
93/299      13.9G    0.02934   0.005115   0.001531         25        640: 100%|██████████| 119/119 00:32
Class     Images  Instances          P          R      mAP50   mAP50-95: 100%|██████████| 8/8 00:12
all       1000        939      0.797      0.412      0.475      0.254
Epoch    GPU_mem   box_loss   obj_loss   cls_loss  Instances       Size
94/299      13.9G     0.0292   0.005151   0.001252         26        640: 100%|██████████| 119/119 00:32
Class     Images  Instances          P          R      mAP50   mAP50-95: 100%|██████████| 8/8 00:13
all       1000        939      0.815      0.407      0.477      0.256
Epoch    GPU_mem   box_loss   obj_loss   cls_loss  Instances       Size
95/299      13.9G    0.02956   0.005169   0.001705         21        640: 100%|██████████| 119/119 00:33
Class     Images  Instances          P          R      mAP50   mAP50-95: 100%|██████████| 8/8 00:11
all       1000        939      0.827      0.397      0.476      0.254
Epoch    GPU_mem   box_loss   obj_loss   cls_loss  Instances       Size
96/299      13.9G     0.0291   0.005036   0.001079         26        640: 100%|██████████| 119/119 00:32
Class     Images  Instances          P          R      mAP50   mAP50-95: 100%|██████████| 8/8 00:12
all       1000        939       0.82      0.395      0.471      0.251
Epoch    GPU_mem   box_loss   obj_loss   cls_loss  Instances       Size
97/299      13.9G    0.02891   0.005247   0.001288         26        640: 100%|██████████| 119/119 00:32
Class     Images  Instances          P          R      mAP50   mAP50-95: 100%|██████████| 8/8 00:11
all       1000        939       0.84      0.395      0.469       0.25
Epoch    GPU_mem   box_loss   obj_loss   cls_loss  Instances       Size
98/299      13.9G    0.02879   0.005065   0.001238         16        640: 100%|██████████| 119/119 00:32
Class     Images  Instances          P          R      mAP50   mAP50-95: 100%|██████████| 8/8 00:12
all       1000        939      0.812      0.402      0.469       0.25
Epoch    GPU_mem   box_loss   obj_loss   cls_loss  Instances       Size
99/299      13.9G    0.02871   0.005006   0.001435         25        640: 100%|██████████| 119/119 00:30
Class     Images  Instances          P          R      mAP50   mAP50-95: 100%|██████████| 8/8 00:12
all       1000        939      0.836       0.38      0.467      0.248
Epoch    GPU_mem   box_loss   obj_loss   cls_loss  Instances       Size
100/299      13.9G    0.02839    0.00507   0.001233         18        640: 100%|██████████| 119/119 00:32
Class     Images  Instances          P          R      mAP50   mAP50-95: 100%|██████████| 8/8 00:11
all       1000        939      0.838      0.385      0.465      0.247
Epoch    GPU_mem   box_loss   obj_loss   cls_loss  Instances       Size
101/299      13.9G    0.02833   0.004988   0.001082         24        640: 100%|██████████| 119/119 00:32
Class     Images  Instances          P          R      mAP50   mAP50-95: 100%|██████████| 8/8 00:12
all       1000        939      0.834       0.39      0.466       0.25
Epoch    GPU_mem   box_loss   obj_loss   cls_loss  Instances       Size
102/299      13.9G    0.02862   0.005084   0.001196         23        640: 100%|██████████| 119/119 00:32
Class     Images  Instances          P          R      mAP50   mAP50-95: 100%|██████████| 8/8 00:12
all       1000        939      0.829       0.39      0.464       0.25
Epoch    GPU_mem   box_loss   obj_loss   cls_loss  Instances       Size
103/299      13.9G    0.02809   0.004879    0.00112         13        640: 100%|██████████| 119/119 00:32
Class     Images  Instances          P          R      mAP50   mAP50-95: 100%|██████████| 8/8 00:11
all       1000        939      0.839      0.389      0.466       0.25
Epoch    GPU_mem   box_loss   obj_loss   cls_loss  Instances       Size
104/299      13.9G    0.02805   0.004923   0.001196         33        640: 100%|██████████| 119/119 00:31
Class     Images  Instances          P          R      mAP50   mAP50-95: 100%|██████████| 8/8 00:11
all       1000        939       0.84      0.393      0.468      0.249
Epoch    GPU_mem   box_loss   obj_loss   cls_loss  Instances       Size
105/299      13.9G    0.02797   0.004918   0.001149         21        640: 100%|██████████| 119/119 00:32
Class     Images  Instances          P          R      mAP50   mAP50-95: 100%|██████████| 8/8 00:13
all       1000        939      0.842      0.387      0.468      0.249
Epoch    GPU_mem   box_loss   obj_loss   cls_loss  Instances       Size
106/299      13.9G    0.02809   0.004855   0.001043         17        640: 100%|██████████| 119/119 00:31
Class     Images  Instances          P          R      mAP50   mAP50-95: 100%|██████████| 8/8 00:12
all       1000        939      0.828      0.396       0.47      0.251
Epoch    GPU_mem   box_loss   obj_loss   cls_loss  Instances       Size
107/299      13.9G    0.02787    0.00485   0.001032         32        640: 100%|██████████| 119/119 00:33
Class     Images  Instances          P          R      mAP50   mAP50-95: 100%|██████████| 8/8 00:13
all       1000        939      0.824      0.402      0.471       0.25
Epoch    GPU_mem   box_loss   obj_loss   cls_loss  Instances       Size
108/299      13.9G    0.02806   0.004917   0.001381         24        640: 100%|██████████| 119/119 00:33
Class     Images  Instances          P          R      mAP50   mAP50-95: 100%|██████████| 8/8 00:12
all       1000        939      0.803      0.399      0.466       0.25
Epoch    GPU_mem   box_loss   obj_loss   cls_loss  Instances       Size
109/299      13.9G    0.02748   0.004931   0.001071         25        640: 100%|██████████| 119/119 00:31
Class     Images  Instances          P          R      mAP50   mAP50-95: 100%|██████████| 8/8 00:11
all       1000        939      0.824      0.392      0.469       0.25
Epoch    GPU_mem   box_loss   obj_loss   cls_loss  Instances       Size
110/299      13.9G     0.0273    0.00485   0.001073         29        640: 100%|██████████| 119/119 00:32
Class     Images  Instances          P          R      mAP50   mAP50-95: 100%|██████████| 8/8 00:12
all       1000        939      0.823      0.396      0.474      0.252
Epoch    GPU_mem   box_loss   obj_loss   cls_loss  Instances       Size
111/299      13.9G    0.02767   0.004801   0.001181         35        640: 100%|██████████| 119/119 00:30
Class     Images  Instances          P          R      mAP50   mAP50-95: 100%|██████████| 8/8 00:12
all       1000        939      0.815      0.398       0.47      0.251
Epoch    GPU_mem   box_loss   obj_loss   cls_loss  Instances       Size
112/299      13.9G    0.02793   0.005025   0.001218         27        640: 100%|██████████| 119/119 00:32
Class     Images  Instances          P          R      mAP50   mAP50-95: 100%|██████████| 8/8 00:12
all       1000        939      0.805      0.396      0.467      0.248
Epoch    GPU_mem   box_loss   obj_loss   cls_loss  Instances       Size
113/299      13.9G    0.02714   0.004852  0.0009769         28        640: 100%|██████████| 119/119 00:32
Class     Images  Instances          P          R      mAP50   mAP50-95: 100%|██████████| 8/8 00:12
all       1000        939      0.796      0.399      0.465      0.249
Epoch    GPU_mem   box_loss   obj_loss   cls_loss  Instances       Size
114/299      13.9G    0.02736   0.004922  0.0009307         25        640: 100%|██████████| 119/119 00:33
Class     Images  Instances          P          R      mAP50   mAP50-95: 100%|██████████| 8/8 00:11
all       1000        939      0.768      0.415      0.464      0.248
Epoch    GPU_mem   box_loss   obj_loss   cls_loss  Instances       Size
115/299      13.9G    0.02686   0.004683  0.0009995         28        640: 100%|██████████| 119/119 00:31
Class     Images  Instances          P          R      mAP50   mAP50-95: 100%|██████████| 8/8 00:12
all       1000        939      0.776      0.409      0.463      0.247
Epoch    GPU_mem   box_loss   obj_loss   cls_loss  Instances       Size
116/299      13.9G    0.02721   0.004979  0.0008923         29        640: 100%|██████████| 119/119 00:31
Class     Images  Instances          P          R      mAP50   mAP50-95: 100%|██████████| 8/8 00:03
all       1000        939      0.812      0.398      0.468      0.251
Epoch    GPU_mem   box_loss   obj_loss   cls_loss  Instances       Size
117/299      13.9G    0.02676   0.004693   0.001171         17        640: 100%|██████████| 119/119 00:30
Class     Images  Instances          P          R      mAP50   mAP50-95: 100%|██████████| 8/8 00:05
all       1000        939      0.814      0.393      0.468       0.25
Epoch    GPU_mem   box_loss   obj_loss   cls_loss  Instances       Size
118/299      13.9G    0.02686    0.00472   0.001098         28        640: 100%|██████████| 119/119 00:30
Class     Images  Instances          P          R      mAP50   mAP50-95: 100%|██████████| 8/8 00:03
all       1000        939      0.804      0.396      0.468       0.25
Epoch    GPU_mem   box_loss   obj_loss   cls_loss  Instances       Size
119/299      13.9G     0.0267   0.004707  0.0009474         20        640: 100%|██████████| 119/119 00:34
Class     Images  Instances          P          R      mAP50   mAP50-95: 100%|██████████| 8/8 00:03
all       1000        939      0.826      0.383      0.469       0.25
Epoch    GPU_mem   box_loss   obj_loss   cls_loss  Instances       Size
120/299      13.9G    0.02695   0.004637   0.001109         18        640: 100%|██████████| 119/119 00:30
Class     Images  Instances          P          R      mAP50   mAP50-95: 100%|██████████| 8/8 00:05
all       1000        939      0.827      0.383      0.467      0.251
Epoch    GPU_mem   box_loss   obj_loss   cls_loss  Instances       Size
121/299      13.9G    0.02668   0.004703   0.001081         30        640: 100%|██████████| 119/119 00:31
Class     Images  Instances          P          R      mAP50   mAP50-95: 100%|██████████| 8/8 00:07
all       1000        939      0.831      0.384      0.465       0.25
Epoch    GPU_mem   box_loss   obj_loss   cls_loss  Instances       Size
122/299      13.9G      0.027   0.004773   0.001394         23        640: 100%|██████████| 119/119 00:29
Class     Images  Instances          P          R      mAP50   mAP50-95: 100%|██████████| 8/8 00:03
all       1000        939      0.823      0.381      0.464       0.25
Epoch    GPU_mem   box_loss   obj_loss   cls_loss  Instances       Size
123/299      13.9G    0.02667   0.004724   0.001067         22        640: 100%|██████████| 119/119 00:31
Class     Images  Instances          P          R      mAP50   mAP50-95: 100%|██████████| 8/8 00:03
all       1000        939      0.814      0.387      0.465      0.249
Epoch    GPU_mem   box_loss   obj_loss   cls_loss  Instances       Size
124/299      13.9G    0.02647   0.004789    0.00113         23        640: 100%|██████████| 119/119 00:30
Class     Images  Instances          P          R      mAP50   mAP50-95: 100%|██████████| 8/8 00:03
all       1000        939      0.819      0.387      0.467       0.25
Epoch    GPU_mem   box_loss   obj_loss   cls_loss  Instances       Size
125/299      13.9G     0.0263   0.004636   0.001034         15        640: 100%|██████████| 119/119 00:32
Class     Images  Instances          P          R      mAP50   mAP50-95: 100%|██████████| 8/8 00:03
all       1000        939      0.813      0.389      0.466      0.249
Epoch    GPU_mem   box_loss   obj_loss   cls_loss  Instances       Size
126/299      13.9G    0.02622   0.004572   0.001009         16        640: 100%|██████████| 119/119 00:27
Class     Images  Instances          P          R      mAP50   mAP50-95: 100%|██████████| 8/8 00:03
all       1000        939      0.814      0.394      0.465       0.25
Epoch    GPU_mem   box_loss   obj_loss   cls_loss  Instances       Size
127/299      13.9G    0.02614   0.004634   0.000918         17        640: 100%|██████████| 119/119 00:29
Class     Images  Instances          P          R      mAP50   mAP50-95: 100%|██████████| 8/8 00:03
all       1000        939      0.815      0.393      0.465       0.25
Epoch    GPU_mem   box_loss   obj_loss   cls_loss  Instances       Size
128/299      13.9G    0.02616   0.004682  0.0008897         39        640: 100%|██████████| 119/119 00:34
Class     Images  Instances          P          R      mAP50   mAP50-95: 100%|██████████| 8/8 00:03
all       1000        939      0.804      0.394      0.465      0.249
Epoch    GPU_mem   box_loss   obj_loss   cls_loss  Instances       Size
129/299      13.9G    0.02603   0.004625  0.0007761         16        640: 100%|██████████| 119/119 00:29
Class     Images  Instances          P          R      mAP50   mAP50-95: 100%|██████████| 8/8 00:03
all       1000        939      0.803      0.396      0.464      0.249
Epoch    GPU_mem   box_loss   obj_loss   cls_loss  Instances       Size
130/299      13.9G    0.02607   0.004645  0.0008745         35        640: 100%|██████████| 119/119 00:32
Class     Images  Instances          P          R      mAP50   mAP50-95: 100%|██████████| 8/8 00:03
all       1000        939      0.812      0.389      0.465      0.249
Epoch    GPU_mem   box_loss   obj_loss   cls_loss  Instances       Size
131/299      13.9G    0.02616   0.004535  0.0009416         25        640: 100%|██████████| 119/119 00:30
Class     Images  Instances          P          R      mAP50   mAP50-95: 100%|██████████| 8/8 00:05
all       1000        939       0.81      0.393      0.465       0.25
Epoch    GPU_mem   box_loss   obj_loss   cls_loss  Instances       Size
132/299      13.9G    0.02583   0.004677   0.001014         24        640: 100%|██████████| 119/119 00:32
Class     Images  Instances          P          R      mAP50   mAP50-95: 100%|██████████| 8/8 00:06
all       1000        939      0.808      0.389      0.463      0.251
Epoch    GPU_mem   box_loss   obj_loss   cls_loss  Instances       Size
133/299      13.9G    0.02573   0.004421  0.0008796         31        640: 100%|██████████| 119/119 00:29
Class     Images  Instances          P          R      mAP50   mAP50-95: 100%|██████████| 8/8 00:03
all       1000        939      0.801      0.391      0.464       0.25
Epoch    GPU_mem   box_loss   obj_loss   cls_loss  Instances       Size
134/299      13.9G    0.02572   0.004433  0.0008086         32        640: 100%|██████████| 119/119 00:29
Class     Images  Instances          P          R      mAP50   mAP50-95: 100%|██████████| 8/8 00:03
all       1000        939        0.8      0.392      0.465       0.25
Epoch    GPU_mem   box_loss   obj_loss   cls_loss  Instances       Size
135/299      13.9G    0.02584   0.004453   0.000889         21        640: 100%|██████████| 119/119 00:27
Class     Images  Instances          P          R      mAP50   mAP50-95: 100%|██████████| 8/8 00:03
all       1000        939      0.799      0.397      0.467       0.25
Epoch    GPU_mem   box_loss   obj_loss   cls_loss  Instances       Size
136/299      13.9G    0.02541    0.00439  0.0007715         27        640: 100%|██████████| 119/119 00:32
Class     Images  Instances          P          R      mAP50   mAP50-95: 100%|██████████| 8/8 00:03
all       1000        939      0.806      0.395      0.468       0.25
Epoch    GPU_mem   box_loss   obj_loss   cls_loss  Instances       Size
137/299      13.9G     0.0253   0.004548  0.0008741         32        640: 100%|██████████| 119/119 00:31
Class     Images  Instances          P          R      mAP50   mAP50-95: 100%|██████████| 8/8 00:03
all       1000        939       0.81      0.391      0.467      0.249
Epoch    GPU_mem   box_loss   obj_loss   cls_loss  Instances       Size
138/299      13.9G    0.02549   0.004435  0.0008864         18        640: 100%|██████████| 119/119 00:27
Class     Images  Instances          P          R      mAP50   mAP50-95: 100%|██████████| 8/8 00:03
all       1000        939      0.809      0.392      0.466      0.248
Epoch    GPU_mem   box_loss   obj_loss   cls_loss  Instances       Size
139/299      13.9G    0.02572   0.004535   0.001008         27        640: 100%|██████████| 119/119 00:31
Class     Images  Instances          P          R      mAP50   mAP50-95: 100%|██████████| 8/8 00:03
all       1000        939      0.818       0.39      0.467      0.248
Epoch    GPU_mem   box_loss   obj_loss   cls_loss  Instances       Size
140/299      13.9G    0.02517   0.004375   0.000838         17        640: 100%|██████████| 119/119 00:26
Class     Images  Instances          P          R      mAP50   mAP50-95: 100%|██████████| 8/8 00:05
all       1000        939      0.818      0.389      0.466      0.249
Epoch    GPU_mem   box_loss   obj_loss   cls_loss  Instances       Size
141/299      13.9G     0.0252   0.004505  0.0009808         39        640: 100%|██████████| 119/119 00:33
Class     Images  Instances          P          R      mAP50   mAP50-95: 100%|██████████| 8/8 00:03
all       1000        939      0.808      0.392      0.467      0.249
Epoch    GPU_mem   box_loss   obj_loss   cls_loss  Instances       Size
142/299      13.9G    0.02538   0.004503  0.0009417         15        640: 100%|██████████| 119/119 00:31
Class     Images  Instances          P          R      mAP50   mAP50-95: 100%|██████████| 8/8 00:06
all       1000        939      0.803      0.393      0.468      0.248
Epoch    GPU_mem   box_loss   obj_loss   cls_loss  Instances       Size
143/299      13.9G    0.02541   0.004507   0.000878         21        640: 100%|██████████| 119/119 00:32
Class     Images  Instances          P          R      mAP50   mAP50-95: 100%|██████████| 8/8 00:03
all       1000        939      0.824      0.387      0.469      0.248
Epoch    GPU_mem   box_loss   obj_loss   cls_loss  Instances       Size
144/299      13.9G    0.02488   0.004492  0.0008983         13        640: 100%|██████████| 119/119 00:31
Class     Images  Instances          P          R      mAP50   mAP50-95: 100%|██████████| 8/8 00:03
all       1000        939      0.818      0.388      0.469      0.248
Epoch    GPU_mem   box_loss   obj_loss   cls_loss  Instances       Size
145/299      13.9G    0.02498   0.004423  0.0007814         25        640: 100%|██████████| 119/119 00:29
Class     Images  Instances          P          R      mAP50   mAP50-95: 100%|██████████| 8/8 00:03
all       1000        939      0.812      0.388      0.469      0.248
Epoch    GPU_mem   box_loss   obj_loss   cls_loss  Instances       Size
146/299      13.9G    0.02462   0.004302  0.0007862         21        640: 100%|██████████| 119/119 00:29
Class     Images  Instances          P          R      mAP50   mAP50-95: 100%|██████████| 8/8 00:03
all       1000        939      0.813      0.389      0.467      0.248
Epoch    GPU_mem   box_loss   obj_loss   cls_loss  Instances       Size
147/299      13.9G    0.02486   0.004305  0.0008387         23        640: 100%|██████████| 119/119 00:31
Class     Images  Instances          P          R      mAP50   mAP50-95: 100%|██████████| 8/8 00:03
all       1000        939      0.805       0.39      0.467      0.248
Epoch    GPU_mem   box_loss   obj_loss   cls_loss  Instances       Size
148/299      13.9G    0.02477   0.004323  0.0008072         26        640: 100%|██████████| 119/119 00:32
Class     Images  Instances          P          R      mAP50   mAP50-95: 100%|██████████| 8/8 00:03
all       1000        939      0.805       0.39      0.468      0.248
Epoch    GPU_mem   box_loss   obj_loss   cls_loss  Instances       Size
149/299      13.9G    0.02438   0.004404  0.0007487         19        640: 100%|██████████| 119/119 00:29
Class     Images  Instances          P          R      mAP50   mAP50-95: 100%|██████████| 8/8 00:03
all       1000        939      0.808      0.392      0.468      0.248
Epoch    GPU_mem   box_loss   obj_loss   cls_loss  Instances       Size
150/299      13.9G    0.02445   0.004206  0.0006811         24        640: 100%|██████████| 119/119 00:30
Class     Images  Instances          P          R      mAP50   mAP50-95: 100%|██████████| 8/8 00:03
all       1000        939      0.808      0.394      0.469      0.249
Epoch    GPU_mem   box_loss   obj_loss   cls_loss  Instances       Size
151/299      13.9G    0.02415   0.004174  0.0006175         23        640: 100%|██████████| 119/119 00:29
Class     Images  Instances          P          R      mAP50   mAP50-95: 100%|██████████| 8/8 00:06
all       1000        939      0.807      0.396      0.469      0.249
Epoch    GPU_mem   box_loss   obj_loss   cls_loss  Instances       Size
152/299      13.9G    0.02386   0.004195  0.0007048         18        640: 100%|██████████| 119/119 00:31
Class     Images  Instances          P          R      mAP50   mAP50-95: 100%|██████████| 8/8 00:05
all       1000        939      0.811      0.395      0.469      0.249
Epoch    GPU_mem   box_loss   obj_loss   cls_loss  Instances       Size
153/299      13.9G    0.02428   0.004321  0.0008923         19        640: 100%|██████████| 119/119 00:30
Class     Images  Instances          P          R      mAP50   mAP50-95: 100%|██████████| 8/8 00:03
all       1000        939      0.805      0.398      0.469      0.248
Epoch    GPU_mem   box_loss   obj_loss   cls_loss  Instances       Size
154/299      13.9G    0.02422   0.004237  0.0007915         22        640: 100%|██████████| 119/119 00:25
Class     Images  Instances          P          R      mAP50   mAP50-95: 100%|██████████| 8/8 00:03
all       1000        939      0.808      0.396      0.469      0.248
Epoch    GPU_mem   box_loss   obj_loss   cls_loss  Instances       Size
155/299      13.9G    0.02431   0.004226  0.0007988         29        640: 100%|██████████| 119/119 00:28
Class     Images  Instances          P          R      mAP50   mAP50-95: 100%|██████████| 8/8 00:03
all       1000        939      0.809      0.393      0.467      0.248
Epoch    GPU_mem   box_loss   obj_loss   cls_loss  Instances       Size
156/299      13.9G    0.02412   0.004316  0.0007207         17        640: 100%|██████████| 119/119 00:24
Class     Images  Instances          P          R      mAP50   mAP50-95: 100%|██████████| 8/8 00:05
all       1000        939      0.807      0.394      0.466      0.249
Epoch    GPU_mem   box_loss   obj_loss   cls_loss  Instances       Size
157/299      13.9G    0.02408   0.004317  0.0008085         24        640: 100%|██████████| 119/119 00:29
Class     Images  Instances          P          R      mAP50   mAP50-95: 100%|██████████| 8/8 00:03
all       1000        939       0.81      0.392      0.467      0.248
Epoch    GPU_mem   box_loss   obj_loss   cls_loss  Instances       Size
158/299      13.9G    0.02396   0.004179  0.0007457         24        640: 100%|██████████| 119/119 00:26
Class     Images  Instances          P          R      mAP50   mAP50-95: 100%|██████████| 8/8 00:03
all       1000        939       0.81      0.391      0.466      0.248
Epoch    GPU_mem   box_loss   obj_loss   cls_loss  Instances       Size
159/299      13.9G    0.02374   0.004231    0.00071         26        640: 100%|██████████| 119/119 00:28
Class     Images  Instances          P          R      mAP50   mAP50-95: 100%|██████████| 8/8 00:03
all       1000        939       0.81      0.392      0.467      0.248
Epoch    GPU_mem   box_loss   obj_loss   cls_loss  Instances       Size
160/299      13.9G    0.02354   0.004275  0.0007022         21        640: 100%|██████████| 119/119 00:31
Class     Images  Instances          P          R      mAP50   mAP50-95: 100%|██████████| 8/8 00:03
all       1000        939      0.806      0.394      0.467      0.248
Epoch    GPU_mem   box_loss   obj_loss   cls_loss  Instances       Size
161/299      13.9G    0.02327   0.004162  0.0006829         30        640: 100%|██████████| 119/119 00:33
Class     Images  Instances          P          R      mAP50   mAP50-95: 100%|██████████| 8/8 00:03
all       1000        939      0.803      0.394      0.466      0.248
Epoch    GPU_mem   box_loss   obj_loss   cls_loss  Instances       Size
162/299      13.9G    0.02376   0.004261  0.0007724         22        640: 100%|██████████| 119/119 00:32
Class     Images  Instances          P          R      mAP50   mAP50-95: 100%|██████████| 8/8 00:03
all       1000        939      0.802      0.394      0.465      0.248
Epoch    GPU_mem   box_loss   obj_loss   cls_loss  Instances       Size
163/299      13.9G     0.0238   0.004212  0.0007996         24        640: 100%|██████████| 119/119 00:28
Class     Images  Instances          P          R      mAP50   mAP50-95: 100%|██████████| 8/8 00:03
all       1000        939      0.809       0.39      0.466      0.248
Epoch    GPU_mem   box_loss   obj_loss   cls_loss  Instances       Size
164/299      13.9G    0.02346   0.004209  0.0008243         27        640: 100%|██████████| 119/119 00:30
Class     Images  Instances          P          R      mAP50   mAP50-95: 100%|██████████| 8/8 00:03
all       1000        939      0.807      0.388      0.466      0.248
Epoch    GPU_mem   box_loss   obj_loss   cls_loss  Instances       Size
165/299      13.9G    0.02361   0.004165  0.0009113         34        640: 100%|██████████| 119/119 00:34
Class     Images  Instances          P          R      mAP50   mAP50-95: 100%|██████████| 8/8 00:03
all       1000        939      0.805      0.388      0.466      0.248
Epoch    GPU_mem   box_loss   obj_loss   cls_loss  Instances       Size
166/299      13.9G    0.02327     0.0041  0.0007608         33        640: 100%|██████████| 119/119 00:30
Class     Images  Instances          P          R      mAP50   mAP50-95: 100%|██████████| 8/8 00:03
all       1000        939      0.799      0.392      0.466      0.249
Epoch    GPU_mem   box_loss   obj_loss   cls_loss  Instances       Size
167/299      13.9G     0.0234   0.004097   0.000732         19        640: 100%|██████████| 119/119 00:26
Class     Images  Instances          P          R      mAP50   mAP50-95: 100%|██████████| 8/8 00:04
all       1000        939      0.808      0.388      0.467      0.249
Epoch    GPU_mem   box_loss   obj_loss   cls_loss  Instances       Size
168/299      13.9G    0.02337   0.003995  0.0008417         18        640: 100%|██████████| 119/119 00:29
Class     Images  Instances          P          R      mAP50   mAP50-95: 100%|██████████| 8/8 00:04
all       1000        939      0.805      0.388      0.467      0.249
Epoch    GPU_mem   box_loss   obj_loss   cls_loss  Instances       Size
169/299      13.9G    0.02309   0.004063  0.0006857         19        640: 100%|██████████| 119/119 00:32
Class     Images  Instances          P          R      mAP50   mAP50-95: 100%|██████████| 8/8 00:03
all       1000        939      0.806      0.387      0.468      0.249
Epoch    GPU_mem   box_loss   obj_loss   cls_loss  Instances       Size
170/299      13.9G    0.02278   0.004098  0.0006346         26        640: 100%|██████████| 119/119 00:33
Class     Images  Instances          P          R      mAP50   mAP50-95: 100%|██████████| 8/8 00:03
all       1000        939      0.806      0.386      0.467      0.249
Epoch    GPU_mem   box_loss   obj_loss   cls_loss  Instances       Size
171/299      13.9G    0.02298   0.004141  0.0006314         23        640: 100%|██████████| 119/119 00:27
Class     Images  Instances          P          R      mAP50   mAP50-95: 100%|██████████| 8/8 00:03
all       1000        939      0.809      0.387      0.467      0.249
Epoch    GPU_mem   box_loss   obj_loss   cls_loss  Instances       Size
172/299      13.9G    0.02282   0.003966  0.0006071         18        640: 100%|██████████| 119/119 00:31
Class     Images  Instances          P          R      mAP50   mAP50-95: 100%|██████████| 8/8 00:03
all       1000        939      0.805      0.389      0.467      0.249
Epoch    GPU_mem   box_loss   obj_loss   cls_loss  Instances       Size
173/299      13.9G    0.02255    0.00404  0.0006071         18        640: 100%|██████████| 119/119 00:32
Class     Images  Instances          P          R      mAP50   mAP50-95: 100%|██████████| 8/8 00:03
all       1000        939      0.821      0.381      0.467      0.249
Epoch    GPU_mem   box_loss   obj_loss   cls_loss  Instances       Size
174/299      13.9G     0.0228   0.003897  0.0007454         20        640: 100%|██████████| 119/119 00:29
Class     Images  Instances          P          R      mAP50   mAP50-95: 100%|██████████| 8/8 00:03
all       1000        939      0.823      0.382      0.466      0.249
Epoch    GPU_mem   box_loss   obj_loss   cls_loss  Instances       Size
175/299      13.9G     0.0229   0.004065  0.0007448         31        640: 100%|██████████| 119/119 00:32
Class     Images  Instances          P          R      mAP50   mAP50-95: 100%|██████████| 8/8 00:03
all       1000        939      0.822      0.383      0.465      0.249
Epoch    GPU_mem   box_loss   obj_loss   cls_loss  Instances       Size
176/299      13.9G    0.02281   0.003936   0.000727         21        640: 100%|██████████| 119/119 00:30
Class     Images  Instances          P          R      mAP50   mAP50-95: 100%|██████████| 8/8 00:03
all       1000        939      0.821      0.385      0.467      0.249
Epoch    GPU_mem   box_loss   obj_loss   cls_loss  Instances       Size
177/299      13.9G    0.02286   0.004171  0.0008485         14        640: 100%|██████████| 119/119 00:33
Class     Images  Instances          P          R      mAP50   mAP50-95: 100%|██████████| 8/8 00:03
all       1000        939      0.822      0.385      0.467      0.249
Epoch    GPU_mem   box_loss   obj_loss   cls_loss  Instances       Size
178/299      13.9G    0.02285   0.004025  0.0006821         36        640: 100%|██████████| 119/119 00:31
Class     Images  Instances          P          R      mAP50   mAP50-95: 100%|██████████| 8/8 00:03
all       1000        939      0.823      0.385      0.466      0.249
Epoch    GPU_mem   box_loss   obj_loss   cls_loss  Instances       Size
179/299      13.9G    0.02232   0.004088  0.0006669         29        640: 100%|██████████| 119/119 00:29
Class     Images  Instances          P          R      mAP50   mAP50-95: 100%|██████████| 8/8 00:03
all       1000        939      0.823      0.385      0.467      0.249
Epoch    GPU_mem   box_loss   obj_loss   cls_loss  Instances       Size
180/299      13.9G    0.02262   0.003993  0.0007349         18        640: 100%|██████████| 119/119 00:33
Class     Images  Instances          P          R      mAP50   mAP50-95: 100%|██████████| 8/8 00:03
all       1000        939      0.818      0.385      0.467      0.249
Epoch    GPU_mem   box_loss   obj_loss   cls_loss  Instances       Size
181/299      13.9G    0.02273   0.003964  0.0007982          8        640: 100%|██████████| 119/119 00:26
Class     Images  Instances          P          R      mAP50   mAP50-95: 100%|██████████| 8/8 00:03
all       1000        939      0.818      0.385      0.467      0.249
Epoch    GPU_mem   box_loss   obj_loss   cls_loss  Instances       Size
182/299      13.9G    0.02263   0.004005  0.0005842         23        640: 100%|██████████| 119/119 00:30
Class     Images  Instances          P          R      mAP50   mAP50-95: 100%|██████████| 8/8 00:03
all       1000        939      0.818      0.386      0.467       0.25
Epoch    GPU_mem   box_loss   obj_loss   cls_loss  Instances       Size
183/299      13.9G     0.0223    0.00389  0.0007491         35        640: 100%|██████████| 119/119 00:32
Class     Images  Instances          P          R      mAP50   mAP50-95: 100%|██████████| 8/8 00:03
all       1000        939       0.82      0.385      0.467      0.249
Epoch    GPU_mem   box_loss   obj_loss   cls_loss  Instances       Size
184/299      13.9G    0.02188   0.004018  0.0008119         27        640: 100%|██████████| 119/119 00:27
Class     Images  Instances          P          R      mAP50   mAP50-95: 100%|██████████| 8/8 00:03
all       1000        939      0.819      0.386      0.467      0.249
Epoch    GPU_mem   box_loss   obj_loss   cls_loss  Instances       Size
185/299      13.9G    0.02217   0.004005  0.0006985         28        640: 100%|██████████| 119/119 00:29
Class     Images  Instances          P          R      mAP50   mAP50-95: 100%|██████████| 8/8 00:03
all       1000        939      0.822      0.385      0.467      0.249
Epoch    GPU_mem   box_loss   obj_loss   cls_loss  Instances       Size
186/299      13.9G    0.02195   0.003872   0.000658         23        640: 100%|██████████| 119/119 00:28
Class     Images  Instances          P          R      mAP50   mAP50-95: 100%|██████████| 8/8 00:03
all       1000        939      0.823      0.385      0.467      0.249
Epoch    GPU_mem   box_loss   obj_loss   cls_loss  Instances       Size
187/299      13.9G    0.02215   0.003909  0.0005733         21        640: 100%|██████████| 119/119 00:30
Class     Images  Instances          P          R      mAP50   mAP50-95: 100%|██████████| 8/8 00:06
all       1000        939      0.826      0.385      0.467       0.25
Epoch    GPU_mem   box_loss   obj_loss   cls_loss  Instances       Size
188/299      13.9G    0.02203   0.003945  0.0006626         30        640: 100%|██████████| 119/119 00:31
Class     Images  Instances          P          R      mAP50   mAP50-95: 100%|██████████| 8/8 00:04
all       1000        939      0.826      0.385      0.467       0.25
Epoch    GPU_mem   box_loss   obj_loss   cls_loss  Instances       Size
189/299      13.9G    0.02217   0.003836  0.0006861         21        640: 100%|██████████| 119/119 00:31
Class     Images  Instances          P          R      mAP50   mAP50-95: 100%|██████████| 8/8 00:03
all       1000        939      0.819      0.388      0.467       0.25
Epoch    GPU_mem   box_loss   obj_loss   cls_loss  Instances       Size
190/299      13.9G    0.02203   0.003871  0.0006593         20        640: 100%|██████████| 119/119 00:31
Class     Images  Instances          P          R      mAP50   mAP50-95: 100%|██████████| 8/8 00:03
all       1000        939       0.82      0.388      0.467       0.25
Epoch    GPU_mem   box_loss   obj_loss   cls_loss  Instances       Size
191/299      13.9G    0.02177    0.00387  0.0005589         29        640: 100%|██████████| 119/119 00:31
Class     Images  Instances          P          R      mAP50   mAP50-95: 100%|██████████| 8/8 00:03
all       1000        939       0.82      0.388      0.467       0.25
Epoch    GPU_mem   box_loss   obj_loss   cls_loss  Instances       Size
192/299      13.9G    0.02174   0.003907  0.0005579         20        640: 100%|██████████| 119/119 00:29
Class     Images  Instances          P          R      mAP50   mAP50-95: 100%|██████████| 8/8 00:03
all       1000        939       0.82      0.389      0.469       0.25
Epoch    GPU_mem   box_loss   obj_loss   cls_loss  Instances       Size
193/299      13.9G    0.02165   0.003786  0.0005564         18        640: 100%|██████████| 119/119 00:31
Class     Images  Instances          P          R      mAP50   mAP50-95: 100%|██████████| 8/8 00:03
all       1000        939      0.819      0.389      0.469       0.25
Epoch    GPU_mem   box_loss   obj_loss   cls_loss  Instances       Size
194/299      13.9G     0.0218   0.003855  0.0007101         23        640: 100%|██████████| 119/119 00:29
Class     Images  Instances          P          R      mAP50   mAP50-95: 100%|██████████| 8/8 00:03
all       1000        939      0.819       0.39      0.469       0.25
Stopping training early as no improvement observed in last 100 epochs. Best results observed at epoch 94, best model saved as best.pt.
To update EarlyStopping(patience=100) pass a new patience value, i.e. `python train.py --patience 300` or use `--patience 0` to disable EarlyStopping.
195 epochs completed in 2.231 hours.
Optimizer stripped from /home/lijinhe/work/YOLO_Retraining/runs/tasks/0815-015127__full-cold-stage0123__stage0+stage1+stage2+stage3__yolov5s__s42/backend/yolov5/train/weights/last.pt, 14.4MB
Optimizer stripped from /home/lijinhe/work/YOLO_Retraining/runs/tasks/0815-015127__full-cold-stage0123__stage0+stage1+stage2+stage3__yolov5s__s42/backend/yolov5/train/weights/best.pt, 14.4MB
Validating /home/lijinhe/work/YOLO_Retraining/runs/tasks/0815-015127__full-cold-stage0123__stage0+stage1+stage2+stage3__yolov5s__s42/backend/yolov5/train/weights/best.pt...
Fusing layers...
Model summary: 157 layers, 7020913 parameters, 0 gradients, 15.8 GFLOPs
Class     Images  Instances          P          R      mAP50   mAP50-95: 100%|██████████| 8/8 00:03
all       1000        939      0.815      0.406      0.477      0.256
large luggage       1000        358      0.624      0.609      0.643      0.341
stroller       1000        413      0.768      0.593      0.668      0.326
wheelchair       1000        155      0.868      0.423       0.58      0.348
flatbed truck       1000         13          1          0     0.0181     0.0106
Results saved to /home/lijinhe/work/YOLO_Retraining/runs/tasks/0815-015127__full-cold-stage0123__stage0+stage1+stage2+stage3__yolov5s__s42/backend/yolov5/train
[YOLOv5] compacted progress updates: 48945 -> 393 lines
[YOLOv5] coalesced warning: incomplete JPEG accepted read-only; count=8543; by_source=train=7547, val=996
[YOLOv5] warning example: train: WARNING ⚠️ /home/lijinhe/work/YOLO_Retraining/data/self_improving/images/0720_10/04501_1784522053486381_0.jpg: incomplete JPEG accepted read-only
[YOLOv5] warning example: train: WARNING ⚠️ /home/lijinhe/work/YOLO_Retraining/data/self_improving/images/0720_10/04502_1784522054684382_0.jpg: incomplete JPEG accepted read-only
[YOLOv5] warning example: train: WARNING ⚠️ /home/lijinhe/work/YOLO_Retraining/data/self_improving/images/0720_10/04503_1784522055289383_0.jpg: incomplete JPEG accepted read-only
