[Task] output: /home/lijinhe/work/YOLO_Retraining/runs/studies/balance_tau090_label_contrast/tasks/dedup_tau_0p900_release_positive_clusters__full-cold-stage0123__stage0+stage1+stage2+stage3__yolov5s__s42
[Task] data: current=5866, candidate=5866, validation=1000, test=1000
[Task] selection: policy=full, selected=5866, groups={'candidate': 5866}, time=0.002s
[Task] training: backend=yolov5, epochs=300, batch=64, device=0
[YOLOv5] epoch 1/300 running
[YOLOv5] validation: all       1000        641      0.804     0.0598     0.0498     0.0152
[YOLOv5] epoch 2/300 running
[YOLOv5] validation: all       1000        641      0.744      0.152      0.236      0.101
[YOLOv5] epoch 3/300 running
[YOLOv5] validation: all       1000        641       0.72       0.17      0.192     0.0673
[YOLOv5] epoch 4/300 running
[YOLOv5] validation: all       1000        641      0.434      0.243      0.184     0.0649
[YOLOv5] epoch 5/300 running
[YOLOv5] validation: all       1000        641      0.628      0.293      0.298      0.119
[YOLOv5] epoch 6/300 running
[YOLOv5] validation: all       1000        641      0.691      0.298      0.335      0.139
[YOLOv5] epoch 7/300 running
[YOLOv5] validation: all       1000        641      0.621       0.35      0.348      0.151
[YOLOv5] epoch 8/300 running
[YOLOv5] validation: all       1000        641      0.578      0.256       0.26      0.109
[YOLOv5] epoch 9/300 running
[YOLOv5] validation: all       1000        641      0.638      0.348      0.352      0.152
[YOLOv5] epoch 10/300 running
[YOLOv5] validation: all       1000        641      0.794      0.307      0.383      0.175
[YOLOv5] epoch 11/300 running
[YOLOv5] validation: all       1000        641      0.659      0.324      0.319      0.143
[YOLOv5] epoch 12/300 running
[YOLOv5] validation: all       1000        641      0.704      0.348      0.385      0.175
[YOLOv5] epoch 13/300 running
[YOLOv5] validation: all       1000        641       0.71      0.355      0.404      0.193
[YOLOv5] epoch 14/300 running
[YOLOv5] validation: all       1000        641      0.795      0.406      0.469      0.217
[YOLOv5] epoch 15/300 running
[YOLOv5] validation: all       1000        641      0.715      0.347      0.383      0.187
[YOLOv5] epoch 16/300 running
[YOLOv5] validation: all       1000        641      0.741       0.35      0.402      0.195
[YOLOv5] epoch 17/300 running
[YOLOv5] validation: all       1000        641      0.765      0.397      0.435      0.212
[YOLOv5] epoch 18/300 running
[YOLOv5] validation: all       1000        641      0.771      0.404      0.456       0.24
[YOLOv5] epoch 19/300 running
[YOLOv5] validation: all       1000        641      0.811      0.395       0.44      0.212
[YOLOv5] epoch 20/300 running
[YOLOv5] validation: all       1000        641      0.779      0.358      0.438      0.217
[YOLOv5] epoch 21/300 running
[YOLOv5] validation: all       1000        641      0.749      0.397      0.423      0.207
[YOLOv5] epoch 22/300 running
[YOLOv5] validation: all       1000        641      0.741      0.399      0.435       0.22
[YOLOv5] epoch 23/300 running
[YOLOv5] validation: all       1000        641       0.79      0.362      0.436      0.233
[YOLOv5] epoch 24/300 running
[YOLOv5] validation: all       1000        641      0.771      0.389      0.433      0.223
[YOLOv5] epoch 25/300 running
[YOLOv5] validation: all       1000        641      0.765      0.397      0.434      0.207
[YOLOv5] epoch 26/300 running
[YOLOv5] validation: all       1000        641      0.782      0.368      0.421       0.21
[YOLOv5] epoch 27/300 running
[YOLOv5] validation: all       1000        641      0.819      0.386      0.467      0.241
[YOLOv5] epoch 28/300 running
[YOLOv5] validation: all       1000        641      0.831       0.41      0.457      0.238
[YOLOv5] epoch 29/300 running
[YOLOv5] validation: all       1000        641       0.79      0.401      0.451      0.233
[YOLOv5] epoch 30/300 running
[YOLOv5] validation: all       1000        641      0.722       0.39      0.413      0.192
[YOLOv5] epoch 31/300 running
[YOLOv5] validation: all       1000        641       0.81      0.377      0.452      0.241
[YOLOv5] epoch 32/300 running
[YOLOv5] validation: all       1000        641       0.77      0.417      0.464      0.234
[YOLOv5] epoch 33/300 running
[YOLOv5] validation: all       1000        641      0.777      0.405       0.45      0.254
[YOLOv5] epoch 34/300 running
[YOLOv5] validation: all       1000        641      0.747      0.407      0.454      0.237
[YOLOv5] epoch 35/300 running
[YOLOv5] validation: all       1000        641      0.821      0.377      0.437      0.231
[YOLOv5] epoch 36/300 running
[YOLOv5] validation: all       1000        641      0.779       0.43      0.475      0.253
[YOLOv5] epoch 37/300 running
[YOLOv5] validation: all       1000        641      0.762      0.444      0.469      0.253
[YOLOv5] epoch 38/300 running
[YOLOv5] validation: all       1000        641      0.789      0.427      0.476      0.263
[YOLOv5] epoch 39/300 running
[YOLOv5] validation: all       1000        641      0.769      0.423      0.466       0.23
[YOLOv5] epoch 40/300 running
[YOLOv5] validation: all       1000        641      0.795      0.388      0.452      0.236
[YOLOv5] epoch 41/300 running
[YOLOv5] validation: all       1000        641      0.799      0.443      0.477      0.249
[YOLOv5] epoch 42/300 running
[YOLOv5] validation: all       1000        641      0.767      0.393      0.437      0.223
[YOLOv5] epoch 43/300 running
[YOLOv5] validation: all       1000        641       0.83      0.416      0.475      0.247
[YOLOv5] epoch 44/300 running
[YOLOv5] validation: all       1000        641      0.818      0.397       0.46      0.237
[YOLOv5] epoch 45/300 running
[YOLOv5] validation: all       1000        641      0.781      0.445      0.486      0.253
[YOLOv5] epoch 46/300 running
[YOLOv5] validation: all       1000        641      0.791       0.39      0.469      0.248
[YOLOv5] epoch 47/300 running
[YOLOv5] validation: all       1000        641      0.816      0.431      0.479      0.261
[YOLOv5] epoch 48/300 running
[YOLOv5] validation: all       1000        641      0.767      0.433      0.461      0.251
[YOLOv5] epoch 49/300 running
[YOLOv5] validation: all       1000        641      0.818      0.413      0.469      0.246
[YOLOv5] epoch 50/300 running
[YOLOv5] validation: all       1000        641      0.772      0.437      0.468      0.246
[YOLOv5] epoch 51/300 running
[YOLOv5] validation: all       1000        641      0.784      0.417      0.461      0.237
[YOLOv5] epoch 52/300 running
[YOLOv5] validation: all       1000        641      0.777      0.462      0.502      0.274
[YOLOv5] epoch 53/300 running
[YOLOv5] validation: all       1000        641      0.798       0.46      0.501      0.268
[YOLOv5] epoch 54/300 running
[YOLOv5] validation: all       1000        641      0.823      0.415      0.478       0.26
[YOLOv5] epoch 55/300 running
[YOLOv5] validation: all       1000        641      0.794      0.428      0.476      0.267
[YOLOv5] epoch 56/300 running
[YOLOv5] validation: all       1000        641      0.732      0.453      0.472      0.263
[YOLOv5] epoch 57/300 running
[YOLOv5] validation: all       1000        641      0.865      0.423      0.516      0.267
[YOLOv5] epoch 58/300 running
[YOLOv5] validation: all       1000        641      0.815      0.436      0.493      0.266
[YOLOv5] epoch 59/300 running
[YOLOv5] validation: all       1000        641      0.779       0.43       0.49      0.266
[YOLOv5] epoch 60/300 running
[YOLOv5] validation: all       1000        641      0.811      0.431      0.484       0.25
[YOLOv5] epoch 61/300 running
[YOLOv5] validation: all       1000        641      0.804      0.465      0.503      0.268
[YOLOv5] epoch 62/300 running
[YOLOv5] validation: all       1000        641      0.841      0.426      0.503      0.274
[YOLOv5] epoch 63/300 running
[YOLOv5] validation: all       1000        641      0.568      0.447      0.505      0.272
[YOLOv5] epoch 64/300 running
[YOLOv5] validation: all       1000        641      0.828      0.437      0.497      0.276
[YOLOv5] epoch 65/300 running
[YOLOv5] validation: all       1000        641      0.846      0.408      0.498      0.266
[YOLOv5] epoch 66/300 running
[YOLOv5] validation: all       1000        641      0.819      0.455      0.516      0.274
[YOLOv5] epoch 67/300 running
[YOLOv5] validation: all       1000        641      0.801       0.44      0.512       0.28
[YOLOv5] epoch 68/300 running
[YOLOv5] validation: all       1000        641      0.774      0.462      0.481      0.257
[YOLOv5] epoch 69/300 running
[YOLOv5] validation: all       1000        641      0.804      0.436      0.472      0.252
[YOLOv5] epoch 70/300 running
[YOLOv5] validation: all       1000        641      0.568      0.521      0.516      0.294
[YOLOv5] epoch 71/300 running
[YOLOv5] validation: all       1000        641      0.831      0.398      0.465      0.253
[YOLOv5] epoch 72/300 running
[YOLOv5] validation: all       1000        641      0.799      0.441       0.46      0.257
[YOLOv5] epoch 73/300 running
[YOLOv5] validation: all       1000        641      0.847       0.43      0.472      0.252
[YOLOv5] epoch 74/300 running
[YOLOv5] validation: all       1000        641      0.821      0.448        0.5       0.27
[YOLOv5] epoch 75/300 running
[YOLOv5] validation: all       1000        641      0.586      0.439       0.51      0.282
[YOLOv5] epoch 76/300 running
[YOLOv5] validation: all       1000        641      0.835      0.443      0.489      0.259
[YOLOv5] epoch 77/300 running
[YOLOv5] validation: all       1000        641      0.535      0.444      0.507      0.278
[YOLOv5] epoch 78/300 running
[YOLOv5] validation: all       1000        641      0.824      0.433      0.486      0.273
[YOLOv5] epoch 79/300 running
[YOLOv5] validation: all       1000        641      0.509      0.484      0.487      0.263
[YOLOv5] epoch 80/300 running
[YOLOv5] validation: all       1000        641      0.576      0.437      0.509      0.285
[YOLOv5] epoch 81/300 running
[YOLOv5] validation: all       1000        641      0.823      0.415      0.482      0.266
[YOLOv5] epoch 82/300 running
[YOLOv5] validation: all       1000        641      0.576      0.453      0.503      0.279
[YOLOv5] epoch 83/300 running
[YOLOv5] validation: all       1000        641      0.806       0.46      0.512      0.284
[YOLOv5] epoch 84/300 running
[YOLOv5] validation: all       1000        641       0.52      0.498      0.503      0.283
[YOLOv5] epoch 85/300 running
[YOLOv5] validation: all       1000        641       0.57      0.462      0.504      0.281
[YOLOv5] epoch 86/300 running
[YOLOv5] validation: all       1000        641      0.809      0.452      0.495      0.287
[YOLOv5] epoch 87/300 running
[YOLOv5] validation: all       1000        641       0.83      0.464      0.511      0.291
[YOLOv5] epoch 88/300 running
[YOLOv5] validation: all       1000        641      0.837      0.453      0.508      0.291
[YOLOv5] epoch 89/300 running
[YOLOv5] validation: all       1000        641      0.512      0.461      0.492      0.289
[YOLOv5] epoch 90/300 running
[YOLOv5] validation: all       1000        641      0.581      0.445      0.518      0.301
[YOLOv5] epoch 91/300 running
[YOLOv5] validation: all       1000        641       0.58      0.418      0.505      0.287
[YOLOv5] epoch 92/300 running
[YOLOv5] validation: all       1000        641        0.6      0.462      0.517      0.297
[YOLOv5] epoch 93/300 running
[YOLOv5] validation: all       1000        641       0.82      0.448      0.494       0.29
[YOLOv5] epoch 94/300 running
[YOLOv5] validation: all       1000        641      0.843      0.409        0.5      0.293
[YOLOv5] epoch 95/300 running
[YOLOv5] validation: all       1000        641      0.552      0.437      0.513      0.302
[YOLOv5] epoch 96/300 running
[YOLOv5] validation: all       1000        641      0.554      0.443      0.505      0.296
[YOLOv5] epoch 97/300 running
[YOLOv5] validation: all       1000        641      0.549      0.441      0.503       0.29
[YOLOv5] epoch 98/300 running
[YOLOv5] validation: all       1000        641      0.804      0.448      0.491      0.286
[YOLOv5] epoch 99/300 running
[YOLOv5] validation: all       1000        641      0.836      0.451      0.506      0.289
[YOLOv5] epoch 100/300 running
[YOLOv5] validation: all       1000        641       0.85      0.454      0.518      0.297
[YOLOv5] epoch 101/300 running
[YOLOv5] validation: all       1000        641      0.842      0.459      0.509      0.299
[YOLOv5] epoch 102/300 running
[YOLOv5] validation: all       1000        641      0.865      0.442      0.511      0.302
[YOLOv5] epoch 103/300 running
[YOLOv5] validation: all       1000        641      0.841      0.464      0.506      0.301
[YOLOv5] epoch 104/300 running
[YOLOv5] validation: all       1000        641      0.885      0.428      0.508      0.294
[YOLOv5] epoch 105/300 running
[YOLOv5] validation: all       1000        641      0.864      0.432      0.505      0.293
[YOLOv5] epoch 106/300 running
[YOLOv5] validation: all       1000        641       0.81      0.447      0.503       0.29
[YOLOv5] epoch 107/300 running
[YOLOv5] validation: all       1000        641      0.784      0.476      0.513      0.301
[YOLOv5] epoch 108/300 running
[YOLOv5] validation: all       1000        641      0.851      0.433      0.503      0.292
[YOLOv5] epoch 109/300 running
[YOLOv5] validation: all       1000        641      0.835      0.433      0.506      0.297
[YOLOv5] epoch 110/300 running
[YOLOv5] validation: all       1000        641      0.842      0.431      0.507      0.292
[YOLOv5] epoch 111/300 running
[YOLOv5] validation: all       1000        641      0.832      0.434      0.495      0.285
[YOLOv5] epoch 112/300 running
[YOLOv5] validation: all       1000        641      0.565      0.429      0.492      0.281
[YOLOv5] epoch 113/300 running
[YOLOv5] validation: all       1000        641      0.571      0.433      0.491      0.275
[YOLOv5] epoch 114/300 running
[YOLOv5] validation: all       1000        641      0.559       0.44      0.503      0.282
[YOLOv5] epoch 115/300 running
[YOLOv5] validation: all       1000        641      0.589      0.486      0.513      0.289
[YOLOv5] epoch 116/300 running
[YOLOv5] validation: all       1000        641      0.626      0.481      0.514      0.291
[YOLOv5] epoch 117/300 running
[YOLOv5] validation: all       1000        641      0.606      0.422      0.505      0.286
[YOLOv5] epoch 118/300 running
[YOLOv5] validation: all       1000        641      0.588      0.445      0.503      0.285
[YOLOv5] epoch 119/300 running
[YOLOv5] validation: all       1000        641      0.826      0.448      0.524      0.302
[YOLOv5] epoch 120/300 running
[YOLOv5] validation: all       1000        641      0.847      0.444      0.526        0.3
[YOLOv5] epoch 121/300 running
[YOLOv5] validation: all       1000        641      0.825      0.453      0.527      0.304
[YOLOv5] epoch 122/300 running
[YOLOv5] validation: all       1000        641      0.814      0.461      0.509      0.293
[YOLOv5] epoch 123/300 running
[YOLOv5] validation: all       1000        641      0.816      0.461      0.516      0.301
[YOLOv5] epoch 124/300 running
[YOLOv5] validation: all       1000        641      0.827      0.455       0.52      0.305
[YOLOv5] epoch 125/300 running
[YOLOv5] validation: all       1000        641      0.818      0.453      0.521      0.305
[YOLOv5] epoch 126/300 running
[YOLOv5] validation: all       1000        641      0.577      0.451      0.518      0.305
[YOLOv5] epoch 127/300 running
[YOLOv5] validation: all       1000        641      0.596      0.447       0.52      0.304
[YOLOv5] epoch 128/300 running
[YOLOv5] validation: all       1000        641      0.553      0.473      0.515      0.301
[YOLOv5] epoch 129/300 running
[YOLOv5] validation: all       1000        641      0.573      0.472       0.52      0.305
[YOLOv5] epoch 130/300 running
[YOLOv5] validation: all       1000        641      0.552      0.477       0.52      0.301
[YOLOv5] epoch 131/300 running
[YOLOv5] validation: all       1000        641      0.567      0.478       0.52      0.302
[YOLOv5] epoch 132/300 running
[YOLOv5] validation: all       1000        641      0.569      0.473      0.519      0.301
[YOLOv5] epoch 133/300 running
[YOLOv5] validation: all       1000        641      0.555      0.477      0.513      0.297
[YOLOv5] epoch 134/300 running
[YOLOv5] validation: all       1000        641      0.529      0.482      0.511      0.295
[YOLOv5] epoch 135/300 running
[YOLOv5] validation: all       1000        641      0.636      0.422      0.514      0.296
[YOLOv5] epoch 136/300 running
[YOLOv5] validation: all       1000        641      0.608      0.437       0.51      0.294
[YOLOv5] epoch 137/300 running
[YOLOv5] validation: all       1000        641      0.628      0.426      0.509      0.295
[YOLOv5] epoch 138/300 running
[YOLOv5] validation: all       1000        641       0.58      0.438      0.506      0.291
[YOLOv5] epoch 139/300 running
[YOLOv5] validation: all       1000        641       0.58      0.439      0.505      0.292
[YOLOv5] epoch 140/300 running
[YOLOv5] validation: all       1000        641      0.586      0.425      0.503       0.29
[YOLOv5] epoch 141/300 running
[YOLOv5] validation: all       1000        641      0.601      0.432      0.504      0.292
[YOLOv5] epoch 142/300 running
[YOLOv5] validation: all       1000        641      0.608      0.431      0.503       0.29
[YOLOv5] epoch 143/300 running
[YOLOv5] validation: all       1000        641      0.562      0.451      0.507      0.293
[YOLOv5] epoch 144/300 running
[YOLOv5] validation: all       1000        641      0.572      0.448      0.507      0.292
[YOLOv5] epoch 145/300 running
[YOLOv5] validation: all       1000        641       0.57      0.442      0.508      0.292
[YOLOv5] epoch 146/300 running
[YOLOv5] validation: all       1000        641      0.595       0.43      0.506      0.291
[YOLOv5] epoch 147/300 running
[YOLOv5] validation: all       1000        641      0.603      0.431      0.511      0.296
[YOLOv5] epoch 148/300 running
[YOLOv5] validation: all       1000        641      0.611      0.429      0.508      0.295
[YOLOv5] epoch 149/300 running
[YOLOv5] validation: all       1000        641      0.614      0.434      0.509      0.293
[YOLOv5] epoch 150/300 running
[YOLOv5] validation: all       1000        641      0.623      0.431      0.508      0.293
[YOLOv5] epoch 151/300 running
[YOLOv5] validation: all       1000        641       0.62      0.432      0.506      0.292
[YOLOv5] epoch 152/300 running
[YOLOv5] validation: all       1000        641      0.611      0.427      0.497      0.291
[YOLOv5] epoch 153/300 running
[YOLOv5] validation: all       1000        641      0.628      0.428      0.504      0.292
[YOLOv5] epoch 154/300 running
[YOLOv5] validation: all       1000        641      0.618      0.431      0.503      0.292
[YOLOv5] epoch 155/300 running
[YOLOv5] validation: all       1000        641      0.623      0.425      0.501      0.291
[YOLOv5] epoch 156/300 running
[YOLOv5] validation: all       1000        641        0.6      0.437      0.498      0.291
[YOLOv5] epoch 157/300 running
[YOLOv5] validation: all       1000        641      0.616      0.425      0.494      0.288
[YOLOv5] epoch 158/300 running
[YOLOv5] validation: all       1000        641      0.605      0.429      0.494      0.287
[YOLOv5] epoch 159/300 running
[YOLOv5] validation: all       1000        641       0.62      0.423      0.496      0.286
[YOLOv5] epoch 160/300 running
[YOLOv5] validation: all       1000        641      0.597      0.426      0.495      0.286
[YOLOv5] epoch 161/300 running
[YOLOv5] validation: all       1000        641      0.632      0.407      0.494      0.284
[YOLOv5] epoch 162/300 running
[YOLOv5] validation: all       1000        641      0.593       0.43      0.496      0.285
[YOLOv5] epoch 163/300 running
[YOLOv5] validation: all       1000        641      0.588       0.43      0.494      0.285
[YOLOv5] epoch 164/300 running
[YOLOv5] validation: all       1000        641      0.585      0.432      0.494      0.285
[YOLOv5] epoch 165/300 running
[YOLOv5] validation: all       1000        641      0.584       0.43      0.495      0.285
[YOLOv5] epoch 166/300 running
[YOLOv5] validation: all       1000        641      0.599      0.423      0.497      0.285
[YOLOv5] epoch 167/300 running
[YOLOv5] validation: all       1000        641        0.6       0.42      0.496      0.287
[YOLOv5] epoch 168/300 running
[YOLOv5] validation: all       1000        641      0.632       0.41      0.497      0.287
[YOLOv5] epoch 169/300 running
[YOLOv5] validation: all       1000        641      0.622      0.413      0.497      0.287
[YOLOv5] epoch 170/300 running
[YOLOv5] validation: all       1000        641       0.62      0.416      0.496      0.287
[YOLOv5] epoch 171/300 running
[YOLOv5] validation: all       1000        641       0.62      0.416      0.496      0.287
[YOLOv5] epoch 172/300 running
[YOLOv5] validation: all       1000        641       0.62      0.416      0.496      0.288
[YOLOv5] epoch 173/300 running
[YOLOv5] validation: all       1000        641       0.62      0.409      0.497      0.289
[YOLOv5] epoch 174/300 running
[YOLOv5] validation: all       1000        641      0.593      0.418      0.497      0.289
[YOLOv5] epoch 175/300 running
[YOLOv5] validation: all       1000        641      0.626      0.408      0.498       0.29
[YOLOv5] epoch 176/300 running
[YOLOv5] validation: all       1000        641      0.626      0.407      0.498       0.29
[YOLOv5] epoch 177/300 running
[YOLOv5] validation: all       1000        641      0.628      0.407      0.498      0.289
[YOLOv5] epoch 178/300 running
[YOLOv5] validation: all       1000        641      0.606      0.414      0.499      0.289
[YOLOv5] epoch 179/300 running
[YOLOv5] validation: all       1000        641      0.611      0.417      0.499       0.29
[YOLOv5] epoch 180/300 running
[YOLOv5] validation: all       1000        641      0.606       0.42      0.499      0.289
[YOLOv5] epoch 181/300 running
[YOLOv5] validation: all       1000        641      0.608      0.421        0.5      0.289
[YOLOv5] epoch 182/300 running
[YOLOv5] validation: all       1000        641      0.608      0.421      0.502      0.289
[YOLOv5] epoch 183/300 running
[YOLOv5] validation: all       1000        641      0.607       0.42      0.501       0.29
[YOLOv5] epoch 184/300 running
[YOLOv5] validation: all       1000        641      0.608      0.418      0.501       0.29
[YOLOv5] epoch 185/300 running
[YOLOv5] validation: all       1000        641      0.627      0.408      0.501       0.29
[YOLOv5] epoch 186/300 running
[YOLOv5] validation: all       1000        641      0.627       0.41      0.501      0.289
[YOLOv5] epoch 187/300 running
[YOLOv5] validation: all       1000        641      0.637      0.406      0.498      0.288
[YOLOv5] epoch 188/300 running
[YOLOv5] validation: all       1000        641       0.58      0.435      0.499      0.289
[YOLOv5] epoch 189/300 running
[YOLOv5] validation: all       1000        641       0.58      0.435      0.499      0.289
[YOLOv5] epoch 190/300 running
[YOLOv5] validation: all       1000        641      0.583      0.435      0.498      0.289
[YOLOv5] epoch 191/300 running
[YOLOv5] validation: all       1000        641      0.581      0.434      0.498      0.289
[YOLOv5] epoch 192/300 running
[YOLOv5] validation: all       1000        641       0.58      0.434      0.498      0.288
[YOLOv5] epoch 193/300 running
[YOLOv5] validation: all       1000        641      0.582      0.434      0.497      0.287
[YOLOv5] epoch 194/300 running
[YOLOv5] validation: all       1000        641      0.586      0.432      0.497      0.286
[YOLOv5] epoch 195/300 running
[YOLOv5] validation: all       1000        641      0.586      0.433      0.497      0.286
[YOLOv5] epoch 196/300 running
[YOLOv5] validation: all       1000        641      0.586      0.433      0.497      0.285
[YOLOv5] epoch 197/300 running
[YOLOv5] validation: all       1000        641      0.587      0.433      0.497      0.286
[YOLOv5] epoch 198/300 running
[YOLOv5] validation: all       1000        641      0.586      0.433      0.497      0.287
[YOLOv5] epoch 199/300 running
[YOLOv5] validation: all       1000        641      0.584      0.435      0.497      0.286
[YOLOv5] epoch 200/300 running
[YOLOv5] validation: all       1000        641      0.583      0.436      0.497      0.288
[YOLOv5] epoch 201/300 running
[YOLOv5] validation: all       1000        641      0.579      0.435      0.497      0.287
[YOLOv5] epoch 202/300 running
[YOLOv5] validation: all       1000        641      0.625      0.412      0.497      0.288
[YOLOv5] epoch 203/300 running
[YOLOv5] validation: all       1000        641      0.627      0.413      0.497      0.287
[YOLOv5] epoch 204/300 running
[YOLOv5] validation: all       1000        641      0.628      0.413      0.497      0.287
[YOLOv5] epoch 205/300 running
[YOLOv5] validation: all       1000        641      0.628      0.413      0.497      0.287
[YOLOv5] epoch 206/300 running
[YOLOv5] validation: all       1000        641      0.632      0.412      0.497      0.287
[YOLOv5] epoch 207/300 running
[YOLOv5] validation: all       1000        641      0.633      0.411      0.497      0.286
[YOLOv5] epoch 208/300 running
[YOLOv5] validation: all       1000        641      0.583      0.435      0.497      0.287
[YOLOv5] epoch 209/300 running
[YOLOv5] validation: all       1000        641      0.583      0.434      0.497      0.287
[YOLOv5] epoch 210/300 running
[YOLOv5] validation: all       1000        641      0.587      0.434      0.497      0.287
[YOLOv5] epoch 211/300 running
[YOLOv5] validation: all       1000        641      0.585      0.434      0.497      0.286
[YOLOv5] epoch 212/300 running
[YOLOv5] validation: all       1000        641      0.586      0.435      0.498      0.287
[YOLOv5] epoch 213/300 running
[YOLOv5] validation: all       1000        641      0.588      0.434      0.499      0.287
[YOLOv5] epoch 214/300 running
[YOLOv5] validation: all       1000        641      0.588      0.433      0.498      0.287
[YOLOv5] epoch 215/300 running
[YOLOv5] validation: all       1000        641      0.587      0.434      0.498      0.287
[YOLOv5] epoch 216/300 running
[YOLOv5] validation: all       1000        641      0.882      0.412      0.498      0.287
[YOLOv5] epoch 217/300 running
[YOLOv5] validation: all       1000        641      0.881      0.412      0.498      0.287
[YOLOv5] epoch 218/300 running
[YOLOv5] validation: all       1000        641      0.592      0.429      0.498      0.287
[YOLOv5] epoch 219/300 running
[YOLOv5] validation: all       1000        641      0.593      0.429      0.499      0.287
[YOLOv5] epoch 220/300 running
[YOLOv5] validation: all       1000        641      0.877      0.413      0.499      0.288
[YOLOv5] epoch 221/300 running
[YOLOv5] validation: all       1000        641      0.876      0.412      0.499      0.288
[YOLOv5] 221 epochs completed in 2.496 hours.
[YOLOv5] validation: all       1000        641      0.826      0.453      0.527      0.304
[Task] training completed: 9219.1s
[Task] evaluating: checkpoint=last, group=test, samples=1000
[YOLOv5] validation: all       1000        614      0.858      0.397      0.472      0.224
[Task] evaluation: checkpoint=last, group=test, mAP50-95=0.2239, mAP50=0.4715, time=77.5s
[Task] evaluating: checkpoint=best, group=test, samples=1000
[YOLOv5] validation: all       1000        614      0.836      0.386      0.464      0.215
[Task] evaluation: checkpoint=best, group=test, mAP50-95=0.2148, mAP50=0.4641, time=79.1s
[Task] completed: evaluation=156.5s, output=/home/lijinhe/work/YOLO_Retraining/runs/studies/balance_tau090_label_contrast/tasks/dedup_tau_0p900_release_positive_clusters__full-cold-stage0123__stage0+stage1+stage2+stage3__yolov5s__s42
/home/lijinhe/work/YOLO_Retraining/runs/studies/balance_tau090_label_contrast/tasks/dedup_tau_0p900_release_positive_clusters__full-cold-stage0123__stage0+stage1+stage2+stage3__yolov5s__s42
