[Task] output: /home/lijinhe/work/YOLO_Retraining/runs/studies/balance_tau090_label_contrast/tasks/dedup_tau_0p900_release_positive_clusters_drop_pure_background__full-cold-stage0123__stage0+stage1+stage2+stage3__yolov5s__s42
[Task] data: current=3752, candidate=3752, validation=1000, test=1000
[Task] selection: policy=full, selected=3752, groups={'candidate': 3752}, time=0.001s
[Task] training: backend=yolov5, epochs=300, batch=64, device=0
[YOLOv5] epoch 1/300 running
[YOLOv5] validation: all       1000        641      0.797     0.0451     0.0284    0.00759
[YOLOv5] epoch 2/300 running
[YOLOv5] validation: all       1000        641      0.727      0.163      0.187     0.0632
[YOLOv5] epoch 3/300 running
[YOLOv5] validation: all       1000        641      0.667      0.182      0.169     0.0654
[YOLOv5] epoch 4/300 running
[YOLOv5] validation: all       1000        641      0.727      0.189      0.283       0.12
[YOLOv5] epoch 5/300 running
[YOLOv5] validation: all       1000        641      0.563      0.338      0.321      0.132
[YOLOv5] epoch 6/300 running
[YOLOv5] validation: all       1000        641      0.643      0.325      0.328      0.139
[YOLOv5] epoch 7/300 running
[YOLOv5] validation: all       1000        641      0.574      0.338      0.282      0.115
[YOLOv5] epoch 8/300 running
[YOLOv5] validation: all       1000        641      0.747      0.352      0.388       0.18
[YOLOv5] epoch 9/300 running
[YOLOv5] validation: all       1000        641      0.701      0.383      0.421      0.203
[YOLOv5] epoch 10/300 running
[YOLOv5] validation: all       1000        641      0.707      0.372      0.417      0.191
[YOLOv5] epoch 11/300 running
[YOLOv5] validation: all       1000        641       0.73       0.36      0.404      0.181
[YOLOv5] epoch 12/300 running
[YOLOv5] validation: all       1000        641      0.716      0.352       0.38      0.172
[YOLOv5] epoch 13/300 running
[YOLOv5] validation: all       1000        641       0.73      0.347       0.39      0.166
[YOLOv5] epoch 14/300 running
[YOLOv5] validation: all       1000        641      0.702      0.355      0.371       0.17
[YOLOv5] epoch 15/300 running
[YOLOv5] validation: all       1000        641      0.791       0.36      0.443      0.224
[YOLOv5] epoch 16/300 running
[YOLOv5] validation: all       1000        641      0.796      0.329      0.405      0.193
[YOLOv5] epoch 17/300 running
[YOLOv5] validation: all       1000        641      0.752      0.357       0.41      0.205
[YOLOv5] epoch 18/300 running
[YOLOv5] validation: all       1000        641      0.778      0.383      0.456       0.21
[YOLOv5] epoch 19/300 running
[YOLOv5] validation: all       1000        641      0.746      0.421      0.473      0.237
[YOLOv5] epoch 20/300 running
[YOLOv5] validation: all       1000        641       0.76      0.405      0.449       0.24
[YOLOv5] epoch 21/300 running
[YOLOv5] validation: all       1000        641      0.729      0.368      0.407        0.2
[YOLOv5] epoch 22/300 running
[YOLOv5] validation: all       1000        641      0.701      0.419      0.448      0.224
[YOLOv5] epoch 23/300 running
[YOLOv5] validation: all       1000        641      0.784       0.38      0.448       0.22
[YOLOv5] epoch 24/300 running
[YOLOv5] validation: all       1000        641      0.782      0.424       0.49      0.262
[YOLOv5] epoch 25/300 running
[YOLOv5] validation: all       1000        641      0.747      0.371      0.427      0.206
[YOLOv5] epoch 26/300 running
[YOLOv5] validation: all       1000        641      0.765      0.367      0.415      0.196
[YOLOv5] epoch 27/300 running
[YOLOv5] validation: all       1000        641      0.735      0.417      0.461      0.235
[YOLOv5] epoch 28/300 running
[YOLOv5] validation: all       1000        641      0.796      0.404      0.463      0.231
[YOLOv5] epoch 29/300 running
[YOLOv5] validation: all       1000        641      0.813       0.38      0.441      0.221
[YOLOv5] epoch 30/300 running
[YOLOv5] validation: all       1000        641      0.771      0.403      0.461      0.236
[YOLOv5] epoch 31/300 running
[YOLOv5] validation: all       1000        641      0.802      0.419      0.488      0.247
[YOLOv5] epoch 32/300 running
[YOLOv5] validation: all       1000        641      0.806       0.41      0.486       0.26
[YOLOv5] epoch 33/300 running
[YOLOv5] validation: all       1000        641        0.8      0.428      0.481      0.246
[YOLOv5] epoch 34/300 running
[YOLOv5] validation: all       1000        641      0.795        0.4      0.468      0.253
[YOLOv5] epoch 35/300 running
[YOLOv5] validation: all       1000        641      0.777      0.415      0.469       0.24
[YOLOv5] epoch 36/300 running
[YOLOv5] validation: all       1000        641        0.8      0.395      0.445      0.222
[YOLOv5] epoch 37/300 running
[YOLOv5] validation: all       1000        641      0.789      0.423       0.48       0.24
[YOLOv5] epoch 38/300 running
[YOLOv5] validation: all       1000        641      0.775      0.402       0.46      0.262
[YOLOv5] epoch 39/300 running
[YOLOv5] validation: all       1000        641      0.773      0.433      0.456      0.238
[YOLOv5] epoch 40/300 running
[YOLOv5] validation: all       1000        641      0.743      0.445      0.454      0.233
[YOLOv5] epoch 41/300 running
[YOLOv5] validation: all       1000        641      0.814      0.426      0.482       0.27
[YOLOv5] epoch 42/300 running
[YOLOv5] validation: all       1000        641      0.808      0.421      0.464      0.244
[YOLOv5] epoch 43/300 running
[YOLOv5] validation: all       1000        641      0.703      0.408      0.427      0.225
[YOLOv5] epoch 44/300 running
[YOLOv5] validation: all       1000        641      0.778      0.422       0.47      0.253
[YOLOv5] epoch 45/300 running
[YOLOv5] validation: all       1000        641      0.785      0.427       0.48      0.252
[YOLOv5] epoch 46/300 running
[YOLOv5] validation: all       1000        641      0.817      0.441      0.475      0.244
[YOLOv5] epoch 47/300 running
[YOLOv5] validation: all       1000        641      0.821      0.426      0.472      0.249
[YOLOv5] epoch 48/300 running
[YOLOv5] validation: all       1000        641      0.774      0.425      0.501      0.269
[YOLOv5] epoch 49/300 running
[YOLOv5] validation: all       1000        641       0.77      0.451       0.47      0.245
[YOLOv5] epoch 50/300 running
[YOLOv5] validation: all       1000        641      0.812      0.414      0.488      0.263
[YOLOv5] epoch 51/300 running
[YOLOv5] validation: all       1000        641      0.735      0.456      0.468      0.258
[YOLOv5] epoch 52/300 running
[YOLOv5] validation: all       1000        641      0.839      0.423      0.486      0.258
[YOLOv5] epoch 53/300 running
[YOLOv5] validation: all       1000        641      0.821      0.417      0.487       0.26
[YOLOv5] epoch 54/300 running
[YOLOv5] validation: all       1000        641      0.819      0.415      0.478      0.262
[YOLOv5] epoch 55/300 running
[YOLOv5] validation: all       1000        641      0.803      0.435      0.491      0.261
[YOLOv5] epoch 56/300 running
[YOLOv5] validation: all       1000        641       0.75      0.455      0.538      0.284
[YOLOv5] epoch 57/300 running
[YOLOv5] validation: all       1000        641      0.836      0.431      0.492      0.264
[YOLOv5] epoch 58/300 running
[YOLOv5] validation: all       1000        641      0.813      0.421      0.484      0.265
[YOLOv5] epoch 59/300 running
[YOLOv5] validation: all       1000        641      0.767      0.462      0.502      0.282
[YOLOv5] epoch 60/300 running
[YOLOv5] validation: all       1000        641      0.825      0.425      0.481      0.261
[YOLOv5] epoch 61/300 running
[YOLOv5] validation: all       1000        641      0.806      0.412      0.495      0.261
[YOLOv5] epoch 62/300 running
[YOLOv5] validation: all       1000        641      0.835      0.406      0.478      0.273
[YOLOv5] epoch 63/300 running
[YOLOv5] validation: all       1000        641      0.821      0.433      0.487      0.279
[YOLOv5] epoch 64/300 running
[YOLOv5] validation: all       1000        641      0.766      0.464      0.493      0.265
[YOLOv5] epoch 65/300 running
[YOLOv5] validation: all       1000        641        0.6      0.414       0.51      0.279
[YOLOv5] epoch 66/300 running
[YOLOv5] validation: all       1000        641      0.547      0.439      0.499      0.271
[YOLOv5] epoch 67/300 running
[YOLOv5] validation: all       1000        641      0.541      0.506      0.505      0.278
[YOLOv5] epoch 68/300 running
[YOLOv5] validation: all       1000        641      0.804      0.416      0.491      0.267
[YOLOv5] epoch 69/300 running
[YOLOv5] validation: all       1000        641      0.834      0.411      0.488      0.266
[YOLOv5] epoch 70/300 running
[YOLOv5] validation: all       1000        641      0.807      0.421      0.476      0.256
[YOLOv5] epoch 71/300 running
[YOLOv5] validation: all       1000        641      0.544      0.429      0.476      0.267
[YOLOv5] epoch 72/300 running
[YOLOv5] validation: all       1000        641      0.572      0.433      0.497      0.274
[YOLOv5] epoch 73/300 running
[YOLOv5] validation: all       1000        641      0.551      0.485      0.512      0.283
[YOLOv5] epoch 74/300 running
[YOLOv5] validation: all       1000        641      0.818       0.42      0.475      0.253
[YOLOv5] epoch 75/300 running
[YOLOv5] validation: all       1000        641      0.783      0.464      0.504      0.275
[YOLOv5] epoch 76/300 running
[YOLOv5] validation: all       1000        641      0.811      0.433      0.494      0.274
[YOLOv5] epoch 77/300 running
[YOLOv5] validation: all       1000        641      0.792      0.436      0.475      0.259
[YOLOv5] epoch 78/300 running
[YOLOv5] validation: all       1000        641      0.862      0.445      0.517      0.283
[YOLOv5] epoch 79/300 running
[YOLOv5] validation: all       1000        641      0.815      0.452      0.491      0.275
[YOLOv5] epoch 80/300 running
[YOLOv5] validation: all       1000        641      0.546       0.53      0.524      0.291
[YOLOv5] epoch 81/300 running
[YOLOv5] validation: all       1000        641      0.568      0.444      0.493      0.274
[YOLOv5] epoch 82/300 running
[YOLOv5] validation: all       1000        641      0.504      0.527      0.502      0.283
[YOLOv5] epoch 83/300 running
[YOLOv5] validation: all       1000        641      0.823      0.472      0.506      0.282
[YOLOv5] epoch 84/300 running
[YOLOv5] validation: all       1000        641      0.602      0.501      0.508      0.289
[YOLOv5] epoch 85/300 running
[YOLOv5] validation: all       1000        641      0.823      0.431      0.494      0.271
[YOLOv5] epoch 86/300 running
[YOLOv5] validation: all       1000        641      0.554      0.456      0.496      0.268
[YOLOv5] epoch 87/300 running
[YOLOv5] validation: all       1000        641      0.564      0.457      0.505       0.28
[YOLOv5] epoch 88/300 running
[YOLOv5] validation: all       1000        641      0.817      0.444      0.494      0.275
[YOLOv5] epoch 89/300 running
[YOLOv5] validation: all       1000        641      0.774       0.45      0.494      0.276
[YOLOv5] epoch 90/300 running
[YOLOv5] validation: all       1000        641      0.571       0.44      0.499      0.288
[YOLOv5] epoch 91/300 running
[YOLOv5] validation: all       1000        641      0.596       0.43      0.481      0.267
[YOLOv5] epoch 92/300 running
[YOLOv5] validation: all       1000        641      0.579      0.433      0.523      0.305
[YOLOv5] epoch 93/300 running
[YOLOv5] validation: all       1000        641      0.555      0.513      0.501      0.278
[YOLOv5] epoch 94/300 running
[YOLOv5] validation: all       1000        641      0.598      0.519      0.511      0.286
[YOLOv5] epoch 95/300 running
[YOLOv5] validation: all       1000        641      0.818      0.458      0.502      0.278
[YOLOv5] epoch 96/300 running
[YOLOv5] validation: all       1000        641      0.842      0.443       0.51       0.28
[YOLOv5] epoch 97/300 running
[YOLOv5] validation: all       1000        641      0.525      0.462      0.501      0.282
[YOLOv5] epoch 98/300 running
[YOLOv5] validation: all       1000        641      0.556      0.459      0.501      0.291
[YOLOv5] epoch 99/300 running
[YOLOv5] validation: all       1000        641      0.842      0.429      0.492      0.286
[YOLOv5] epoch 100/300 running
[YOLOv5] validation: all       1000        641       0.75      0.462      0.488      0.273
[YOLOv5] epoch 101/300 running
[YOLOv5] validation: all       1000        641       0.85      0.428      0.486      0.271
[YOLOv5] epoch 102/300 running
[YOLOv5] validation: all       1000        641      0.827      0.454      0.526      0.296
[YOLOv5] epoch 103/300 running
[YOLOv5] validation: all       1000        641      0.592      0.447      0.511      0.289
[YOLOv5] epoch 104/300 running
[YOLOv5] validation: all       1000        641      0.559      0.462      0.501      0.283
[YOLOv5] epoch 105/300 running
[YOLOv5] validation: all       1000        641      0.567      0.481       0.53      0.299
[YOLOv5] epoch 106/300 running
[YOLOv5] validation: all       1000        641      0.654      0.487      0.531      0.298
[YOLOv5] epoch 107/300 running
[YOLOv5] validation: all       1000        641      0.609      0.441      0.516      0.288
[YOLOv5] epoch 108/300 running
[YOLOv5] validation: all       1000        641      0.561      0.468      0.503      0.283
[YOLOv5] epoch 109/300 running
[YOLOv5] validation: all       1000        641      0.855       0.44      0.496      0.279
[YOLOv5] epoch 110/300 running
[YOLOv5] validation: all       1000        641      0.624      0.428      0.525      0.297
[YOLOv5] epoch 111/300 running
[YOLOv5] validation: all       1000        641      0.552      0.468       0.52      0.288
[YOLOv5] epoch 112/300 running
[YOLOv5] validation: all       1000        641      0.594      0.485       0.53      0.291
[YOLOv5] epoch 113/300 running
[YOLOv5] validation: all       1000        641       0.55      0.446      0.503      0.279
[YOLOv5] epoch 114/300 running
[YOLOv5] validation: all       1000        641      0.847      0.427      0.505      0.275
[YOLOv5] epoch 115/300 running
[YOLOv5] validation: all       1000        641      0.536       0.44      0.498       0.28
[YOLOv5] epoch 116/300 running
[YOLOv5] validation: all       1000        641      0.862      0.396      0.496      0.275
[YOLOv5] epoch 117/300 running
[YOLOv5] validation: all       1000        641      0.623      0.486      0.521      0.301
[YOLOv5] epoch 118/300 running
[YOLOv5] validation: all       1000        641      0.546       0.47      0.511      0.296
[YOLOv5] epoch 119/300 running
[YOLOv5] validation: all       1000        641      0.595      0.426      0.512      0.298
[YOLOv5] epoch 120/300 running
[YOLOv5] validation: all       1000        641      0.639       0.41      0.496      0.286
[YOLOv5] epoch 121/300 running
[YOLOv5] validation: all       1000        641      0.577      0.445      0.512        0.3
[YOLOv5] epoch 122/300 running
[YOLOv5] validation: all       1000        641      0.523      0.481      0.511      0.295
[YOLOv5] epoch 123/300 running
[YOLOv5] validation: all       1000        641      0.593      0.453      0.501      0.286
[YOLOv5] epoch 124/300 running
[YOLOv5] validation: all       1000        641      0.594      0.491       0.51      0.287
[YOLOv5] epoch 125/300 running
[YOLOv5] validation: all       1000        641      0.596      0.489      0.507      0.277
[YOLOv5] epoch 126/300 running
[YOLOv5] validation: all       1000        641      0.557      0.456      0.509      0.283
[YOLOv5] epoch 127/300 running
[YOLOv5] validation: all       1000        641      0.628      0.504      0.521      0.295
[YOLOv5] epoch 128/300 running
[YOLOv5] validation: all       1000        641       0.59      0.479      0.498       0.29
[YOLOv5] epoch 129/300 running
[YOLOv5] validation: all       1000        641      0.562      0.494      0.515        0.3
[YOLOv5] epoch 130/300 running
[YOLOv5] validation: all       1000        641      0.814      0.443      0.503      0.291
[YOLOv5] epoch 131/300 running
[YOLOv5] validation: all       1000        641       0.85      0.416      0.492      0.285
[YOLOv5] epoch 132/300 running
[YOLOv5] validation: all       1000        641      0.839      0.421      0.486      0.283
[YOLOv5] epoch 133/300 running
[YOLOv5] validation: all       1000        641      0.816      0.443      0.501      0.288
[YOLOv5] epoch 134/300 running
[YOLOv5] validation: all       1000        641      0.874      0.421      0.507      0.286
[YOLOv5] epoch 135/300 running
[YOLOv5] validation: all       1000        641      0.875      0.422      0.497       0.28
[YOLOv5] epoch 136/300 running
[YOLOv5] validation: all       1000        641      0.856       0.43      0.502      0.286
[YOLOv5] epoch 137/300 running
[YOLOv5] validation: all       1000        641      0.806      0.468        0.5      0.288
[YOLOv5] epoch 138/300 running
[YOLOv5] validation: all       1000        641      0.838      0.443      0.502      0.291
[YOLOv5] epoch 139/300 running
[YOLOv5] validation: all       1000        641      0.812      0.458       0.51      0.295
[YOLOv5] epoch 140/300 running
[YOLOv5] validation: all       1000        641       0.88      0.421      0.498      0.286
[YOLOv5] epoch 141/300 running
[YOLOv5] validation: all       1000        641      0.602      0.429      0.502      0.293
[YOLOv5] epoch 142/300 running
[YOLOv5] validation: all       1000        641      0.619      0.428      0.501      0.291
[YOLOv5] epoch 143/300 running
[YOLOv5] validation: all       1000        641      0.621      0.434      0.505      0.295
[YOLOv5] epoch 144/300 running
[YOLOv5] validation: all       1000        641      0.613      0.453      0.516        0.3
[YOLOv5] epoch 145/300 running
[YOLOv5] validation: all       1000        641      0.608      0.456      0.512      0.294
[YOLOv5] epoch 146/300 running
[YOLOv5] validation: all       1000        641      0.584       0.46      0.506       0.29
[YOLOv5] epoch 147/300 running
[YOLOv5] validation: all       1000        641      0.595      0.452      0.508      0.295
[YOLOv5] epoch 148/300 running
[YOLOv5] validation: all       1000        641      0.615      0.439      0.515      0.301
[YOLOv5] epoch 149/300 running
[YOLOv5] validation: all       1000        641      0.628      0.435      0.511      0.297
[YOLOv5] epoch 150/300 running
[YOLOv5] validation: all       1000        641      0.563      0.449      0.504      0.291
[YOLOv5] epoch 151/300 running
[YOLOv5] validation: all       1000        641      0.863       0.43      0.504      0.293
[YOLOv5] epoch 152/300 running
[YOLOv5] validation: all       1000        641      0.861      0.424      0.504      0.293
[YOLOv5] epoch 153/300 running
[YOLOv5] validation: all       1000        641      0.841      0.434      0.518      0.303
[YOLOv5] epoch 154/300 running
[YOLOv5] validation: all       1000        641       0.56      0.461      0.519      0.301
[YOLOv5] epoch 155/300 running
[YOLOv5] validation: all       1000        641       0.84      0.437      0.507      0.295
[YOLOv5] epoch 156/300 running
[YOLOv5] validation: all       1000        641      0.855      0.433      0.509      0.298
[YOLOv5] 156 epochs completed in 1.048 hours.
[YOLOv5] validation: all       1000        641      0.751      0.455      0.538      0.284
[Task] training completed: 4000.8s
[Task] evaluating: checkpoint=last, group=test, samples=1000
[YOLOv5] validation: all       1000        614       0.82      0.361       0.45      0.219
[Task] evaluation: checkpoint=last, group=test, mAP50-95=0.2195, mAP50=0.4497, time=81.5s
[Task] evaluating: checkpoint=best, group=test, samples=1000
[YOLOv5] validation: all       1000        614      0.736      0.388      0.443      0.209
[Task] evaluation: checkpoint=best, group=test, mAP50-95=0.2087, mAP50=0.4433, time=85.8s
[Task] completed: evaluation=167.2s, output=/home/lijinhe/work/YOLO_Retraining/runs/studies/balance_tau090_label_contrast/tasks/dedup_tau_0p900_release_positive_clusters_drop_pure_background__full-cold-stage0123__stage0+stage1+stage2+stage3__yolov5s__s42
/home/lijinhe/work/YOLO_Retraining/runs/studies/balance_tau090_label_contrast/tasks/dedup_tau_0p900_release_positive_clusters_drop_pure_background__full-cold-stage0123__stage0+stage1+stage2+stage3__yolov5s__s42
