train: weights=/home/lijinhe/work/YOLO_Retraining/.third_party/yolov5/yolov5s.pt, cfg=, data=/home/lijinhe/work/YOLO_Retraining/runs/studies/balance_learning_curve_2batch/sequences/Balance_Learning_Curve_random_s41__seq-full-cold__stage0-stage7__yolov5s__s42/tasks/004__stage4__full-cold/data/backend_data.yaml, hyp=data/hyps/hyp.scratch-low.yaml, epochs=100, batch_size=64, imgsz=640, rect=False, resume=False, nosave=False, noval=False, noautoanchor=False, noplots=True, evolve=None, bucket=, cache=None, image_weights=False, device=0, multi_scale=False, single_cls=False, optimizer=SGD, sync_bn=False, workers=16, project=/home/lijinhe/work/YOLO_Retraining/runs/studies/balance_learning_curve_2batch/sequences/Balance_Learning_Curve_random_s41__seq-full-cold__stage0-stage7__yolov5s__s42/tasks/004__stage4__full-cold/backend/yolov5, name=train, exist_ok=True, quad=False, cos_lr=False, label_smoothing=0.0, patience=100, freeze=[0], save_period=-1, seed=46, local_rank=-1, entity=None, upload_dataset=False, bbox_interval=-1, artifact_alias=latest
github: skipping check (offline), for updates see https://github.com/ultralytics/yolov5
YOLOv5 🚀 v7.0-0-g915bbf29 Python-3.10.20 torch-2.2.2+cu121 CUDA:0 (NVIDIA H100 PCIe, 81090MiB)
hyperparameters: lr0=0.01, lrf=0.01, momentum=0.937, weight_decay=0.0005, warmup_epochs=3.0, warmup_momentum=0.8, warmup_bias_lr=0.1, box=0.05, cls=0.5, cls_pw=1.0, obj=1.0, obj_pw=1.0, iou_t=0.2, anchor_t=4.0, fl_gamma=0.0, hsv_h=0.015, hsv_s=0.7, hsv_v=0.4, degrees=0.0, translate=0.1, scale=0.5, shear=0.0, perspective=0.0, flipud=0.0, fliplr=0.5, mosaic=1.0, mixup=0.0, copy_paste=0.0
ClearML: run 'pip install clearml' to automatically track, visualize and remotely train YOLOv5 🚀 in ClearML
Comet: run 'pip install comet_ml' to automatically track and visualize YOLOv5 🚀 runs in Comet
TensorBoard: Start with 'tensorboard --logdir /home/lijinhe/work/YOLO_Retraining/runs/studies/balance_learning_curve_2batch/sequences/Balance_Learning_Curve_random_s41__seq-full-cold__stage0-stage7__yolov5s__s42/tasks/004__stage4__full-cold/backend/yolov5', view at http://localhost:6006/
Overriding model.yaml nc=80 with nc=4
from  n    params  module                                  arguments
0                -1  1      3520  models.common.Conv                      [3, 32, 6, 2, 2]
1                -1  1     18560  models.common.Conv                      [32, 64, 3, 2]
2                -1  1     18816  models.common.C3                        [64, 64, 1]
3                -1  1     73984  models.common.Conv                      [64, 128, 3, 2]
4                -1  2    115712  models.common.C3                        [128, 128, 2]
5                -1  1    295424  models.common.Conv                      [128, 256, 3, 2]
6                -1  3    625152  models.common.C3                        [256, 256, 3]
7                -1  1   1180672  models.common.Conv                      [256, 512, 3, 2]
8                -1  1   1182720  models.common.C3                        [512, 512, 1]
9                -1  1    656896  models.common.SPPF                      [512, 512, 5]
10                -1  1    131584  models.common.Conv                      [512, 256, 1, 1]
11                -1  1         0  torch.nn.modules.upsampling.Upsample    [None, 2, 'nearest']
12           [-1, 6]  1         0  models.common.Concat                    [1]
13                -1  1    361984  models.common.C3                        [512, 256, 1, False]
14                -1  1     33024  models.common.Conv                      [256, 128, 1, 1]
15                -1  1         0  torch.nn.modules.upsampling.Upsample    [None, 2, 'nearest']
16           [-1, 4]  1         0  models.common.Concat                    [1]
17                -1  1     90880  models.common.C3                        [256, 128, 1, False]
18                -1  1    147712  models.common.Conv                      [128, 128, 3, 2]
19          [-1, 14]  1         0  models.common.Concat                    [1]
20                -1  1    296448  models.common.C3                        [256, 256, 1, False]
21                -1  1    590336  models.common.Conv                      [256, 256, 3, 2]
22          [-1, 10]  1         0  models.common.Concat                    [1]
23                -1  1   1182720  models.common.C3                        [512, 512, 1, False]
24      [17, 20, 23]  1     24273  models.yolo.Detect                      [4, [[10, 13, 16, 30, 33, 23], [30, 61, 62, 45, 59, 119], [116, 90, 156, 198, 373, 326]], [128, 256, 512]]
Model summary: 214 layers, 7030417 parameters, 7030417 gradients, 16.0 GFLOPs
Transferred 343/349 items from /home/lijinhe/work/YOLO_Retraining/.third_party/yolov5/yolov5s.pt
AMP: checks passed ✅
optimizer: SGD(lr=0.01) with parameter groups 57 weight(decay=0.0), 60 weight(decay=0.0005), 60 bias
train: Scanning /home/lijinhe/work/YOLO_Retraining/runs/studies/balance_learning_curve_2batch/sequences/Balance_Learning_Curve_random_s41__seq-full-cold__stage0-stage7__yolov5s__s42/tasks/004__stage4__full-cold/data/backend_train_images... 4575 images, 2710 backgrounds, 0 corrupt: 100%|██████████| 4575/4575 00:16
train: WARNING ⚠️ /home/lijinhe/work/YOLO_Retraining/data/self_improving/images/0720_11/05168_1784523505059766_0.jpg: 2 duplicate labels removed
train: New cache created: /home/lijinhe/work/YOLO_Retraining/runs/studies/balance_learning_curve_2batch/sequences/Balance_Learning_Curve_random_s41__seq-full-cold__stage0-stage7__yolov5s__s42/tasks/004__stage4__full-cold/data/backend_train_images.cache
val: Scanning /home/lijinhe/work/YOLO_Retraining/runs/studies/balance_learning_curve_2batch/sequences/Balance_Learning_Curve_random_s41__seq-full-cold__stage0-stage7__yolov5s__s42/tasks/004__stage4__full-cold/data/backend_validation_images... 1000 images, 499 backgrounds, 0 corrupt: 100%|██████████| 1000/1000 00:07
val: New cache created: /home/lijinhe/work/YOLO_Retraining/runs/studies/balance_learning_curve_2batch/sequences/Balance_Learning_Curve_random_s41__seq-full-cold__stage0-stage7__yolov5s__s42/tasks/004__stage4__full-cold/data/backend_validation_images.cache
AutoAnchor: 5.55 anchors/target, 1.000 Best Possible Recall (BPR). Current anchors are a good fit to dataset ✅
Image sizes 640 train, 640 val
Using 16 dataloader workers
Logging results to /home/lijinhe/work/YOLO_Retraining/runs/studies/balance_learning_curve_2batch/sequences/Balance_Learning_Curve_random_s41__seq-full-cold__stage0-stage7__yolov5s__s42/tasks/004__stage4__full-cold/backend/yolov5/train
Starting training for 100 epochs...
Epoch    GPU_mem   box_loss   obj_loss   cls_loss  Instances       Size
0/99      13.9G     0.0946    0.01514    0.03035         24        640: 100%|██████████| 72/72 00:25
Class     Images  Instances          P          R      mAP50   mAP50-95: 100%|██████████| 8/8 00:07
all       1000        641        0.8     0.0451     0.0248    0.00623
Epoch    GPU_mem   box_loss   obj_loss   cls_loss  Instances       Size
1/99      13.9G    0.06874    0.01194     0.0164         37        640: 100%|██████████| 72/72 00:22
Class     Images  Instances          P          R      mAP50   mAP50-95: 100%|██████████| 8/8 00:05
all       1000        641      0.836     0.0561     0.0842     0.0269
Epoch    GPU_mem   box_loss   obj_loss   cls_loss  Instances       Size
2/99      13.9G    0.06164    0.01061    0.01219         44        640: 100%|██████████| 72/72 00:19
Class     Images  Instances          P          R      mAP50   mAP50-95: 100%|██████████| 8/8 00:03
all       1000        641      0.423      0.191      0.121     0.0482
Epoch    GPU_mem   box_loss   obj_loss   cls_loss  Instances       Size
3/99      13.9G    0.05946   0.009436    0.01233         23        640: 100%|██████████| 72/72 00:21
Class     Images  Instances          P          R      mAP50   mAP50-95: 100%|██████████| 8/8 00:03
all       1000        641      0.351      0.174     0.0667     0.0229
Epoch    GPU_mem   box_loss   obj_loss   cls_loss  Instances       Size
4/99      13.9G    0.05681   0.009067     0.0109         34        640: 100%|██████████| 72/72 00:23
Class     Images  Instances          P          R      mAP50   mAP50-95: 100%|██████████| 8/8 00:06
all       1000        641      0.428      0.192      0.145     0.0522
Epoch    GPU_mem   box_loss   obj_loss   cls_loss  Instances       Size
5/99      13.9G    0.05469   0.008536    0.01031         22        640: 100%|██████████| 72/72 00:20
Class     Images  Instances          P          R      mAP50   mAP50-95: 100%|██████████| 8/8 00:03
all       1000        641       0.48      0.188      0.149     0.0443
Epoch    GPU_mem   box_loss   obj_loss   cls_loss  Instances       Size
6/99      13.9G    0.05361   0.008362   0.009743         52        640: 100%|██████████| 72/72 00:22
Class     Images  Instances          P          R      mAP50   mAP50-95: 100%|██████████| 8/8 00:03
all       1000        641      0.438      0.197      0.118     0.0502
Epoch    GPU_mem   box_loss   obj_loss   cls_loss  Instances       Size
7/99      13.9G    0.05254    0.00824   0.008937         29        640: 100%|██████████| 72/72 00:23
Class     Images  Instances          P          R      mAP50   mAP50-95: 100%|██████████| 8/8 00:02
all       1000        641      0.481      0.166      0.121     0.0414
Epoch    GPU_mem   box_loss   obj_loss   cls_loss  Instances       Size
8/99      13.9G     0.0506   0.008028   0.007658         35        640: 100%|██████████| 72/72 00:21
Class     Images  Instances          P          R      mAP50   mAP50-95: 100%|██████████| 8/8 00:03
all       1000        641      0.493      0.241      0.179     0.0741
Epoch    GPU_mem   box_loss   obj_loss   cls_loss  Instances       Size
9/99      13.9G    0.04785   0.007838   0.007638         42        640: 100%|██████████| 72/72 00:21
Class     Images  Instances          P          R      mAP50   mAP50-95: 100%|██████████| 8/8 00:02
all       1000        641      0.666      0.274      0.277       0.12
Epoch    GPU_mem   box_loss   obj_loss   cls_loss  Instances       Size
10/99      13.9G    0.04768   0.007708   0.007339         35        640: 100%|██████████| 72/72 00:23
Class     Images  Instances          P          R      mAP50   mAP50-95: 100%|██████████| 8/8 00:02
all       1000        641      0.558      0.194      0.185     0.0752
Epoch    GPU_mem   box_loss   obj_loss   cls_loss  Instances       Size
11/99      13.9G    0.04666   0.007565   0.006995         25        640: 100%|██████████| 72/72 00:22
Class     Images  Instances          P          R      mAP50   mAP50-95: 100%|██████████| 8/8 00:02
all       1000        641      0.722      0.301      0.341      0.142
Epoch    GPU_mem   box_loss   obj_loss   cls_loss  Instances       Size
12/99      13.9G     0.0461   0.007398   0.007084         19        640: 100%|██████████| 72/72 00:25
Class     Images  Instances          P          R      mAP50   mAP50-95: 100%|██████████| 8/8 00:06
all       1000        641      0.515      0.224      0.189     0.0778
Epoch    GPU_mem   box_loss   obj_loss   cls_loss  Instances       Size
13/99      13.9G    0.04448   0.007308   0.006325         20        640: 100%|██████████| 72/72 00:20
Class     Images  Instances          P          R      mAP50   mAP50-95: 100%|██████████| 8/8 00:02
all       1000        641      0.702      0.338      0.369      0.165
Epoch    GPU_mem   box_loss   obj_loss   cls_loss  Instances       Size
14/99      13.9G    0.04423   0.007237   0.006193         34        640: 100%|██████████| 72/72 00:21
Class     Images  Instances          P          R      mAP50   mAP50-95: 100%|██████████| 8/8 00:02
all       1000        641      0.755      0.311      0.358      0.168
Epoch    GPU_mem   box_loss   obj_loss   cls_loss  Instances       Size
15/99      13.9G    0.04408   0.007041   0.006216         27        640: 100%|██████████| 72/72 00:26
Class     Images  Instances          P          R      mAP50   mAP50-95: 100%|██████████| 8/8 00:03
all       1000        641      0.694      0.255      0.287      0.115
Epoch    GPU_mem   box_loss   obj_loss   cls_loss  Instances       Size
16/99      13.9G    0.04333   0.007326   0.005905         39        640: 100%|██████████| 72/72 00:23
Class     Images  Instances          P          R      mAP50   mAP50-95: 100%|██████████| 8/8 00:02
all       1000        641      0.674      0.335      0.351      0.167
Epoch    GPU_mem   box_loss   obj_loss   cls_loss  Instances       Size
17/99      13.9G    0.04257   0.006953   0.005898         32        640: 100%|██████████| 72/72 00:21
Class     Images  Instances          P          R      mAP50   mAP50-95: 100%|██████████| 8/8 00:02
all       1000        641      0.652      0.315      0.336      0.148
Epoch    GPU_mem   box_loss   obj_loss   cls_loss  Instances       Size
18/99      13.9G    0.04139   0.007014   0.005313         22        640: 100%|██████████| 72/72 00:23
Class     Images  Instances          P          R      mAP50   mAP50-95: 100%|██████████| 8/8 00:04
all       1000        641       0.65      0.353      0.344      0.144
Epoch    GPU_mem   box_loss   obj_loss   cls_loss  Instances       Size
19/99      13.9G     0.0412   0.007041   0.005214         30        640: 100%|██████████| 72/72 00:20
Class     Images  Instances          P          R      mAP50   mAP50-95: 100%|██████████| 8/8 00:02
all       1000        641      0.679      0.371      0.384       0.18
Epoch    GPU_mem   box_loss   obj_loss   cls_loss  Instances       Size
20/99      13.9G    0.04018   0.006819   0.004661         38        640: 100%|██████████| 72/72 00:23
Class     Images  Instances          P          R      mAP50   mAP50-95: 100%|██████████| 8/8 00:03
all       1000        641      0.721      0.326       0.38      0.185
Epoch    GPU_mem   box_loss   obj_loss   cls_loss  Instances       Size
21/99      13.9G    0.04052   0.006542   0.004917         25        640: 100%|██████████| 72/72 00:23
Class     Images  Instances          P          R      mAP50   mAP50-95: 100%|██████████| 8/8 00:04
all       1000        641      0.695      0.318      0.357       0.17
Epoch    GPU_mem   box_loss   obj_loss   cls_loss  Instances       Size
22/99      13.9G    0.04011   0.006638   0.004373         32        640: 100%|██████████| 72/72 00:21
Class     Images  Instances          P          R      mAP50   mAP50-95: 100%|██████████| 8/8 00:02
all       1000        641       0.76       0.35       0.39      0.202
Epoch    GPU_mem   box_loss   obj_loss   cls_loss  Instances       Size
23/99      13.9G    0.03994   0.006659   0.004322         34        640: 100%|██████████| 72/72 00:22
Class     Images  Instances          P          R      mAP50   mAP50-95: 100%|██████████| 8/8 00:03
all       1000        641      0.738      0.359      0.395      0.183
Epoch    GPU_mem   box_loss   obj_loss   cls_loss  Instances       Size
24/99      13.9G    0.03802   0.006219   0.003611         35        640: 100%|██████████| 72/72 00:21
Class     Images  Instances          P          R      mAP50   mAP50-95: 100%|██████████| 8/8 00:02
all       1000        641      0.731      0.329      0.373      0.184
Epoch    GPU_mem   box_loss   obj_loss   cls_loss  Instances       Size
25/99      13.9G     0.0384   0.006208   0.004144         28        640: 100%|██████████| 72/72 00:24
Class     Images  Instances          P          R      mAP50   mAP50-95: 100%|██████████| 8/8 00:03
all       1000        641      0.775      0.349      0.396      0.196
Epoch    GPU_mem   box_loss   obj_loss   cls_loss  Instances       Size
26/99      13.9G     0.0384   0.006308   0.003871         20        640: 100%|██████████| 72/72 00:21
Class     Images  Instances          P          R      mAP50   mAP50-95: 100%|██████████| 8/8 00:02
all       1000        641      0.754      0.322      0.391      0.188
Epoch    GPU_mem   box_loss   obj_loss   cls_loss  Instances       Size
27/99      13.9G    0.03692   0.006245   0.003235         30        640: 100%|██████████| 72/72 00:24
Class     Images  Instances          P          R      mAP50   mAP50-95: 100%|██████████| 8/8 00:02
all       1000        641      0.753      0.353        0.4      0.202
Epoch    GPU_mem   box_loss   obj_loss   cls_loss  Instances       Size
28/99      13.9G    0.03696   0.006208    0.00356         36        640: 100%|██████████| 72/72 00:28
Class     Images  Instances          P          R      mAP50   mAP50-95: 100%|██████████| 8/8 00:06
all       1000        641      0.789      0.326      0.388      0.203
Epoch    GPU_mem   box_loss   obj_loss   cls_loss  Instances       Size
29/99      13.9G    0.03629   0.006309    0.00342         34        640: 100%|██████████| 72/72 00:22
Class     Images  Instances          P          R      mAP50   mAP50-95: 100%|██████████| 8/8 00:02
all       1000        641      0.663      0.343      0.347       0.16
Epoch    GPU_mem   box_loss   obj_loss   cls_loss  Instances       Size
30/99      13.9G    0.03608   0.006298   0.002956         20        640: 100%|██████████| 72/72 00:27
Class     Images  Instances          P          R      mAP50   mAP50-95: 100%|██████████| 8/8 00:02
all       1000        641      0.687      0.392      0.398      0.189
Epoch    GPU_mem   box_loss   obj_loss   cls_loss  Instances       Size
31/99      13.9G    0.03598   0.006263    0.00301         29        640: 100%|██████████| 72/72 00:29
Class     Images  Instances          P          R      mAP50   mAP50-95: 100%|██████████| 8/8 00:02
all       1000        641      0.759      0.301      0.339      0.159
Epoch    GPU_mem   box_loss   obj_loss   cls_loss  Instances       Size
32/99      13.9G    0.03594   0.006168   0.003767         29        640: 100%|██████████| 72/72 00:27
Class     Images  Instances          P          R      mAP50   mAP50-95: 100%|██████████| 8/8 00:02
all       1000        641      0.709      0.338      0.363      0.179
Epoch    GPU_mem   box_loss   obj_loss   cls_loss  Instances       Size
33/99      13.9G     0.0351   0.006017   0.003298         33        640: 100%|██████████| 72/72 00:27
Class     Images  Instances          P          R      mAP50   mAP50-95: 100%|██████████| 8/8 00:05
all       1000        641      0.723       0.36      0.399      0.208
Epoch    GPU_mem   box_loss   obj_loss   cls_loss  Instances       Size
34/99      13.9G    0.03485   0.005907     0.0034         27        640: 100%|██████████| 72/72 00:24
Class     Images  Instances          P          R      mAP50   mAP50-95: 100%|██████████| 8/8 00:02
all       1000        641      0.711      0.388      0.408      0.204
Epoch    GPU_mem   box_loss   obj_loss   cls_loss  Instances       Size
35/99      13.9G    0.03448   0.005884   0.002842         27        640: 100%|██████████| 72/72 00:27
Class     Images  Instances          P          R      mAP50   mAP50-95: 100%|██████████| 8/8 00:02
all       1000        641      0.827      0.353      0.436      0.248
Epoch    GPU_mem   box_loss   obj_loss   cls_loss  Instances       Size
36/99      13.9G    0.03402   0.005869   0.003416         31        640: 100%|██████████| 72/72 00:25
Class     Images  Instances          P          R      mAP50   mAP50-95: 100%|██████████| 8/8 00:02
all       1000        641       0.73      0.375      0.391      0.199
Epoch    GPU_mem   box_loss   obj_loss   cls_loss  Instances       Size
37/99      13.9G    0.03356   0.005751   0.002617         32        640: 100%|██████████| 72/72 00:29
Class     Images  Instances          P          R      mAP50   mAP50-95: 100%|██████████| 8/8 00:02
all       1000        641      0.797      0.378      0.417      0.216
Epoch    GPU_mem   box_loss   obj_loss   cls_loss  Instances       Size
38/99      13.9G    0.03319   0.005597   0.002641         36        640: 100%|██████████| 72/72 00:25
Class     Images  Instances          P          R      mAP50   mAP50-95: 100%|██████████| 8/8 00:04
all       1000        641      0.749      0.382      0.397      0.199
Epoch    GPU_mem   box_loss   obj_loss   cls_loss  Instances       Size
39/99      13.9G    0.03311   0.005636   0.002226         25        640: 100%|██████████| 72/72 00:28
Class     Images  Instances          P          R      mAP50   mAP50-95: 100%|██████████| 8/8 00:02
all       1000        641      0.747      0.418      0.426      0.222
Epoch    GPU_mem   box_loss   obj_loss   cls_loss  Instances       Size
40/99      13.9G    0.03282   0.005518   0.002809         33        640: 100%|██████████| 72/72 00:25
Class     Images  Instances          P          R      mAP50   mAP50-95: 100%|██████████| 8/8 00:02
all       1000        641      0.794      0.346       0.41      0.219
Epoch    GPU_mem   box_loss   obj_loss   cls_loss  Instances       Size
41/99      13.9G    0.03227   0.005554   0.002361         28        640: 100%|██████████| 72/72 00:29
Class     Images  Instances          P          R      mAP50   mAP50-95: 100%|██████████| 8/8 00:02
all       1000        641      0.796      0.366      0.421      0.214
Epoch    GPU_mem   box_loss   obj_loss   cls_loss  Instances       Size
42/99      13.9G     0.0322   0.005414   0.002446         28        640: 100%|██████████| 72/72 00:24
Class     Images  Instances          P          R      mAP50   mAP50-95: 100%|██████████| 8/8 00:02
all       1000        641      0.716      0.355      0.361      0.175
Epoch    GPU_mem   box_loss   obj_loss   cls_loss  Instances       Size
43/99      13.9G    0.03182   0.005393   0.002535         37        640: 100%|██████████| 72/72 00:24
Class     Images  Instances          P          R      mAP50   mAP50-95: 100%|██████████| 8/8 00:02
all       1000        641      0.769      0.356      0.407      0.208
Epoch    GPU_mem   box_loss   obj_loss   cls_loss  Instances       Size
44/99      13.9G    0.03163   0.005434   0.002033         19        640: 100%|██████████| 72/72 00:26
Class     Images  Instances          P          R      mAP50   mAP50-95: 100%|██████████| 8/8 00:03
all       1000        641      0.729      0.415      0.432      0.228
Epoch    GPU_mem   box_loss   obj_loss   cls_loss  Instances       Size
45/99      13.9G    0.03149   0.005289   0.002288         25        640: 100%|██████████| 72/72 00:27
Class     Images  Instances          P          R      mAP50   mAP50-95: 100%|██████████| 8/8 00:03
all       1000        641      0.738      0.413      0.438      0.229
Epoch    GPU_mem   box_loss   obj_loss   cls_loss  Instances       Size
46/99      13.9G    0.03129    0.00528   0.002469         37        640: 100%|██████████| 72/72 00:28
Class     Images  Instances          P          R      mAP50   mAP50-95: 100%|██████████| 8/8 00:02
all       1000        641      0.754      0.383      0.429      0.221
Epoch    GPU_mem   box_loss   obj_loss   cls_loss  Instances       Size
47/99      13.9G     0.0307    0.00522   0.001833         25        640: 100%|██████████| 72/72 00:27
Class     Images  Instances          P          R      mAP50   mAP50-95: 100%|██████████| 8/8 00:02
all       1000        641      0.791      0.363      0.421      0.232
Epoch    GPU_mem   box_loss   obj_loss   cls_loss  Instances       Size
48/99      13.9G    0.03024   0.005187   0.002332         23        640: 100%|██████████| 72/72 00:23
Class     Images  Instances          P          R      mAP50   mAP50-95: 100%|██████████| 8/8 00:02
all       1000        641      0.738      0.379      0.412      0.212
Epoch    GPU_mem   box_loss   obj_loss   cls_loss  Instances       Size
49/99      13.9G    0.03048    0.00535   0.002232         35        640: 100%|██████████| 72/72 00:23
Class     Images  Instances          P          R      mAP50   mAP50-95: 100%|██████████| 8/8 00:03
all       1000        641      0.803      0.375       0.43      0.238
Epoch    GPU_mem   box_loss   obj_loss   cls_loss  Instances       Size
50/99      13.9G     0.0299   0.005062   0.001878         42        640: 100%|██████████| 72/72 00:28
Class     Images  Instances          P          R      mAP50   mAP50-95: 100%|██████████| 8/8 00:02
all       1000        641      0.778       0.36      0.419      0.231
Epoch    GPU_mem   box_loss   obj_loss   cls_loss  Instances       Size
51/99      13.9G    0.02979   0.005137   0.001774         27        640: 100%|██████████| 72/72 00:21
Class     Images  Instances          P          R      mAP50   mAP50-95: 100%|██████████| 8/8 00:02
all       1000        641      0.787      0.357        0.4      0.218
Epoch    GPU_mem   box_loss   obj_loss   cls_loss  Instances       Size
52/99      13.9G    0.02891   0.004948   0.001823         30        640: 100%|██████████| 72/72 00:26
Class     Images  Instances          P          R      mAP50   mAP50-95: 100%|██████████| 8/8 00:05
all       1000        641      0.789      0.415      0.456      0.252
Epoch    GPU_mem   box_loss   obj_loss   cls_loss  Instances       Size
53/99      13.9G    0.02887   0.005014   0.001898         27        640: 100%|██████████| 72/72 00:24
Class     Images  Instances          P          R      mAP50   mAP50-95: 100%|██████████| 8/8 00:02
all       1000        641      0.754      0.399      0.446      0.237
Epoch    GPU_mem   box_loss   obj_loss   cls_loss  Instances       Size
54/99      13.9G    0.02855   0.004903   0.001872         32        640: 100%|██████████| 72/72 00:24
Class     Images  Instances          P          R      mAP50   mAP50-95: 100%|██████████| 8/8 00:02
all       1000        641      0.826      0.366       0.44      0.237
Epoch    GPU_mem   box_loss   obj_loss   cls_loss  Instances       Size
55/99      13.9G    0.02823   0.004926    0.00158         36        640: 100%|██████████| 72/72 00:24
Class     Images  Instances          P          R      mAP50   mAP50-95: 100%|██████████| 8/8 00:06
all       1000        641      0.814      0.364      0.419       0.23
Epoch    GPU_mem   box_loss   obj_loss   cls_loss  Instances       Size
56/99      13.9G    0.02792   0.004792   0.001701         36        640: 100%|██████████| 72/72 00:20
Class     Images  Instances          P          R      mAP50   mAP50-95: 100%|██████████| 8/8 00:03
all       1000        641      0.769      0.388      0.438      0.235
Epoch    GPU_mem   box_loss   obj_loss   cls_loss  Instances       Size
57/99      13.9G    0.02814   0.004923   0.001468         27        640: 100%|██████████| 72/72 00:25
Class     Images  Instances          P          R      mAP50   mAP50-95: 100%|██████████| 8/8 00:02
all       1000        641      0.746      0.431      0.447      0.247
Epoch    GPU_mem   box_loss   obj_loss   cls_loss  Instances       Size
58/99      13.9G    0.02782    0.00466   0.001625         27        640: 100%|██████████| 72/72 00:26
Class     Images  Instances          P          R      mAP50   mAP50-95: 100%|██████████| 8/8 00:02
all       1000        641      0.772      0.392      0.428      0.238
Epoch    GPU_mem   box_loss   obj_loss   cls_loss  Instances       Size
59/99      13.9G    0.02804   0.004593   0.001583         32        640: 100%|██████████| 72/72 00:26
Class     Images  Instances          P          R      mAP50   mAP50-95: 100%|██████████| 8/8 00:02
all       1000        641      0.736      0.416      0.448      0.245
Epoch    GPU_mem   box_loss   obj_loss   cls_loss  Instances       Size
60/99      13.9G    0.02735   0.004735   0.001238         41        640: 100%|██████████| 72/72 00:24
Class     Images  Instances          P          R      mAP50   mAP50-95: 100%|██████████| 8/8 00:02
all       1000        641       0.81      0.375      0.442      0.252
Epoch    GPU_mem   box_loss   obj_loss   cls_loss  Instances       Size
61/99      13.9G    0.02705   0.004676   0.001487         22        640: 100%|██████████| 72/72 00:28
Class     Images  Instances          P          R      mAP50   mAP50-95: 100%|██████████| 8/8 00:05
all       1000        641      0.794      0.364      0.423      0.237
Epoch    GPU_mem   box_loss   obj_loss   cls_loss  Instances       Size
62/99      13.9G    0.02675   0.004629   0.001361         34        640: 100%|██████████| 72/72 00:21
Class     Images  Instances          P          R      mAP50   mAP50-95: 100%|██████████| 8/8 00:02
all       1000        641      0.787      0.418      0.467      0.267
Epoch    GPU_mem   box_loss   obj_loss   cls_loss  Instances       Size
63/99      13.9G    0.02665   0.004422   0.001181         31        640: 100%|██████████| 72/72 00:25
Class     Images  Instances          P          R      mAP50   mAP50-95: 100%|██████████| 8/8 00:02
all       1000        641      0.794      0.387      0.438      0.237
Epoch    GPU_mem   box_loss   obj_loss   cls_loss  Instances       Size
64/99      13.9G    0.02586   0.004421   0.001513         25        640: 100%|██████████| 72/72 00:26
Class     Images  Instances          P          R      mAP50   mAP50-95: 100%|██████████| 8/8 00:06
all       1000        641      0.751      0.408      0.443      0.246
Epoch    GPU_mem   box_loss   obj_loss   cls_loss  Instances       Size
65/99      13.9G     0.0257   0.004389   0.001198         41        640: 100%|██████████| 72/72 00:21
Class     Images  Instances          P          R      mAP50   mAP50-95: 100%|██████████| 8/8 00:02
all       1000        641      0.821      0.394      0.453      0.259
Epoch    GPU_mem   box_loss   obj_loss   cls_loss  Instances       Size
66/99      13.9G    0.02568   0.004437   0.001103         35        640: 100%|██████████| 72/72 00:25
Class     Images  Instances          P          R      mAP50   mAP50-95: 100%|██████████| 8/8 00:02
all       1000        641      0.747      0.384      0.433      0.241
Epoch    GPU_mem   box_loss   obj_loss   cls_loss  Instances       Size
67/99      13.9G    0.02518   0.004419   0.001283         27        640: 100%|██████████| 72/72 00:25
Class     Images  Instances          P          R      mAP50   mAP50-95: 100%|██████████| 8/8 00:05
all       1000        641       0.82      0.353      0.426      0.238
Epoch    GPU_mem   box_loss   obj_loss   cls_loss  Instances       Size
68/99      13.9G    0.02564   0.004386   0.001191         44        640: 100%|██████████| 72/72 00:26
Class     Images  Instances          P          R      mAP50   mAP50-95: 100%|██████████| 8/8 00:03
all       1000        641      0.813      0.366      0.439      0.248
Epoch    GPU_mem   box_loss   obj_loss   cls_loss  Instances       Size
69/99      13.9G    0.02508   0.004262   0.001412         35        640: 100%|██████████| 72/72 00:27
Class     Images  Instances          P          R      mAP50   mAP50-95: 100%|██████████| 8/8 00:02
all       1000        641      0.804      0.366      0.442      0.242
Epoch    GPU_mem   box_loss   obj_loss   cls_loss  Instances       Size
70/99      13.9G    0.02551   0.004273   0.001249         25        640: 100%|██████████| 72/72 00:28
Class     Images  Instances          P          R      mAP50   mAP50-95: 100%|██████████| 8/8 00:02
all       1000        641      0.781      0.411      0.453      0.246
Epoch    GPU_mem   box_loss   obj_loss   cls_loss  Instances       Size
71/99      13.9G    0.02479   0.004308   0.001003         40        640: 100%|██████████| 72/72 00:25
Class     Images  Instances          P          R      mAP50   mAP50-95: 100%|██████████| 8/8 00:02
all       1000        641      0.771      0.403       0.46      0.255
Epoch    GPU_mem   box_loss   obj_loss   cls_loss  Instances       Size
72/99      13.9G     0.0246   0.004271   0.001204         39        640: 100%|██████████| 72/72 00:27
Class     Images  Instances          P          R      mAP50   mAP50-95: 100%|██████████| 8/8 00:01
all       1000        641      0.745      0.401      0.455      0.253
Epoch    GPU_mem   box_loss   obj_loss   cls_loss  Instances       Size
73/99      13.9G    0.02422   0.004455   0.001139         28        640: 100%|██████████| 72/72 00:22
Class     Images  Instances          P          R      mAP50   mAP50-95: 100%|██████████| 8/8 00:02
all       1000        641       0.81      0.375      0.438      0.235
Epoch    GPU_mem   box_loss   obj_loss   cls_loss  Instances       Size
74/99      13.9G    0.02393   0.004138   0.001018         37        640: 100%|██████████| 72/72 00:22
Class     Images  Instances          P          R      mAP50   mAP50-95: 100%|██████████| 8/8 00:02
all       1000        641      0.771       0.39       0.44      0.241
Epoch    GPU_mem   box_loss   obj_loss   cls_loss  Instances       Size
75/99      13.9G    0.02345   0.004134  0.0008623         38        640: 100%|██████████| 72/72 00:23
Class     Images  Instances          P          R      mAP50   mAP50-95: 100%|██████████| 8/8 00:02
all       1000        641      0.757      0.403      0.443      0.237
Epoch    GPU_mem   box_loss   obj_loss   cls_loss  Instances       Size
76/99      13.9G    0.02321   0.004125  0.0007748         26        640: 100%|██████████| 72/72 00:26
Class     Images  Instances          P          R      mAP50   mAP50-95: 100%|██████████| 8/8 00:02
all       1000        641      0.784        0.4      0.451      0.247
Epoch    GPU_mem   box_loss   obj_loss   cls_loss  Instances       Size
77/99      13.9G    0.02364   0.004034   0.001027         32        640: 100%|██████████| 72/72 00:23
Class     Images  Instances          P          R      mAP50   mAP50-95: 100%|██████████| 8/8 00:02
all       1000        641      0.759        0.4      0.444      0.254
Epoch    GPU_mem   box_loss   obj_loss   cls_loss  Instances       Size
78/99      13.9G    0.02325   0.003943  0.0009458         39        640: 100%|██████████| 72/72 00:22
Class     Images  Instances          P          R      mAP50   mAP50-95: 100%|██████████| 8/8 00:02
all       1000        641      0.813      0.367      0.438      0.247
Epoch    GPU_mem   box_loss   obj_loss   cls_loss  Instances       Size
79/99      13.9G    0.02261   0.004111  0.0007989         41        640: 100%|██████████| 72/72 00:25
Class     Images  Instances          P          R      mAP50   mAP50-95: 100%|██████████| 8/8 00:02
all       1000        641      0.768      0.394      0.451      0.253
Epoch    GPU_mem   box_loss   obj_loss   cls_loss  Instances       Size
80/99      13.9G    0.02274   0.003995  0.0008808         32        640: 100%|██████████| 72/72 00:27
Class     Images  Instances          P          R      mAP50   mAP50-95: 100%|██████████| 8/8 00:02
all       1000        641      0.829      0.368      0.439      0.248
Epoch    GPU_mem   box_loss   obj_loss   cls_loss  Instances       Size
81/99      13.9G    0.02244   0.003998  0.0008417         24        640: 100%|██████████| 72/72 00:24
Class     Images  Instances          P          R      mAP50   mAP50-95: 100%|██████████| 8/8 00:02
all       1000        641      0.789      0.397      0.454      0.258
Epoch    GPU_mem   box_loss   obj_loss   cls_loss  Instances       Size
82/99      13.9G    0.02211   0.003851  0.0009615         38        640: 100%|██████████| 72/72 00:28
Class     Images  Instances          P          R      mAP50   mAP50-95: 100%|██████████| 8/8 00:02
all       1000        641      0.783      0.401      0.454      0.261
Epoch    GPU_mem   box_loss   obj_loss   cls_loss  Instances       Size
83/99      13.9G    0.02213   0.003905  0.0008195         24        640: 100%|██████████| 72/72 00:24
Class     Images  Instances          P          R      mAP50   mAP50-95: 100%|██████████| 8/8 00:02
all       1000        641      0.819      0.373      0.436      0.247
Epoch    GPU_mem   box_loss   obj_loss   cls_loss  Instances       Size
84/99      13.9G    0.02184   0.003788  0.0005448         30        640: 100%|██████████| 72/72 00:27
Class     Images  Instances          P          R      mAP50   mAP50-95: 100%|██████████| 8/8 00:02
all       1000        641      0.811      0.388      0.456      0.258
Epoch    GPU_mem   box_loss   obj_loss   cls_loss  Instances       Size
85/99      13.9G    0.02227   0.003891  0.0008526         34        640: 100%|██████████| 72/72 00:25
Class     Images  Instances          P          R      mAP50   mAP50-95: 100%|██████████| 8/8 00:02
all       1000        641       0.76        0.4      0.448      0.257
Epoch    GPU_mem   box_loss   obj_loss   cls_loss  Instances       Size
86/99      13.9G    0.02162   0.003693  0.0007393         22        640: 100%|██████████| 72/72 00:26
Class     Images  Instances          P          R      mAP50   mAP50-95: 100%|██████████| 8/8 00:03
all       1000        641      0.763      0.392      0.432      0.247
Epoch    GPU_mem   box_loss   obj_loss   cls_loss  Instances       Size
87/99      13.9G    0.02169   0.003903  0.0007322         29        640: 100%|██████████| 72/72 00:21
Class     Images  Instances          P          R      mAP50   mAP50-95: 100%|██████████| 8/8 00:02
all       1000        641      0.792      0.383      0.441      0.253
Epoch    GPU_mem   box_loss   obj_loss   cls_loss  Instances       Size
88/99      13.9G    0.02147   0.003831  0.0009489         27        640: 100%|██████████| 72/72 00:25
Class     Images  Instances          P          R      mAP50   mAP50-95: 100%|██████████| 8/8 00:02
all       1000        641      0.799      0.403      0.454       0.26
Epoch    GPU_mem   box_loss   obj_loss   cls_loss  Instances       Size
89/99      13.9G     0.0209   0.003725  0.0007535         26        640: 100%|██████████| 72/72 00:24
Class     Images  Instances          P          R      mAP50   mAP50-95: 100%|██████████| 8/8 00:03
all       1000        641      0.802      0.385      0.449      0.254
Epoch    GPU_mem   box_loss   obj_loss   cls_loss  Instances       Size
90/99      13.9G    0.02097   0.003859  0.0006252         25        640: 100%|██████████| 72/72 00:28
Class     Images  Instances          P          R      mAP50   mAP50-95: 100%|██████████| 8/8 00:04
all       1000        641      0.866      0.373      0.451      0.253
Epoch    GPU_mem   box_loss   obj_loss   cls_loss  Instances       Size
91/99      13.9G     0.0206    0.00377  0.0006974         21        640: 100%|██████████| 72/72 00:21
Class     Images  Instances          P          R      mAP50   mAP50-95: 100%|██████████| 8/8 00:02
all       1000        641      0.861      0.368      0.452      0.258
Epoch    GPU_mem   box_loss   obj_loss   cls_loss  Instances       Size
92/99      13.9G    0.02048   0.003762  0.0006546         31        640: 100%|██████████| 72/72 00:27
Class     Images  Instances          P          R      mAP50   mAP50-95: 100%|██████████| 8/8 00:02
all       1000        641       0.79        0.4      0.455      0.261
Epoch    GPU_mem   box_loss   obj_loss   cls_loss  Instances       Size
93/99      13.9G    0.02037   0.003703  0.0007762         29        640: 100%|██████████| 72/72 00:25
Class     Images  Instances          P          R      mAP50   mAP50-95: 100%|██████████| 8/8 00:02
all       1000        641      0.801      0.396      0.453       0.26
Epoch    GPU_mem   box_loss   obj_loss   cls_loss  Instances       Size
94/99      13.9G    0.02003   0.003637  0.0007708         47        640: 100%|██████████| 72/72 00:28
Class     Images  Instances          P          R      mAP50   mAP50-95: 100%|██████████| 8/8 00:05
all       1000        641      0.821      0.398      0.459      0.264
Epoch    GPU_mem   box_loss   obj_loss   cls_loss  Instances       Size
95/99      13.9G    0.01993   0.003527  0.0004731         36        640: 100%|██████████| 72/72 00:21
Class     Images  Instances          P          R      mAP50   mAP50-95: 100%|██████████| 8/8 00:02
all       1000        641      0.823      0.389      0.454      0.264
Epoch    GPU_mem   box_loss   obj_loss   cls_loss  Instances       Size
96/99      13.9G    0.01966   0.003625  0.0005515         25        640: 100%|██████████| 72/72 00:24
Class     Images  Instances          P          R      mAP50   mAP50-95: 100%|██████████| 8/8 00:02
all       1000        641      0.852      0.383      0.453      0.262
Epoch    GPU_mem   box_loss   obj_loss   cls_loss  Instances       Size
97/99      13.9G    0.01984   0.003613   0.000768         37        640: 100%|██████████| 72/72 00:24
Class     Images  Instances          P          R      mAP50   mAP50-95: 100%|██████████| 8/8 00:04
all       1000        641      0.852      0.377      0.454      0.261
Epoch    GPU_mem   box_loss   obj_loss   cls_loss  Instances       Size
98/99      13.9G    0.01959   0.003714  0.0005635         37        640: 100%|██████████| 72/72 00:21
Class     Images  Instances          P          R      mAP50   mAP50-95: 100%|██████████| 8/8 00:02
all       1000        641      0.815      0.395      0.455      0.261
Epoch    GPU_mem   box_loss   obj_loss   cls_loss  Instances       Size
99/99      13.9G    0.01888   0.003582  0.0006364         27        640: 100%|██████████| 72/72 00:24
Class     Images  Instances          P          R      mAP50   mAP50-95: 100%|██████████| 8/8 00:02
all       1000        641      0.825      0.394      0.453       0.26
100 epochs completed in 0.793 hours.
Optimizer stripped from /home/lijinhe/work/YOLO_Retraining/runs/studies/balance_learning_curve_2batch/sequences/Balance_Learning_Curve_random_s41__seq-full-cold__stage0-stage7__yolov5s__s42/tasks/004__stage4__full-cold/backend/yolov5/train/weights/last.pt, 14.4MB
Optimizer stripped from /home/lijinhe/work/YOLO_Retraining/runs/studies/balance_learning_curve_2batch/sequences/Balance_Learning_Curve_random_s41__seq-full-cold__stage0-stage7__yolov5s__s42/tasks/004__stage4__full-cold/backend/yolov5/train/weights/best.pt, 14.4MB
Validating /home/lijinhe/work/YOLO_Retraining/runs/studies/balance_learning_curve_2batch/sequences/Balance_Learning_Curve_random_s41__seq-full-cold__stage0-stage7__yolov5s__s42/tasks/004__stage4__full-cold/backend/yolov5/train/weights/best.pt...
Fusing layers...
Model summary: 157 layers, 7020913 parameters, 0 gradients, 15.8 GFLOPs
Class     Images  Instances          P          R      mAP50   mAP50-95: 100%|██████████| 8/8 00:02
all       1000        641      0.786      0.418      0.467      0.267
large luggage       1000        410       0.62      0.451      0.498      0.256
stroller       1000        169       0.71      0.521      0.589      0.302
wheelchair       1000         53      0.816      0.698      0.775      0.506
flatbed truck       1000          9          1          0    0.00796    0.00524
Results saved to /home/lijinhe/work/YOLO_Retraining/runs/studies/balance_learning_curve_2batch/sequences/Balance_Learning_Curve_random_s41__seq-full-cold__stage0-stage7__yolov5s__s42/tasks/004__stage4__full-cold/backend/yolov5/train
terminate called without an active exception
Exception ignored in: <function _MultiProcessingDataLoaderIter.__del__ at 0x7f06edb7a830>
Traceback (most recent call last):
File "/home/lijinhe/miniforge3/envs/yolo-retraining-v5/lib/python3.10/site-packages/torch/utils/data/dataloader.py", line 1479, in __del__
self._shutdown_workers()
File "/home/lijinhe/miniforge3/envs/yolo-retraining-v5/lib/python3.10/site-packages/torch/utils/data/dataloader.py", line 1443, in _shutdown_workers
w.join(timeout=_utils.MP_STATUS_CHECK_INTERVAL)
File "/home/lijinhe/miniforge3/envs/yolo-retraining-v5/lib/python3.10/multiprocessing/process.py", line 149, in join
res = self._popen.wait(timeout)
File "/home/lijinhe/miniforge3/envs/yolo-retraining-v5/lib/python3.10/multiprocessing/popen_fork.py", line 40, in wait
if not wait([self.sentinel], timeout):
File "/home/lijinhe/miniforge3/envs/yolo-retraining-v5/lib/python3.10/multiprocessing/connection.py", line 931, in wait
ready = selector.select(timeout)
File "/home/lijinhe/miniforge3/envs/yolo-retraining-v5/lib/python3.10/selectors.py", line 416, in select
fd_event_list = self._selector.poll(timeout)
File "/home/lijinhe/miniforge3/envs/yolo-retraining-v5/lib/python3.10/site-packages/torch/utils/data/_utils/signal_handling.py", line 66, in handler
_error_if_any_worker_fails()
RuntimeError: DataLoader worker (pid 2769714) is killed by signal: Aborted.
terminate called without an active exception
Exception ignored in: <function _MultiProcessingDataLoaderIter.__del__ at 0x7f06edb7a830>
Traceback (most recent call last):
File "/home/lijinhe/miniforge3/envs/yolo-retraining-v5/lib/python3.10/site-packages/torch/utils/data/dataloader.py", line 1479, in __del__
self._shutdown_workers()
File "/home/lijinhe/miniforge3/envs/yolo-retraining-v5/lib/python3.10/site-packages/torch/utils/data/dataloader.py", line 1443, in _shutdown_workers
w.join(timeout=_utils.MP_STATUS_CHECK_INTERVAL)
File "/home/lijinhe/miniforge3/envs/yolo-retraining-v5/lib/python3.10/multiprocessing/process.py", line 149, in join
res = self._popen.wait(timeout)
File "/home/lijinhe/miniforge3/envs/yolo-retraining-v5/lib/python3.10/multiprocessing/popen_fork.py", line 40, in wait
if not wait([self.sentinel], timeout):
File "/home/lijinhe/miniforge3/envs/yolo-retraining-v5/lib/python3.10/multiprocessing/connection.py", line 931, in wait
ready = selector.select(timeout)
File "/home/lijinhe/miniforge3/envs/yolo-retraining-v5/lib/python3.10/selectors.py", line 416, in select
fd_event_list = self._selector.poll(timeout)
File "/home/lijinhe/miniforge3/envs/yolo-retraining-v5/lib/python3.10/site-packages/torch/utils/data/_utils/signal_handling.py", line 66, in handler
_error_if_any_worker_fails()
RuntimeError: DataLoader worker (pid 2772735) is killed by signal: Aborted.
[YOLOv5] compacted progress updates: 15766 -> 203 lines
[YOLOv5] coalesced warning: incomplete JPEG accepted read-only; count=5469; by_source=train=4471, val=998
[YOLOv5] warning example: train: WARNING ⚠️ /home/lijinhe/work/YOLO_Retraining/data/self_improving/images/0720_1/00001_1780987846311329_0.jpg: incomplete JPEG accepted read-only
[YOLOv5] warning example: train: WARNING ⚠️ /home/lijinhe/work/YOLO_Retraining/data/self_improving/images/0720_1/00002_1780987856406331_0.jpg: incomplete JPEG accepted read-only
[YOLOv5] warning example: train: WARNING ⚠️ /home/lijinhe/work/YOLO_Retraining/data/self_improving/images/0720_1/00003_1780987872391333_0.jpg: incomplete JPEG accepted read-only
