train: weights=/home/lijinhe/work/YOLO_Retraining/.third_party/yolov5/yolov5s.pt, cfg=, data=/home/lijinhe/work/YOLO_Retraining/runs/studies/balance_learning_curve_2batch_dedup_contrast/sequences/Balance_LC2B_ordered_dedup_tau099__seq-full-cold__stage0-stage7__yolov5s__s42/tasks/006__stage6__full-cold/data/backend_data.yaml, hyp=data/hyps/hyp.scratch-low.yaml, epochs=100, batch_size=64, imgsz=640, rect=False, resume=False, nosave=False, noval=False, noautoanchor=False, noplots=True, evolve=None, bucket=, cache=None, image_weights=False, device=0, multi_scale=False, single_cls=False, optimizer=SGD, sync_bn=False, workers=16, project=/home/lijinhe/work/YOLO_Retraining/runs/studies/balance_learning_curve_2batch_dedup_contrast/sequences/Balance_LC2B_ordered_dedup_tau099__seq-full-cold__stage0-stage7__yolov5s__s42/tasks/006__stage6__full-cold/backend/yolov5, name=train, exist_ok=True, quad=False, cos_lr=False, label_smoothing=0.0, patience=100, freeze=[0], save_period=-1, seed=48, local_rank=-1, entity=None, upload_dataset=False, bbox_interval=-1, artifact_alias=latest
github: skipping check (offline), for updates see https://github.com/ultralytics/yolov5
YOLOv5 🚀 v7.0-0-g915bbf29 Python-3.10.20 torch-2.2.2+cu121 CUDA:0 (NVIDIA H100 PCIe, 81090MiB)
hyperparameters: lr0=0.01, lrf=0.01, momentum=0.937, weight_decay=0.0005, warmup_epochs=3.0, warmup_momentum=0.8, warmup_bias_lr=0.1, box=0.05, cls=0.5, cls_pw=1.0, obj=1.0, obj_pw=1.0, iou_t=0.2, anchor_t=4.0, fl_gamma=0.0, hsv_h=0.015, hsv_s=0.7, hsv_v=0.4, degrees=0.0, translate=0.1, scale=0.5, shear=0.0, perspective=0.0, flipud=0.0, fliplr=0.5, mosaic=1.0, mixup=0.0, copy_paste=0.0
ClearML: run 'pip install clearml' to automatically track, visualize and remotely train YOLOv5 🚀 in ClearML
Comet: run 'pip install comet_ml' to automatically track and visualize YOLOv5 🚀 runs in Comet
TensorBoard: Start with 'tensorboard --logdir /home/lijinhe/work/YOLO_Retraining/runs/studies/balance_learning_curve_2batch_dedup_contrast/sequences/Balance_LC2B_ordered_dedup_tau099__seq-full-cold__stage0-stage7__yolov5s__s42/tasks/006__stage6__full-cold/backend/yolov5', view at http://localhost:6006/
Overriding model.yaml nc=80 with nc=4
from  n    params  module                                  arguments
0                -1  1      3520  models.common.Conv                      [3, 32, 6, 2, 2]
1                -1  1     18560  models.common.Conv                      [32, 64, 3, 2]
2                -1  1     18816  models.common.C3                        [64, 64, 1]
3                -1  1     73984  models.common.Conv                      [64, 128, 3, 2]
4                -1  2    115712  models.common.C3                        [128, 128, 2]
5                -1  1    295424  models.common.Conv                      [128, 256, 3, 2]
6                -1  3    625152  models.common.C3                        [256, 256, 3]
7                -1  1   1180672  models.common.Conv                      [256, 512, 3, 2]
8                -1  1   1182720  models.common.C3                        [512, 512, 1]
9                -1  1    656896  models.common.SPPF                      [512, 512, 5]
10                -1  1    131584  models.common.Conv                      [512, 256, 1, 1]
11                -1  1         0  torch.nn.modules.upsampling.Upsample    [None, 2, 'nearest']
12           [-1, 6]  1         0  models.common.Concat                    [1]
13                -1  1    361984  models.common.C3                        [512, 256, 1, False]
14                -1  1     33024  models.common.Conv                      [256, 128, 1, 1]
15                -1  1         0  torch.nn.modules.upsampling.Upsample    [None, 2, 'nearest']
16           [-1, 4]  1         0  models.common.Concat                    [1]
17                -1  1     90880  models.common.C3                        [256, 128, 1, False]
18                -1  1    147712  models.common.Conv                      [128, 128, 3, 2]
19          [-1, 14]  1         0  models.common.Concat                    [1]
20                -1  1    296448  models.common.C3                        [256, 256, 1, False]
21                -1  1    590336  models.common.Conv                      [256, 256, 3, 2]
22          [-1, 10]  1         0  models.common.Concat                    [1]
23                -1  1   1182720  models.common.C3                        [512, 512, 1, False]
24      [17, 20, 23]  1     24273  models.yolo.Detect                      [4, [[10, 13, 16, 30, 33, 23], [30, 61, 62, 45, 59, 119], [116, 90, 156, 198, 373, 326]], [128, 256, 512]]
Model summary: 214 layers, 7030417 parameters, 7030417 gradients, 16.0 GFLOPs
Transferred 343/349 items from /home/lijinhe/work/YOLO_Retraining/.third_party/yolov5/yolov5s.pt
AMP: checks passed ✅
optimizer: SGD(lr=0.01) with parameter groups 57 weight(decay=0.0), 60 weight(decay=0.0005), 60 bias
train: Scanning /home/lijinhe/work/YOLO_Retraining/runs/studies/balance_learning_curve_2batch_dedup_contrast/sequences/Balance_LC2B_ordered_dedup_tau099__seq-full-cold__stage0-stage7__yolov5s__s42/tasks/006__stage6__full-cold/data/backend_train_images... 5094 images, 2524 backgrounds, 0 corrupt: 100%|██████████| 5094/5094 00:20
train: WARNING ⚠️ /home/lijinhe/work/YOLO_Retraining/data/self_improving/images/0720_11/05168_1784523505059766_0.jpg: 2 duplicate labels removed
train: New cache created: /home/lijinhe/work/YOLO_Retraining/runs/studies/balance_learning_curve_2batch_dedup_contrast/sequences/Balance_LC2B_ordered_dedup_tau099__seq-full-cold__stage0-stage7__yolov5s__s42/tasks/006__stage6__full-cold/data/backend_train_images.cache
val: Scanning /home/lijinhe/work/YOLO_Retraining/runs/studies/balance_learning_curve_2batch_dedup_contrast/sequences/Balance_LC2B_ordered_dedup_tau099__seq-full-cold__stage0-stage7__yolov5s__s42/tasks/006__stage6__full-cold/data/backend_validation_images... 1000 images, 499 backgrounds, 0 corrupt: 100%|██████████| 1000/1000 00:06
val: New cache created: /home/lijinhe/work/YOLO_Retraining/runs/studies/balance_learning_curve_2batch_dedup_contrast/sequences/Balance_LC2B_ordered_dedup_tau099__seq-full-cold__stage0-stage7__yolov5s__s42/tasks/006__stage6__full-cold/data/backend_validation_images.cache
AutoAnchor: 5.62 anchors/target, 1.000 Best Possible Recall (BPR). Current anchors are a good fit to dataset ✅
Image sizes 640 train, 640 val
Using 16 dataloader workers
Logging results to /home/lijinhe/work/YOLO_Retraining/runs/studies/balance_learning_curve_2batch_dedup_contrast/sequences/Balance_LC2B_ordered_dedup_tau099__seq-full-cold__stage0-stage7__yolov5s__s42/tasks/006__stage6__full-cold/backend/yolov5/train
Starting training for 100 epochs...
Epoch    GPU_mem   box_loss   obj_loss   cls_loss  Instances       Size
0/99      13.9G    0.09154    0.01798    0.03057         43        640: 100%|██████████| 80/80 00:34
Class     Images  Instances          P          R      mAP50   mAP50-95: 100%|██████████| 8/8 00:18
all       1000        641      0.794     0.0445     0.0634     0.0165
Epoch    GPU_mem   box_loss   obj_loss   cls_loss  Instances       Size
1/99      13.9G    0.06531    0.01377    0.01617         44        640: 100%|██████████| 80/80 00:29
Class     Images  Instances          P          R      mAP50   mAP50-95: 100%|██████████| 8/8 00:13
all       1000        641      0.736      0.142      0.189     0.0671
Epoch    GPU_mem   box_loss   obj_loss   cls_loss  Instances       Size
2/99      13.9G    0.06006    0.01143    0.01466         43        640: 100%|██████████| 80/80 00:32
Class     Images  Instances          P          R      mAP50   mAP50-95: 100%|██████████| 8/8 00:14
all       1000        641       0.39       0.31      0.155     0.0588
Epoch    GPU_mem   box_loss   obj_loss   cls_loss  Instances       Size
3/99      13.9G    0.05764    0.01095    0.01353         32        640: 100%|██████████| 80/80 00:28
Class     Images  Instances          P          R      mAP50   mAP50-95: 100%|██████████| 8/8 00:18
all       1000        641      0.606      0.174      0.226     0.0862
Epoch    GPU_mem   box_loss   obj_loss   cls_loss  Instances       Size
4/99      13.9G    0.05545    0.01054    0.01306         44        640: 100%|██████████| 80/80 00:30
Class     Images  Instances          P          R      mAP50   mAP50-95: 100%|██████████| 8/8 00:12
all       1000        641      0.417      0.142     0.0831     0.0285
Epoch    GPU_mem   box_loss   obj_loss   cls_loss  Instances       Size
5/99      13.9G    0.05322    0.01032    0.01179         47        640: 100%|██████████| 80/80 00:31
Class     Images  Instances          P          R      mAP50   mAP50-95: 100%|██████████| 8/8 00:18
all       1000        641       0.57      0.255       0.24     0.0981
Epoch    GPU_mem   box_loss   obj_loss   cls_loss  Instances       Size
6/99      13.9G    0.05243    0.01009    0.01081         57        640: 100%|██████████| 80/80 00:33
Class     Images  Instances          P          R      mAP50   mAP50-95: 100%|██████████| 8/8 00:18
all       1000        641       0.63      0.255      0.271      0.119
Epoch    GPU_mem   box_loss   obj_loss   cls_loss  Instances       Size
7/99      13.9G    0.05061   0.009926    0.01049         50        640: 100%|██████████| 80/80 00:27
Class     Images  Instances          P          R      mAP50   mAP50-95: 100%|██████████| 8/8 00:15
all       1000        641      0.687      0.302      0.328      0.133
Epoch    GPU_mem   box_loss   obj_loss   cls_loss  Instances       Size
8/99      13.9G    0.04966    0.00975   0.009459         55        640: 100%|██████████| 80/80 00:31
Class     Images  Instances          P          R      mAP50   mAP50-95: 100%|██████████| 8/8 00:13
all       1000        641      0.668      0.344      0.358      0.155
Epoch    GPU_mem   box_loss   obj_loss   cls_loss  Instances       Size
9/99      13.9G    0.04802   0.009415   0.009358         45        640: 100%|██████████| 80/80 00:30
Class     Images  Instances          P          R      mAP50   mAP50-95: 100%|██████████| 8/8 00:17
all       1000        641      0.576      0.255       0.24      0.104
Epoch    GPU_mem   box_loss   obj_loss   cls_loss  Instances       Size
10/99      13.9G    0.04736   0.009501   0.009782         48        640: 100%|██████████| 80/80 00:30
Class     Images  Instances          P          R      mAP50   mAP50-95: 100%|██████████| 8/8 00:12
all       1000        641      0.744      0.367      0.403      0.189
Epoch    GPU_mem   box_loss   obj_loss   cls_loss  Instances       Size
11/99      13.9G    0.04649   0.009223   0.008294         39        640: 100%|██████████| 80/80 00:29
Class     Images  Instances          P          R      mAP50   mAP50-95: 100%|██████████| 8/8 00:15
all       1000        641      0.717      0.368      0.392      0.167
Epoch    GPU_mem   box_loss   obj_loss   cls_loss  Instances       Size
12/99      13.9G    0.04612   0.009115   0.008109         42        640: 100%|██████████| 80/80 00:27
Class     Images  Instances          P          R      mAP50   mAP50-95: 100%|██████████| 8/8 00:18
all       1000        641      0.729      0.352      0.391      0.173
Epoch    GPU_mem   box_loss   obj_loss   cls_loss  Instances       Size
13/99      13.9G    0.04525   0.009102   0.007499         41        640: 100%|██████████| 80/80 00:31
Class     Images  Instances          P          R      mAP50   mAP50-95: 100%|██████████| 8/8 00:12
all       1000        641      0.671      0.359      0.377      0.178
Epoch    GPU_mem   box_loss   obj_loss   cls_loss  Instances       Size
14/99      13.9G    0.04459   0.008878   0.007383         57        640: 100%|██████████| 80/80 00:29
Class     Images  Instances          P          R      mAP50   mAP50-95: 100%|██████████| 8/8 00:17
all       1000        641      0.705      0.365        0.4      0.182
Epoch    GPU_mem   box_loss   obj_loss   cls_loss  Instances       Size
15/99      13.9G    0.04379   0.008751   0.007001         46        640: 100%|██████████| 80/80 00:26
Class     Images  Instances          P          R      mAP50   mAP50-95: 100%|██████████| 8/8 00:16
all       1000        641      0.736      0.345      0.399      0.186
Epoch    GPU_mem   box_loss   obj_loss   cls_loss  Instances       Size
16/99      13.9G    0.04369   0.008888   0.007339         56        640: 100%|██████████| 80/80 00:29
Class     Images  Instances          P          R      mAP50   mAP50-95: 100%|██████████| 8/8 00:12
all       1000        641      0.777      0.336      0.394      0.187
Epoch    GPU_mem   box_loss   obj_loss   cls_loss  Instances       Size
17/99      13.9G    0.04358   0.008517   0.006668         49        640: 100%|██████████| 80/80 00:30
Class     Images  Instances          P          R      mAP50   mAP50-95: 100%|██████████| 8/8 00:15
all       1000        641      0.794      0.381      0.427      0.211
Epoch    GPU_mem   box_loss   obj_loss   cls_loss  Instances       Size
18/99      13.9G     0.0428   0.008609   0.006369         43        640: 100%|██████████| 80/80 00:27
Class     Images  Instances          P          R      mAP50   mAP50-95: 100%|██████████| 8/8 00:18
all       1000        641      0.723      0.386      0.422      0.195
Epoch    GPU_mem   box_loss   obj_loss   cls_loss  Instances       Size
19/99      13.9G    0.04224   0.008627   0.006806         61        640: 100%|██████████| 80/80 00:32
Class     Images  Instances          P          R      mAP50   mAP50-95: 100%|██████████| 8/8 00:12
all       1000        641      0.743      0.417      0.457      0.225
Epoch    GPU_mem   box_loss   obj_loss   cls_loss  Instances       Size
20/99      13.9G    0.04141   0.008275   0.006194         47        640: 100%|██████████| 80/80 00:29
Class     Images  Instances          P          R      mAP50   mAP50-95: 100%|██████████| 8/8 00:16
all       1000        641       0.71      0.414      0.445       0.22
Epoch    GPU_mem   box_loss   obj_loss   cls_loss  Instances       Size
21/99      13.9G    0.04135   0.008595   0.006048         64        640: 100%|██████████| 80/80 00:27
Class     Images  Instances          P          R      mAP50   mAP50-95: 100%|██████████| 8/8 00:18
all       1000        641      0.779      0.408      0.442      0.224
Epoch    GPU_mem   box_loss   obj_loss   cls_loss  Instances       Size
22/99      13.9G    0.04146   0.008299   0.006361         41        640: 100%|██████████| 80/80 00:27
Class     Images  Instances          P          R      mAP50   mAP50-95: 100%|██████████| 8/8 00:14
all       1000        641      0.765      0.406      0.445      0.237
Epoch    GPU_mem   box_loss   obj_loss   cls_loss  Instances       Size
23/99      13.9G    0.04092   0.008209   0.005649         37        640: 100%|██████████| 80/80 00:30
Class     Images  Instances          P          R      mAP50   mAP50-95: 100%|██████████| 8/8 00:11
all       1000        641      0.729      0.344      0.388      0.188
Epoch    GPU_mem   box_loss   obj_loss   cls_loss  Instances       Size
24/99      13.9G    0.04049   0.008292   0.005492         51        640: 100%|██████████| 80/80 00:30
Class     Images  Instances          P          R      mAP50   mAP50-95: 100%|██████████| 8/8 00:16
all       1000        641       0.78      0.356      0.432      0.227
Epoch    GPU_mem   box_loss   obj_loss   cls_loss  Instances       Size
25/99      13.9G    0.04034   0.008235    0.00505         50        640: 100%|██████████| 80/80 00:31
Class     Images  Instances          P          R      mAP50   mAP50-95: 100%|██████████| 8/8 00:12
all       1000        641      0.793      0.352      0.411      0.208
Epoch    GPU_mem   box_loss   obj_loss   cls_loss  Instances       Size
26/99      13.9G    0.03978   0.008051    0.00548         51        640: 100%|██████████| 80/80 00:30
Class     Images  Instances          P          R      mAP50   mAP50-95: 100%|██████████| 8/8 00:18
all       1000        641      0.721      0.401      0.441      0.216
Epoch    GPU_mem   box_loss   obj_loss   cls_loss  Instances       Size
27/99      13.9G    0.03876   0.007969   0.004897         49        640: 100%|██████████| 80/80 00:30
Class     Images  Instances          P          R      mAP50   mAP50-95: 100%|██████████| 8/8 00:12
all       1000        641      0.736      0.416      0.454      0.234
Epoch    GPU_mem   box_loss   obj_loss   cls_loss  Instances       Size
28/99      13.9G    0.03854   0.007941   0.004561         46        640: 100%|██████████| 80/80 00:30
Class     Images  Instances          P          R      mAP50   mAP50-95: 100%|██████████| 8/8 00:13
all       1000        641      0.773      0.374       0.45      0.237
Epoch    GPU_mem   box_loss   obj_loss   cls_loss  Instances       Size
29/99      13.9G    0.03867   0.007601   0.005143         31        640: 100%|██████████| 80/80 00:28
Class     Images  Instances          P          R      mAP50   mAP50-95: 100%|██████████| 8/8 00:18
all       1000        641      0.802      0.363      0.429      0.221
Epoch    GPU_mem   box_loss   obj_loss   cls_loss  Instances       Size
30/99      13.9G     0.0378   0.007621   0.004042         55        640: 100%|██████████| 80/80 00:30
Class     Images  Instances          P          R      mAP50   mAP50-95: 100%|██████████| 8/8 00:13
all       1000        641      0.759      0.434      0.469       0.24
Epoch    GPU_mem   box_loss   obj_loss   cls_loss  Instances       Size
31/99      13.9G    0.03758   0.007569   0.004218         48        640: 100%|██████████| 80/80 00:29
Class     Images  Instances          P          R      mAP50   mAP50-95: 100%|██████████| 8/8 00:17
all       1000        641      0.854      0.378      0.474      0.258
Epoch    GPU_mem   box_loss   obj_loss   cls_loss  Instances       Size
32/99      13.9G    0.03701    0.00744   0.003831         55        640: 100%|██████████| 80/80 00:31
Class     Images  Instances          P          R      mAP50   mAP50-95: 100%|██████████| 8/8 00:16
all       1000        641      0.761      0.439      0.482      0.264
Epoch    GPU_mem   box_loss   obj_loss   cls_loss  Instances       Size
33/99      13.9G    0.03736   0.007496    0.00402         51        640: 100%|██████████| 80/80 00:30
Class     Images  Instances          P          R      mAP50   mAP50-95: 100%|██████████| 8/8 00:14
all       1000        641      0.789      0.395       0.45      0.236
Epoch    GPU_mem   box_loss   obj_loss   cls_loss  Instances       Size
34/99      13.9G    0.03707   0.007617    0.00388         49        640: 100%|██████████| 80/80 00:27
Class     Images  Instances          P          R      mAP50   mAP50-95: 100%|██████████| 8/8 00:19
all       1000        641      0.789      0.402      0.424       0.22
Epoch    GPU_mem   box_loss   obj_loss   cls_loss  Instances       Size
35/99      13.9G     0.0364   0.007529   0.003901         38        640: 100%|██████████| 80/80 00:27
Class     Images  Instances          P          R      mAP50   mAP50-95: 100%|██████████| 8/8 00:15
all       1000        641      0.753      0.437      0.464      0.249
Epoch    GPU_mem   box_loss   obj_loss   cls_loss  Instances       Size
36/99      13.9G    0.03645   0.007631   0.004095         48        640: 100%|██████████| 80/80 00:29
Class     Images  Instances          P          R      mAP50   mAP50-95: 100%|██████████| 8/8 00:13
all       1000        641      0.747      0.387      0.429      0.233
Epoch    GPU_mem   box_loss   obj_loss   cls_loss  Instances       Size
37/99      13.9G    0.03622   0.007495   0.003826         50        640: 100%|██████████| 80/80 00:31
Class     Images  Instances          P          R      mAP50   mAP50-95: 100%|██████████| 8/8 00:20
all       1000        641      0.805      0.405      0.455      0.243
Epoch    GPU_mem   box_loss   obj_loss   cls_loss  Instances       Size
38/99      13.9G     0.0358    0.00722   0.003512         48        640: 100%|██████████| 80/80 00:29
Class     Images  Instances          P          R      mAP50   mAP50-95: 100%|██████████| 8/8 00:12
all       1000        641      0.787      0.403      0.448      0.244
Epoch    GPU_mem   box_loss   obj_loss   cls_loss  Instances       Size
39/99      13.9G    0.03524   0.007267   0.003345         41        640: 100%|██████████| 80/80 00:31
Class     Images  Instances          P          R      mAP50   mAP50-95: 100%|██████████| 8/8 00:14
all       1000        641      0.779      0.434      0.453      0.234
Epoch    GPU_mem   box_loss   obj_loss   cls_loss  Instances       Size
40/99      13.9G    0.03517   0.007294   0.003323         65        640: 100%|██████████| 80/80 00:27
Class     Images  Instances          P          R      mAP50   mAP50-95: 100%|██████████| 8/8 00:17
all       1000        641      0.794      0.447      0.475      0.251
Epoch    GPU_mem   box_loss   obj_loss   cls_loss  Instances       Size
41/99      13.9G     0.0344   0.007138    0.00296         45        640: 100%|██████████| 80/80 00:28
Class     Images  Instances          P          R      mAP50   mAP50-95: 100%|██████████| 8/8 00:23
all       1000        641      0.777      0.421      0.468      0.237
Epoch    GPU_mem   box_loss   obj_loss   cls_loss  Instances       Size
42/99      13.9G    0.03527   0.007218   0.003245         59        640: 100%|██████████| 80/80 00:28
Class     Images  Instances          P          R      mAP50   mAP50-95: 100%|██████████| 8/8 00:12
all       1000        641       0.83      0.436      0.489      0.253
Epoch    GPU_mem   box_loss   obj_loss   cls_loss  Instances       Size
43/99      13.9G     0.0346   0.007178   0.003001         48        640: 100%|██████████| 80/80 00:31
Class     Images  Instances          P          R      mAP50   mAP50-95: 100%|██████████| 8/8 00:12
all       1000        641      0.779      0.436       0.47      0.237
Epoch    GPU_mem   box_loss   obj_loss   cls_loss  Instances       Size
44/99      13.9G    0.03457   0.007238   0.003238         37        640: 100%|██████████| 80/80 00:30
Class     Images  Instances          P          R      mAP50   mAP50-95: 100%|██████████| 8/8 00:17
all       1000        641      0.811      0.442      0.497      0.261
Epoch    GPU_mem   box_loss   obj_loss   cls_loss  Instances       Size
45/99      13.9G    0.03416   0.006985   0.002528         50        640: 100%|██████████| 80/80 00:31
Class     Images  Instances          P          R      mAP50   mAP50-95: 100%|██████████| 8/8 00:11
all       1000        641      0.827      0.418      0.468      0.244
Epoch    GPU_mem   box_loss   obj_loss   cls_loss  Instances       Size
46/99      13.9G    0.03353    0.00708   0.003328         49        640: 100%|██████████| 80/80 00:29
Class     Images  Instances          P          R      mAP50   mAP50-95: 100%|██████████| 8/8 00:19
all       1000        641      0.796       0.44      0.478      0.275
Epoch    GPU_mem   box_loss   obj_loss   cls_loss  Instances       Size
47/99      13.9G    0.03332   0.006718   0.002938         46        640: 100%|██████████| 80/80 00:29
Class     Images  Instances          P          R      mAP50   mAP50-95: 100%|██████████| 8/8 00:14
all       1000        641      0.786      0.469      0.495      0.263
Epoch    GPU_mem   box_loss   obj_loss   cls_loss  Instances       Size
48/99      13.9G    0.03298   0.006773   0.002771         50        640: 100%|██████████| 80/80 00:32
Class     Images  Instances          P          R      mAP50   mAP50-95: 100%|██████████| 8/8 00:19
all       1000        641      0.845      0.412      0.483      0.254
Epoch    GPU_mem   box_loss   obj_loss   cls_loss  Instances       Size
49/99      13.9G    0.03318   0.007014   0.002835         43        640: 100%|██████████| 80/80 00:28
Class     Images  Instances          P          R      mAP50   mAP50-95: 100%|██████████| 8/8 00:12
all       1000        641      0.822      0.451      0.498      0.274
Epoch    GPU_mem   box_loss   obj_loss   cls_loss  Instances       Size
50/99      13.9G    0.03247    0.00694   0.002509         38        640: 100%|██████████| 80/80 00:32
Class     Images  Instances          P          R      mAP50   mAP50-95: 100%|██████████| 8/8 00:13
all       1000        641      0.846      0.411      0.493       0.27
Epoch    GPU_mem   box_loss   obj_loss   cls_loss  Instances       Size
51/99      13.9G    0.03249   0.006814   0.002818         51        640: 100%|██████████| 80/80 00:29
Class     Images  Instances          P          R      mAP50   mAP50-95: 100%|██████████| 8/8 00:18
all       1000        641      0.771      0.434      0.473      0.265
Epoch    GPU_mem   box_loss   obj_loss   cls_loss  Instances       Size
52/99      13.9G     0.0317    0.00654   0.002321         49        640: 100%|██████████| 80/80 00:30
Class     Images  Instances          P          R      mAP50   mAP50-95: 100%|██████████| 8/8 00:12
all       1000        641      0.762      0.443      0.472      0.263
Epoch    GPU_mem   box_loss   obj_loss   cls_loss  Instances       Size
53/99      13.9G    0.03168   0.006728   0.002447         47        640: 100%|██████████| 80/80 00:30
Class     Images  Instances          P          R      mAP50   mAP50-95: 100%|██████████| 8/8 00:19
all       1000        641      0.839      0.443      0.488      0.268
Epoch    GPU_mem   box_loss   obj_loss   cls_loss  Instances       Size
54/99      13.9G    0.03146    0.00657   0.002472         38        640: 100%|██████████| 80/80 00:28
Class     Images  Instances          P          R      mAP50   mAP50-95: 100%|██████████| 8/8 00:13
all       1000        641      0.823      0.437      0.482      0.259
Epoch    GPU_mem   box_loss   obj_loss   cls_loss  Instances       Size
55/99      13.9G    0.03192   0.006526   0.002429         60        640: 100%|██████████| 80/80 00:31
Class     Images  Instances          P          R      mAP50   mAP50-95: 100%|██████████| 8/8 00:13
all       1000        641      0.826      0.414      0.476      0.255
Epoch    GPU_mem   box_loss   obj_loss   cls_loss  Instances       Size
56/99      13.9G    0.03145   0.006528   0.001978         42        640: 100%|██████████| 80/80 00:27
Class     Images  Instances          P          R      mAP50   mAP50-95: 100%|██████████| 8/8 00:18
all       1000        641      0.817       0.43      0.487      0.263
Epoch    GPU_mem   box_loss   obj_loss   cls_loss  Instances       Size
57/99      13.9G    0.03102   0.006461   0.002151         50        640: 100%|██████████| 80/80 00:29
Class     Images  Instances          P          R      mAP50   mAP50-95: 100%|██████████| 8/8 00:17
all       1000        641      0.857      0.454      0.505       0.28
Epoch    GPU_mem   box_loss   obj_loss   cls_loss  Instances       Size
58/99      13.9G    0.03044   0.006454   0.002014         35        640: 100%|██████████| 80/80 00:29
Class     Images  Instances          P          R      mAP50   mAP50-95: 100%|██████████| 8/8 00:13
all       1000        641      0.818      0.456      0.519      0.296
Epoch    GPU_mem   box_loss   obj_loss   cls_loss  Instances       Size
59/99      13.9G    0.03069   0.006288   0.002015         39        640: 100%|██████████| 80/80 00:30
Class     Images  Instances          P          R      mAP50   mAP50-95: 100%|██████████| 8/8 00:16
all       1000        641      0.833      0.431        0.5      0.292
Epoch    GPU_mem   box_loss   obj_loss   cls_loss  Instances       Size
60/99      13.9G    0.03033   0.006429   0.002058         35        640: 100%|██████████| 80/80 00:30
Class     Images  Instances          P          R      mAP50   mAP50-95: 100%|██████████| 8/8 00:12
all       1000        641      0.787      0.471      0.508      0.292
Epoch    GPU_mem   box_loss   obj_loss   cls_loss  Instances       Size
61/99      13.9G    0.02999   0.006132   0.002224         45        640: 100%|██████████| 80/80 00:29
Class     Images  Instances          P          R      mAP50   mAP50-95: 100%|██████████| 8/8 00:18
all       1000        641      0.841      0.457      0.497      0.267
Epoch    GPU_mem   box_loss   obj_loss   cls_loss  Instances       Size
62/99      13.9G    0.02998   0.006069   0.001841         44        640: 100%|██████████| 80/80 00:27
Class     Images  Instances          P          R      mAP50   mAP50-95: 100%|██████████| 8/8 00:13
all       1000        641       0.82      0.439      0.502      0.274
Epoch    GPU_mem   box_loss   obj_loss   cls_loss  Instances       Size
63/99      13.9G    0.02969     0.0062   0.001995         48        640: 100%|██████████| 80/80 00:31
Class     Images  Instances          P          R      mAP50   mAP50-95: 100%|██████████| 8/8 00:07
all       1000        641      0.838      0.443      0.506      0.286
Epoch    GPU_mem   box_loss   obj_loss   cls_loss  Instances       Size
64/99      13.9G    0.02956   0.006255   0.001856         59        640: 100%|██████████| 80/80 00:23
Class     Images  Instances          P          R      mAP50   mAP50-95: 100%|██████████| 8/8 00:04
all       1000        641      0.806      0.447      0.495      0.277
Epoch    GPU_mem   box_loss   obj_loss   cls_loss  Instances       Size
65/99      13.9G    0.02911   0.006205   0.001981         39        640: 100%|██████████| 80/80 00:32
Class     Images  Instances          P          R      mAP50   mAP50-95: 100%|██████████| 8/8 00:03
all       1000        641      0.799      0.488      0.511      0.283
Epoch    GPU_mem   box_loss   obj_loss   cls_loss  Instances       Size
66/99      13.9G    0.02908   0.006159   0.001667         49        640: 100%|██████████| 80/80 00:34
Class     Images  Instances          P          R      mAP50   mAP50-95: 100%|██████████| 8/8 00:06
all       1000        641       0.79      0.476      0.515      0.285
Epoch    GPU_mem   box_loss   obj_loss   cls_loss  Instances       Size
67/99      13.9G    0.02869     0.0061   0.001682         47        640: 100%|██████████| 80/80 00:25
Class     Images  Instances          P          R      mAP50   mAP50-95: 100%|██████████| 8/8 00:02
all       1000        641      0.837      0.448       0.51      0.283
Epoch    GPU_mem   box_loss   obj_loss   cls_loss  Instances       Size
68/99      13.9G     0.0285   0.005917   0.001947         43        640: 100%|██████████| 80/80 00:30
Class     Images  Instances          P          R      mAP50   mAP50-95: 100%|██████████| 8/8 00:02
all       1000        641      0.835       0.43      0.508      0.292
Epoch    GPU_mem   box_loss   obj_loss   cls_loss  Instances       Size
69/99      13.9G     0.0282   0.006032   0.001731         54        640: 100%|██████████| 80/80 00:31
Class     Images  Instances          P          R      mAP50   mAP50-95: 100%|██████████| 8/8 00:05
all       1000        641      0.788      0.454      0.497      0.274
Epoch    GPU_mem   box_loss   obj_loss   cls_loss  Instances       Size
70/99      13.9G    0.02793   0.005945   0.001486         69        640: 100%|██████████| 80/80 00:26
Class     Images  Instances          P          R      mAP50   mAP50-95: 100%|██████████| 8/8 00:02
all       1000        641      0.805       0.44      0.488      0.268
Epoch    GPU_mem   box_loss   obj_loss   cls_loss  Instances       Size
71/99      13.9G    0.02747   0.005676   0.001352         37        640: 100%|██████████| 80/80 00:32
Class     Images  Instances          P          R      mAP50   mAP50-95: 100%|██████████| 8/8 00:05
all       1000        641       0.81      0.462      0.499      0.288
Epoch    GPU_mem   box_loss   obj_loss   cls_loss  Instances       Size
72/99      13.9G    0.02749   0.005735   0.001496         33        640: 100%|██████████| 80/80 00:24
Class     Images  Instances          P          R      mAP50   mAP50-95: 100%|██████████| 8/8 00:02
all       1000        641      0.802      0.473      0.517       0.29
Epoch    GPU_mem   box_loss   obj_loss   cls_loss  Instances       Size
73/99      13.9G    0.02754   0.005843   0.001517         45        640: 100%|██████████| 80/80 00:30
Class     Images  Instances          P          R      mAP50   mAP50-95: 100%|██████████| 8/8 00:03
all       1000        641      0.814      0.474      0.513      0.294
Epoch    GPU_mem   box_loss   obj_loss   cls_loss  Instances       Size
74/99      13.9G    0.02715   0.005737   0.001411         43        640: 100%|██████████| 80/80 00:39
Class     Images  Instances          P          R      mAP50   mAP50-95: 100%|██████████| 8/8 00:28
all       1000        641      0.805       0.46      0.506      0.285
Epoch    GPU_mem   box_loss   obj_loss   cls_loss  Instances       Size
75/99      13.9G    0.02705   0.005687   0.001248         50        640: 100%|██████████| 80/80 00:40
Class     Images  Instances          P          R      mAP50   mAP50-95: 100%|██████████| 8/8 00:31
all       1000        641      0.828      0.453      0.522      0.294
Epoch    GPU_mem   box_loss   obj_loss   cls_loss  Instances       Size
76/99      13.9G    0.02687   0.005851   0.001446         45        640: 100%|██████████| 80/80 00:40
Class     Images  Instances          P          R      mAP50   mAP50-95: 100%|██████████| 8/8 00:35
all       1000        641      0.861      0.441      0.506      0.282
Epoch    GPU_mem   box_loss   obj_loss   cls_loss  Instances       Size
77/99      13.9G    0.02682   0.005698   0.001293         40        640: 100%|██████████| 80/80 00:41
Class     Images  Instances          P          R      mAP50   mAP50-95: 100%|██████████| 8/8 00:28
all       1000        641      0.843       0.44       0.51      0.291
Epoch    GPU_mem   box_loss   obj_loss   cls_loss  Instances       Size
78/99      13.9G    0.02641   0.005634    0.00132         43        640: 100%|██████████| 80/80 00:41
Class     Images  Instances          P          R      mAP50   mAP50-95: 100%|██████████| 8/8 00:29
all       1000        641      0.872      0.431      0.515      0.293
Epoch    GPU_mem   box_loss   obj_loss   cls_loss  Instances       Size
79/99      13.9G    0.02598   0.005625    0.00109         52        640: 100%|██████████| 80/80 00:41
Class     Images  Instances          P          R      mAP50   mAP50-95: 100%|██████████| 8/8 00:28
all       1000        641      0.857      0.444       0.51      0.289
Epoch    GPU_mem   box_loss   obj_loss   cls_loss  Instances       Size
80/99      13.9G    0.02614   0.005705   0.001198         44        640: 100%|██████████| 80/80 00:41
Class     Images  Instances          P          R      mAP50   mAP50-95: 100%|██████████| 8/8 00:28
all       1000        641      0.829      0.461      0.503      0.287
Epoch    GPU_mem   box_loss   obj_loss   cls_loss  Instances       Size
81/99      13.9G    0.02558   0.005569   0.001141         46        640: 100%|██████████| 80/80 00:40
Class     Images  Instances          P          R      mAP50   mAP50-95: 100%|██████████| 8/8 00:31
all       1000        641      0.849      0.452      0.525      0.301
Epoch    GPU_mem   box_loss   obj_loss   cls_loss  Instances       Size
82/99      13.9G    0.02524   0.005406   0.001089         58        640: 100%|██████████| 80/80 00:39
Class     Images  Instances          P          R      mAP50   mAP50-95: 100%|██████████| 8/8 00:33
all       1000        641       0.86      0.453      0.523      0.293
Epoch    GPU_mem   box_loss   obj_loss   cls_loss  Instances       Size
83/99      13.9G     0.0247   0.005409  0.0008483         61        640: 100%|██████████| 80/80 00:38
Class     Images  Instances          P          R      mAP50   mAP50-95: 100%|██████████| 8/8 00:35
all       1000        641      0.846      0.458      0.526      0.296
Epoch    GPU_mem   box_loss   obj_loss   cls_loss  Instances       Size
84/99      13.9G    0.02493   0.005428   0.001096         55        640: 100%|██████████| 80/80 00:39
Class     Images  Instances          P          R      mAP50   mAP50-95: 100%|██████████| 8/8 00:33
all       1000        641      0.849       0.44       0.51      0.291
Epoch    GPU_mem   box_loss   obj_loss   cls_loss  Instances       Size
85/99      13.9G    0.02488   0.005395   0.001025         52        640: 100%|██████████| 80/80 00:41
Class     Images  Instances          P          R      mAP50   mAP50-95: 100%|██████████| 8/8 00:29
all       1000        641      0.805      0.475      0.514      0.293
Epoch    GPU_mem   box_loss   obj_loss   cls_loss  Instances       Size
86/99      13.9G    0.02484   0.005212   0.001129         38        640: 100%|██████████| 80/80 00:40
Class     Images  Instances          P          R      mAP50   mAP50-95: 100%|██████████| 8/8 00:29
all       1000        641      0.857      0.443      0.525      0.301
Epoch    GPU_mem   box_loss   obj_loss   cls_loss  Instances       Size
87/99      13.9G    0.02421    0.00514  0.0008849         59        640: 100%|██████████| 80/80 00:41
Class     Images  Instances          P          R      mAP50   mAP50-95: 100%|██████████| 8/8 00:30
all       1000        641      0.803      0.476      0.521      0.305
Epoch    GPU_mem   box_loss   obj_loss   cls_loss  Instances       Size
88/99      13.9G    0.02396   0.005211  0.0009436         46        640: 100%|██████████| 80/80 00:39
Class     Images  Instances          P          R      mAP50   mAP50-95: 100%|██████████| 8/8 00:31
all       1000        641      0.579      0.528      0.547      0.312
Epoch    GPU_mem   box_loss   obj_loss   cls_loss  Instances       Size
89/99      13.9G    0.02387   0.005059  0.0009946         32        640: 100%|██████████| 80/80 00:40
Class     Images  Instances          P          R      mAP50   mAP50-95: 100%|██████████| 8/8 00:31
all       1000        641       0.57      0.507      0.533      0.304
Epoch    GPU_mem   box_loss   obj_loss   cls_loss  Instances       Size
90/99      13.9G    0.02384   0.005237  0.0008046         54        640: 100%|██████████| 80/80 00:40
Class     Images  Instances          P          R      mAP50   mAP50-95: 100%|██████████| 8/8 00:30
all       1000        641      0.862      0.434      0.533      0.301
Epoch    GPU_mem   box_loss   obj_loss   cls_loss  Instances       Size
91/99      13.9G    0.02373    0.00515  0.0008556         64        640: 100%|██████████| 80/80 00:40
Class     Images  Instances          P          R      mAP50   mAP50-95: 100%|██████████| 8/8 00:30
all       1000        641      0.878      0.429      0.534      0.306
Epoch    GPU_mem   box_loss   obj_loss   cls_loss  Instances       Size
92/99      13.9G    0.02356   0.005029   0.001001         39        640: 100%|██████████| 80/80 00:40
Class     Images  Instances          P          R      mAP50   mAP50-95: 100%|██████████| 8/8 00:32
all       1000        641      0.888      0.426      0.525      0.301
Epoch    GPU_mem   box_loss   obj_loss   cls_loss  Instances       Size
93/99      13.9G    0.02349   0.005162   0.000878         51        640: 100%|██████████| 80/80 00:41
Class     Images  Instances          P          R      mAP50   mAP50-95: 100%|██████████| 8/8 00:32
all       1000        641      0.853      0.428      0.522      0.302
Epoch    GPU_mem   box_loss   obj_loss   cls_loss  Instances       Size
94/99      13.9G    0.02327   0.005112  0.0008207         61        640: 100%|██████████| 80/80 00:41
Class     Images  Instances          P          R      mAP50   mAP50-95: 100%|██████████| 8/8 00:31
all       1000        641      0.516       0.54      0.529      0.305
Epoch    GPU_mem   box_loss   obj_loss   cls_loss  Instances       Size
95/99      13.9G    0.02337    0.00523   0.000844         57        640: 100%|██████████| 80/80 00:40
Class     Images  Instances          P          R      mAP50   mAP50-95: 100%|██████████| 8/8 00:31
all       1000        641      0.557      0.512      0.526      0.302
Epoch    GPU_mem   box_loss   obj_loss   cls_loss  Instances       Size
96/99      13.9G    0.02292   0.005103  0.0008103         54        640: 100%|██████████| 80/80 00:34
Class     Images  Instances          P          R      mAP50   mAP50-95: 100%|██████████| 8/8 00:13
all       1000        641      0.559      0.508      0.531      0.308
Epoch    GPU_mem   box_loss   obj_loss   cls_loss  Instances       Size
97/99      13.9G     0.0226   0.004881  0.0007316         51        640: 100%|██████████| 80/80 00:26
Class     Images  Instances          P          R      mAP50   mAP50-95: 100%|██████████| 8/8 00:17
all       1000        641      0.564      0.507      0.529      0.309
Epoch    GPU_mem   box_loss   obj_loss   cls_loss  Instances       Size
98/99      13.9G    0.02258   0.004869  0.0008929         58        640: 100%|██████████| 80/80 00:37
Class     Images  Instances          P          R      mAP50   mAP50-95: 100%|██████████| 8/8 00:34
all       1000        641      0.564      0.508      0.525      0.304
Epoch    GPU_mem   box_loss   obj_loss   cls_loss  Instances       Size
99/99      13.9G    0.02238   0.005014  0.0008536         47        640: 100%|██████████| 80/80 00:40
Class     Images  Instances          P          R      mAP50   mAP50-95: 100%|██████████| 8/8 00:35
all       1000        641      0.553      0.513       0.53      0.308
100 epochs completed in 1.430 hours.
Optimizer stripped from /home/lijinhe/work/YOLO_Retraining/runs/studies/balance_learning_curve_2batch_dedup_contrast/sequences/Balance_LC2B_ordered_dedup_tau099__seq-full-cold__stage0-stage7__yolov5s__s42/tasks/006__stage6__full-cold/backend/yolov5/train/weights/last.pt, 14.4MB
Optimizer stripped from /home/lijinhe/work/YOLO_Retraining/runs/studies/balance_learning_curve_2batch_dedup_contrast/sequences/Balance_LC2B_ordered_dedup_tau099__seq-full-cold__stage0-stage7__yolov5s__s42/tasks/006__stage6__full-cold/backend/yolov5/train/weights/best.pt, 14.4MB
Validating /home/lijinhe/work/YOLO_Retraining/runs/studies/balance_learning_curve_2batch_dedup_contrast/sequences/Balance_LC2B_ordered_dedup_tau099__seq-full-cold__stage0-stage7__yolov5s__s42/tasks/006__stage6__full-cold/backend/yolov5/train/weights/best.pt...
Fusing layers...
Model summary: 157 layers, 7020913 parameters, 0 gradients, 15.8 GFLOPs
Class     Images  Instances          P          R      mAP50   mAP50-95: 100%|██████████| 8/8 00:32
all       1000        641      0.581      0.527      0.547      0.312
large luggage       1000        410      0.593      0.583      0.577      0.287
stroller       1000        169      0.746      0.698      0.727      0.381
wheelchair       1000         53      0.693      0.717      0.734      0.487
flatbed truck       1000          9       0.29      0.111      0.151     0.0937
Results saved to /home/lijinhe/work/YOLO_Retraining/runs/studies/balance_learning_curve_2batch_dedup_contrast/sequences/Balance_LC2B_ordered_dedup_tau099__seq-full-cold__stage0-stage7__yolov5s__s42/tasks/006__stage6__full-cold/backend/yolov5/train
[YOLOv5] compacted progress updates: 17397 -> 203 lines
[YOLOv5] coalesced warning: incomplete JPEG accepted read-only; count=6032; by_source=train=5034, val=998
[YOLOv5] warning example: train: WARNING ⚠️ /home/lijinhe/work/YOLO_Retraining/data/self_improving/images/0720_1/00001_1780987846311329_0.jpg: incomplete JPEG accepted read-only
[YOLOv5] warning example: train: WARNING ⚠️ /home/lijinhe/work/YOLO_Retraining/data/self_improving/images/0720_1/00003_1780987872391333_0.jpg: incomplete JPEG accepted read-only
[YOLOv5] warning example: train: WARNING ⚠️ /home/lijinhe/work/YOLO_Retraining/data/self_improving/images/0720_1/00004_1780987883582335_0.jpg: incomplete JPEG accepted read-only
