train: weights=/home/lijinhe/work/YOLO_Retraining/.third_party/yolov5/yolov5s.pt, cfg=, data=/home/lijinhe/work/YOLO_Retraining/runs/studies/20260824-182608/sequences/random_frame_s42__seq-full-cold__stage0-stage3__yolov5s__s42/tasks/002__stage2__full-cold/data/backend_data.yaml, hyp=data/hyps/hyp.scratch-low.yaml, epochs=100, batch_size=64, imgsz=640, rect=False, resume=False, nosave=False, noval=False, noautoanchor=False, noplots=True, evolve=None, bucket=, cache=None, image_weights=False, device=0, multi_scale=False, single_cls=False, optimizer=SGD, sync_bn=False, workers=16, project=/home/lijinhe/work/YOLO_Retraining/runs/studies/20260824-182608/sequences/random_frame_s42__seq-full-cold__stage0-stage3__yolov5s__s42/tasks/002__stage2__full-cold/backend/yolov5, name=train, exist_ok=True, quad=False, cos_lr=False, label_smoothing=0.0, patience=100, freeze=[0], save_period=-1, seed=44, local_rank=-1, entity=None, upload_dataset=False, bbox_interval=-1, artifact_alias=latest
github: skipping check (offline), for updates see https://github.com/ultralytics/yolov5
YOLOv5 🚀 v7.0-0-g915bbf29 Python-3.10.20 torch-2.2.2+cu121 CUDA:0 (NVIDIA H100 PCIe, 81090MiB)
hyperparameters: lr0=0.01, lrf=0.01, momentum=0.937, weight_decay=0.0005, warmup_epochs=3.0, warmup_momentum=0.8, warmup_bias_lr=0.1, box=0.05, cls=0.5, cls_pw=1.0, obj=1.0, obj_pw=1.0, iou_t=0.2, anchor_t=4.0, fl_gamma=0.0, hsv_h=0.015, hsv_s=0.7, hsv_v=0.4, degrees=0.0, translate=0.1, scale=0.5, shear=0.0, perspective=0.0, flipud=0.0, fliplr=0.5, mosaic=1.0, mixup=0.0, copy_paste=0.0
ClearML: run 'pip install clearml' to automatically track, visualize and remotely train YOLOv5 🚀 in ClearML
Comet: run 'pip install comet_ml' to automatically track and visualize YOLOv5 🚀 runs in Comet
TensorBoard: Start with 'tensorboard --logdir /home/lijinhe/work/YOLO_Retraining/runs/studies/20260824-182608/sequences/random_frame_s42__seq-full-cold__stage0-stage3__yolov5s__s42/tasks/002__stage2__full-cold/backend/yolov5', view at http://localhost:6006/
Overriding model.yaml nc=80 with nc=4
from  n    params  module                                  arguments
0                -1  1      3520  models.common.Conv                      [3, 32, 6, 2, 2]
1                -1  1     18560  models.common.Conv                      [32, 64, 3, 2]
2                -1  1     18816  models.common.C3                        [64, 64, 1]
3                -1  1     73984  models.common.Conv                      [64, 128, 3, 2]
4                -1  2    115712  models.common.C3                        [128, 128, 2]
5                -1  1    295424  models.common.Conv                      [128, 256, 3, 2]
6                -1  3    625152  models.common.C3                        [256, 256, 3]
7                -1  1   1180672  models.common.Conv                      [256, 512, 3, 2]
8                -1  1   1182720  models.common.C3                        [512, 512, 1]
9                -1  1    656896  models.common.SPPF                      [512, 512, 5]
10                -1  1    131584  models.common.Conv                      [512, 256, 1, 1]
11                -1  1         0  torch.nn.modules.upsampling.Upsample    [None, 2, 'nearest']
12           [-1, 6]  1         0  models.common.Concat                    [1]
13                -1  1    361984  models.common.C3                        [512, 256, 1, False]
14                -1  1     33024  models.common.Conv                      [256, 128, 1, 1]
15                -1  1         0  torch.nn.modules.upsampling.Upsample    [None, 2, 'nearest']
16           [-1, 4]  1         0  models.common.Concat                    [1]
17                -1  1     90880  models.common.C3                        [256, 128, 1, False]
18                -1  1    147712  models.common.Conv                      [128, 128, 3, 2]
19          [-1, 14]  1         0  models.common.Concat                    [1]
20                -1  1    296448  models.common.C3                        [256, 256, 1, False]
21                -1  1    590336  models.common.Conv                      [256, 256, 3, 2]
22          [-1, 10]  1         0  models.common.Concat                    [1]
23                -1  1   1182720  models.common.C3                        [512, 512, 1, False]
24      [17, 20, 23]  1     24273  models.yolo.Detect                      [4, [[10, 13, 16, 30, 33, 23], [30, 61, 62, 45, 59, 119], [116, 90, 156, 198, 373, 326]], [128, 256, 512]]
Model summary: 214 layers, 7030417 parameters, 7030417 gradients, 16.0 GFLOPs
Transferred 343/349 items from /home/lijinhe/work/YOLO_Retraining/.third_party/yolov5/yolov5s.pt
AMP: checks passed ✅
optimizer: SGD(lr=0.01) with parameter groups 57 weight(decay=0.0), 60 weight(decay=0.0005), 60 bias
train: Scanning /home/lijinhe/work/YOLO_Retraining/runs/studies/20260824-182608/sequences/random_frame_s42__seq-full-cold__stage0-stage3__yolov5s__s42/tasks/002__stage2__full-cold/data/backend_train_images... 6498 images, 3527 backgrounds, 0 corrupt: 100%|██████████| 6498/6498 00:21
train: New cache created: /home/lijinhe/work/YOLO_Retraining/runs/studies/20260824-182608/sequences/random_frame_s42__seq-full-cold__stage0-stage3__yolov5s__s42/tasks/002__stage2__full-cold/data/backend_train_images.cache
val: Scanning /home/lijinhe/work/YOLO_Retraining/runs/studies/20260824-182608/sequences/random_frame_s42__seq-full-cold__stage0-stage3__yolov5s__s42/tasks/002__stage2__full-cold/data/backend_validation_images... 1000 images, 528 backgrounds, 0 corrupt: 100%|██████████| 1000/1000 00:07
val: WARNING ⚠️ /home/lijinhe/work/YOLO_Retraining/data/self_improving/images/0720_11/05168_1784523505059766_0.jpg: 2 duplicate labels removed
val: New cache created: /home/lijinhe/work/YOLO_Retraining/runs/studies/20260824-182608/sequences/random_frame_s42__seq-full-cold__stage0-stage3__yolov5s__s42/tasks/002__stage2__full-cold/data/backend_validation_images.cache
AutoAnchor: 5.55 anchors/target, 1.000 Best Possible Recall (BPR). Current anchors are a good fit to dataset ✅
Image sizes 640 train, 640 val
Using 16 dataloader workers
Logging results to /home/lijinhe/work/YOLO_Retraining/runs/studies/20260824-182608/sequences/random_frame_s42__seq-full-cold__stage0-stage3__yolov5s__s42/tasks/002__stage2__full-cold/backend/yolov5/train
Starting training for 100 epochs...
Epoch    GPU_mem   box_loss   obj_loss   cls_loss  Instances       Size
0/99      13.9G    0.08906    0.01662    0.03129         38        640: 100%|██████████| 102/102 00:42
Class     Images  Instances          P          R      mAP50   mAP50-95: 100%|██████████| 8/8 00:07
all       1000        638     0.0018      0.615     0.0696     0.0252
Epoch    GPU_mem   box_loss   obj_loss   cls_loss  Instances       Size
1/99      13.9G    0.06329    0.01239    0.01528         51        640: 100%|██████████| 102/102 00:34
Class     Images  Instances          P          R      mAP50   mAP50-95: 100%|██████████| 8/8 00:03
all       1000        638      0.769      0.196      0.209     0.0858
Epoch    GPU_mem   box_loss   obj_loss   cls_loss  Instances       Size
2/99      13.9G    0.05964    0.01024    0.01362         39        640: 100%|██████████| 102/102 00:44
Class     Images  Instances          P          R      mAP50   mAP50-95: 100%|██████████| 8/8 00:03
all       1000        638      0.704      0.134      0.144     0.0536
Epoch    GPU_mem   box_loss   obj_loss   cls_loss  Instances       Size
3/99      13.9G    0.05896   0.009841    0.01433         40        640: 100%|██████████| 102/102 00:49
Class     Images  Instances          P          R      mAP50   mAP50-95: 100%|██████████| 8/8 00:03
all       1000        638      0.378      0.243      0.139     0.0562
Epoch    GPU_mem   box_loss   obj_loss   cls_loss  Instances       Size
4/99      13.9G    0.05636   0.009595    0.01334         32        640: 100%|██████████| 102/102 00:42
Class     Images  Instances          P          R      mAP50   mAP50-95: 100%|██████████| 8/8 00:02
all       1000        638      0.773      0.163      0.187       0.07
Epoch    GPU_mem   box_loss   obj_loss   cls_loss  Instances       Size
5/99      13.9G    0.05528   0.009486     0.0124         46        640: 100%|██████████| 102/102 00:33
Class     Images  Instances          P          R      mAP50   mAP50-95: 100%|██████████| 8/8 00:03
all       1000        638      0.689      0.293      0.318      0.142
Epoch    GPU_mem   box_loss   obj_loss   cls_loss  Instances       Size
6/99      13.9G     0.0524   0.009109    0.01125         36        640: 100%|██████████| 102/102 00:33
Class     Images  Instances          P          R      mAP50   mAP50-95: 100%|██████████| 8/8 00:03
all       1000        638      0.724      0.315      0.361      0.153
Epoch    GPU_mem   box_loss   obj_loss   cls_loss  Instances       Size
7/99      13.9G    0.05093   0.008869    0.01055         26        640: 100%|██████████| 102/102 00:31
Class     Images  Instances          P          R      mAP50   mAP50-95: 100%|██████████| 8/8 00:02
all       1000        638      0.765      0.305      0.349      0.157
Epoch    GPU_mem   box_loss   obj_loss   cls_loss  Instances       Size
8/99      13.9G    0.04969   0.008711    0.01035         22        640: 100%|██████████| 102/102 00:30
Class     Images  Instances          P          R      mAP50   mAP50-95: 100%|██████████| 8/8 00:03
all       1000        638      0.675      0.322      0.326       0.15
Epoch    GPU_mem   box_loss   obj_loss   cls_loss  Instances       Size
9/99      13.9G    0.04899   0.008586   0.009982         39        640: 100%|██████████| 102/102 00:30
Class     Images  Instances          P          R      mAP50   mAP50-95: 100%|██████████| 8/8 00:03
all       1000        638      0.685      0.374      0.363      0.175
Epoch    GPU_mem   box_loss   obj_loss   cls_loss  Instances       Size
10/99      13.9G    0.04781   0.008539   0.009347         36        640: 100%|██████████| 102/102 00:33
Class     Images  Instances          P          R      mAP50   mAP50-95: 100%|██████████| 8/8 00:03
all       1000        638      0.792      0.372       0.41      0.192
Epoch    GPU_mem   box_loss   obj_loss   cls_loss  Instances       Size
11/99      13.9G    0.04739   0.008431   0.008838         14        640: 100%|██████████| 102/102 00:30
Class     Images  Instances          P          R      mAP50   mAP50-95: 100%|██████████| 8/8 00:03
all       1000        638      0.731       0.34      0.375      0.176
Epoch    GPU_mem   box_loss   obj_loss   cls_loss  Instances       Size
12/99      13.9G    0.04675   0.008229    0.00865         35        640: 100%|██████████| 102/102 00:35
Class     Images  Instances          P          R      mAP50   mAP50-95: 100%|██████████| 8/8 00:03
all       1000        638      0.624      0.255      0.275      0.132
Epoch    GPU_mem   box_loss   obj_loss   cls_loss  Instances       Size
13/99      13.9G     0.0455   0.008265   0.008735         37        640: 100%|██████████| 102/102 00:29
Class     Images  Instances          P          R      mAP50   mAP50-95: 100%|██████████| 8/8 00:02
all       1000        638      0.827      0.398      0.447      0.226
Epoch    GPU_mem   box_loss   obj_loss   cls_loss  Instances       Size
14/99      13.9G    0.04465   0.008124   0.008119         50        640: 100%|██████████| 102/102 00:31
Class     Images  Instances          P          R      mAP50   mAP50-95: 100%|██████████| 8/8 00:02
all       1000        638      0.759      0.295      0.348      0.167
Epoch    GPU_mem   box_loss   obj_loss   cls_loss  Instances       Size
15/99      13.9G    0.04489   0.008053   0.007732         35        640: 100%|██████████| 102/102 00:30
Class     Images  Instances          P          R      mAP50   mAP50-95: 100%|██████████| 8/8 00:02
all       1000        638       0.75      0.431      0.454      0.224
Epoch    GPU_mem   box_loss   obj_loss   cls_loss  Instances       Size
16/99      13.9G    0.04362   0.008044    0.00769         47        640: 100%|██████████| 102/102 00:32
Class     Images  Instances          P          R      mAP50   mAP50-95: 100%|██████████| 8/8 00:02
all       1000        638      0.812       0.42      0.462      0.248
Epoch    GPU_mem   box_loss   obj_loss   cls_loss  Instances       Size
17/99      13.9G    0.04301   0.007759   0.007194         37        640: 100%|██████████| 102/102 00:30
Class     Images  Instances          P          R      mAP50   mAP50-95: 100%|██████████| 8/8 00:02
all       1000        638      0.829      0.402      0.469      0.239
Epoch    GPU_mem   box_loss   obj_loss   cls_loss  Instances       Size
18/99      13.9G    0.04242   0.007666   0.006483         42        640: 100%|██████████| 102/102 00:30
Class     Images  Instances          P          R      mAP50   mAP50-95: 100%|██████████| 8/8 00:02
all       1000        638      0.821      0.379      0.425      0.206
Epoch    GPU_mem   box_loss   obj_loss   cls_loss  Instances       Size
19/99      13.9G    0.04246   0.007752   0.006935         43        640: 100%|██████████| 102/102 00:30
Class     Images  Instances          P          R      mAP50   mAP50-95: 100%|██████████| 8/8 00:02
all       1000        638      0.815      0.353      0.432      0.225
Epoch    GPU_mem   box_loss   obj_loss   cls_loss  Instances       Size
20/99      13.9G     0.0422   0.007637   0.006406         26        640: 100%|██████████| 102/102 00:31
Class     Images  Instances          P          R      mAP50   mAP50-95: 100%|██████████| 8/8 00:02
all       1000        638      0.834      0.431      0.475      0.252
Epoch    GPU_mem   box_loss   obj_loss   cls_loss  Instances       Size
21/99      13.9G    0.04151   0.007452   0.006056         43        640: 100%|██████████| 102/102 00:31
Class     Images  Instances          P          R      mAP50   mAP50-95: 100%|██████████| 8/8 00:03
all       1000        638       0.74      0.413      0.442      0.226
Epoch    GPU_mem   box_loss   obj_loss   cls_loss  Instances       Size
22/99      13.9G    0.04112   0.007385   0.006134         38        640: 100%|██████████| 102/102 00:32
Class     Images  Instances          P          R      mAP50   mAP50-95: 100%|██████████| 8/8 00:02
all       1000        638      0.739       0.45      0.465      0.256
Epoch    GPU_mem   box_loss   obj_loss   cls_loss  Instances       Size
23/99      13.9G    0.04107   0.007479   0.006518         41        640: 100%|██████████| 102/102 00:31
Class     Images  Instances          P          R      mAP50   mAP50-95: 100%|██████████| 8/8 00:02
all       1000        638      0.679      0.431       0.43      0.232
Epoch    GPU_mem   box_loss   obj_loss   cls_loss  Instances       Size
24/99      13.9G    0.04123   0.007442   0.005912         34        640: 100%|██████████| 102/102 00:34
Class     Images  Instances          P          R      mAP50   mAP50-95: 100%|██████████| 8/8 00:03
all       1000        638      0.775      0.441      0.474      0.255
Epoch    GPU_mem   box_loss   obj_loss   cls_loss  Instances       Size
25/99      13.9G    0.04047   0.007511   0.005369         37        640: 100%|██████████| 102/102 00:31
Class     Images  Instances          P          R      mAP50   mAP50-95: 100%|██████████| 8/8 00:02
all       1000        638      0.844      0.456      0.511      0.283
Epoch    GPU_mem   box_loss   obj_loss   cls_loss  Instances       Size
26/99      13.9G    0.03941   0.007148   0.005414         35        640: 100%|██████████| 102/102 00:30
Class     Images  Instances          P          R      mAP50   mAP50-95: 100%|██████████| 8/8 00:03
all       1000        638      0.861      0.393      0.502      0.286
Epoch    GPU_mem   box_loss   obj_loss   cls_loss  Instances       Size
27/99      13.9G    0.03966   0.007192   0.005418         43        640: 100%|██████████| 102/102 00:30
Class     Images  Instances          P          R      mAP50   mAP50-95: 100%|██████████| 8/8 00:02
all       1000        638      0.813      0.457      0.507      0.291
Epoch    GPU_mem   box_loss   obj_loss   cls_loss  Instances       Size
28/99      13.9G    0.03883   0.007192   0.004823         51        640: 100%|██████████| 102/102 00:30
Class     Images  Instances          P          R      mAP50   mAP50-95: 100%|██████████| 8/8 00:02
all       1000        638      0.801       0.49      0.513      0.279
Epoch    GPU_mem   box_loss   obj_loss   cls_loss  Instances       Size
29/99      13.9G    0.03872   0.007187   0.004812         45        640: 100%|██████████| 102/102 00:30
Class     Images  Instances          P          R      mAP50   mAP50-95: 100%|██████████| 8/8 00:03
all       1000        638      0.788      0.513      0.539      0.303
Epoch    GPU_mem   box_loss   obj_loss   cls_loss  Instances       Size
30/99      13.9G    0.03799   0.007051    0.00439         45        640: 100%|██████████| 102/102 00:31
Class     Images  Instances          P          R      mAP50   mAP50-95: 100%|██████████| 8/8 00:02
all       1000        638      0.826      0.462      0.521      0.294
Epoch    GPU_mem   box_loss   obj_loss   cls_loss  Instances       Size
31/99      13.9G     0.0385   0.007002   0.004793         41        640: 100%|██████████| 102/102 00:28
Class     Images  Instances          P          R      mAP50   mAP50-95: 100%|██████████| 8/8 00:03
all       1000        638      0.784      0.491      0.533      0.297
Epoch    GPU_mem   box_loss   obj_loss   cls_loss  Instances       Size
32/99      13.9G     0.0378   0.006717   0.004484         45        640: 100%|██████████| 102/102 00:36
Class     Images  Instances          P          R      mAP50   mAP50-95: 100%|██████████| 8/8 00:02
all       1000        638      0.784       0.52      0.537      0.295
Epoch    GPU_mem   box_loss   obj_loss   cls_loss  Instances       Size
33/99      13.9G    0.03742   0.006834   0.004829         36        640: 100%|██████████| 102/102 00:31
Class     Images  Instances          P          R      mAP50   mAP50-95: 100%|██████████| 8/8 00:02
all       1000        638       0.79      0.469      0.499      0.273
Epoch    GPU_mem   box_loss   obj_loss   cls_loss  Instances       Size
34/99      13.9G    0.03751   0.006821   0.004239         53        640: 100%|██████████| 102/102 00:28
Class     Images  Instances          P          R      mAP50   mAP50-95: 100%|██████████| 8/8 00:02
all       1000        638      0.865      0.455      0.535      0.296
Epoch    GPU_mem   box_loss   obj_loss   cls_loss  Instances       Size
35/99      13.9G    0.03705    0.00678   0.004432         34        640: 100%|██████████| 102/102 00:30
Class     Images  Instances          P          R      mAP50   mAP50-95: 100%|██████████| 8/8 00:02
all       1000        638      0.891      0.476       0.56       0.31
Epoch    GPU_mem   box_loss   obj_loss   cls_loss  Instances       Size
36/99      13.9G    0.03654   0.006745   0.004266         41        640: 100%|██████████| 102/102 00:33
Class     Images  Instances          P          R      mAP50   mAP50-95: 100%|██████████| 8/8 00:03
all       1000        638      0.904      0.439      0.522       0.29
Epoch    GPU_mem   box_loss   obj_loss   cls_loss  Instances       Size
37/99      13.9G    0.03593   0.006696   0.004136         41        640: 100%|██████████| 102/102 00:34
Class     Images  Instances          P          R      mAP50   mAP50-95: 100%|██████████| 8/8 00:02
all       1000        638      0.843      0.484      0.544      0.308
Epoch    GPU_mem   box_loss   obj_loss   cls_loss  Instances       Size
38/99      13.9G     0.0359   0.006759   0.004148         42        640: 100%|██████████| 102/102 00:42
Class     Images  Instances          P          R      mAP50   mAP50-95: 100%|██████████| 8/8 00:03
all       1000        638      0.887      0.473      0.565      0.333
Epoch    GPU_mem   box_loss   obj_loss   cls_loss  Instances       Size
39/99      13.9G    0.03614   0.006495   0.003859         24        640: 100%|██████████| 102/102 00:46
Class     Images  Instances          P          R      mAP50   mAP50-95: 100%|██████████| 8/8 00:02
all       1000        638      0.839      0.474      0.535      0.301
Epoch    GPU_mem   box_loss   obj_loss   cls_loss  Instances       Size
40/99      13.9G    0.03563   0.006513   0.003776         49        640: 100%|██████████| 102/102 00:49
Class     Images  Instances          P          R      mAP50   mAP50-95: 100%|██████████| 8/8 00:04
all       1000        638      0.843      0.499      0.531      0.308
Epoch    GPU_mem   box_loss   obj_loss   cls_loss  Instances       Size
41/99      13.9G    0.03508   0.006501    0.00342         27        640: 100%|██████████| 102/102 00:49
Class     Images  Instances          P          R      mAP50   mAP50-95: 100%|██████████| 8/8 00:03
all       1000        638      0.831      0.501       0.55      0.327
Epoch    GPU_mem   box_loss   obj_loss   cls_loss  Instances       Size
42/99      13.9G    0.03487   0.006419   0.003642         34        640: 100%|██████████| 102/102 00:46
Class     Images  Instances          P          R      mAP50   mAP50-95: 100%|██████████| 8/8 00:03
all       1000        638      0.786      0.514       0.55      0.314
Epoch    GPU_mem   box_loss   obj_loss   cls_loss  Instances       Size
43/99      13.9G    0.03455   0.006378   0.003551         37        640: 100%|██████████| 102/102 00:47
Class     Images  Instances          P          R      mAP50   mAP50-95: 100%|██████████| 8/8 00:02
all       1000        638      0.899      0.446      0.541      0.308
Epoch    GPU_mem   box_loss   obj_loss   cls_loss  Instances       Size
44/99      13.9G    0.03461   0.006351   0.003384         34        640: 100%|██████████| 102/102 00:49
Class     Images  Instances          P          R      mAP50   mAP50-95: 100%|██████████| 8/8 00:04
all       1000        638      0.865      0.475      0.557      0.338
Epoch    GPU_mem   box_loss   obj_loss   cls_loss  Instances       Size
45/99      13.9G     0.0338   0.006337   0.003187         39        640: 100%|██████████| 102/102 00:41
Class     Images  Instances          P          R      mAP50   mAP50-95: 100%|██████████| 8/8 00:05
all       1000        638       0.87      0.481      0.556      0.332
Epoch    GPU_mem   box_loss   obj_loss   cls_loss  Instances       Size
46/99      13.9G    0.03408   0.006361   0.003371         38        640: 100%|██████████| 102/102 00:36
Class     Images  Instances          P          R      mAP50   mAP50-95: 100%|██████████| 8/8 00:03
all       1000        638      0.838      0.469      0.537      0.311
Epoch    GPU_mem   box_loss   obj_loss   cls_loss  Instances       Size
47/99      13.9G    0.03378   0.006247   0.003175         29        640: 100%|██████████| 102/102 00:36
Class     Images  Instances          P          R      mAP50   mAP50-95: 100%|██████████| 8/8 00:02
all       1000        638      0.836      0.511      0.559       0.32
Epoch    GPU_mem   box_loss   obj_loss   cls_loss  Instances       Size
48/99      13.9G    0.03338   0.006187   0.003038         40        640: 100%|██████████| 102/102 00:36
Class     Images  Instances          P          R      mAP50   mAP50-95: 100%|██████████| 8/8 00:03
all       1000        638      0.882      0.438      0.538      0.318
Epoch    GPU_mem   box_loss   obj_loss   cls_loss  Instances       Size
49/99      13.9G    0.03346   0.006281   0.002928         28        640: 100%|██████████| 102/102 00:32
Class     Images  Instances          P          R      mAP50   mAP50-95: 100%|██████████| 8/8 00:03
all       1000        638      0.824      0.491      0.545      0.334
Epoch    GPU_mem   box_loss   obj_loss   cls_loss  Instances       Size
50/99      13.9G    0.03313    0.00617   0.002578         52        640: 100%|██████████| 102/102 00:32
Class     Images  Instances          P          R      mAP50   mAP50-95: 100%|██████████| 8/8 00:03
all       1000        638      0.848      0.457      0.541      0.312
Epoch    GPU_mem   box_loss   obj_loss   cls_loss  Instances       Size
51/99      13.9G    0.03265   0.006158   0.002874         49        640: 100%|██████████| 102/102 00:33
Class     Images  Instances          P          R      mAP50   mAP50-95: 100%|██████████| 8/8 00:02
all       1000        638      0.884      0.487      0.547      0.306
Epoch    GPU_mem   box_loss   obj_loss   cls_loss  Instances       Size
52/99      13.9G    0.03273   0.006119   0.003005         33        640: 100%|██████████| 102/102 00:33
Class     Images  Instances          P          R      mAP50   mAP50-95: 100%|██████████| 8/8 00:03
all       1000        638      0.833       0.51       0.55      0.335
Epoch    GPU_mem   box_loss   obj_loss   cls_loss  Instances       Size
53/99      13.9G    0.03227    0.00598   0.003196         41        640: 100%|██████████| 102/102 00:38
Class     Images  Instances          P          R      mAP50   mAP50-95: 100%|██████████| 8/8 00:04
all       1000        638      0.842      0.482      0.545      0.319
Epoch    GPU_mem   box_loss   obj_loss   cls_loss  Instances       Size
54/99      13.9G    0.03184   0.005983    0.00268         35        640: 100%|██████████| 102/102 00:30
Class     Images  Instances          P          R      mAP50   mAP50-95: 100%|██████████| 8/8 00:02
all       1000        638      0.862      0.491      0.546      0.325
Epoch    GPU_mem   box_loss   obj_loss   cls_loss  Instances       Size
55/99      13.9G    0.03137   0.005914   0.002402         34        640: 100%|██████████| 102/102 00:35
Class     Images  Instances          P          R      mAP50   mAP50-95: 100%|██████████| 8/8 00:03
all       1000        638      0.867      0.498      0.548      0.329
Epoch    GPU_mem   box_loss   obj_loss   cls_loss  Instances       Size
56/99      13.9G    0.03138   0.005912   0.002601         35        640: 100%|██████████| 102/102 00:34
Class     Images  Instances          P          R      mAP50   mAP50-95: 100%|██████████| 8/8 00:04
all       1000        638      0.864      0.506      0.557      0.332
Epoch    GPU_mem   box_loss   obj_loss   cls_loss  Instances       Size
57/99      13.9G    0.03119    0.00587   0.002445         39        640: 100%|██████████| 102/102 00:38
Class     Images  Instances          P          R      mAP50   mAP50-95: 100%|██████████| 8/8 00:04
all       1000        638      0.824      0.522      0.558      0.337
Epoch    GPU_mem   box_loss   obj_loss   cls_loss  Instances       Size
58/99      13.9G    0.03145   0.005905   0.002219         25        640: 100%|██████████| 102/102 00:38
Class     Images  Instances          P          R      mAP50   mAP50-95: 100%|██████████| 8/8 00:02
all       1000        638      0.829      0.494      0.558      0.323
Epoch    GPU_mem   box_loss   obj_loss   cls_loss  Instances       Size
59/99      13.9G    0.03084   0.005759   0.002171         35        640: 100%|██████████| 102/102 00:46
Class     Images  Instances          P          R      mAP50   mAP50-95: 100%|██████████| 8/8 00:04
all       1000        638      0.879      0.482       0.57      0.334
Epoch    GPU_mem   box_loss   obj_loss   cls_loss  Instances       Size
60/99      13.9G    0.03031   0.005778   0.001978         28        640: 100%|██████████| 102/102 00:42
Class     Images  Instances          P          R      mAP50   mAP50-95: 100%|██████████| 8/8 00:03
all       1000        638      0.842      0.496      0.561      0.329
Epoch    GPU_mem   box_loss   obj_loss   cls_loss  Instances       Size
61/99      13.9G    0.03077   0.005844   0.002368         38        640: 100%|██████████| 102/102 00:43
Class     Images  Instances          P          R      mAP50   mAP50-95: 100%|██████████| 8/8 00:03
all       1000        638      0.886       0.49      0.551      0.324
Epoch    GPU_mem   box_loss   obj_loss   cls_loss  Instances       Size
62/99      13.9G    0.03008   0.005798   0.002139         52        640: 100%|██████████| 102/102 00:44
Class     Images  Instances          P          R      mAP50   mAP50-95: 100%|██████████| 8/8 00:02
all       1000        638       0.84      0.489      0.564      0.335
Epoch    GPU_mem   box_loss   obj_loss   cls_loss  Instances       Size
63/99      13.9G     0.0303   0.005616   0.002182         31        640: 100%|██████████| 102/102 00:44
Class     Images  Instances          P          R      mAP50   mAP50-95: 100%|██████████| 8/8 00:03
all       1000        638      0.868      0.486      0.564      0.337
Epoch    GPU_mem   box_loss   obj_loss   cls_loss  Instances       Size
64/99      13.9G    0.02964   0.005649    0.00189         45        640: 100%|██████████| 102/102 00:45
Class     Images  Instances          P          R      mAP50   mAP50-95: 100%|██████████| 8/8 00:03
all       1000        638      0.877      0.513      0.588      0.355
Epoch    GPU_mem   box_loss   obj_loss   cls_loss  Instances       Size
65/99      13.9G    0.02932   0.005501   0.001891         35        640: 100%|██████████| 102/102 00:36
Class     Images  Instances          P          R      mAP50   mAP50-95: 100%|██████████| 8/8 00:04
all       1000        638       0.92      0.499      0.581      0.348
Epoch    GPU_mem   box_loss   obj_loss   cls_loss  Instances       Size
66/99      13.9G    0.02926   0.005645   0.001936         49        640: 100%|██████████| 102/102 00:31
Class     Images  Instances          P          R      mAP50   mAP50-95: 100%|██████████| 8/8 00:02
all       1000        638      0.867      0.511      0.579      0.347
Epoch    GPU_mem   box_loss   obj_loss   cls_loss  Instances       Size
67/99      13.9G      0.029   0.005524   0.001684         52        640: 100%|██████████| 102/102 00:30
Class     Images  Instances          P          R      mAP50   mAP50-95: 100%|██████████| 8/8 00:02
all       1000        638      0.915      0.471      0.568      0.338
Epoch    GPU_mem   box_loss   obj_loss   cls_loss  Instances       Size
68/99      13.9G    0.02889   0.005473   0.001494         30        640: 100%|██████████| 102/102 00:30
Class     Images  Instances          P          R      mAP50   mAP50-95: 100%|██████████| 8/8 00:02
all       1000        638      0.856      0.508      0.573      0.355
Epoch    GPU_mem   box_loss   obj_loss   cls_loss  Instances       Size
69/99      13.9G    0.02837    0.00542   0.001824         26        640: 100%|██████████| 102/102 00:31
Class     Images  Instances          P          R      mAP50   mAP50-95: 100%|██████████| 8/8 00:02
all       1000        638      0.876      0.514       0.58      0.352
Epoch    GPU_mem   box_loss   obj_loss   cls_loss  Instances       Size
70/99      13.9G    0.02825   0.005466   0.001649         43        640: 100%|██████████| 102/102 00:34
Class     Images  Instances          P          R      mAP50   mAP50-95: 100%|██████████| 8/8 00:02
all       1000        638      0.864      0.511      0.582      0.354
Epoch    GPU_mem   box_loss   obj_loss   cls_loss  Instances       Size
71/99      13.9G    0.02823   0.005283   0.001643         27        640: 100%|██████████| 102/102 00:33
Class     Images  Instances          P          R      mAP50   mAP50-95: 100%|██████████| 8/8 00:03
all       1000        638       0.84      0.521      0.573      0.342
Epoch    GPU_mem   box_loss   obj_loss   cls_loss  Instances       Size
72/99      13.9G    0.02817   0.005294   0.001584         38        640: 100%|██████████| 102/102 00:31
Class     Images  Instances          P          R      mAP50   mAP50-95: 100%|██████████| 8/8 00:02
all       1000        638      0.615      0.534      0.577      0.352
Epoch    GPU_mem   box_loss   obj_loss   cls_loss  Instances       Size
73/99      13.9G    0.02791   0.005289   0.001598         34        640: 100%|██████████| 102/102 00:35
Class     Images  Instances          P          R      mAP50   mAP50-95: 100%|██████████| 8/8 00:03
all       1000        638       0.86      0.524      0.568      0.342
Epoch    GPU_mem   box_loss   obj_loss   cls_loss  Instances       Size
74/99      13.9G    0.02756   0.005204   0.001354         41        640: 100%|██████████| 102/102 00:32
Class     Images  Instances          P          R      mAP50   mAP50-95: 100%|██████████| 8/8 00:02
all       1000        638      0.821      0.532      0.573      0.348
Epoch    GPU_mem   box_loss   obj_loss   cls_loss  Instances       Size
75/99      13.9G    0.02698   0.005111   0.001563         44        640: 100%|██████████| 102/102 00:32
Class     Images  Instances          P          R      mAP50   mAP50-95: 100%|██████████| 8/8 00:02
all       1000        638      0.844      0.537      0.581      0.349
Epoch    GPU_mem   box_loss   obj_loss   cls_loss  Instances       Size
76/99      13.9G    0.02686   0.005108   0.001335         29        640: 100%|██████████| 102/102 00:35
Class     Images  Instances          P          R      mAP50   mAP50-95: 100%|██████████| 8/8 00:03
all       1000        638       0.92      0.489      0.584      0.349
Epoch    GPU_mem   box_loss   obj_loss   cls_loss  Instances       Size
77/99      13.9G     0.0268    0.00502   0.001417         46        640: 100%|██████████| 102/102 00:31
Class     Images  Instances          P          R      mAP50   mAP50-95: 100%|██████████| 8/8 00:02
all       1000        638      0.848       0.54       0.58      0.354
Epoch    GPU_mem   box_loss   obj_loss   cls_loss  Instances       Size
78/99      13.9G    0.02644   0.005019   0.001264         34        640: 100%|██████████| 102/102 00:36
Class     Images  Instances          P          R      mAP50   mAP50-95: 100%|██████████| 8/8 00:03
all       1000        638      0.874      0.535      0.576      0.354
Epoch    GPU_mem   box_loss   obj_loss   cls_loss  Instances       Size
79/99      13.9G    0.02632   0.004945    0.00118         35        640: 100%|██████████| 102/102 00:39
Class     Images  Instances          P          R      mAP50   mAP50-95: 100%|██████████| 8/8 00:03
all       1000        638      0.871      0.516      0.577       0.35
Epoch    GPU_mem   box_loss   obj_loss   cls_loss  Instances       Size
80/99      13.9G     0.0259   0.004893   0.001044         31        640: 100%|██████████| 102/102 00:36
Class     Images  Instances          P          R      mAP50   mAP50-95: 100%|██████████| 8/8 00:04
all       1000        638      0.883      0.505      0.578      0.354
Epoch    GPU_mem   box_loss   obj_loss   cls_loss  Instances       Size
81/99      13.9G    0.02577   0.004934   0.001063         41        640: 100%|██████████| 102/102 00:34
Class     Images  Instances          P          R      mAP50   mAP50-95: 100%|██████████| 8/8 00:03
all       1000        638      0.898      0.483      0.573      0.352
Epoch    GPU_mem   box_loss   obj_loss   cls_loss  Instances       Size
82/99      13.9G    0.02563   0.004847   0.001198         50        640: 100%|██████████| 102/102 00:36
Class     Images  Instances          P          R      mAP50   mAP50-95: 100%|██████████| 8/8 00:03
all       1000        638      0.867      0.519      0.582      0.354
Epoch    GPU_mem   box_loss   obj_loss   cls_loss  Instances       Size
83/99      13.9G    0.02552   0.004838    0.00116         39        640: 100%|██████████| 102/102 00:35
Class     Images  Instances          P          R      mAP50   mAP50-95: 100%|██████████| 8/8 00:04
all       1000        638      0.843      0.542      0.585      0.351
Epoch    GPU_mem   box_loss   obj_loss   cls_loss  Instances       Size
84/99      13.9G     0.0254   0.004829   0.001115         36        640: 100%|██████████| 102/102 00:35
Class     Images  Instances          P          R      mAP50   mAP50-95: 100%|██████████| 8/8 00:03
all       1000        638      0.913      0.485      0.574       0.35
Epoch    GPU_mem   box_loss   obj_loss   cls_loss  Instances       Size
85/99      13.9G     0.0251   0.004825   0.001102         50        640: 100%|██████████| 102/102 00:39
Class     Images  Instances          P          R      mAP50   mAP50-95: 100%|██████████| 8/8 00:04
all       1000        638        0.9      0.497      0.571      0.348
Epoch    GPU_mem   box_loss   obj_loss   cls_loss  Instances       Size
86/99      13.9G    0.02449   0.004732   0.000935         29        640: 100%|██████████| 102/102 00:43
Class     Images  Instances          P          R      mAP50   mAP50-95: 100%|██████████| 8/8 00:03
all       1000        638      0.865      0.521      0.569      0.353
Epoch    GPU_mem   box_loss   obj_loss   cls_loss  Instances       Size
87/99      13.9G    0.02446   0.004681  0.0009193         46        640: 100%|██████████| 102/102 00:41
Class     Images  Instances          P          R      mAP50   mAP50-95: 100%|██████████| 8/8 00:04
all       1000        638      0.854      0.525      0.572      0.355
Epoch    GPU_mem   box_loss   obj_loss   cls_loss  Instances       Size
88/99      13.9G    0.02423    0.00469  0.0008905         40        640: 100%|██████████| 102/102 00:42
Class     Images  Instances          P          R      mAP50   mAP50-95: 100%|██████████| 8/8 00:04
all       1000        638      0.844      0.527      0.578      0.356
Epoch    GPU_mem   box_loss   obj_loss   cls_loss  Instances       Size
89/99      13.9G     0.0243   0.004691  0.0009123         34        640: 100%|██████████| 102/102 00:33
Class     Images  Instances          P          R      mAP50   mAP50-95: 100%|██████████| 8/8 00:04
all       1000        638      0.844      0.535       0.58      0.353
Epoch    GPU_mem   box_loss   obj_loss   cls_loss  Instances       Size
90/99      13.9G    0.02427   0.004649  0.0009441         43        640: 100%|██████████| 102/102 00:33
Class     Images  Instances          P          R      mAP50   mAP50-95: 100%|██████████| 8/8 00:04
all       1000        638       0.85      0.548      0.582      0.358
Epoch    GPU_mem   box_loss   obj_loss   cls_loss  Instances       Size
91/99      13.9G    0.02405   0.004535   0.001083         24        640: 100%|██████████| 102/102 00:35
Class     Images  Instances          P          R      mAP50   mAP50-95: 100%|██████████| 8/8 00:04
all       1000        638      0.854       0.52       0.58      0.356
Epoch    GPU_mem   box_loss   obj_loss   cls_loss  Instances       Size
92/99      13.9G    0.02363    0.00468  0.0009858         35        640: 100%|██████████| 102/102 00:32
Class     Images  Instances          P          R      mAP50   mAP50-95: 100%|██████████| 8/8 00:03
all       1000        638      0.852      0.536       0.58      0.358
Epoch    GPU_mem   box_loss   obj_loss   cls_loss  Instances       Size
93/99      13.9G    0.02317   0.004457  0.0007751         41        640: 100%|██████████| 102/102 00:36
Class     Images  Instances          P          R      mAP50   mAP50-95: 100%|██████████| 8/8 00:04
all       1000        638      0.851      0.526      0.575      0.353
Epoch    GPU_mem   box_loss   obj_loss   cls_loss  Instances       Size
94/99      13.9G    0.02334   0.004621  0.0008547         39        640: 100%|██████████| 102/102 00:40
Class     Images  Instances          P          R      mAP50   mAP50-95: 100%|██████████| 8/8 00:03
all       1000        638      0.875      0.521      0.584      0.362
Epoch    GPU_mem   box_loss   obj_loss   cls_loss  Instances       Size
95/99      13.9G    0.02321   0.004468  0.0008156         38        640: 100%|██████████| 102/102 00:35
Class     Images  Instances          P          R      mAP50   mAP50-95: 100%|██████████| 8/8 00:03
all       1000        638      0.871      0.523      0.585      0.364
Epoch    GPU_mem   box_loss   obj_loss   cls_loss  Instances       Size
96/99      13.9G    0.02287   0.004527  0.0008537         32        640: 100%|██████████| 102/102 00:43
Class     Images  Instances          P          R      mAP50   mAP50-95: 100%|██████████| 8/8 00:03
all       1000        638      0.884      0.535      0.587      0.366
Epoch    GPU_mem   box_loss   obj_loss   cls_loss  Instances       Size
97/99      13.9G    0.02277   0.004441  0.0007468         34        640: 100%|██████████| 102/102 00:33
Class     Images  Instances          P          R      mAP50   mAP50-95: 100%|██████████| 8/8 00:04
all       1000        638      0.899       0.52      0.588      0.367
Epoch    GPU_mem   box_loss   obj_loss   cls_loss  Instances       Size
98/99      13.9G    0.02217   0.004268  0.0006033         29        640: 100%|██████████| 102/102 00:33
Class     Images  Instances          P          R      mAP50   mAP50-95: 100%|██████████| 8/8 00:02
all       1000        638      0.885      0.528      0.585      0.365
Epoch    GPU_mem   box_loss   obj_loss   cls_loss  Instances       Size
99/99      13.9G    0.02193   0.004323  0.0007727         38        640: 100%|██████████| 102/102 00:44
Class     Images  Instances          P          R      mAP50   mAP50-95: 100%|██████████| 8/8 00:02
all       1000        638      0.891      0.523      0.584      0.364
100 epochs completed in 1.114 hours.
Optimizer stripped from /home/lijinhe/work/YOLO_Retraining/runs/studies/20260824-182608/sequences/random_frame_s42__seq-full-cold__stage0-stage3__yolov5s__s42/tasks/002__stage2__full-cold/backend/yolov5/train/weights/last.pt, 14.4MB
Optimizer stripped from /home/lijinhe/work/YOLO_Retraining/runs/studies/20260824-182608/sequences/random_frame_s42__seq-full-cold__stage0-stage3__yolov5s__s42/tasks/002__stage2__full-cold/backend/yolov5/train/weights/best.pt, 14.4MB
Validating /home/lijinhe/work/YOLO_Retraining/runs/studies/20260824-182608/sequences/random_frame_s42__seq-full-cold__stage0-stage3__yolov5s__s42/tasks/002__stage2__full-cold/backend/yolov5/train/weights/best.pt...
Fusing layers...
Model summary: 157 layers, 7020913 parameters, 0 gradients, 15.8 GFLOPs
Class     Images  Instances          P          R      mAP50   mAP50-95: 100%|██████████| 8/8 00:04
all       1000        638      0.876      0.512      0.588      0.355
large luggage       1000        491       0.85      0.724      0.807      0.451
stroller       1000        125      0.855      0.688      0.805      0.427
wheelchair       1000         19      0.801      0.634       0.72      0.528
flatbed truck       1000          3          1          0     0.0192     0.0134
Results saved to /home/lijinhe/work/YOLO_Retraining/runs/studies/20260824-182608/sequences/random_frame_s42__seq-full-cold__stage0-stage3__yolov5s__s42/tasks/002__stage2__full-cold/backend/yolov5/train
terminate called without an active exception
[YOLOv5] compacted progress updates: 21813 -> 203 lines
[YOLOv5] coalesced warning: incomplete JPEG accepted read-only; count=7297; by_source=train=6322, val=975
[YOLOv5] warning example: train: WARNING ⚠️ /home/lijinhe/work/YOLO_Retraining/data/self_improving/images/0720_1/00001_1780987846311329_0.jpg: incomplete JPEG accepted read-only
[YOLOv5] warning example: train: WARNING ⚠️ /home/lijinhe/work/YOLO_Retraining/data/self_improving/images/0720_1/00002_1780987856406331_0.jpg: incomplete JPEG accepted read-only
[YOLOv5] warning example: train: WARNING ⚠️ /home/lijinhe/work/YOLO_Retraining/data/self_improving/images/0720_1/00003_1780987872391333_0.jpg: incomplete JPEG accepted read-only
