train: weights=/home/lijinhe/work/YOLO_Retraining/.third_party/yolov5/yolov5s.pt, cfg=, data=/home/lijinhe/work/YOLO_Retraining/runs/studies/balance_learning_curve_2batch/sequences/Balance_Learning_Curve_ordered__seq-full-cold__stage0-stage7__yolov5s__s42/tasks/007__stage7__full-cold/data/backend_data.yaml, hyp=data/hyps/hyp.scratch-low.yaml, epochs=100, batch_size=64, imgsz=640, rect=False, resume=False, nosave=False, noval=False, noautoanchor=False, noplots=True, evolve=None, bucket=, cache=None, image_weights=False, device=0, multi_scale=False, single_cls=False, optimizer=SGD, sync_bn=False, workers=16, project=/home/lijinhe/work/YOLO_Retraining/runs/studies/balance_learning_curve_2batch/sequences/Balance_Learning_Curve_ordered__seq-full-cold__stage0-stage7__yolov5s__s42/tasks/007__stage7__full-cold/backend/yolov5, name=train, exist_ok=True, quad=False, cos_lr=False, label_smoothing=0.0, patience=100, freeze=[0], save_period=-1, seed=49, local_rank=-1, entity=None, upload_dataset=False, bbox_interval=-1, artifact_alias=latest
github: skipping check (offline), for updates see https://github.com/ultralytics/yolov5
YOLOv5 🚀 v7.0-0-g915bbf29 Python-3.10.20 torch-2.2.2+cu121 CUDA:0 (NVIDIA H100 PCIe, 81090MiB)
hyperparameters: lr0=0.01, lrf=0.01, momentum=0.937, weight_decay=0.0005, warmup_epochs=3.0, warmup_momentum=0.8, warmup_bias_lr=0.1, box=0.05, cls=0.5, cls_pw=1.0, obj=1.0, obj_pw=1.0, iou_t=0.2, anchor_t=4.0, fl_gamma=0.0, hsv_h=0.015, hsv_s=0.7, hsv_v=0.4, degrees=0.0, translate=0.1, scale=0.5, shear=0.0, perspective=0.0, flipud=0.0, fliplr=0.5, mosaic=1.0, mixup=0.0, copy_paste=0.0
ClearML: run 'pip install clearml' to automatically track, visualize and remotely train YOLOv5 🚀 in ClearML
Comet: run 'pip install comet_ml' to automatically track and visualize YOLOv5 🚀 runs in Comet
TensorBoard: Start with 'tensorboard --logdir /home/lijinhe/work/YOLO_Retraining/runs/studies/balance_learning_curve_2batch/sequences/Balance_Learning_Curve_ordered__seq-full-cold__stage0-stage7__yolov5s__s42/tasks/007__stage7__full-cold/backend/yolov5', view at http://localhost:6006/
Overriding model.yaml nc=80 with nc=4
from  n    params  module                                  arguments
0                -1  1      3520  models.common.Conv                      [3, 32, 6, 2, 2]
1                -1  1     18560  models.common.Conv                      [32, 64, 3, 2]
2                -1  1     18816  models.common.C3                        [64, 64, 1]
3                -1  1     73984  models.common.Conv                      [64, 128, 3, 2]
4                -1  2    115712  models.common.C3                        [128, 128, 2]
5                -1  1    295424  models.common.Conv                      [128, 256, 3, 2]
6                -1  3    625152  models.common.C3                        [256, 256, 3]
7                -1  1   1180672  models.common.Conv                      [256, 512, 3, 2]
8                -1  1   1182720  models.common.C3                        [512, 512, 1]
9                -1  1    656896  models.common.SPPF                      [512, 512, 5]
10                -1  1    131584  models.common.Conv                      [512, 256, 1, 1]
11                -1  1         0  torch.nn.modules.upsampling.Upsample    [None, 2, 'nearest']
12           [-1, 6]  1         0  models.common.Concat                    [1]
13                -1  1    361984  models.common.C3                        [512, 256, 1, False]
14                -1  1     33024  models.common.Conv                      [256, 128, 1, 1]
15                -1  1         0  torch.nn.modules.upsampling.Upsample    [None, 2, 'nearest']
16           [-1, 4]  1         0  models.common.Concat                    [1]
17                -1  1     90880  models.common.C3                        [256, 128, 1, False]
18                -1  1    147712  models.common.Conv                      [128, 128, 3, 2]
19          [-1, 14]  1         0  models.common.Concat                    [1]
20                -1  1    296448  models.common.C3                        [256, 256, 1, False]
21                -1  1    590336  models.common.Conv                      [256, 256, 3, 2]
22          [-1, 10]  1         0  models.common.Concat                    [1]
23                -1  1   1182720  models.common.C3                        [512, 512, 1, False]
24      [17, 20, 23]  1     24273  models.yolo.Detect                      [4, [[10, 13, 16, 30, 33, 23], [30, 61, 62, 45, 59, 119], [116, 90, 156, 198, 373, 326]], [128, 256, 512]]
Model summary: 214 layers, 7030417 parameters, 7030417 gradients, 16.0 GFLOPs
Transferred 343/349 items from /home/lijinhe/work/YOLO_Retraining/.third_party/yolov5/yolov5s.pt
AMP: checks passed ✅
optimizer: SGD(lr=0.01) with parameter groups 57 weight(decay=0.0), 60 weight(decay=0.0005), 60 bias
train: Scanning /home/lijinhe/work/YOLO_Retraining/runs/studies/balance_learning_curve_2batch/sequences/Balance_Learning_Curve_ordered__seq-full-cold__stage0-stage7__yolov5s__s42/tasks/007__stage7__full-cold/data/backend_train_images... 7573 images, 4125 backgrounds, 0 corrupt: 100%|██████████| 7573/7573 00:23
train: WARNING ⚠️ /home/lijinhe/work/YOLO_Retraining/data/self_improving/images/0720_11/05168_1784523505059766_0.jpg: 2 duplicate labels removed
train: New cache created: /home/lijinhe/work/YOLO_Retraining/runs/studies/balance_learning_curve_2batch/sequences/Balance_Learning_Curve_ordered__seq-full-cold__stage0-stage7__yolov5s__s42/tasks/007__stage7__full-cold/data/backend_train_images.cache
val: Scanning /home/lijinhe/work/YOLO_Retraining/runs/studies/balance_learning_curve_2batch/sequences/Balance_Learning_Curve_ordered__seq-full-cold__stage0-stage7__yolov5s__s42/tasks/007__stage7__full-cold/data/backend_validation_images... 1000 images, 499 backgrounds, 0 corrupt: 100%|██████████| 1000/1000 00:06
val: New cache created: /home/lijinhe/work/YOLO_Retraining/runs/studies/balance_learning_curve_2batch/sequences/Balance_Learning_Curve_ordered__seq-full-cold__stage0-stage7__yolov5s__s42/tasks/007__stage7__full-cold/data/backend_validation_images.cache
AutoAnchor: 5.55 anchors/target, 1.000 Best Possible Recall (BPR). Current anchors are a good fit to dataset ✅
Image sizes 640 train, 640 val
Using 16 dataloader workers
Logging results to /home/lijinhe/work/YOLO_Retraining/runs/studies/balance_learning_curve_2batch/sequences/Balance_Learning_Curve_ordered__seq-full-cold__stage0-stage7__yolov5s__s42/tasks/007__stage7__full-cold/backend/yolov5/train
Starting training for 100 epochs...
Epoch    GPU_mem   box_loss   obj_loss   cls_loss  Instances       Size
0/99      13.9G    0.08834    0.01608    0.02676         31        640: 100%|██████████| 119/119 00:41
Class     Images  Instances          P          R      mAP50   mAP50-95: 100%|██████████| 8/8 00:03
all       1000        641      0.793     0.0445     0.0956     0.0347
Epoch    GPU_mem   box_loss   obj_loss   cls_loss  Instances       Size
1/99      13.9G    0.06262    0.01234    0.01417         29        640: 100%|██████████| 119/119 00:45
Class     Images  Instances          P          R      mAP50   mAP50-95: 100%|██████████| 8/8 00:03
all       1000        641      0.768      0.174        0.2     0.0776
Epoch    GPU_mem   box_loss   obj_loss   cls_loss  Instances       Size
2/99      13.9G    0.05841   0.009972    0.01244         13        640: 100%|██████████| 119/119 00:42
Class     Images  Instances          P          R      mAP50   mAP50-95: 100%|██████████| 8/8 00:02
all       1000        641      0.511       0.11     0.0954     0.0399
Epoch    GPU_mem   box_loss   obj_loss   cls_loss  Instances       Size
3/99      13.9G     0.0581    0.00982    0.01345         21        640: 100%|██████████| 119/119 00:47
Class     Images  Instances          P          R      mAP50   mAP50-95: 100%|██████████| 8/8 00:03
all       1000        641      0.802     0.0422     0.0381     0.0146
Epoch    GPU_mem   box_loss   obj_loss   cls_loss  Instances       Size
4/99      13.9G    0.05495   0.009515    0.01246         36        640: 100%|██████████| 119/119 00:46
Class     Images  Instances          P          R      mAP50   mAP50-95: 100%|██████████| 8/8 00:02
all       1000        641      0.435      0.184      0.122     0.0442
Epoch    GPU_mem   box_loss   obj_loss   cls_loss  Instances       Size
5/99      13.9G    0.05211   0.009173    0.01013         35        640: 100%|██████████| 119/119 00:46
Class     Images  Instances          P          R      mAP50   mAP50-95: 100%|██████████| 8/8 00:03
all       1000        641      0.641      0.265      0.277     0.0952
Epoch    GPU_mem   box_loss   obj_loss   cls_loss  Instances       Size
6/99      13.9G     0.0504   0.008828   0.009597         24        640: 100%|██████████| 119/119 00:47
Class     Images  Instances          P          R      mAP50   mAP50-95: 100%|██████████| 8/8 00:03
all       1000        641       0.64      0.297      0.307      0.133
Epoch    GPU_mem   box_loss   obj_loss   cls_loss  Instances       Size
7/99      13.9G    0.04953   0.008677   0.009441         17        640: 100%|██████████| 119/119 00:45
Class     Images  Instances          P          R      mAP50   mAP50-95: 100%|██████████| 8/8 00:05
all       1000        641      0.582      0.329      0.274      0.108
Epoch    GPU_mem   box_loss   obj_loss   cls_loss  Instances       Size
8/99      13.9G    0.04795    0.00866   0.008324         17        640: 100%|██████████| 119/119 00:44
Class     Images  Instances          P          R      mAP50   mAP50-95: 100%|██████████| 8/8 00:05
all       1000        641      0.665      0.349      0.362      0.162
Epoch    GPU_mem   box_loss   obj_loss   cls_loss  Instances       Size
9/99      13.9G    0.04707   0.008473   0.008393         23        640: 100%|██████████| 119/119 00:41
Class     Images  Instances          P          R      mAP50   mAP50-95: 100%|██████████| 8/8 00:05
all       1000        641      0.646      0.373      0.384      0.187
Epoch    GPU_mem   box_loss   obj_loss   cls_loss  Instances       Size
10/99      13.9G    0.04628   0.008093   0.007516         29        640: 100%|██████████| 119/119 00:41
Class     Images  Instances          P          R      mAP50   mAP50-95: 100%|██████████| 8/8 00:03
all       1000        641      0.713      0.358      0.393      0.187
Epoch    GPU_mem   box_loss   obj_loss   cls_loss  Instances       Size
11/99      13.9G    0.04515   0.008153   0.007417         24        640: 100%|██████████| 119/119 00:41
Class     Images  Instances          P          R      mAP50   mAP50-95: 100%|██████████| 8/8 00:03
all       1000        641      0.699      0.365      0.384      0.186
Epoch    GPU_mem   box_loss   obj_loss   cls_loss  Instances       Size
12/99      13.9G    0.04414   0.007969   0.006714         22        640: 100%|██████████| 119/119 00:35
Class     Images  Instances          P          R      mAP50   mAP50-95: 100%|██████████| 8/8 00:03
all       1000        641      0.726      0.291      0.345      0.169
Epoch    GPU_mem   box_loss   obj_loss   cls_loss  Instances       Size
13/99      13.9G    0.04387   0.007968   0.006982         19        640: 100%|██████████| 119/119 00:35
Class     Images  Instances          P          R      mAP50   mAP50-95: 100%|██████████| 8/8 00:03
all       1000        641      0.753       0.39      0.431      0.191
Epoch    GPU_mem   box_loss   obj_loss   cls_loss  Instances       Size
14/99      13.9G     0.0433   0.007648   0.006656         20        640: 100%|██████████| 119/119 00:34
Class     Images  Instances          P          R      mAP50   mAP50-95: 100%|██████████| 8/8 00:03
all       1000        641      0.761      0.287      0.355       0.15
Epoch    GPU_mem   box_loss   obj_loss   cls_loss  Instances       Size
15/99      13.9G     0.0426   0.007746   0.006456         18        640: 100%|██████████| 119/119 00:32
Class     Images  Instances          P          R      mAP50   mAP50-95: 100%|██████████| 8/8 00:02
all       1000        641      0.738      0.355      0.411      0.196
Epoch    GPU_mem   box_loss   obj_loss   cls_loss  Instances       Size
16/99      13.9G    0.04121   0.007545   0.006165         19        640: 100%|██████████| 119/119 00:31
Class     Images  Instances          P          R      mAP50   mAP50-95: 100%|██████████| 8/8 00:03
all       1000        641      0.759      0.373      0.434      0.217
Epoch    GPU_mem   box_loss   obj_loss   cls_loss  Instances       Size
17/99      13.9G    0.04164   0.007451   0.005911         20        640: 100%|██████████| 119/119 00:31
Class     Images  Instances          P          R      mAP50   mAP50-95: 100%|██████████| 8/8 00:02
all       1000        641      0.755      0.371      0.402       0.21
Epoch    GPU_mem   box_loss   obj_loss   cls_loss  Instances       Size
18/99      13.9G    0.04146    0.00753   0.006122         16        640: 100%|██████████| 119/119 00:30
Class     Images  Instances          P          R      mAP50   mAP50-95: 100%|██████████| 8/8 00:03
all       1000        641      0.774      0.363      0.424      0.204
Epoch    GPU_mem   box_loss   obj_loss   cls_loss  Instances       Size
19/99      13.9G    0.04044   0.007493   0.005697         27        640: 100%|██████████| 119/119 00:31
Class     Images  Instances          P          R      mAP50   mAP50-95: 100%|██████████| 8/8 00:03
all       1000        641      0.735      0.393      0.435      0.219
Epoch    GPU_mem   box_loss   obj_loss   cls_loss  Instances       Size
20/99      13.9G    0.04014   0.007395   0.005086         23        640: 100%|██████████| 119/119 00:32
Class     Images  Instances          P          R      mAP50   mAP50-95: 100%|██████████| 8/8 00:03
all       1000        641      0.716      0.396      0.423      0.213
Epoch    GPU_mem   box_loss   obj_loss   cls_loss  Instances       Size
21/99      13.9G    0.03958   0.007403   0.005312         33        640: 100%|██████████| 119/119 00:31
Class     Images  Instances          P          R      mAP50   mAP50-95: 100%|██████████| 8/8 00:02
all       1000        641      0.787       0.38      0.453       0.23
Epoch    GPU_mem   box_loss   obj_loss   cls_loss  Instances       Size
22/99      13.9G    0.03933   0.007271   0.004976         25        640: 100%|██████████| 119/119 00:32
Class     Images  Instances          P          R      mAP50   mAP50-95: 100%|██████████| 8/8 00:02
all       1000        641      0.761      0.328      0.387       0.19
Epoch    GPU_mem   box_loss   obj_loss   cls_loss  Instances       Size
23/99      13.9G    0.03907   0.007232   0.005056         34        640: 100%|██████████| 119/119 00:31
Class     Images  Instances          P          R      mAP50   mAP50-95: 100%|██████████| 8/8 00:02
all       1000        641      0.741      0.389      0.441      0.222
Epoch    GPU_mem   box_loss   obj_loss   cls_loss  Instances       Size
24/99      13.9G    0.03898   0.007122   0.004436         26        640: 100%|██████████| 119/119 00:32
Class     Images  Instances          P          R      mAP50   mAP50-95: 100%|██████████| 8/8 00:03
all       1000        641      0.839      0.365      0.457       0.23
Epoch    GPU_mem   box_loss   obj_loss   cls_loss  Instances       Size
25/99      13.9G    0.03839   0.006936   0.004348         34        640: 100%|██████████| 119/119 00:31
Class     Images  Instances          P          R      mAP50   mAP50-95: 100%|██████████| 8/8 00:03
all       1000        641      0.737      0.405      0.446      0.216
Epoch    GPU_mem   box_loss   obj_loss   cls_loss  Instances       Size
26/99      13.9G    0.03888   0.006963   0.004568         26        640: 100%|██████████| 119/119 00:31
Class     Images  Instances          P          R      mAP50   mAP50-95: 100%|██████████| 8/8 00:03
all       1000        641      0.744      0.406      0.427      0.217
Epoch    GPU_mem   box_loss   obj_loss   cls_loss  Instances       Size
27/99      13.9G    0.03779   0.007008   0.004119         19        640: 100%|██████████| 119/119 00:31
Class     Images  Instances          P          R      mAP50   mAP50-95: 100%|██████████| 8/8 00:04
all       1000        641      0.788      0.425      0.462      0.232
Epoch    GPU_mem   box_loss   obj_loss   cls_loss  Instances       Size
28/99      13.9G    0.03796   0.007016   0.004516         18        640: 100%|██████████| 119/119 00:32
Class     Images  Instances          P          R      mAP50   mAP50-95: 100%|██████████| 8/8 00:06
all       1000        641      0.815      0.435      0.482      0.237
Epoch    GPU_mem   box_loss   obj_loss   cls_loss  Instances       Size
29/99      13.9G    0.03805   0.007047   0.004531         23        640: 100%|██████████| 119/119 00:31
Class     Images  Instances          P          R      mAP50   mAP50-95: 100%|██████████| 8/8 00:05
all       1000        641      0.823      0.383      0.451      0.234
Epoch    GPU_mem   box_loss   obj_loss   cls_loss  Instances       Size
30/99      13.9G    0.03679   0.006752   0.003937         21        640: 100%|██████████| 119/119 00:30
Class     Images  Instances          P          R      mAP50   mAP50-95: 100%|██████████| 8/8 00:02
all       1000        641      0.789      0.389      0.465      0.248
Epoch    GPU_mem   box_loss   obj_loss   cls_loss  Instances       Size
31/99      13.9G    0.03631   0.006723   0.003737         24        640: 100%|██████████| 119/119 00:32
Class     Images  Instances          P          R      mAP50   mAP50-95: 100%|██████████| 8/8 00:03
all       1000        641      0.788      0.445      0.484      0.241
Epoch    GPU_mem   box_loss   obj_loss   cls_loss  Instances       Size
32/99      13.9G    0.03664   0.006611   0.004072         30        640: 100%|██████████| 119/119 00:31
Class     Images  Instances          P          R      mAP50   mAP50-95: 100%|██████████| 8/8 00:02
all       1000        641      0.834      0.371      0.446      0.228
Epoch    GPU_mem   box_loss   obj_loss   cls_loss  Instances       Size
33/99      13.9G    0.03588   0.006697   0.003899         25        640: 100%|██████████| 119/119 00:32
Class     Images  Instances          P          R      mAP50   mAP50-95: 100%|██████████| 8/8 00:03
all       1000        641      0.793      0.412      0.462       0.23
Epoch    GPU_mem   box_loss   obj_loss   cls_loss  Instances       Size
34/99      13.9G    0.03588   0.006493   0.003329         26        640: 100%|██████████| 119/119 00:29
Class     Images  Instances          P          R      mAP50   mAP50-95: 100%|██████████| 8/8 00:02
all       1000        641       0.73      0.421      0.431      0.223
Epoch    GPU_mem   box_loss   obj_loss   cls_loss  Instances       Size
35/99      13.9G    0.03524   0.006548   0.003416         20        640: 100%|██████████| 119/119 00:32
Class     Images  Instances          P          R      mAP50   mAP50-95: 100%|██████████| 8/8 00:02
all       1000        641      0.764      0.407      0.443      0.234
Epoch    GPU_mem   box_loss   obj_loss   cls_loss  Instances       Size
36/99      13.9G    0.03552   0.006584   0.003646         23        640: 100%|██████████| 119/119 00:30
Class     Images  Instances          P          R      mAP50   mAP50-95: 100%|██████████| 8/8 00:02
all       1000        641      0.805      0.424      0.458      0.232
Epoch    GPU_mem   box_loss   obj_loss   cls_loss  Instances       Size
37/99      13.9G    0.03515   0.006489   0.003253         18        640: 100%|██████████| 119/119 00:30
Class     Images  Instances          P          R      mAP50   mAP50-95: 100%|██████████| 8/8 00:03
all       1000        641      0.767      0.419      0.448      0.223
Epoch    GPU_mem   box_loss   obj_loss   cls_loss  Instances       Size
38/99      13.9G    0.03512   0.006449   0.003178         21        640: 100%|██████████| 119/119 00:31
Class     Images  Instances          P          R      mAP50   mAP50-95: 100%|██████████| 8/8 00:02
all       1000        641       0.78      0.437      0.478      0.235
Epoch    GPU_mem   box_loss   obj_loss   cls_loss  Instances       Size
39/99      13.9G    0.03469    0.00638   0.003061         28        640: 100%|██████████| 119/119 00:32
Class     Images  Instances          P          R      mAP50   mAP50-95: 100%|██████████| 8/8 00:02
all       1000        641      0.792      0.424       0.47      0.245
Epoch    GPU_mem   box_loss   obj_loss   cls_loss  Instances       Size
40/99      13.9G    0.03471   0.006434   0.003123         28        640: 100%|██████████| 119/119 00:31
Class     Images  Instances          P          R      mAP50   mAP50-95: 100%|██████████| 8/8 00:03
all       1000        641      0.818      0.435      0.494      0.265
Epoch    GPU_mem   box_loss   obj_loss   cls_loss  Instances       Size
41/99      13.9G     0.0341   0.006176   0.002756         22        640: 100%|██████████| 119/119 00:31
Class     Images  Instances          P          R      mAP50   mAP50-95: 100%|██████████| 8/8 00:02
all       1000        641      0.805      0.432      0.474       0.25
Epoch    GPU_mem   box_loss   obj_loss   cls_loss  Instances       Size
42/99      13.9G     0.0339   0.006209   0.002962         21        640: 100%|██████████| 119/119 00:31
Class     Images  Instances          P          R      mAP50   mAP50-95: 100%|██████████| 8/8 00:03
all       1000        641      0.774      0.419      0.467      0.235
Epoch    GPU_mem   box_loss   obj_loss   cls_loss  Instances       Size
43/99      13.9G    0.03339    0.00628   0.002327         27        640: 100%|██████████| 119/119 00:31
Class     Images  Instances          P          R      mAP50   mAP50-95: 100%|██████████| 8/8 00:03
all       1000        641      0.757      0.443      0.487       0.26
Epoch    GPU_mem   box_loss   obj_loss   cls_loss  Instances       Size
44/99      13.9G    0.03356   0.006183   0.002688         26        640: 100%|██████████| 119/119 00:31
Class     Images  Instances          P          R      mAP50   mAP50-95: 100%|██████████| 8/8 00:04
all       1000        641      0.819      0.468      0.498      0.257
Epoch    GPU_mem   box_loss   obj_loss   cls_loss  Instances       Size
45/99      13.9G    0.03324   0.006224   0.002647         13        640: 100%|██████████| 119/119 00:31
Class     Images  Instances          P          R      mAP50   mAP50-95: 100%|██████████| 8/8 00:04
all       1000        641       0.79      0.414      0.458      0.248
Epoch    GPU_mem   box_loss   obj_loss   cls_loss  Instances       Size
46/99      13.9G    0.03269   0.006184   0.002501         37        640: 100%|██████████| 119/119 00:31
Class     Images  Instances          P          R      mAP50   mAP50-95: 100%|██████████| 8/8 00:03
all       1000        641      0.783      0.421      0.467      0.249
Epoch    GPU_mem   box_loss   obj_loss   cls_loss  Instances       Size
47/99      13.9G    0.03274      0.006   0.002571         23        640: 100%|██████████| 119/119 00:32
Class     Images  Instances          P          R      mAP50   mAP50-95: 100%|██████████| 8/8 00:06
all       1000        641      0.767      0.434      0.475      0.244
Epoch    GPU_mem   box_loss   obj_loss   cls_loss  Instances       Size
48/99      13.9G    0.03201   0.005856   0.002269         18        640: 100%|██████████| 119/119 00:30
Class     Images  Instances          P          R      mAP50   mAP50-95: 100%|██████████| 8/8 00:03
all       1000        641      0.807      0.448      0.495      0.267
Epoch    GPU_mem   box_loss   obj_loss   cls_loss  Instances       Size
49/99      13.9G    0.03184   0.006003   0.002239         18        640: 100%|██████████| 119/119 00:29
Class     Images  Instances          P          R      mAP50   mAP50-95: 100%|██████████| 8/8 00:02
all       1000        641      0.788      0.442      0.484      0.273
Epoch    GPU_mem   box_loss   obj_loss   cls_loss  Instances       Size
50/99      13.9G    0.03192    0.00594    0.00232         22        640: 100%|██████████| 119/119 00:31
Class     Images  Instances          P          R      mAP50   mAP50-95: 100%|██████████| 8/8 00:02
all       1000        641      0.816      0.439      0.475      0.252
Epoch    GPU_mem   box_loss   obj_loss   cls_loss  Instances       Size
51/99      13.9G    0.03178   0.005914   0.002408         23        640: 100%|██████████| 119/119 00:29
Class     Images  Instances          P          R      mAP50   mAP50-95: 100%|██████████| 8/8 00:03
all       1000        641      0.806      0.429      0.486      0.261
Epoch    GPU_mem   box_loss   obj_loss   cls_loss  Instances       Size
52/99      13.9G     0.0319   0.005972   0.002292         30        640: 100%|██████████| 119/119 00:29
Class     Images  Instances          P          R      mAP50   mAP50-95: 100%|██████████| 8/8 00:02
all       1000        641      0.784      0.454      0.486      0.269
Epoch    GPU_mem   box_loss   obj_loss   cls_loss  Instances       Size
53/99      13.9G    0.03096   0.005739   0.002001         23        640: 100%|██████████| 119/119 00:32
Class     Images  Instances          P          R      mAP50   mAP50-95: 100%|██████████| 8/8 00:02
all       1000        641      0.771      0.445      0.482      0.265
Epoch    GPU_mem   box_loss   obj_loss   cls_loss  Instances       Size
54/99      13.9G     0.0311    0.00587   0.002017         32        640: 100%|██████████| 119/119 00:30
Class     Images  Instances          P          R      mAP50   mAP50-95: 100%|██████████| 8/8 00:02
all       1000        641      0.785      0.427      0.478      0.259
Epoch    GPU_mem   box_loss   obj_loss   cls_loss  Instances       Size
55/99      13.9G    0.03059   0.005801   0.001934         29        640: 100%|██████████| 119/119 00:29
Class     Images  Instances          P          R      mAP50   mAP50-95: 100%|██████████| 8/8 00:02
all       1000        641      0.818      0.442      0.494      0.267
Epoch    GPU_mem   box_loss   obj_loss   cls_loss  Instances       Size
56/99      13.9G    0.03046    0.00568   0.001832         30        640: 100%|██████████| 119/119 00:32
Class     Images  Instances          P          R      mAP50   mAP50-95: 100%|██████████| 8/8 00:02
all       1000        641      0.816      0.445      0.496      0.268
Epoch    GPU_mem   box_loss   obj_loss   cls_loss  Instances       Size
57/99      13.9G    0.03024    0.00567   0.001581         23        640: 100%|██████████| 119/119 00:30
Class     Images  Instances          P          R      mAP50   mAP50-95: 100%|██████████| 8/8 00:02
all       1000        641      0.823       0.45      0.503      0.278
Epoch    GPU_mem   box_loss   obj_loss   cls_loss  Instances       Size
58/99      13.9G    0.02968   0.005623   0.001709         17        640: 100%|██████████| 119/119 00:30
Class     Images  Instances          P          R      mAP50   mAP50-95: 100%|██████████| 8/8 00:02
all       1000        641      0.842       0.45      0.503      0.278
Epoch    GPU_mem   box_loss   obj_loss   cls_loss  Instances       Size
59/99      13.9G    0.02959   0.005562   0.001782         23        640: 100%|██████████| 119/119 00:33
Class     Images  Instances          P          R      mAP50   mAP50-95: 100%|██████████| 8/8 00:02
all       1000        641      0.785      0.462      0.492      0.272
Epoch    GPU_mem   box_loss   obj_loss   cls_loss  Instances       Size
60/99      13.9G    0.02949   0.005563   0.001684         16        640: 100%|██████████| 119/119 00:32
Class     Images  Instances          P          R      mAP50   mAP50-95: 100%|██████████| 8/8 00:02
all       1000        641      0.861      0.433      0.497      0.267
Epoch    GPU_mem   box_loss   obj_loss   cls_loss  Instances       Size
61/99      13.9G    0.02919    0.00544   0.001554         19        640: 100%|██████████| 119/119 00:30
Class     Images  Instances          P          R      mAP50   mAP50-95: 100%|██████████| 8/8 00:03
all       1000        641      0.787      0.472        0.5      0.278
Epoch    GPU_mem   box_loss   obj_loss   cls_loss  Instances       Size
62/99      13.9G    0.02896   0.005461   0.001625         15        640: 100%|██████████| 119/119 00:29
Class     Images  Instances          P          R      mAP50   mAP50-95: 100%|██████████| 8/8 00:03
all       1000        641      0.844      0.447      0.497      0.274
Epoch    GPU_mem   box_loss   obj_loss   cls_loss  Instances       Size
63/99      13.9G    0.02925   0.005524    0.00177         25        640: 100%|██████████| 119/119 00:32
Class     Images  Instances          P          R      mAP50   mAP50-95: 100%|██████████| 8/8 00:02
all       1000        641      0.828      0.426      0.495      0.274
Epoch    GPU_mem   box_loss   obj_loss   cls_loss  Instances       Size
64/99      13.9G    0.02854   0.005196    0.00162         36        640: 100%|██████████| 119/119 00:30
Class     Images  Instances          P          R      mAP50   mAP50-95: 100%|██████████| 8/8 00:02
all       1000        641      0.848      0.428      0.503      0.273
Epoch    GPU_mem   box_loss   obj_loss   cls_loss  Instances       Size
65/99      13.9G    0.02863    0.00529   0.001408         25        640: 100%|██████████| 119/119 00:32
Class     Images  Instances          P          R      mAP50   mAP50-95: 100%|██████████| 8/8 00:02
all       1000        641      0.849      0.426      0.492      0.272
Epoch    GPU_mem   box_loss   obj_loss   cls_loss  Instances       Size
66/99      13.9G    0.02813   0.005308     0.0016         29        640: 100%|██████████| 119/119 00:31
Class     Images  Instances          P          R      mAP50   mAP50-95: 100%|██████████| 8/8 00:02
all       1000        641      0.791      0.456      0.488      0.272
Epoch    GPU_mem   box_loss   obj_loss   cls_loss  Instances       Size
67/99      13.9G     0.0278   0.005349   0.001496         27        640: 100%|██████████| 119/119 00:32
Class     Images  Instances          P          R      mAP50   mAP50-95: 100%|██████████| 8/8 00:02
all       1000        641      0.801      0.453      0.493      0.281
Epoch    GPU_mem   box_loss   obj_loss   cls_loss  Instances       Size
68/99      13.9G    0.02763   0.005248   0.001304         33        640: 100%|██████████| 119/119 00:31
Class     Images  Instances          P          R      mAP50   mAP50-95: 100%|██████████| 8/8 00:02
all       1000        641      0.841      0.432      0.497      0.274
Epoch    GPU_mem   box_loss   obj_loss   cls_loss  Instances       Size
69/99      13.9G    0.02798    0.00515   0.001287         30        640: 100%|██████████| 119/119 00:33
Class     Images  Instances          P          R      mAP50   mAP50-95: 100%|██████████| 8/8 00:02
all       1000        641       0.87      0.446      0.499       0.28
Epoch    GPU_mem   box_loss   obj_loss   cls_loss  Instances       Size
70/99      13.9G    0.02715   0.005174   0.001234         25        640: 100%|██████████| 119/119 00:31
Class     Images  Instances          P          R      mAP50   mAP50-95: 100%|██████████| 8/8 00:05
all       1000        641      0.838      0.442      0.499      0.281
Epoch    GPU_mem   box_loss   obj_loss   cls_loss  Instances       Size
71/99      13.9G    0.02712   0.005129   0.001338         12        640: 100%|██████████| 119/119 00:30
Class     Images  Instances          P          R      mAP50   mAP50-95: 100%|██████████| 8/8 00:05
all       1000        641      0.844      0.451        0.5       0.28
Epoch    GPU_mem   box_loss   obj_loss   cls_loss  Instances       Size
72/99      13.9G    0.02716   0.005001   0.001242         25        640: 100%|██████████| 119/119 00:31
Class     Images  Instances          P          R      mAP50   mAP50-95: 100%|██████████| 8/8 00:02
all       1000        641      0.841       0.43      0.492      0.278
Epoch    GPU_mem   box_loss   obj_loss   cls_loss  Instances       Size
73/99      13.9G    0.02692   0.005004   0.001205         30        640: 100%|██████████| 119/119 00:30
Class     Images  Instances          P          R      mAP50   mAP50-95: 100%|██████████| 8/8 00:02
all       1000        641      0.854      0.432      0.497       0.28
Epoch    GPU_mem   box_loss   obj_loss   cls_loss  Instances       Size
74/99      13.9G    0.02664   0.005077   0.001142         26        640: 100%|██████████| 119/119 00:35
Class     Images  Instances          P          R      mAP50   mAP50-95: 100%|██████████| 8/8 00:02
all       1000        641      0.845      0.449      0.498      0.276
Epoch    GPU_mem   box_loss   obj_loss   cls_loss  Instances       Size
75/99      13.9G    0.02621    0.00488  0.0009231         29        640: 100%|██████████| 119/119 00:31
Class     Images  Instances          P          R      mAP50   mAP50-95: 100%|██████████| 8/8 00:02
all       1000        641      0.849      0.446      0.494      0.275
Epoch    GPU_mem   box_loss   obj_loss   cls_loss  Instances       Size
76/99      13.9G    0.02602    0.00487   0.001195         13        640: 100%|██████████| 119/119 00:31
Class     Images  Instances          P          R      mAP50   mAP50-95: 100%|██████████| 8/8 00:02
all       1000        641      0.839      0.437       0.49      0.274
Epoch    GPU_mem   box_loss   obj_loss   cls_loss  Instances       Size
77/99      13.9G    0.02595   0.004894   0.001124         24        640: 100%|██████████| 119/119 00:32
Class     Images  Instances          P          R      mAP50   mAP50-95: 100%|██████████| 8/8 00:02
all       1000        641      0.593      0.487      0.514      0.287
Epoch    GPU_mem   box_loss   obj_loss   cls_loss  Instances       Size
78/99      13.9G    0.02548   0.004724  0.0009194         25        640: 100%|██████████| 119/119 00:31
Class     Images  Instances          P          R      mAP50   mAP50-95: 100%|██████████| 8/8 00:02
all       1000        641      0.551      0.454      0.488      0.276
Epoch    GPU_mem   box_loss   obj_loss   cls_loss  Instances       Size
79/99      13.9G    0.02546    0.00475  0.0009441         31        640: 100%|██████████| 119/119 00:31
Class     Images  Instances          P          R      mAP50   mAP50-95: 100%|██████████| 8/8 00:03
all       1000        641      0.572       0.44      0.491      0.278
Epoch    GPU_mem   box_loss   obj_loss   cls_loss  Instances       Size
80/99      13.9G    0.02537   0.004808   0.001055         18        640: 100%|██████████| 119/119 00:31
Class     Images  Instances          P          R      mAP50   mAP50-95: 100%|██████████| 8/8 00:02
all       1000        641      0.578      0.453        0.5      0.281
Epoch    GPU_mem   box_loss   obj_loss   cls_loss  Instances       Size
81/99      13.9G      0.025   0.004762  0.0008995         23        640: 100%|██████████| 119/119 00:29
Class     Images  Instances          P          R      mAP50   mAP50-95: 100%|██████████| 8/8 00:02
all       1000        641      0.853      0.446        0.5      0.282
Epoch    GPU_mem   box_loss   obj_loss   cls_loss  Instances       Size
82/99      13.9G    0.02483   0.004732  0.0009374         37        640: 100%|██████████| 119/119 00:33
Class     Images  Instances          P          R      mAP50   mAP50-95: 100%|██████████| 8/8 00:02
all       1000        641      0.824      0.461      0.507      0.281
Epoch    GPU_mem   box_loss   obj_loss   cls_loss  Instances       Size
83/99      13.9G    0.02454   0.004647  0.0009463         36        640: 100%|██████████| 119/119 00:32
Class     Images  Instances          P          R      mAP50   mAP50-95: 100%|██████████| 8/8 00:03
all       1000        641      0.824      0.449        0.5      0.277
Epoch    GPU_mem   box_loss   obj_loss   cls_loss  Instances       Size
84/99      13.9G    0.02398   0.004626  0.0008097         14        640: 100%|██████████| 119/119 00:32
Class     Images  Instances          P          R      mAP50   mAP50-95: 100%|██████████| 8/8 00:02
all       1000        641      0.548      0.463      0.493      0.277
Epoch    GPU_mem   box_loss   obj_loss   cls_loss  Instances       Size
85/99      13.9G    0.02427   0.004677  0.0009543         20        640: 100%|██████████| 119/119 00:31
Class     Images  Instances          P          R      mAP50   mAP50-95: 100%|██████████| 8/8 00:02
all       1000        641      0.804      0.461      0.501      0.277
Epoch    GPU_mem   box_loss   obj_loss   cls_loss  Instances       Size
86/99      13.9G    0.02393   0.004654  0.0008242         23        640: 100%|██████████| 119/119 00:35
Class     Images  Instances          P          R      mAP50   mAP50-95: 100%|██████████| 8/8 00:02
all       1000        641      0.532      0.463      0.499       0.28
Epoch    GPU_mem   box_loss   obj_loss   cls_loss  Instances       Size
87/99      13.9G    0.02363   0.004578  0.0008106         23        640: 100%|██████████| 119/119 00:30
Class     Images  Instances          P          R      mAP50   mAP50-95: 100%|██████████| 8/8 00:02
all       1000        641      0.856      0.415      0.496      0.274
Epoch    GPU_mem   box_loss   obj_loss   cls_loss  Instances       Size
88/99      13.9G    0.02394   0.004586  0.0007252         24        640: 100%|██████████| 119/119 00:33
Class     Images  Instances          P          R      mAP50   mAP50-95: 100%|██████████| 8/8 00:02
all       1000        641      0.842      0.423      0.489      0.273
Epoch    GPU_mem   box_loss   obj_loss   cls_loss  Instances       Size
89/99      13.9G    0.02341   0.004522   0.000789         31        640: 100%|██████████| 119/119 00:31
Class     Images  Instances          P          R      mAP50   mAP50-95: 100%|██████████| 8/8 00:02
all       1000        641      0.547      0.458      0.495      0.277
Epoch    GPU_mem   box_loss   obj_loss   cls_loss  Instances       Size
90/99      13.9G     0.0231    0.00453  0.0006584         33        640: 100%|██████████| 119/119 00:31
Class     Images  Instances          P          R      mAP50   mAP50-95: 100%|██████████| 8/8 00:02
all       1000        641      0.585      0.443      0.495      0.277
Epoch    GPU_mem   box_loss   obj_loss   cls_loss  Instances       Size
91/99      13.9G    0.02296   0.004414  0.0007448         33        640: 100%|██████████| 119/119 00:34
Class     Images  Instances          P          R      mAP50   mAP50-95: 100%|██████████| 8/8 00:05
all       1000        641      0.857      0.434      0.495      0.278
Epoch    GPU_mem   box_loss   obj_loss   cls_loss  Instances       Size
92/99      13.9G    0.02289   0.004387  0.0007334         27        640: 100%|██████████| 119/119 00:32
Class     Images  Instances          P          R      mAP50   mAP50-95: 100%|██████████| 8/8 00:03
all       1000        641      0.582      0.452      0.497      0.278
Epoch    GPU_mem   box_loss   obj_loss   cls_loss  Instances       Size
93/99      13.9G    0.02261   0.004419  0.0007106         33        640: 100%|██████████| 119/119 00:31
Class     Images  Instances          P          R      mAP50   mAP50-95: 100%|██████████| 8/8 00:02
all       1000        641      0.585      0.462      0.503       0.28
Epoch    GPU_mem   box_loss   obj_loss   cls_loss  Instances       Size
94/99      13.9G    0.02239   0.004357  0.0005365         21        640: 100%|██████████| 119/119 00:33
Class     Images  Instances          P          R      mAP50   mAP50-95: 100%|██████████| 8/8 00:03
all       1000        641      0.584      0.457      0.499      0.279
Epoch    GPU_mem   box_loss   obj_loss   cls_loss  Instances       Size
95/99      13.9G    0.02216   0.004328  0.0006439         30        640: 100%|██████████| 119/119 00:31
Class     Images  Instances          P          R      mAP50   mAP50-95: 100%|██████████| 8/8 00:02
all       1000        641      0.578      0.464      0.505      0.282
Epoch    GPU_mem   box_loss   obj_loss   cls_loss  Instances       Size
96/99      13.9G    0.02227   0.004361  0.0005432         27        640: 100%|██████████| 119/119 00:31
Class     Images  Instances          P          R      mAP50   mAP50-95: 100%|██████████| 8/8 00:02
all       1000        641      0.586      0.456      0.503      0.282
Epoch    GPU_mem   box_loss   obj_loss   cls_loss  Instances       Size
97/99      13.9G    0.02186   0.004397  0.0007118         27        640: 100%|██████████| 119/119 00:31
Class     Images  Instances          P          R      mAP50   mAP50-95: 100%|██████████| 8/8 00:02
all       1000        641      0.605      0.443      0.504      0.281
Epoch    GPU_mem   box_loss   obj_loss   cls_loss  Instances       Size
98/99      13.9G    0.02187   0.004232  0.0006456         17        640: 100%|██████████| 119/119 00:31
Class     Images  Instances          P          R      mAP50   mAP50-95: 100%|██████████| 8/8 00:02
all       1000        641      0.586      0.447      0.503      0.281
Epoch    GPU_mem   box_loss   obj_loss   cls_loss  Instances       Size
99/99      13.9G    0.02154   0.004152  0.0006596         17        640: 100%|██████████| 119/119 00:32
Class     Images  Instances          P          R      mAP50   mAP50-95: 100%|██████████| 8/8 00:02
all       1000        641      0.589      0.447      0.501       0.28
100 epochs completed in 1.033 hours.
Optimizer stripped from /home/lijinhe/work/YOLO_Retraining/runs/studies/balance_learning_curve_2batch/sequences/Balance_Learning_Curve_ordered__seq-full-cold__stage0-stage7__yolov5s__s42/tasks/007__stage7__full-cold/backend/yolov5/train/weights/last.pt, 14.4MB
Optimizer stripped from /home/lijinhe/work/YOLO_Retraining/runs/studies/balance_learning_curve_2batch/sequences/Balance_Learning_Curve_ordered__seq-full-cold__stage0-stage7__yolov5s__s42/tasks/007__stage7__full-cold/backend/yolov5/train/weights/best.pt, 14.4MB
Validating /home/lijinhe/work/YOLO_Retraining/runs/studies/balance_learning_curve_2batch/sequences/Balance_Learning_Curve_ordered__seq-full-cold__stage0-stage7__yolov5s__s42/tasks/007__stage7__full-cold/backend/yolov5/train/weights/best.pt...
Fusing layers...
Model summary: 157 layers, 7020913 parameters, 0 gradients, 15.8 GFLOPs
Class     Images  Instances          P          R      mAP50   mAP50-95: 100%|██████████| 8/8 00:02
all       1000        641      0.593      0.487      0.514      0.287
large luggage       1000        410      0.579      0.553      0.534      0.278
stroller       1000        169      0.764      0.704      0.746      0.392
wheelchair       1000         53      0.732      0.623      0.651      0.426
flatbed truck       1000          9      0.298     0.0663      0.125      0.051
Results saved to /home/lijinhe/work/YOLO_Retraining/runs/studies/balance_learning_curve_2batch/sequences/Balance_Learning_Curve_ordered__seq-full-cold__stage0-stage7__yolov5s__s42/tasks/007__stage7__full-cold/backend/yolov5/train
terminate called without an active exception
terminate called without an active exception
Exception ignored in: <function _MultiProcessingDataLoaderIter.__del__ at 0x7f322576a830>
Traceback (most recent call last):
File "/home/lijinhe/miniforge3/envs/yolo-retraining-v5/lib/python3.10/site-packages/torch/utils/data/dataloader.py", line 1479, in __del__
self._shutdown_workers()
File "/home/lijinhe/miniforge3/envs/yolo-retraining-v5/lib/python3.10/site-packages/torch/utils/data/dataloader.py", line 1443, in _shutdown_workers
w.join(timeout=_utils.MP_STATUS_CHECK_INTERVAL)
File "/home/lijinhe/miniforge3/envs/yolo-retraining-v5/lib/python3.10/multiprocessing/process.py", line 149, in join
res = self._popen.wait(timeout)
File "/home/lijinhe/miniforge3/envs/yolo-retraining-v5/lib/python3.10/multiprocessing/popen_fork.py", line 40, in wait
if not wait([self.sentinel], timeout):
File "/home/lijinhe/miniforge3/envs/yolo-retraining-v5/lib/python3.10/multiprocessing/connection.py", line 931, in wait
ready = selector.select(timeout)
File "/home/lijinhe/miniforge3/envs/yolo-retraining-v5/lib/python3.10/selectors.py", line 416, in select
fd_event_list = self._selector.poll(timeout)
File "/home/lijinhe/miniforge3/envs/yolo-retraining-v5/lib/python3.10/site-packages/torch/utils/data/_utils/signal_handling.py", line 66, in handler
_error_if_any_worker_fails()
RuntimeError: DataLoader worker (pid 2045146) is killed by signal: Aborted.
[YOLOv5] compacted progress updates: 25227 -> 203 lines
[YOLOv5] coalesced warning: incomplete JPEG accepted read-only; count=8467; by_source=train=7469, val=998
[YOLOv5] warning example: train: WARNING ⚠️ /home/lijinhe/work/YOLO_Retraining/data/self_improving/images/0720_1/00001_1780987846311329_0.jpg: incomplete JPEG accepted read-only
[YOLOv5] warning example: train: WARNING ⚠️ /home/lijinhe/work/YOLO_Retraining/data/self_improving/images/0720_1/00002_1780987856406331_0.jpg: incomplete JPEG accepted read-only
[YOLOv5] warning example: train: WARNING ⚠️ /home/lijinhe/work/YOLO_Retraining/data/self_improving/images/0720_1/00003_1780987872391333_0.jpg: incomplete JPEG accepted read-only
