train: weights=/home/lijinhe/work/YOLO_Retraining/.third_party/yolov5/yolov5s.pt, cfg=, data=/home/lijinhe/work/YOLO_Retraining/runs/tasks/imgsz960__full-cold-stage0123__stage0+stage1+stage2+stage3__yolov5s__s42/data/backend_data.yaml, hyp=data/hyps/hyp.scratch-low.yaml, epochs=100, batch_size=64, imgsz=960, rect=False, resume=False, nosave=False, noval=False, noautoanchor=False, noplots=True, evolve=None, bucket=, cache=None, image_weights=False, device=0, multi_scale=False, single_cls=False, optimizer=SGD, sync_bn=False, workers=16, project=/home/lijinhe/work/YOLO_Retraining/runs/tasks/imgsz960__full-cold-stage0123__stage0+stage1+stage2+stage3__yolov5s__s42/backend/yolov5, name=train, exist_ok=True, quad=False, cos_lr=False, label_smoothing=0.0, patience=0, freeze=[0], save_period=-1, seed=42, local_rank=-1, entity=None, upload_dataset=False, bbox_interval=-1, artifact_alias=latest
github: skipping check (offline), for updates see https://github.com/ultralytics/yolov5
YOLOv5 🚀 v7.0-0-g915bbf29 Python-3.10.20 torch-2.2.2+cu121 CUDA:0 (NVIDIA H100 PCIe, 81090MiB)
hyperparameters: lr0=0.01, lrf=0.01, momentum=0.937, weight_decay=0.0005, warmup_epochs=3.0, warmup_momentum=0.8, warmup_bias_lr=0.1, box=0.05, cls=0.5, cls_pw=1.0, obj=1.0, obj_pw=1.0, iou_t=0.2, anchor_t=4.0, fl_gamma=0.0, hsv_h=0.015, hsv_s=0.7, hsv_v=0.4, degrees=0.0, translate=0.1, scale=0.5, shear=0.0, perspective=0.0, flipud=0.0, fliplr=0.5, mosaic=1.0, mixup=0.0, copy_paste=0.0
ClearML: run 'pip install clearml' to automatically track, visualize and remotely train YOLOv5 🚀 in ClearML
Comet: run 'pip install comet_ml' to automatically track and visualize YOLOv5 🚀 runs in Comet
TensorBoard: Start with 'tensorboard --logdir /home/lijinhe/work/YOLO_Retraining/runs/tasks/imgsz960__full-cold-stage0123__stage0+stage1+stage2+stage3__yolov5s__s42/backend/yolov5', view at http://localhost:6006/
Overriding model.yaml nc=80 with nc=4
from  n    params  module                                  arguments
0                -1  1      3520  models.common.Conv                      [3, 32, 6, 2, 2]
1                -1  1     18560  models.common.Conv                      [32, 64, 3, 2]
2                -1  1     18816  models.common.C3                        [64, 64, 1]
3                -1  1     73984  models.common.Conv                      [64, 128, 3, 2]
4                -1  2    115712  models.common.C3                        [128, 128, 2]
5                -1  1    295424  models.common.Conv                      [128, 256, 3, 2]
6                -1  3    625152  models.common.C3                        [256, 256, 3]
7                -1  1   1180672  models.common.Conv                      [256, 512, 3, 2]
8                -1  1   1182720  models.common.C3                        [512, 512, 1]
9                -1  1    656896  models.common.SPPF                      [512, 512, 5]
10                -1  1    131584  models.common.Conv                      [512, 256, 1, 1]
11                -1  1         0  torch.nn.modules.upsampling.Upsample    [None, 2, 'nearest']
12           [-1, 6]  1         0  models.common.Concat                    [1]
13                -1  1    361984  models.common.C3                        [512, 256, 1, False]
14                -1  1     33024  models.common.Conv                      [256, 128, 1, 1]
15                -1  1         0  torch.nn.modules.upsampling.Upsample    [None, 2, 'nearest']
16           [-1, 4]  1         0  models.common.Concat                    [1]
17                -1  1     90880  models.common.C3                        [256, 128, 1, False]
18                -1  1    147712  models.common.Conv                      [128, 128, 3, 2]
19          [-1, 14]  1         0  models.common.Concat                    [1]
20                -1  1    296448  models.common.C3                        [256, 256, 1, False]
21                -1  1    590336  models.common.Conv                      [256, 256, 3, 2]
22          [-1, 10]  1         0  models.common.Concat                    [1]
23                -1  1   1182720  models.common.C3                        [512, 512, 1, False]
24      [17, 20, 23]  1     24273  models.yolo.Detect                      [4, [[10, 13, 16, 30, 33, 23], [30, 61, 62, 45, 59, 119], [116, 90, 156, 198, 373, 326]], [128, 256, 512]]
Model summary: 214 layers, 7030417 parameters, 7030417 gradients, 16.0 GFLOPs
Transferred 343/349 items from /home/lijinhe/work/YOLO_Retraining/.third_party/yolov5/yolov5s.pt
AMP: checks passed ✅
optimizer: SGD(lr=0.01) with parameter groups 57 weight(decay=0.0), 60 weight(decay=0.0005), 60 bias
train: Scanning /home/lijinhe/work/YOLO_Retraining/runs/tasks/imgsz960__full-cold-stage0123__stage0+stage1+stage2+stage3__yolov5s__s42/data/backend_train_images... 7573 images, 4125 backgrounds, 0 corrupt: 100%|██████████| 7573/7573 00:21
train: WARNING ⚠️ /home/lijinhe/work/YOLO_Retraining/data/self_improving/images/0720_11/05168_1784523505059766_0.jpg: 2 duplicate labels removed
train: New cache created: /home/lijinhe/work/YOLO_Retraining/runs/tasks/imgsz960__full-cold-stage0123__stage0+stage1+stage2+stage3__yolov5s__s42/data/backend_train_images.cache
val: Scanning /home/lijinhe/work/YOLO_Retraining/runs/tasks/imgsz960__full-cold-stage0123__stage0+stage1+stage2+stage3__yolov5s__s42/data/backend_validation_images... 1000 images, 499 backgrounds, 0 corrupt: 100%|██████████| 1000/1000 00:02
val: New cache created: /home/lijinhe/work/YOLO_Retraining/runs/tasks/imgsz960__full-cold-stage0123__stage0+stage1+stage2+stage3__yolov5s__s42/data/backend_validation_images.cache
AutoAnchor: 5.60 anchors/target, 1.000 Best Possible Recall (BPR). Current anchors are a good fit to dataset ✅
Image sizes 960 train, 960 val
Using 16 dataloader workers
Logging results to /home/lijinhe/work/YOLO_Retraining/runs/tasks/imgsz960__full-cold-stage0123__stage0+stage1+stage2+stage3__yolov5s__s42/backend/yolov5/train
Starting training for 100 epochs...
Epoch    GPU_mem   box_loss   obj_loss   cls_loss  Instances       Size
0/99      31.7G    0.08053    0.02207    0.02615         31        960: 100%|██████████| 119/119 01:45
Class     Images  Instances          P          R      mAP50   mAP50-95: 100%|██████████| 8/8 00:40
all       1000        641      0.884     0.0672      0.084      0.026
Epoch    GPU_mem   box_loss   obj_loss   cls_loss  Instances       Size
1/99      31.7G    0.05887     0.0137     0.0121         29        960: 100%|██████████| 119/119 01:28
Class     Images  Instances          P          R      mAP50   mAP50-95: 100%|██████████| 8/8 00:39
all       1000        641      0.816      0.208      0.265      0.103
Epoch    GPU_mem   box_loss   obj_loss   cls_loss  Instances       Size
2/99      31.7G    0.05317    0.01068    0.01022         13        960: 100%|██████████| 119/119 01:26
Class     Images  Instances          P          R      mAP50   mAP50-95: 100%|██████████| 8/8 00:40
all       1000        641      0.681      0.177      0.209     0.0884
Epoch    GPU_mem   box_loss   obj_loss   cls_loss  Instances       Size
3/99      31.7G    0.05147    0.01047    0.01002         21        960: 100%|██████████| 119/119 01:28
Class     Images  Instances          P          R      mAP50   mAP50-95: 100%|██████████| 8/8 00:36
all       1000        641      0.729       0.21      0.289      0.125
Epoch    GPU_mem   box_loss   obj_loss   cls_loss  Instances       Size
4/99      31.7G    0.04863    0.01017   0.009167         36        960: 100%|██████████| 119/119 01:27
Class     Images  Instances          P          R      mAP50   mAP50-95: 100%|██████████| 8/8 00:35
all       1000        641      0.684      0.327      0.361      0.161
Epoch    GPU_mem   box_loss   obj_loss   cls_loss  Instances       Size
5/99      31.7G    0.04626   0.009877   0.007716         35        960: 100%|██████████| 119/119 01:27
Class     Images  Instances          P          R      mAP50   mAP50-95: 100%|██████████| 8/8 00:38
all       1000        641      0.679      0.211      0.257     0.0987
Epoch    GPU_mem   box_loss   obj_loss   cls_loss  Instances       Size
6/99      31.7G    0.04417   0.009281   0.006947         24        960: 100%|██████████| 119/119 01:26
Class     Images  Instances          P          R      mAP50   mAP50-95: 100%|██████████| 8/8 00:39
all       1000        641      0.782      0.326      0.397      0.191
Epoch    GPU_mem   box_loss   obj_loss   cls_loss  Instances       Size
7/99      31.7G    0.04337   0.009249   0.007011         17        960: 100%|██████████| 119/119 01:27
Class     Images  Instances          P          R      mAP50   mAP50-95: 100%|██████████| 8/8 00:39
all       1000        641      0.745      0.384      0.429      0.208
Epoch    GPU_mem   box_loss   obj_loss   cls_loss  Instances       Size
8/99      31.7G    0.04182   0.009066   0.006321         17        960: 100%|██████████| 119/119 01:26
Class     Images  Instances          P          R      mAP50   mAP50-95: 100%|██████████| 8/8 00:34
all       1000        641      0.788      0.336      0.414      0.215
Epoch    GPU_mem   box_loss   obj_loss   cls_loss  Instances       Size
9/99      31.7G     0.0408   0.008877   0.006053         23        960: 100%|██████████| 119/119 01:27
Class     Images  Instances          P          R      mAP50   mAP50-95: 100%|██████████| 8/8 00:38
all       1000        641      0.684      0.372        0.4      0.188
Epoch    GPU_mem   box_loss   obj_loss   cls_loss  Instances       Size
10/99      31.7G    0.04032    0.00854   0.005657         29        960: 100%|██████████| 119/119 01:27
Class     Images  Instances          P          R      mAP50   mAP50-95: 100%|██████████| 8/8 00:36
all       1000        641      0.707      0.251      0.293      0.134
Epoch    GPU_mem   box_loss   obj_loss   cls_loss  Instances       Size
11/99      31.7G    0.03951   0.008493   0.005209         24        960: 100%|██████████| 119/119 01:27
Class     Images  Instances          P          R      mAP50   mAP50-95: 100%|██████████| 8/8 00:38
all       1000        641      0.719      0.391      0.421      0.206
Epoch    GPU_mem   box_loss   obj_loss   cls_loss  Instances       Size
12/99      31.7G    0.03833    0.00832   0.004737         22        960: 100%|██████████| 119/119 01:26
Class     Images  Instances          P          R      mAP50   mAP50-95: 100%|██████████| 8/8 00:39
all       1000        641       0.78      0.413       0.45      0.241
Epoch    GPU_mem   box_loss   obj_loss   cls_loss  Instances       Size
13/99      31.7G    0.03784   0.008165   0.004632         19        960: 100%|██████████| 119/119 01:25
Class     Images  Instances          P          R      mAP50   mAP50-95: 100%|██████████| 8/8 00:37
all       1000        641      0.765      0.406      0.465      0.235
Epoch    GPU_mem   box_loss   obj_loss   cls_loss  Instances       Size
14/99      31.7G    0.03769   0.008007   0.004393         20        960: 100%|██████████| 119/119 01:26
Class     Images  Instances          P          R      mAP50   mAP50-95: 100%|██████████| 8/8 00:36
all       1000        641      0.852      0.405      0.498      0.251
Epoch    GPU_mem   box_loss   obj_loss   cls_loss  Instances       Size
15/99      31.7G    0.03737     0.0081   0.004779         18        960: 100%|██████████| 119/119 01:26
Class     Images  Instances          P          R      mAP50   mAP50-95: 100%|██████████| 8/8 00:33
all       1000        641      0.732      0.388      0.418      0.214
Epoch    GPU_mem   box_loss   obj_loss   cls_loss  Instances       Size
16/99      31.7G    0.03595   0.007789   0.004056         19        960: 100%|██████████| 119/119 01:26
Class     Images  Instances          P          R      mAP50   mAP50-95: 100%|██████████| 8/8 00:36
all       1000        641      0.788      0.433      0.498      0.237
Epoch    GPU_mem   box_loss   obj_loss   cls_loss  Instances       Size
17/99      31.7G      0.036   0.007654   0.004063         20        960: 100%|██████████| 119/119 01:27
Class     Images  Instances          P          R      mAP50   mAP50-95: 100%|██████████| 8/8 00:36
all       1000        641      0.853      0.398      0.486      0.258
Epoch    GPU_mem   box_loss   obj_loss   cls_loss  Instances       Size
18/99      31.7G    0.03582   0.007718   0.004068         16        960: 100%|██████████| 119/119 01:26
Class     Images  Instances          P          R      mAP50   mAP50-95: 100%|██████████| 8/8 00:40
all       1000        641      0.774      0.461      0.508      0.278
Epoch    GPU_mem   box_loss   obj_loss   cls_loss  Instances       Size
19/99      31.7G    0.03479   0.007696   0.003832         27        960: 100%|██████████| 119/119 01:25
Class     Images  Instances          P          R      mAP50   mAP50-95: 100%|██████████| 8/8 00:36
all       1000        641      0.801      0.457      0.509      0.261
Epoch    GPU_mem   box_loss   obj_loss   cls_loss  Instances       Size
20/99      31.7G    0.03433   0.007422   0.003188         23        960: 100%|██████████| 119/119 01:26
Class     Images  Instances          P          R      mAP50   mAP50-95: 100%|██████████| 8/8 00:31
all       1000        641      0.795      0.434      0.472      0.239
Epoch    GPU_mem   box_loss   obj_loss   cls_loss  Instances       Size
21/99      31.7G      0.034   0.007455   0.003275         33        960: 100%|██████████| 119/119 01:26
Class     Images  Instances          P          R      mAP50   mAP50-95: 100%|██████████| 8/8 00:37
all       1000        641       0.83      0.369      0.441      0.223
Epoch    GPU_mem   box_loss   obj_loss   cls_loss  Instances       Size
22/99      31.7G    0.03397   0.007362   0.003135         25        960: 100%|██████████| 119/119 01:26
Class     Images  Instances          P          R      mAP50   mAP50-95: 100%|██████████| 8/8 00:39
all       1000        641      0.773      0.469      0.483      0.257
Epoch    GPU_mem   box_loss   obj_loss   cls_loss  Instances       Size
23/99      31.7G    0.03373   0.007465   0.003301         34        960: 100%|██████████| 119/119 01:26
Class     Images  Instances          P          R      mAP50   mAP50-95: 100%|██████████| 8/8 00:34
all       1000        641      0.829      0.459      0.511      0.261
Epoch    GPU_mem   box_loss   obj_loss   cls_loss  Instances       Size
24/99      31.7G    0.03373   0.007288   0.002947         26        960: 100%|██████████| 119/119 01:27
Class     Images  Instances          P          R      mAP50   mAP50-95: 100%|██████████| 8/8 00:36
all       1000        641      0.793      0.442      0.478      0.246
Epoch    GPU_mem   box_loss   obj_loss   cls_loss  Instances       Size
25/99      31.7G    0.03327   0.007122   0.002979         34        960: 100%|██████████| 119/119 01:27
Class     Images  Instances          P          R      mAP50   mAP50-95: 100%|██████████| 8/8 00:38
all       1000        641      0.786      0.454      0.498      0.275
Epoch    GPU_mem   box_loss   obj_loss   cls_loss  Instances       Size
26/99      31.7G    0.03293   0.007007   0.002772         26        960: 100%|██████████| 119/119 01:27
Class     Images  Instances          P          R      mAP50   mAP50-95: 100%|██████████| 8/8 00:38
all       1000        641      0.758      0.472      0.491      0.264
Epoch    GPU_mem   box_loss   obj_loss   cls_loss  Instances       Size
27/99      31.7G    0.03266   0.007067   0.002797         19        960: 100%|██████████| 119/119 01:26
Class     Images  Instances          P          R      mAP50   mAP50-95: 100%|██████████| 8/8 00:37
all       1000        641       0.83      0.414      0.481      0.252
Epoch    GPU_mem   box_loss   obj_loss   cls_loss  Instances       Size
28/99      31.7G    0.03222   0.007008   0.002804         18        960: 100%|██████████| 119/119 01:26
Class     Images  Instances          P          R      mAP50   mAP50-95: 100%|██████████| 8/8 00:33
all       1000        641      0.848      0.429      0.492      0.267
Epoch    GPU_mem   box_loss   obj_loss   cls_loss  Instances       Size
29/99      31.7G    0.03205   0.006994    0.00268         23        960: 100%|██████████| 119/119 01:26
Class     Images  Instances          P          R      mAP50   mAP50-95: 100%|██████████| 8/8 00:39
all       1000        641       0.85       0.45      0.515      0.281
Epoch    GPU_mem   box_loss   obj_loss   cls_loss  Instances       Size
30/99      31.7G    0.03135   0.006684   0.002299         21        960: 100%|██████████| 119/119 01:26
Class     Images  Instances          P          R      mAP50   mAP50-95: 100%|██████████| 8/8 00:33
all       1000        641      0.821       0.44      0.495      0.274
Epoch    GPU_mem   box_loss   obj_loss   cls_loss  Instances       Size
31/99      31.7G    0.03112   0.006754   0.002404         24        960: 100%|██████████| 119/119 01:27
Class     Images  Instances          P          R      mAP50   mAP50-95: 100%|██████████| 8/8 00:34
all       1000        641      0.852      0.474      0.528      0.281
Epoch    GPU_mem   box_loss   obj_loss   cls_loss  Instances       Size
32/99      31.7G    0.03103   0.006528    0.00238         30        960: 100%|██████████| 119/119 01:26
Class     Images  Instances          P          R      mAP50   mAP50-95: 100%|██████████| 8/8 00:37
all       1000        641      0.795      0.444      0.496      0.272
Epoch    GPU_mem   box_loss   obj_loss   cls_loss  Instances       Size
33/99      31.7G    0.03079   0.006644   0.002512         25        960: 100%|██████████| 119/119 01:27
Class     Images  Instances          P          R      mAP50   mAP50-95: 100%|██████████| 8/8 00:35
all       1000        641      0.779      0.467      0.493       0.26
Epoch    GPU_mem   box_loss   obj_loss   cls_loss  Instances       Size
34/99      31.7G    0.03065   0.006591   0.002247         26        960: 100%|██████████| 119/119 01:26
Class     Images  Instances          P          R      mAP50   mAP50-95: 100%|██████████| 8/8 00:33
all       1000        641      0.825      0.496      0.533        0.3
Epoch    GPU_mem   box_loss   obj_loss   cls_loss  Instances       Size
35/99      31.7G    0.02996   0.006486   0.002112         20        960: 100%|██████████| 119/119 01:26
Class     Images  Instances          P          R      mAP50   mAP50-95: 100%|██████████| 8/8 00:38
all       1000        641       0.79      0.455      0.497      0.279
Epoch    GPU_mem   box_loss   obj_loss   cls_loss  Instances       Size
36/99      31.7G    0.03006   0.006467   0.001766         23        960: 100%|██████████| 119/119 01:26
Class     Images  Instances          P          R      mAP50   mAP50-95: 100%|██████████| 8/8 00:35
all       1000        641       0.81      0.471       0.49      0.265
Epoch    GPU_mem   box_loss   obj_loss   cls_loss  Instances       Size
37/99      31.7G    0.02964   0.006381   0.001908         17        960: 100%|██████████| 119/119 01:27
Class     Images  Instances          P          R      mAP50   mAP50-95: 100%|██████████| 8/8 00:38
all       1000        641      0.801      0.494       0.53      0.305
Epoch    GPU_mem   box_loss   obj_loss   cls_loss  Instances       Size
38/99      31.7G    0.02955   0.006238   0.001919         21        960: 100%|██████████| 119/119 01:26
Class     Images  Instances          P          R      mAP50   mAP50-95: 100%|██████████| 8/8 00:35
all       1000        641       0.83      0.462      0.531      0.306
Epoch    GPU_mem   box_loss   obj_loss   cls_loss  Instances       Size
39/99      31.7G    0.02957   0.006363   0.002065         28        960: 100%|██████████| 119/119 01:25
Class     Images  Instances          P          R      mAP50   mAP50-95: 100%|██████████| 8/8 00:29
all       1000        641      0.831      0.482      0.548      0.299
Epoch    GPU_mem   box_loss   obj_loss   cls_loss  Instances       Size
40/99      31.7G    0.02948   0.006403   0.001825         28        960: 100%|██████████| 119/119 01:25
Class     Images  Instances          P          R      mAP50   mAP50-95: 100%|██████████| 8/8 00:35
all       1000        641      0.795       0.43       0.53      0.308
Epoch    GPU_mem   box_loss   obj_loss   cls_loss  Instances       Size
41/99      31.7G    0.02882     0.0061   0.002025         22        960: 100%|██████████| 119/119 01:27
Class     Images  Instances          P          R      mAP50   mAP50-95: 100%|██████████| 8/8 00:30
all       1000        641      0.858      0.464      0.539      0.302
Epoch    GPU_mem   box_loss   obj_loss   cls_loss  Instances       Size
42/99      31.7G    0.02888   0.006057   0.001955         21        960: 100%|██████████| 119/119 01:24
Class     Images  Instances          P          R      mAP50   mAP50-95: 100%|██████████| 8/8 00:31
all       1000        641      0.855      0.468      0.528      0.301
Epoch    GPU_mem   box_loss   obj_loss   cls_loss  Instances       Size
43/99      31.7G    0.02849   0.006255   0.001626         27        960: 100%|██████████| 119/119 01:26
Class     Images  Instances          P          R      mAP50   mAP50-95: 100%|██████████| 8/8 00:34
all       1000        641      0.846      0.476      0.538      0.301
Epoch    GPU_mem   box_loss   obj_loss   cls_loss  Instances       Size
44/99      31.7G    0.02823   0.006044   0.001738         26        960: 100%|██████████| 119/119 01:27
Class     Images  Instances          P          R      mAP50   mAP50-95: 100%|██████████| 8/8 00:29
all       1000        641      0.829      0.469      0.542      0.301
Epoch    GPU_mem   box_loss   obj_loss   cls_loss  Instances       Size
45/99      31.7G    0.02817   0.006092   0.001695         13        960: 100%|██████████| 119/119 01:25
Class     Images  Instances          P          R      mAP50   mAP50-95: 100%|██████████| 8/8 00:36
all       1000        641      0.835      0.512      0.562      0.322
Epoch    GPU_mem   box_loss   obj_loss   cls_loss  Instances       Size
46/99      31.7G    0.02776    0.00613     0.0016         37        960: 100%|██████████| 119/119 01:27
Class     Images  Instances          P          R      mAP50   mAP50-95: 100%|██████████| 8/8 00:32
all       1000        641      0.864       0.47      0.524      0.294
Epoch    GPU_mem   box_loss   obj_loss   cls_loss  Instances       Size
47/99      31.7G    0.02734   0.005745   0.001473         23        960: 100%|██████████| 119/119 01:25
Class     Images  Instances          P          R      mAP50   mAP50-95: 100%|██████████| 8/8 00:33
all       1000        641      0.863      0.478      0.557      0.323
Epoch    GPU_mem   box_loss   obj_loss   cls_loss  Instances       Size
48/99      31.7G    0.02684   0.005731    0.00145         18        960: 100%|██████████| 119/119 01:26
Class     Images  Instances          P          R      mAP50   mAP50-95: 100%|██████████| 8/8 00:36
all       1000        641      0.862      0.451      0.534      0.301
Epoch    GPU_mem   box_loss   obj_loss   cls_loss  Instances       Size
49/99      31.7G    0.02661   0.005803   0.001131         18        960: 100%|██████████| 119/119 01:26
Class     Images  Instances          P          R      mAP50   mAP50-95: 100%|██████████| 8/8 00:35
all       1000        641      0.835      0.479      0.559      0.317
Epoch    GPU_mem   box_loss   obj_loss   cls_loss  Instances       Size
50/99      31.7G    0.02686   0.005773   0.001313         22        960: 100%|██████████| 119/119 01:26
Class     Images  Instances          P          R      mAP50   mAP50-95: 100%|██████████| 8/8 00:39
all       1000        641      0.816      0.495      0.525      0.296
Epoch    GPU_mem   box_loss   obj_loss   cls_loss  Instances       Size
51/99      31.7G    0.02654   0.005643   0.001248         23        960: 100%|██████████| 119/119 01:27
Class     Images  Instances          P          R      mAP50   mAP50-95: 100%|██████████| 8/8 00:36
all       1000        641      0.844      0.466      0.562       0.31
Epoch    GPU_mem   box_loss   obj_loss   cls_loss  Instances       Size
52/99      31.7G    0.02665   0.005713   0.001355         30        960: 100%|██████████| 119/119 01:25
Class     Images  Instances          P          R      mAP50   mAP50-95: 100%|██████████| 8/8 00:29
all       1000        641      0.856      0.476       0.55      0.321
Epoch    GPU_mem   box_loss   obj_loss   cls_loss  Instances       Size
53/99      31.7G    0.02599   0.005599   0.001338         23        960: 100%|██████████| 119/119 00:59
Class     Images  Instances          P          R      mAP50   mAP50-95: 100%|██████████| 8/8 00:03
all       1000        641      0.559      0.573      0.569      0.322
Epoch    GPU_mem   box_loss   obj_loss   cls_loss  Instances       Size
54/99      31.7G    0.02608   0.005731   0.001354         32        960: 100%|██████████| 119/119 00:44
Class     Images  Instances          P          R      mAP50   mAP50-95: 100%|██████████| 8/8 00:03
all       1000        641       0.79      0.521      0.577      0.334
Epoch    GPU_mem   box_loss   obj_loss   cls_loss  Instances       Size
55/99      31.7G    0.02571   0.005573   0.001208         29        960: 100%|██████████| 119/119 00:43
Class     Images  Instances          P          R      mAP50   mAP50-95: 100%|██████████| 8/8 00:03
all       1000        641      0.865       0.49      0.568      0.322
Epoch    GPU_mem   box_loss   obj_loss   cls_loss  Instances       Size
56/99      31.7G    0.02565   0.005565   0.001155         30        960: 100%|██████████| 119/119 00:43
Class     Images  Instances          P          R      mAP50   mAP50-95: 100%|██████████| 8/8 00:03
all       1000        641      0.809       0.49      0.537      0.303
Epoch    GPU_mem   box_loss   obj_loss   cls_loss  Instances       Size
57/99      31.7G    0.02541   0.005462  0.0009946         23        960: 100%|██████████| 119/119 00:40
Class     Images  Instances          P          R      mAP50   mAP50-95: 100%|██████████| 8/8 00:03
all       1000        641      0.834      0.487      0.583      0.335
Epoch    GPU_mem   box_loss   obj_loss   cls_loss  Instances       Size
58/99      31.7G    0.02506   0.005292   0.001119         17        960: 100%|██████████| 119/119 00:42
Class     Images  Instances          P          R      mAP50   mAP50-95: 100%|██████████| 8/8 00:03
all       1000        641      0.828      0.472      0.565      0.313
Epoch    GPU_mem   box_loss   obj_loss   cls_loss  Instances       Size
59/99      31.7G    0.02489   0.005373   0.001023         23        960: 100%|██████████| 119/119 00:42
Class     Images  Instances          P          R      mAP50   mAP50-95: 100%|██████████| 8/8 00:03
all       1000        641      0.671      0.557      0.603      0.358
Epoch    GPU_mem   box_loss   obj_loss   cls_loss  Instances       Size
60/99      31.7G    0.02463   0.005331   0.001003         16        960: 100%|██████████| 119/119 00:42
Class     Images  Instances          P          R      mAP50   mAP50-95: 100%|██████████| 8/8 00:03
all       1000        641       0.86      0.466      0.541      0.316
Epoch    GPU_mem   box_loss   obj_loss   cls_loss  Instances       Size
61/99      31.7G    0.02459   0.005186   0.001183         19        960: 100%|██████████| 119/119 00:45
Class     Images  Instances          P          R      mAP50   mAP50-95: 100%|██████████| 8/8 00:03
all       1000        641      0.812      0.498      0.543      0.321
Epoch    GPU_mem   box_loss   obj_loss   cls_loss  Instances       Size
62/99      31.7G    0.02419   0.005228  0.0008456         15        960: 100%|██████████| 119/119 00:42
Class     Images  Instances          P          R      mAP50   mAP50-95: 100%|██████████| 8/8 00:03
all       1000        641      0.839      0.484      0.551      0.326
Epoch    GPU_mem   box_loss   obj_loss   cls_loss  Instances       Size
63/99      31.7G    0.02426   0.005262   0.001019         25        960: 100%|██████████| 119/119 00:41
Class     Images  Instances          P          R      mAP50   mAP50-95: 100%|██████████| 8/8 00:03
all       1000        641      0.824      0.498      0.539      0.314
Epoch    GPU_mem   box_loss   obj_loss   cls_loss  Instances       Size
64/99      31.7G    0.02373   0.005035  0.0009503         36        960: 100%|██████████| 119/119 00:42
Class     Images  Instances          P          R      mAP50   mAP50-95: 100%|██████████| 8/8 00:03
all       1000        641      0.863      0.461      0.533      0.309
Epoch    GPU_mem   box_loss   obj_loss   cls_loss  Instances       Size
65/99      31.7G    0.02405   0.005095   0.001015         25        960: 100%|██████████| 119/119 00:43
Class     Images  Instances          P          R      mAP50   mAP50-95: 100%|██████████| 8/8 00:03
all       1000        641       0.86      0.478      0.565      0.333
Epoch    GPU_mem   box_loss   obj_loss   cls_loss  Instances       Size
66/99      31.7G    0.02351   0.005066  0.0009142         29        960: 100%|██████████| 119/119 00:42
Class     Images  Instances          P          R      mAP50   mAP50-95: 100%|██████████| 8/8 00:03
all       1000        641      0.871      0.447      0.536      0.313
Epoch    GPU_mem   box_loss   obj_loss   cls_loss  Instances       Size
67/99      31.7G    0.02314   0.005014  0.0007531         27        960: 100%|██████████| 119/119 00:42
Class     Images  Instances          P          R      mAP50   mAP50-95: 100%|██████████| 8/8 00:03
all       1000        641      0.828      0.486      0.525      0.307
Epoch    GPU_mem   box_loss   obj_loss   cls_loss  Instances       Size
68/99      31.7G    0.02284   0.004972  0.0008966         33        960: 100%|██████████| 119/119 00:42
Class     Images  Instances          P          R      mAP50   mAP50-95: 100%|██████████| 8/8 00:03
all       1000        641      0.823      0.486      0.529       0.32
Epoch    GPU_mem   box_loss   obj_loss   cls_loss  Instances       Size
69/99      31.7G     0.0232   0.004855  0.0008086         30        960: 100%|██████████| 119/119 00:43
Class     Images  Instances          P          R      mAP50   mAP50-95: 100%|██████████| 8/8 00:03
all       1000        641      0.858      0.476      0.536      0.318
Epoch    GPU_mem   box_loss   obj_loss   cls_loss  Instances       Size
70/99      31.7G    0.02271   0.004914   0.000756         25        960: 100%|██████████| 119/119 00:43
Class     Images  Instances          P          R      mAP50   mAP50-95: 100%|██████████| 8/8 00:03
all       1000        641       0.89      0.487       0.53      0.315
Epoch    GPU_mem   box_loss   obj_loss   cls_loss  Instances       Size
71/99      31.7G    0.02242   0.004877  0.0008143         12        960: 100%|██████████| 119/119 00:41
Class     Images  Instances          P          R      mAP50   mAP50-95: 100%|██████████| 8/8 00:03
all       1000        641      0.818      0.494      0.524      0.305
Epoch    GPU_mem   box_loss   obj_loss   cls_loss  Instances       Size
72/99      31.7G    0.02249    0.00477  0.0007597         25        960: 100%|██████████| 119/119 00:46
Class     Images  Instances          P          R      mAP50   mAP50-95: 100%|██████████| 8/8 00:03
all       1000        641       0.83      0.482      0.551      0.324
Epoch    GPU_mem   box_loss   obj_loss   cls_loss  Instances       Size
73/99      31.7G    0.02219   0.004726  0.0007624         30        960: 100%|██████████| 119/119 00:42
Class     Images  Instances          P          R      mAP50   mAP50-95: 100%|██████████| 8/8 00:03
all       1000        641       0.84      0.487      0.553      0.322
Epoch    GPU_mem   box_loss   obj_loss   cls_loss  Instances       Size
74/99      31.7G    0.02198   0.004818  0.0008352         26        960: 100%|██████████| 119/119 00:42
Class     Images  Instances          P          R      mAP50   mAP50-95: 100%|██████████| 8/8 00:03
all       1000        641      0.852      0.492      0.555      0.323
Epoch    GPU_mem   box_loss   obj_loss   cls_loss  Instances       Size
75/99      31.7G    0.02175   0.004613   0.000618         29        960: 100%|██████████| 119/119 00:41
Class     Images  Instances          P          R      mAP50   mAP50-95: 100%|██████████| 8/8 00:03
all       1000        641      0.872      0.457      0.562      0.323
Epoch    GPU_mem   box_loss   obj_loss   cls_loss  Instances       Size
76/99      31.7G    0.02158   0.004608  0.0007129         13        960: 100%|██████████| 119/119 00:40
Class     Images  Instances          P          R      mAP50   mAP50-95: 100%|██████████| 8/8 00:03
all       1000        641      0.841       0.49      0.554      0.326
Epoch    GPU_mem   box_loss   obj_loss   cls_loss  Instances       Size
77/99      31.7G    0.02114   0.004565  0.0007652         23        960: 100%|██████████| 119/119 00:41
Class     Images  Instances          P          R      mAP50   mAP50-95: 100%|██████████| 8/8 00:03
all       1000        641      0.636      0.538      0.559      0.331
Epoch    GPU_mem   box_loss   obj_loss   cls_loss  Instances       Size
78/99      31.7G    0.02105   0.004525  0.0006459         25        960: 100%|██████████| 119/119 00:40
Class     Images  Instances          P          R      mAP50   mAP50-95: 100%|██████████| 8/8 00:03
all       1000        641        0.6      0.519      0.545       0.32
Epoch    GPU_mem   box_loss   obj_loss   cls_loss  Instances       Size
79/99      31.7G    0.02092   0.004459  0.0006554         31        960: 100%|██████████| 119/119 00:41
Class     Images  Instances          P          R      mAP50   mAP50-95: 100%|██████████| 8/8 00:03
all       1000        641      0.868      0.488      0.563      0.333
Epoch    GPU_mem   box_loss   obj_loss   cls_loss  Instances       Size
80/99      31.7G    0.02079   0.004504  0.0006447         18        960: 100%|██████████| 119/119 00:42
Class     Images  Instances          P          R      mAP50   mAP50-95: 100%|██████████| 8/8 00:03
all       1000        641      0.845      0.508      0.567      0.335
Epoch    GPU_mem   box_loss   obj_loss   cls_loss  Instances       Size
81/99      31.7G     0.0207   0.004474  0.0006201         23        960: 100%|██████████| 119/119 00:42
Class     Images  Instances          P          R      mAP50   mAP50-95: 100%|██████████| 8/8 00:03
all       1000        641      0.875      0.481      0.564      0.333
Epoch    GPU_mem   box_loss   obj_loss   cls_loss  Instances       Size
82/99      31.7G     0.0205   0.004473  0.0006206         37        960: 100%|██████████| 119/119 00:40
Class     Images  Instances          P          R      mAP50   mAP50-95: 100%|██████████| 8/8 00:03
all       1000        641      0.858      0.489      0.587      0.345
Epoch    GPU_mem   box_loss   obj_loss   cls_loss  Instances       Size
83/99      31.7G    0.02034   0.004397  0.0006074         36        960: 100%|██████████| 119/119 00:43
Class     Images  Instances          P          R      mAP50   mAP50-95: 100%|██████████| 8/8 00:03
all       1000        641      0.631      0.581      0.577      0.335
Epoch    GPU_mem   box_loss   obj_loss   cls_loss  Instances       Size
84/99      31.7G    0.01987   0.004352  0.0005008         14        960: 100%|██████████| 119/119 00:40
Class     Images  Instances          P          R      mAP50   mAP50-95: 100%|██████████| 8/8 00:03
all       1000        641      0.518      0.557      0.562       0.33
Epoch    GPU_mem   box_loss   obj_loss   cls_loss  Instances       Size
85/99      31.7G    0.01986   0.004359  0.0005458         20        960: 100%|██████████| 119/119 00:45
Class     Images  Instances          P          R      mAP50   mAP50-95: 100%|██████████| 8/8 00:03
all       1000        641      0.549       0.55      0.579      0.341
Epoch    GPU_mem   box_loss   obj_loss   cls_loss  Instances       Size
86/99      31.7G    0.01978   0.004378  0.0004991         23        960: 100%|██████████| 119/119 00:43
Class     Images  Instances          P          R      mAP50   mAP50-95: 100%|██████████| 8/8 00:03
all       1000        641      0.538      0.565      0.566      0.332
Epoch    GPU_mem   box_loss   obj_loss   cls_loss  Instances       Size
87/99      31.7G    0.01959   0.004289   0.000491         23        960: 100%|██████████| 119/119 00:42
Class     Images  Instances          P          R      mAP50   mAP50-95: 100%|██████████| 8/8 00:03
all       1000        641      0.876      0.477      0.563      0.328
Epoch    GPU_mem   box_loss   obj_loss   cls_loss  Instances       Size
88/99      31.7G    0.01941     0.0043  0.0005078         24        960: 100%|██████████| 119/119 00:41
Class     Images  Instances          P          R      mAP50   mAP50-95: 100%|██████████| 8/8 00:03
all       1000        641      0.865      0.479      0.561      0.329
Epoch    GPU_mem   box_loss   obj_loss   cls_loss  Instances       Size
89/99      31.7G    0.01913   0.004297  0.0004909         31        960: 100%|██████████| 119/119 00:41
Class     Images  Instances          P          R      mAP50   mAP50-95: 100%|██████████| 8/8 00:03
all       1000        641      0.871      0.469      0.564      0.336
Epoch    GPU_mem   box_loss   obj_loss   cls_loss  Instances       Size
90/99      31.7G    0.01891   0.004194  0.0003702         33        960: 100%|██████████| 119/119 00:41
Class     Images  Instances          P          R      mAP50   mAP50-95: 100%|██████████| 8/8 00:03
all       1000        641      0.845      0.486      0.564      0.335
Epoch    GPU_mem   box_loss   obj_loss   cls_loss  Instances       Size
91/99      31.7G    0.01878   0.004131  0.0004691         33        960: 100%|██████████| 119/119 00:42
Class     Images  Instances          P          R      mAP50   mAP50-95: 100%|██████████| 8/8 00:03
all       1000        641      0.852      0.476      0.552      0.326
Epoch    GPU_mem   box_loss   obj_loss   cls_loss  Instances       Size
92/99      31.7G    0.01858   0.004084  0.0004824         27        960: 100%|██████████| 119/119 00:39
Class     Images  Instances          P          R      mAP50   mAP50-95: 100%|██████████| 8/8 00:03
all       1000        641      0.879      0.468      0.546       0.32
Epoch    GPU_mem   box_loss   obj_loss   cls_loss  Instances       Size
93/99      31.7G    0.01853     0.0041    0.00046         33        960: 100%|██████████| 119/119 00:40
Class     Images  Instances          P          R      mAP50   mAP50-95: 100%|██████████| 8/8 00:03
all       1000        641      0.867      0.472      0.547       0.32
Epoch    GPU_mem   box_loss   obj_loss   cls_loss  Instances       Size
94/99      31.7G    0.01829   0.003994  0.0004159         21        960: 100%|██████████| 119/119 00:42
Class     Images  Instances          P          R      mAP50   mAP50-95: 100%|██████████| 8/8 00:03
all       1000        641      0.871      0.467      0.551      0.318
Epoch    GPU_mem   box_loss   obj_loss   cls_loss  Instances       Size
95/99      31.7G    0.01794   0.003995  0.0004003         30        960: 100%|██████████| 119/119 00:45
Class     Images  Instances          P          R      mAP50   mAP50-95: 100%|██████████| 8/8 00:03
all       1000        641      0.849      0.486      0.553      0.323
Epoch    GPU_mem   box_loss   obj_loss   cls_loss  Instances       Size
96/99      31.7G    0.01805   0.004038  0.0003384         27        960: 100%|██████████| 119/119 00:42
Class     Images  Instances          P          R      mAP50   mAP50-95: 100%|██████████| 8/8 00:03
all       1000        641      0.818        0.5      0.553      0.327
Epoch    GPU_mem   box_loss   obj_loss   cls_loss  Instances       Size
97/99      31.7G    0.01768   0.004026  0.0004409         27        960: 100%|██████████| 119/119 00:42
Class     Images  Instances          P          R      mAP50   mAP50-95: 100%|██████████| 8/8 00:03
all       1000        641      0.569        0.5      0.553      0.326
Epoch    GPU_mem   box_loss   obj_loss   cls_loss  Instances       Size
98/99      31.7G    0.01761   0.003916  0.0004624         17        960: 100%|██████████| 119/119 00:42
Class     Images  Instances          P          R      mAP50   mAP50-95: 100%|██████████| 8/8 00:03
all       1000        641      0.823       0.49      0.551      0.326
Epoch    GPU_mem   box_loss   obj_loss   cls_loss  Instances       Size
99/99      31.7G    0.01764   0.003841  0.0004146         17        960: 100%|██████████| 119/119 00:42
Class     Images  Instances          P          R      mAP50   mAP50-95: 100%|██████████| 8/8 00:03
all       1000        641      0.822      0.492      0.551      0.326
100 epochs completed in 2.428 hours.
Optimizer stripped from /home/lijinhe/work/YOLO_Retraining/runs/tasks/imgsz960__full-cold-stage0123__stage0+stage1+stage2+stage3__yolov5s__s42/backend/yolov5/train/weights/last.pt, 14.5MB
Optimizer stripped from /home/lijinhe/work/YOLO_Retraining/runs/tasks/imgsz960__full-cold-stage0123__stage0+stage1+stage2+stage3__yolov5s__s42/backend/yolov5/train/weights/best.pt, 14.5MB
Validating /home/lijinhe/work/YOLO_Retraining/runs/tasks/imgsz960__full-cold-stage0123__stage0+stage1+stage2+stage3__yolov5s__s42/backend/yolov5/train/weights/best.pt...
Fusing layers...
Model summary: 157 layers, 7020913 parameters, 0 gradients, 15.8 GFLOPs
Class     Images  Instances          P          R      mAP50   mAP50-95: 100%|██████████| 8/8 00:03
all       1000        641      0.667      0.557      0.603      0.358
large luggage       1000        410      0.603      0.656      0.635      0.337
stroller       1000        169      0.662      0.781      0.772      0.405
wheelchair       1000         53       0.75      0.679      0.734      0.484
flatbed truck       1000          9      0.651      0.111      0.269      0.207
Results saved to /home/lijinhe/work/YOLO_Retraining/runs/tasks/imgsz960__full-cold-stage0123__stage0+stage1+stage2+stage3__yolov5s__s42/backend/yolov5/train
[YOLOv5] compacted progress updates: 25236 -> 203 lines
[YOLOv5] coalesced warning: incomplete JPEG accepted read-only; count=8467; by_source=train=7469, val=998
[YOLOv5] warning example: train: WARNING ⚠️ /home/lijinhe/work/YOLO_Retraining/data/self_improving/images/0720_1/00001_1780987846311329_0.jpg: incomplete JPEG accepted read-only
[YOLOv5] warning example: train: WARNING ⚠️ /home/lijinhe/work/YOLO_Retraining/data/self_improving/images/0720_1/00002_1780987856406331_0.jpg: incomplete JPEG accepted read-only
[YOLOv5] warning example: train: WARNING ⚠️ /home/lijinhe/work/YOLO_Retraining/data/self_improving/images/0720_1/00003_1780987872391333_0.jpg: incomplete JPEG accepted read-only
