train: weights=/home/lijinhe/work/YOLO_Retraining/.third_party/yolov5/yolov5s.pt, cfg=, data=/home/lijinhe/work/YOLO_Retraining/runs/studies/balance_learning_curve_2batch_dedup_contrast/sequences/Balance_LC2B_ordered_tau096_mixed_release_drop_bg__seq-full-cold__stage0-stage7__yolov5s__s42/tasks/000__stage0__full-cold/data/backend_data.yaml, hyp=data/hyps/hyp.scratch-low.yaml, epochs=100, batch_size=64, imgsz=640, rect=False, resume=False, nosave=False, noval=False, noautoanchor=False, noplots=True, evolve=None, bucket=, cache=None, image_weights=False, device=0, multi_scale=False, single_cls=False, optimizer=SGD, sync_bn=False, workers=16, project=/home/lijinhe/work/YOLO_Retraining/runs/studies/balance_learning_curve_2batch_dedup_contrast/sequences/Balance_LC2B_ordered_tau096_mixed_release_drop_bg__seq-full-cold__stage0-stage7__yolov5s__s42/tasks/000__stage0__full-cold/backend/yolov5, name=train, exist_ok=True, quad=False, cos_lr=False, label_smoothing=0.0, patience=100, freeze=[0], save_period=-1, seed=42, local_rank=-1, entity=None, upload_dataset=False, bbox_interval=-1, artifact_alias=latest
github: skipping check (offline), for updates see https://github.com/ultralytics/yolov5
YOLOv5 🚀 v7.0-0-g915bbf29 Python-3.10.20 torch-2.2.2+cu121 CUDA:0 (NVIDIA H100 PCIe, 81090MiB)
hyperparameters: lr0=0.01, lrf=0.01, momentum=0.937, weight_decay=0.0005, warmup_epochs=3.0, warmup_momentum=0.8, warmup_bias_lr=0.1, box=0.05, cls=0.5, cls_pw=1.0, obj=1.0, obj_pw=1.0, iou_t=0.2, anchor_t=4.0, fl_gamma=0.0, hsv_h=0.015, hsv_s=0.7, hsv_v=0.4, degrees=0.0, translate=0.1, scale=0.5, shear=0.0, perspective=0.0, flipud=0.0, fliplr=0.5, mosaic=1.0, mixup=0.0, copy_paste=0.0
ClearML: run 'pip install clearml' to automatically track, visualize and remotely train YOLOv5 🚀 in ClearML
Comet: run 'pip install comet_ml' to automatically track and visualize YOLOv5 🚀 runs in Comet
TensorBoard: Start with 'tensorboard --logdir /home/lijinhe/work/YOLO_Retraining/runs/studies/balance_learning_curve_2batch_dedup_contrast/sequences/Balance_LC2B_ordered_tau096_mixed_release_drop_bg__seq-full-cold__stage0-stage7__yolov5s__s42/tasks/000__stage0__full-cold/backend/yolov5', view at http://localhost:6006/
Overriding model.yaml nc=80 with nc=4
from  n    params  module                                  arguments
0                -1  1      3520  models.common.Conv                      [3, 32, 6, 2, 2]
1                -1  1     18560  models.common.Conv                      [32, 64, 3, 2]
2                -1  1     18816  models.common.C3                        [64, 64, 1]
3                -1  1     73984  models.common.Conv                      [64, 128, 3, 2]
4                -1  2    115712  models.common.C3                        [128, 128, 2]
5                -1  1    295424  models.common.Conv                      [128, 256, 3, 2]
6                -1  3    625152  models.common.C3                        [256, 256, 3]
7                -1  1   1180672  models.common.Conv                      [256, 512, 3, 2]
8                -1  1   1182720  models.common.C3                        [512, 512, 1]
9                -1  1    656896  models.common.SPPF                      [512, 512, 5]
10                -1  1    131584  models.common.Conv                      [512, 256, 1, 1]
11                -1  1         0  torch.nn.modules.upsampling.Upsample    [None, 2, 'nearest']
12           [-1, 6]  1         0  models.common.Concat                    [1]
13                -1  1    361984  models.common.C3                        [512, 256, 1, False]
14                -1  1     33024  models.common.Conv                      [256, 128, 1, 1]
15                -1  1         0  torch.nn.modules.upsampling.Upsample    [None, 2, 'nearest']
16           [-1, 4]  1         0  models.common.Concat                    [1]
17                -1  1     90880  models.common.C3                        [256, 128, 1, False]
18                -1  1    147712  models.common.Conv                      [128, 128, 3, 2]
19          [-1, 14]  1         0  models.common.Concat                    [1]
20                -1  1    296448  models.common.C3                        [256, 256, 1, False]
21                -1  1    590336  models.common.Conv                      [256, 256, 3, 2]
22          [-1, 10]  1         0  models.common.Concat                    [1]
23                -1  1   1182720  models.common.C3                        [512, 512, 1, False]
24      [17, 20, 23]  1     24273  models.yolo.Detect                      [4, [[10, 13, 16, 30, 33, 23], [30, 61, 62, 45, 59, 119], [116, 90, 156, 198, 373, 326]], [128, 256, 512]]
Model summary: 214 layers, 7030417 parameters, 7030417 gradients, 16.0 GFLOPs
Transferred 343/349 items from /home/lijinhe/work/YOLO_Retraining/.third_party/yolov5/yolov5s.pt
AMP: checks passed ✅
optimizer: SGD(lr=0.01) with parameter groups 57 weight(decay=0.0), 60 weight(decay=0.0005), 60 bias
train: Scanning /home/lijinhe/work/YOLO_Retraining/runs/studies/balance_learning_curve_2batch_dedup_contrast/sequences/Balance_LC2B_ordered_tau096_mixed_release_drop_bg__seq-full-cold__stage0-stage7__yolov5s__s42/tasks/000__stage0__full-cold/data/backend_train_images... 401 images, 23 backgrounds, 0 corrupt: 100%|██████████| 401/401 00:04
train: New cache created: /home/lijinhe/work/YOLO_Retraining/runs/studies/balance_learning_curve_2batch_dedup_contrast/sequences/Balance_LC2B_ordered_tau096_mixed_release_drop_bg__seq-full-cold__stage0-stage7__yolov5s__s42/tasks/000__stage0__full-cold/data/backend_train_images.cache
val: Scanning /home/lijinhe/work/YOLO_Retraining/runs/studies/balance_learning_curve_2batch_dedup_contrast/sequences/Balance_LC2B_ordered_tau096_mixed_release_drop_bg__seq-full-cold__stage0-stage7__yolov5s__s42/tasks/000__stage0__full-cold/data/backend_validation_images... 1000 images, 499 backgrounds, 0 corrupt: 100%|██████████| 1000/1000 00:07
val: New cache created: /home/lijinhe/work/YOLO_Retraining/runs/studies/balance_learning_curve_2batch_dedup_contrast/sequences/Balance_LC2B_ordered_tau096_mixed_release_drop_bg__seq-full-cold__stage0-stage7__yolov5s__s42/tasks/000__stage0__full-cold/data/backend_validation_images.cache
AutoAnchor: 5.97 anchors/target, 1.000 Best Possible Recall (BPR). Current anchors are a good fit to dataset ✅
Image sizes 640 train, 640 val
Using 16 dataloader workers
Logging results to /home/lijinhe/work/YOLO_Retraining/runs/studies/balance_learning_curve_2batch_dedup_contrast/sequences/Balance_LC2B_ordered_tau096_mixed_release_drop_bg__seq-full-cold__stage0-stage7__yolov5s__s42/tasks/000__stage0__full-cold/backend/yolov5/train
Starting training for 100 epochs...
Epoch    GPU_mem   box_loss   obj_loss   cls_loss  Instances       Size
0/99      13.9G     0.1214    0.03129    0.04905         41        640: 100%|██████████| 7/7 00:03
Class     Images  Instances          P          R      mAP50   mAP50-95: 100%|██████████| 8/8 00:39
all       1000        641   0.000224      0.115   0.000146   3.55e-05
Epoch    GPU_mem   box_loss   obj_loss   cls_loss  Instances       Size
1/99      13.9G     0.1091    0.02836    0.04421         38        640: 100%|██████████| 7/7 00:03
Class     Images  Instances          P          R      mAP50   mAP50-95: 100%|██████████| 8/8 00:19
all       1000        641   0.000537      0.287   0.000823   0.000183
Epoch    GPU_mem   box_loss   obj_loss   cls_loss  Instances       Size
2/99      13.9G    0.09224    0.02724    0.03961         26        640: 100%|██████████| 7/7 00:02
Class     Images  Instances          P          R      mAP50   mAP50-95: 100%|██████████| 8/8 00:15
all       1000        641    0.00083      0.498    0.00766    0.00158
Epoch    GPU_mem   box_loss   obj_loss   cls_loss  Instances       Size
3/99      13.9G    0.08303    0.02835    0.03635         30        640: 100%|██████████| 7/7 00:04
Class     Images  Instances          P          R      mAP50   mAP50-95: 100%|██████████| 8/8 00:23
all       1000        641    0.00145      0.564     0.0229    0.00453
Epoch    GPU_mem   box_loss   obj_loss   cls_loss  Instances       Size
4/99      13.9G    0.07792    0.02737    0.03412         35        640: 100%|██████████| 7/7 00:01
Class     Images  Instances          P          R      mAP50   mAP50-95: 100%|██████████| 8/8 00:15
all       1000        641      0.253       0.44     0.0131    0.00353
Epoch    GPU_mem   box_loss   obj_loss   cls_loss  Instances       Size
5/99      13.9G    0.07343    0.02591    0.03218         33        640: 100%|██████████| 7/7 00:02
Class     Images  Instances          P          R      mAP50   mAP50-95: 100%|██████████| 8/8 00:16
all       1000        641       0.53      0.166     0.0639     0.0149
Epoch    GPU_mem   box_loss   obj_loss   cls_loss  Instances       Size
6/99      13.9G    0.07128    0.02466    0.03078         42        640: 100%|██████████| 7/7 00:02
Class     Images  Instances          P          R      mAP50   mAP50-95: 100%|██████████| 8/8 00:16
all       1000        641      0.531      0.178     0.0878     0.0242
Epoch    GPU_mem   box_loss   obj_loss   cls_loss  Instances       Size
7/99      13.9G    0.06714    0.02554    0.02849         38        640: 100%|██████████| 7/7 00:02
Class     Images  Instances          P          R      mAP50   mAP50-95: 100%|██████████| 8/8 00:14
all       1000        641      0.447      0.208      0.109     0.0283
Epoch    GPU_mem   box_loss   obj_loss   cls_loss  Instances       Size
8/99      13.9G     0.0689    0.02228    0.02624         38        640: 100%|██████████| 7/7 00:02
Class     Images  Instances          P          R      mAP50   mAP50-95: 100%|██████████| 8/8 00:19
all       1000        641      0.426      0.247      0.133      0.039
Epoch    GPU_mem   box_loss   obj_loss   cls_loss  Instances       Size
9/99      13.9G    0.06531    0.02156    0.02311         38        640: 100%|██████████| 7/7 00:02
Class     Images  Instances          P          R      mAP50   mAP50-95: 100%|██████████| 8/8 00:14
all       1000        641      0.484      0.348      0.249     0.0906
Epoch    GPU_mem   box_loss   obj_loss   cls_loss  Instances       Size
10/99      13.9G    0.06446     0.0215    0.02042         40        640: 100%|██████████| 7/7 00:01
Class     Images  Instances          P          R      mAP50   mAP50-95: 100%|██████████| 8/8 00:13
all       1000        641      0.463      0.282      0.204     0.0709
Epoch    GPU_mem   box_loss   obj_loss   cls_loss  Instances       Size
11/99      13.9G    0.06673    0.01935    0.01726         49        640: 100%|██████████| 7/7 00:02
Class     Images  Instances          P          R      mAP50   mAP50-95: 100%|██████████| 8/8 00:21
all       1000        641      0.573      0.239      0.229     0.0806
Epoch    GPU_mem   box_loss   obj_loss   cls_loss  Instances       Size
12/99      13.9G    0.06565    0.01809    0.01536         35        640: 100%|██████████| 7/7 00:03
Class     Images  Instances          P          R      mAP50   mAP50-95: 100%|██████████| 8/8 00:17
all       1000        641      0.459      0.264      0.161     0.0535
Epoch    GPU_mem   box_loss   obj_loss   cls_loss  Instances       Size
13/99      13.9G    0.06176    0.01754    0.01433         37        640: 100%|██████████| 7/7 00:02
Class     Images  Instances          P          R      mAP50   mAP50-95: 100%|██████████| 8/8 00:25
all       1000        641      0.529      0.202      0.185     0.0732
Epoch    GPU_mem   box_loss   obj_loss   cls_loss  Instances       Size
14/99      13.9G     0.0613    0.01656    0.01357         35        640: 100%|██████████| 7/7 00:03
Class     Images  Instances          P          R      mAP50   mAP50-95: 100%|██████████| 8/8 00:12
all       1000        641      0.529      0.228      0.192     0.0671
Epoch    GPU_mem   box_loss   obj_loss   cls_loss  Instances       Size
15/99      13.9G    0.05996    0.01651    0.01161         46        640: 100%|██████████| 7/7 00:02
Class     Images  Instances          P          R      mAP50   mAP50-95: 100%|██████████| 8/8 00:12
all       1000        641      0.447       0.27      0.173     0.0558
Epoch    GPU_mem   box_loss   obj_loss   cls_loss  Instances       Size
16/99      13.9G    0.05616    0.01552   0.009923         32        640: 100%|██████████| 7/7 00:03
Class     Images  Instances          P          R      mAP50   mAP50-95: 100%|██████████| 8/8 00:20
all       1000        641      0.608      0.289      0.269      0.104
Epoch    GPU_mem   box_loss   obj_loss   cls_loss  Instances       Size
17/99      13.9G    0.05405    0.01586    0.01104         38        640: 100%|██████████| 7/7 00:02
Class     Images  Instances          P          R      mAP50   mAP50-95: 100%|██████████| 8/8 00:16
all       1000        641       0.56      0.312      0.271      0.111
Epoch    GPU_mem   box_loss   obj_loss   cls_loss  Instances       Size
18/99      13.9G    0.05275    0.01477    0.01079         27        640: 100%|██████████| 7/7 00:02
Class     Images  Instances          P          R      mAP50   mAP50-95: 100%|██████████| 8/8 00:27
all       1000        641       0.61      0.273      0.263      0.107
Epoch    GPU_mem   box_loss   obj_loss   cls_loss  Instances       Size
19/99      13.9G    0.05088    0.01487   0.009343         34        640: 100%|██████████| 7/7 00:02
Class     Images  Instances          P          R      mAP50   mAP50-95: 100%|██████████| 8/8 00:20
all       1000        641      0.634      0.291      0.258      0.109
Epoch    GPU_mem   box_loss   obj_loss   cls_loss  Instances       Size
20/99      13.9G    0.05045    0.01503    0.00956         40        640: 100%|██████████| 7/7 00:02
Class     Images  Instances          P          R      mAP50   mAP50-95: 100%|██████████| 8/8 00:27
all       1000        641      0.672      0.326      0.294      0.138
Epoch    GPU_mem   box_loss   obj_loss   cls_loss  Instances       Size
21/99      13.9G    0.04776    0.01472   0.008933         30        640: 100%|██████████| 7/7 00:02
Class     Images  Instances          P          R      mAP50   mAP50-95: 100%|██████████| 8/8 00:15
all       1000        641      0.705       0.31      0.347      0.158
Epoch    GPU_mem   box_loss   obj_loss   cls_loss  Instances       Size
22/99      13.9G    0.04716    0.01462    0.00924         41        640: 100%|██████████| 7/7 00:03
Class     Images  Instances          P          R      mAP50   mAP50-95: 100%|██████████| 8/8 00:23
all       1000        641      0.638      0.309      0.336      0.141
Epoch    GPU_mem   box_loss   obj_loss   cls_loss  Instances       Size
23/99      13.9G     0.0472    0.01392    0.00972         28        640: 100%|██████████| 7/7 00:02
Class     Images  Instances          P          R      mAP50   mAP50-95: 100%|██████████| 8/8 00:16
all       1000        641      0.651      0.312      0.329      0.149
Epoch    GPU_mem   box_loss   obj_loss   cls_loss  Instances       Size
24/99      13.9G    0.04537    0.01391   0.006398         33        640: 100%|██████████| 7/7 00:02
Class     Images  Instances          P          R      mAP50   mAP50-95: 100%|██████████| 8/8 00:16
all       1000        641      0.643      0.325      0.319      0.157
Epoch    GPU_mem   box_loss   obj_loss   cls_loss  Instances       Size
25/99      13.9G    0.04531    0.01385   0.006577         36        640: 100%|██████████| 7/7 00:02
Class     Images  Instances          P          R      mAP50   mAP50-95: 100%|██████████| 8/8 00:12
all       1000        641      0.714      0.279      0.337      0.172
Epoch    GPU_mem   box_loss   obj_loss   cls_loss  Instances       Size
26/99      13.9G    0.04554    0.01353   0.007338         42        640: 100%|██████████| 7/7 00:02
Class     Images  Instances          P          R      mAP50   mAP50-95: 100%|██████████| 8/8 00:13
all       1000        641      0.729      0.329      0.376      0.182
Epoch    GPU_mem   box_loss   obj_loss   cls_loss  Instances       Size
27/99      13.9G    0.04216    0.01212   0.006206         30        640: 100%|██████████| 7/7 00:02
Class     Images  Instances          P          R      mAP50   mAP50-95: 100%|██████████| 8/8 00:24
all       1000        641      0.741      0.289      0.354      0.171
Epoch    GPU_mem   box_loss   obj_loss   cls_loss  Instances       Size
28/99      13.9G     0.0412    0.01266   0.006752         35        640: 100%|██████████| 7/7 00:01
Class     Images  Instances          P          R      mAP50   mAP50-95: 100%|██████████| 8/8 00:15
all       1000        641      0.711      0.334      0.373      0.185
Epoch    GPU_mem   box_loss   obj_loss   cls_loss  Instances       Size
29/99      13.9G    0.04262    0.01249   0.005795         33        640: 100%|██████████| 7/7 00:03
Class     Images  Instances          P          R      mAP50   mAP50-95: 100%|██████████| 8/8 00:22
all       1000        641      0.708      0.361      0.379      0.179
Epoch    GPU_mem   box_loss   obj_loss   cls_loss  Instances       Size
30/99      13.9G    0.04216    0.01215   0.005518         40        640: 100%|██████████| 7/7 00:02
Class     Images  Instances          P          R      mAP50   mAP50-95: 100%|██████████| 8/8 00:13
all       1000        641      0.728      0.328      0.369      0.175
Epoch    GPU_mem   box_loss   obj_loss   cls_loss  Instances       Size
31/99      13.9G    0.04137    0.01272   0.005255         40        640: 100%|██████████| 7/7 00:01
Class     Images  Instances          P          R      mAP50   mAP50-95: 100%|██████████| 8/8 00:17
all       1000        641      0.723      0.326      0.351      0.177
Epoch    GPU_mem   box_loss   obj_loss   cls_loss  Instances       Size
32/99      13.9G    0.04094    0.01272   0.004992         46        640: 100%|██████████| 7/7 00:02
Class     Images  Instances          P          R      mAP50   mAP50-95: 100%|██████████| 8/8 00:15
all       1000        641      0.747      0.362      0.407      0.199
Epoch    GPU_mem   box_loss   obj_loss   cls_loss  Instances       Size
33/99      13.9G    0.03869    0.01232   0.004437         35        640: 100%|██████████| 7/7 00:02
Class     Images  Instances          P          R      mAP50   mAP50-95: 100%|██████████| 8/8 00:13
all       1000        641      0.729       0.32      0.338      0.162
Epoch    GPU_mem   box_loss   obj_loss   cls_loss  Instances       Size
34/99      13.9G    0.03982    0.01272   0.005099         34        640: 100%|██████████| 7/7 00:03
Class     Images  Instances          P          R      mAP50   mAP50-95: 100%|██████████| 8/8 00:23
all       1000        641      0.746      0.337      0.372      0.187
Epoch    GPU_mem   box_loss   obj_loss   cls_loss  Instances       Size
35/99      13.9G    0.03934    0.01193   0.005065         35        640: 100%|██████████| 7/7 00:02
Class     Images  Instances          P          R      mAP50   mAP50-95: 100%|██████████| 8/8 00:13
all       1000        641      0.694      0.374      0.363      0.186
Epoch    GPU_mem   box_loss   obj_loss   cls_loss  Instances       Size
36/99      13.9G    0.03798    0.01124   0.004682         37        640: 100%|██████████| 7/7 00:01
Class     Images  Instances          P          R      mAP50   mAP50-95: 100%|██████████| 8/8 00:12
all       1000        641      0.743      0.336      0.354      0.176
Epoch    GPU_mem   box_loss   obj_loss   cls_loss  Instances       Size
37/99      13.9G    0.03806    0.01181   0.004757         31        640: 100%|██████████| 7/7 00:02
Class     Images  Instances          P          R      mAP50   mAP50-95: 100%|██████████| 8/8 00:16
all       1000        641      0.718      0.338      0.377      0.181
Epoch    GPU_mem   box_loss   obj_loss   cls_loss  Instances       Size
38/99      13.9G    0.03785    0.01149   0.004787         36        640: 100%|██████████| 7/7 00:02
Class     Images  Instances          P          R      mAP50   mAP50-95: 100%|██████████| 8/8 00:21
all       1000        641      0.707      0.342      0.368      0.179
Epoch    GPU_mem   box_loss   obj_loss   cls_loss  Instances       Size
39/99      13.9G    0.03572    0.01091   0.004075         34        640: 100%|██████████| 7/7 00:02
Class     Images  Instances          P          R      mAP50   mAP50-95: 100%|██████████| 8/8 00:21
all       1000        641      0.694      0.306      0.315      0.153
Epoch    GPU_mem   box_loss   obj_loss   cls_loss  Instances       Size
40/99      13.9G    0.03527    0.01069   0.004079         33        640: 100%|██████████| 7/7 00:01
Class     Images  Instances          P          R      mAP50   mAP50-95: 100%|██████████| 8/8 00:13
all       1000        641       0.72      0.344      0.374       0.19
Epoch    GPU_mem   box_loss   obj_loss   cls_loss  Instances       Size
41/99      13.9G    0.03852    0.01205   0.004448         44        640: 100%|██████████| 7/7 00:02
Class     Images  Instances          P          R      mAP50   mAP50-95: 100%|██████████| 8/8 00:12
all       1000        641      0.662      0.383      0.378      0.182
Epoch    GPU_mem   box_loss   obj_loss   cls_loss  Instances       Size
42/99      13.9G     0.0349    0.01123   0.004476         42        640: 100%|██████████| 7/7 00:03
Class     Images  Instances          P          R      mAP50   mAP50-95: 100%|██████████| 8/8 00:18
all       1000        641      0.689      0.355      0.357      0.163
Epoch    GPU_mem   box_loss   obj_loss   cls_loss  Instances       Size
43/99      13.9G    0.03522    0.01178   0.003789         49        640: 100%|██████████| 7/7 00:02
Class     Images  Instances          P          R      mAP50   mAP50-95: 100%|██████████| 8/8 00:16
all       1000        641      0.681      0.362      0.381      0.181
Epoch    GPU_mem   box_loss   obj_loss   cls_loss  Instances       Size
44/99      13.9G    0.03476    0.01099     0.0032         34        640: 100%|██████████| 7/7 00:02
Class     Images  Instances          P          R      mAP50   mAP50-95: 100%|██████████| 8/8 00:29
all       1000        641      0.678      0.369      0.395      0.194
Epoch    GPU_mem   box_loss   obj_loss   cls_loss  Instances       Size
45/99      13.9G     0.0333    0.01093   0.004376         44        640: 100%|██████████| 7/7 00:02
Class     Images  Instances          P          R      mAP50   mAP50-95: 100%|██████████| 8/8 00:13
all       1000        641      0.764      0.357      0.401       0.21
Epoch    GPU_mem   box_loss   obj_loss   cls_loss  Instances       Size
46/99      13.9G    0.03317    0.01069   0.003939         37        640: 100%|██████████| 7/7 00:02
Class     Images  Instances          P          R      mAP50   mAP50-95: 100%|██████████| 8/8 00:12
all       1000        641      0.714      0.348      0.376      0.188
Epoch    GPU_mem   box_loss   obj_loss   cls_loss  Instances       Size
47/99      13.9G    0.03238    0.01074    0.00315         51        640: 100%|██████████| 7/7 00:03
Class     Images  Instances          P          R      mAP50   mAP50-95: 100%|██████████| 8/8 00:19
all       1000        641      0.749      0.377      0.402      0.199
Epoch    GPU_mem   box_loss   obj_loss   cls_loss  Instances       Size
48/99      13.9G    0.03345    0.01155   0.003507         61        640: 100%|██████████| 7/7 00:02
Class     Images  Instances          P          R      mAP50   mAP50-95: 100%|██████████| 8/8 00:11
all       1000        641      0.762      0.349      0.389      0.197
Epoch    GPU_mem   box_loss   obj_loss   cls_loss  Instances       Size
49/99      13.9G    0.03255    0.01076   0.003931         37        640: 100%|██████████| 7/7 00:02
Class     Images  Instances          P          R      mAP50   mAP50-95: 100%|██████████| 8/8 00:28
all       1000        641      0.707      0.397      0.404      0.216
Epoch    GPU_mem   box_loss   obj_loss   cls_loss  Instances       Size
50/99      13.9G    0.03136    0.01005   0.004568         32        640: 100%|██████████| 7/7 00:04
Class     Images  Instances          P          R      mAP50   mAP50-95: 100%|██████████| 8/8 00:14
all       1000        641      0.779      0.346      0.394      0.197
Epoch    GPU_mem   box_loss   obj_loss   cls_loss  Instances       Size
51/99      13.9G    0.03096   0.009909    0.00296         37        640: 100%|██████████| 7/7 00:02
Class     Images  Instances          P          R      mAP50   mAP50-95: 100%|██████████| 8/8 00:15
all       1000        641      0.725      0.361      0.404      0.212
Epoch    GPU_mem   box_loss   obj_loss   cls_loss  Instances       Size
52/99      13.9G    0.03107    0.01011   0.003335         42        640: 100%|██████████| 7/7 00:02
Class     Images  Instances          P          R      mAP50   mAP50-95: 100%|██████████| 8/8 00:16
all       1000        641      0.766      0.349      0.389       0.19
Epoch    GPU_mem   box_loss   obj_loss   cls_loss  Instances       Size
53/99      13.9G    0.03113   0.009923   0.003468         32        640: 100%|██████████| 7/7 00:01
Class     Images  Instances          P          R      mAP50   mAP50-95: 100%|██████████| 8/8 00:12
all       1000        641      0.702      0.361      0.393      0.191
Epoch    GPU_mem   box_loss   obj_loss   cls_loss  Instances       Size
54/99      13.9G    0.03029    0.01023     0.0031         43        640: 100%|██████████| 7/7 00:02
Class     Images  Instances          P          R      mAP50   mAP50-95: 100%|██████████| 8/8 00:19
all       1000        641      0.751      0.324      0.374      0.174
Epoch    GPU_mem   box_loss   obj_loss   cls_loss  Instances       Size
55/99      13.9G     0.0306   0.009891   0.003212         40        640: 100%|██████████| 7/7 00:06
Class     Images  Instances          P          R      mAP50   mAP50-95: 100%|██████████| 8/8 00:13
all       1000        641      0.729      0.354      0.388      0.195
Epoch    GPU_mem   box_loss   obj_loss   cls_loss  Instances       Size
56/99      13.9G    0.02975   0.009732   0.003037         28        640: 100%|██████████| 7/7 00:03
Class     Images  Instances          P          R      mAP50   mAP50-95: 100%|██████████| 8/8 00:16
all       1000        641      0.667      0.415      0.411       0.21
Epoch    GPU_mem   box_loss   obj_loss   cls_loss  Instances       Size
57/99      13.9G    0.02984   0.009648   0.003245         30        640: 100%|██████████| 7/7 00:02
Class     Images  Instances          P          R      mAP50   mAP50-95: 100%|██████████| 8/8 00:20
all       1000        641      0.712      0.385      0.399      0.194
Epoch    GPU_mem   box_loss   obj_loss   cls_loss  Instances       Size
58/99      13.9G    0.02957   0.009167   0.003487         32        640: 100%|██████████| 7/7 00:02
Class     Images  Instances          P          R      mAP50   mAP50-95: 100%|██████████| 8/8 00:11
all       1000        641      0.721      0.347      0.373       0.19
Epoch    GPU_mem   box_loss   obj_loss   cls_loss  Instances       Size
59/99      13.9G     0.0296    0.01027   0.002882         44        640: 100%|██████████| 7/7 00:02
Class     Images  Instances          P          R      mAP50   mAP50-95: 100%|██████████| 8/8 00:20
all       1000        641      0.728      0.353      0.394      0.193
Epoch    GPU_mem   box_loss   obj_loss   cls_loss  Instances       Size
60/99      13.9G    0.02972   0.009353   0.002911         44        640: 100%|██████████| 7/7 00:05
Class     Images  Instances          P          R      mAP50   mAP50-95: 100%|██████████| 8/8 00:16
all       1000        641      0.735      0.352      0.404      0.204
Epoch    GPU_mem   box_loss   obj_loss   cls_loss  Instances       Size
61/99      13.9G    0.02736   0.009362   0.002894         46        640: 100%|██████████| 7/7 00:02
Class     Images  Instances          P          R      mAP50   mAP50-95: 100%|██████████| 8/8 00:18
all       1000        641      0.794      0.345      0.418      0.213
Epoch    GPU_mem   box_loss   obj_loss   cls_loss  Instances       Size
62/99      13.9G    0.02713   0.009346   0.002507         34        640: 100%|██████████| 7/7 00:03
Class     Images  Instances          P          R      mAP50   mAP50-95: 100%|██████████| 8/8 00:16
all       1000        641      0.765      0.366      0.432      0.228
Epoch    GPU_mem   box_loss   obj_loss   cls_loss  Instances       Size
63/99      13.9G    0.02817    0.00915   0.002226         40        640: 100%|██████████| 7/7 00:02
Class     Images  Instances          P          R      mAP50   mAP50-95: 100%|██████████| 8/8 00:12
all       1000        641      0.784      0.362      0.438      0.233
Epoch    GPU_mem   box_loss   obj_loss   cls_loss  Instances       Size
64/99      13.9G    0.02745   0.009226   0.002416         41        640: 100%|██████████| 7/7 00:02
Class     Images  Instances          P          R      mAP50   mAP50-95: 100%|██████████| 8/8 00:12
all       1000        641      0.749      0.364      0.417      0.214
Epoch    GPU_mem   box_loss   obj_loss   cls_loss  Instances       Size
65/99      13.9G    0.02598   0.008993   0.002498         42        640: 100%|██████████| 7/7 00:02
Class     Images  Instances          P          R      mAP50   mAP50-95: 100%|██████████| 8/8 00:24
all       1000        641      0.773      0.342       0.43      0.237
Epoch    GPU_mem   box_loss   obj_loss   cls_loss  Instances       Size
66/99      13.9G    0.02678   0.009335   0.003069         33        640: 100%|██████████| 7/7 00:02
Class     Images  Instances          P          R      mAP50   mAP50-95: 100%|██████████| 8/8 00:16
all       1000        641      0.711      0.373      0.416      0.229
Epoch    GPU_mem   box_loss   obj_loss   cls_loss  Instances       Size
67/99      13.9G    0.02538   0.008968   0.003089         40        640: 100%|██████████| 7/7 00:02
Class     Images  Instances          P          R      mAP50   mAP50-95: 100%|██████████| 8/8 00:17
all       1000        641      0.759      0.358      0.441       0.25
Epoch    GPU_mem   box_loss   obj_loss   cls_loss  Instances       Size
68/99      13.9G    0.02593   0.008829   0.002625         46        640: 100%|██████████| 7/7 00:04
Class     Images  Instances          P          R      mAP50   mAP50-95: 100%|██████████| 8/8 00:18
all       1000        641      0.726      0.397      0.438      0.243
Epoch    GPU_mem   box_loss   obj_loss   cls_loss  Instances       Size
69/99      13.9G    0.02529   0.009404   0.003145         41        640: 100%|██████████| 7/7 00:02
Class     Images  Instances          P          R      mAP50   mAP50-95: 100%|██████████| 8/8 00:11
all       1000        641      0.719      0.387      0.428      0.237
Epoch    GPU_mem   box_loss   obj_loss   cls_loss  Instances       Size
70/99      13.9G     0.0253     0.0088   0.001994         34        640: 100%|██████████| 7/7 00:02
Class     Images  Instances          P          R      mAP50   mAP50-95: 100%|██████████| 8/8 00:20
all       1000        641      0.729      0.405       0.46      0.256
Epoch    GPU_mem   box_loss   obj_loss   cls_loss  Instances       Size
71/99      13.9G    0.02601   0.008902   0.002293         36        640: 100%|██████████| 7/7 00:02
Class     Images  Instances          P          R      mAP50   mAP50-95: 100%|██████████| 8/8 00:18
all       1000        641      0.746      0.387      0.454      0.252
Epoch    GPU_mem   box_loss   obj_loss   cls_loss  Instances       Size
72/99      13.9G    0.02513   0.008541   0.002545         38        640: 100%|██████████| 7/7 00:03
Class     Images  Instances          P          R      mAP50   mAP50-95: 100%|██████████| 8/8 00:23
all       1000        641      0.775      0.355      0.449      0.246
Epoch    GPU_mem   box_loss   obj_loss   cls_loss  Instances       Size
73/99      13.9G    0.02505   0.008684   0.002474         40        640: 100%|██████████| 7/7 00:02
Class     Images  Instances          P          R      mAP50   mAP50-95: 100%|██████████| 8/8 00:22
all       1000        641      0.718      0.384      0.423      0.228
Epoch    GPU_mem   box_loss   obj_loss   cls_loss  Instances       Size
74/99      13.9G    0.02378   0.008592   0.002227         37        640: 100%|██████████| 7/7 00:02
Class     Images  Instances          P          R      mAP50   mAP50-95: 100%|██████████| 8/8 00:29
all       1000        641      0.757      0.367      0.428       0.23
Epoch    GPU_mem   box_loss   obj_loss   cls_loss  Instances       Size
75/99      13.9G    0.02362   0.008763   0.002871         41        640: 100%|██████████| 7/7 00:02
Class     Images  Instances          P          R      mAP50   mAP50-95: 100%|██████████| 8/8 00:12
all       1000        641      0.751      0.387       0.43      0.232
Epoch    GPU_mem   box_loss   obj_loss   cls_loss  Instances       Size
76/99      13.9G     0.0238   0.009023   0.001849         45        640: 100%|██████████| 7/7 00:02
Class     Images  Instances          P          R      mAP50   mAP50-95: 100%|██████████| 8/8 00:18
all       1000        641      0.779      0.355      0.415      0.227
Epoch    GPU_mem   box_loss   obj_loss   cls_loss  Instances       Size
77/99      13.9G    0.02324   0.008741   0.002109         46        640: 100%|██████████| 7/7 00:02
Class     Images  Instances          P          R      mAP50   mAP50-95: 100%|██████████| 8/8 00:12
all       1000        641      0.746      0.355      0.407      0.224
Epoch    GPU_mem   box_loss   obj_loss   cls_loss  Instances       Size
78/99      13.9G    0.02271   0.007953   0.002139         32        640: 100%|██████████| 7/7 00:02
Class     Images  Instances          P          R      mAP50   mAP50-95: 100%|██████████| 8/8 00:21
all       1000        641      0.796      0.359      0.441      0.245
Epoch    GPU_mem   box_loss   obj_loss   cls_loss  Instances       Size
79/99      13.9G    0.02309   0.008349   0.002268         38        640: 100%|██████████| 7/7 00:02
Class     Images  Instances          P          R      mAP50   mAP50-95: 100%|██████████| 8/8 00:22
all       1000        641      0.768      0.386      0.445      0.247
Epoch    GPU_mem   box_loss   obj_loss   cls_loss  Instances       Size
80/99      13.9G    0.02283   0.008773   0.002613         48        640: 100%|██████████| 7/7 00:01
Class     Images  Instances          P          R      mAP50   mAP50-95: 100%|██████████| 8/8 00:12
all       1000        641      0.744      0.388      0.436      0.237
Epoch    GPU_mem   box_loss   obj_loss   cls_loss  Instances       Size
81/99      13.9G    0.02224   0.008574   0.001828         46        640: 100%|██████████| 7/7 00:02
Class     Images  Instances          P          R      mAP50   mAP50-95: 100%|██████████| 8/8 00:18
all       1000        641       0.73      0.398      0.442      0.249
Epoch    GPU_mem   box_loss   obj_loss   cls_loss  Instances       Size
82/99      13.9G     0.0219    0.00802    0.00169         38        640: 100%|██████████| 7/7 00:03
Class     Images  Instances          P          R      mAP50   mAP50-95: 100%|██████████| 8/8 00:12
all       1000        641      0.787      0.375      0.448      0.258
Epoch    GPU_mem   box_loss   obj_loss   cls_loss  Instances       Size
83/99      13.9G    0.02212   0.008067   0.002439         36        640: 100%|██████████| 7/7 00:02
Class     Images  Instances          P          R      mAP50   mAP50-95: 100%|██████████| 8/8 00:14
all       1000        641      0.773      0.378      0.431      0.242
Epoch    GPU_mem   box_loss   obj_loss   cls_loss  Instances       Size
84/99      13.9G    0.02139     0.0077   0.002125         25        640: 100%|██████████| 7/7 00:03
Class     Images  Instances          P          R      mAP50   mAP50-95: 100%|██████████| 8/8 00:23
all       1000        641      0.763      0.372      0.441      0.249
Epoch    GPU_mem   box_loss   obj_loss   cls_loss  Instances       Size
85/99      13.9G    0.02089   0.008069   0.002099         28        640: 100%|██████████| 7/7 00:02
Class     Images  Instances          P          R      mAP50   mAP50-95: 100%|██████████| 8/8 00:12
all       1000        641      0.706      0.417      0.454      0.258
Epoch    GPU_mem   box_loss   obj_loss   cls_loss  Instances       Size
86/99      13.9G    0.02033   0.008011   0.001803         37        640: 100%|██████████| 7/7 00:02
Class     Images  Instances          P          R      mAP50   mAP50-95: 100%|██████████| 8/8 00:11
all       1000        641      0.771      0.385      0.457      0.257
Epoch    GPU_mem   box_loss   obj_loss   cls_loss  Instances       Size
87/99      13.9G    0.02106   0.008548   0.001941         39        640: 100%|██████████| 7/7 00:02
Class     Images  Instances          P          R      mAP50   mAP50-95: 100%|██████████| 8/8 00:18
all       1000        641      0.767      0.393      0.448      0.244
Epoch    GPU_mem   box_loss   obj_loss   cls_loss  Instances       Size
88/99      13.9G    0.02023   0.007676   0.001758         39        640: 100%|██████████| 7/7 00:02
Class     Images  Instances          P          R      mAP50   mAP50-95: 100%|██████████| 8/8 00:16
all       1000        641      0.738      0.408      0.444      0.241
Epoch    GPU_mem   box_loss   obj_loss   cls_loss  Instances       Size
89/99      13.9G    0.02012   0.007469    0.00167         28        640: 100%|██████████| 7/7 00:03
Class     Images  Instances          P          R      mAP50   mAP50-95: 100%|██████████| 8/8 00:17
all       1000        641      0.719       0.41       0.44      0.253
Epoch    GPU_mem   box_loss   obj_loss   cls_loss  Instances       Size
90/99      13.9G    0.02004   0.007811   0.001463         30        640: 100%|██████████| 7/7 00:03
Class     Images  Instances          P          R      mAP50   mAP50-95: 100%|██████████| 8/8 00:10
all       1000        641      0.701      0.407       0.43      0.243
Epoch    GPU_mem   box_loss   obj_loss   cls_loss  Instances       Size
91/99      13.9G    0.02059   0.007793   0.002123         45        640: 100%|██████████| 7/7 00:02
Class     Images  Instances          P          R      mAP50   mAP50-95: 100%|██████████| 8/8 00:12
all       1000        641      0.724      0.389      0.437      0.246
Epoch    GPU_mem   box_loss   obj_loss   cls_loss  Instances       Size
92/99      13.9G    0.01968   0.007918    0.00156         37        640: 100%|██████████| 7/7 00:01
Class     Images  Instances          P          R      mAP50   mAP50-95: 100%|██████████| 8/8 00:14
all       1000        641      0.736      0.387      0.437      0.251
Epoch    GPU_mem   box_loss   obj_loss   cls_loss  Instances       Size
93/99      13.9G     0.0198   0.007982   0.001367         41        640: 100%|██████████| 7/7 00:02
Class     Images  Instances          P          R      mAP50   mAP50-95: 100%|██████████| 8/8 00:13
all       1000        641      0.784      0.371      0.437      0.247
Epoch    GPU_mem   box_loss   obj_loss   cls_loss  Instances       Size
94/99      13.9G    0.01913   0.007377    0.00183         32        640: 100%|██████████| 7/7 00:03
Class     Images  Instances          P          R      mAP50   mAP50-95: 100%|██████████| 8/8 00:14
all       1000        641      0.785      0.369      0.428      0.246
Epoch    GPU_mem   box_loss   obj_loss   cls_loss  Instances       Size
95/99      13.9G    0.01962   0.007929   0.001469         48        640: 100%|██████████| 7/7 00:02
Class     Images  Instances          P          R      mAP50   mAP50-95: 100%|██████████| 8/8 00:23
all       1000        641      0.768      0.386      0.437       0.25
Epoch    GPU_mem   box_loss   obj_loss   cls_loss  Instances       Size
96/99      13.9G    0.01937   0.007825   0.001841         45        640: 100%|██████████| 7/7 00:01
Class     Images  Instances          P          R      mAP50   mAP50-95: 100%|██████████| 8/8 00:11
all       1000        641      0.758      0.396      0.438      0.252
Epoch    GPU_mem   box_loss   obj_loss   cls_loss  Instances       Size
97/99      13.9G    0.01878    0.00763    0.00169         36        640: 100%|██████████| 7/7 00:02
Class     Images  Instances          P          R      mAP50   mAP50-95: 100%|██████████| 8/8 00:15
all       1000        641      0.756      0.397      0.437      0.247
Epoch    GPU_mem   box_loss   obj_loss   cls_loss  Instances       Size
98/99      13.9G     0.0196   0.007698   0.002612         56        640: 100%|██████████| 7/7 00:05
Class     Images  Instances          P          R      mAP50   mAP50-95: 100%|██████████| 8/8 00:11
all       1000        641      0.748      0.399      0.434      0.246
Epoch    GPU_mem   box_loss   obj_loss   cls_loss  Instances       Size
99/99      13.9G    0.01854    0.00693   0.001165         36        640: 100%|██████████| 7/7 00:02
Class     Images  Instances          P          R      mAP50   mAP50-95: 100%|██████████| 8/8 00:15
all       1000        641      0.747        0.4      0.438       0.25
100 epochs completed in 0.591 hours.
Optimizer stripped from /home/lijinhe/work/YOLO_Retraining/runs/studies/balance_learning_curve_2batch_dedup_contrast/sequences/Balance_LC2B_ordered_tau096_mixed_release_drop_bg__seq-full-cold__stage0-stage7__yolov5s__s42/tasks/000__stage0__full-cold/backend/yolov5/train/weights/last.pt, 14.4MB
Optimizer stripped from /home/lijinhe/work/YOLO_Retraining/runs/studies/balance_learning_curve_2batch_dedup_contrast/sequences/Balance_LC2B_ordered_tau096_mixed_release_drop_bg__seq-full-cold__stage0-stage7__yolov5s__s42/tasks/000__stage0__full-cold/backend/yolov5/train/weights/best.pt, 14.4MB
Validating /home/lijinhe/work/YOLO_Retraining/runs/studies/balance_learning_curve_2batch_dedup_contrast/sequences/Balance_LC2B_ordered_tau096_mixed_release_drop_bg__seq-full-cold__stage0-stage7__yolov5s__s42/tasks/000__stage0__full-cold/backend/yolov5/train/weights/best.pt...
Fusing layers...
Model summary: 157 layers, 7020913 parameters, 0 gradients, 15.8 GFLOPs
Class     Images  Instances          P          R      mAP50   mAP50-95: 100%|██████████| 8/8 00:31
all       1000        641      0.729      0.406      0.457      0.255
large luggage       1000        410      0.659      0.312       0.38       0.15
stroller       1000        169      0.562      0.631      0.612      0.298
wheelchair       1000         53      0.693      0.683      0.666      0.442
flatbed truck       1000          9          1          0      0.172      0.129
Results saved to /home/lijinhe/work/YOLO_Retraining/runs/studies/balance_learning_curve_2batch_dedup_contrast/sequences/Balance_LC2B_ordered_tau096_mixed_release_drop_bg__seq-full-cold__stage0-stage7__yolov5s__s42/tasks/000__stage0__full-cold/backend/yolov5/train
terminate called without an active exception
[YOLOv5] compacted progress updates: 2656 -> 203 lines
[YOLOv5] coalesced warning: incomplete JPEG accepted read-only; count=1390; by_source=train=392, val=998
[YOLOv5] warning example: train: WARNING ⚠️ /home/lijinhe/work/YOLO_Retraining/data/self_improving/images/0720_1/00026_1780988026413145_0.jpg: incomplete JPEG accepted read-only
[YOLOv5] warning example: train: WARNING ⚠️ /home/lijinhe/work/YOLO_Retraining/data/self_improving/images/0720_1/00029_1780988037801366_0.jpg: incomplete JPEG accepted read-only
[YOLOv5] warning example: train: WARNING ⚠️ /home/lijinhe/work/YOLO_Retraining/data/self_improving/images/0720_1/00032_1780988047890368_0.jpg: incomplete JPEG accepted read-only
