train: weights=/home/lijinhe/work/YOLO_Retraining/.third_party/yolov5/yolov5s.pt, cfg=, data=/home/lijinhe/work/YOLO_Retraining/runs/studies/0907_stroller_window10_learning_curve/experiment/sequence/StrollerWindow10Tau099_SplitS43__seq-full-cold__stage0-stage7__yolov5s__s42/tasks/006__stage6__full-cold/data/backend_data.yaml, hyp=data/hyps/hyp.scratch-low.yaml, epochs=100, batch_size=64, imgsz=640, rect=False, resume=False, nosave=False, noval=False, noautoanchor=False, noplots=True, evolve=None, bucket=, cache=None, image_weights=False, device=0, multi_scale=False, single_cls=False, optimizer=SGD, sync_bn=False, workers=16, project=/home/lijinhe/work/YOLO_Retraining/runs/studies/0907_stroller_window10_learning_curve/experiment/sequence/StrollerWindow10Tau099_SplitS43__seq-full-cold__stage0-stage7__yolov5s__s42/tasks/006__stage6__full-cold/backend/yolov5, name=train, exist_ok=True, quad=False, cos_lr=False, label_smoothing=0.0, patience=100, freeze=[0], save_period=-1, seed=48, local_rank=-1, entity=None, upload_dataset=False, bbox_interval=-1, artifact_alias=latest
github: skipping check (offline), for updates see https://github.com/ultralytics/yolov5
YOLOv5 🚀 v7.0-0-g915bbf29 Python-3.10.20 torch-2.2.2+cu121 CUDA:0 (NVIDIA H100 PCIe, 81090MiB)
hyperparameters: lr0=0.01, lrf=0.01, momentum=0.937, weight_decay=0.0005, warmup_epochs=3.0, warmup_momentum=0.8, warmup_bias_lr=0.1, box=0.05, cls=0.5, cls_pw=1.0, obj=1.0, obj_pw=1.0, iou_t=0.2, anchor_t=4.0, fl_gamma=0.0, hsv_h=0.015, hsv_s=0.7, hsv_v=0.4, degrees=0.0, translate=0.1, scale=0.5, shear=0.0, perspective=0.0, flipud=0.0, fliplr=0.5, mosaic=1.0, mixup=0.0, copy_paste=0.0
ClearML: run 'pip install clearml' to automatically track, visualize and remotely train YOLOv5 🚀 in ClearML
Comet: run 'pip install comet_ml' to automatically track and visualize YOLOv5 🚀 runs in Comet
TensorBoard: Start with 'tensorboard --logdir /home/lijinhe/work/YOLO_Retraining/runs/studies/0907_stroller_window10_learning_curve/experiment/sequence/StrollerWindow10Tau099_SplitS43__seq-full-cold__stage0-stage7__yolov5s__s42/tasks/006__stage6__full-cold/backend/yolov5', view at http://localhost:6006/
Overriding model.yaml nc=80 with nc=4
from  n    params  module                                  arguments
0                -1  1      3520  models.common.Conv                      [3, 32, 6, 2, 2]
1                -1  1     18560  models.common.Conv                      [32, 64, 3, 2]
2                -1  1     18816  models.common.C3                        [64, 64, 1]
3                -1  1     73984  models.common.Conv                      [64, 128, 3, 2]
4                -1  2    115712  models.common.C3                        [128, 128, 2]
5                -1  1    295424  models.common.Conv                      [128, 256, 3, 2]
6                -1  3    625152  models.common.C3                        [256, 256, 3]
7                -1  1   1180672  models.common.Conv                      [256, 512, 3, 2]
8                -1  1   1182720  models.common.C3                        [512, 512, 1]
9                -1  1    656896  models.common.SPPF                      [512, 512, 5]
10                -1  1    131584  models.common.Conv                      [512, 256, 1, 1]
11                -1  1         0  torch.nn.modules.upsampling.Upsample    [None, 2, 'nearest']
12           [-1, 6]  1         0  models.common.Concat                    [1]
13                -1  1    361984  models.common.C3                        [512, 256, 1, False]
14                -1  1     33024  models.common.Conv                      [256, 128, 1, 1]
15                -1  1         0  torch.nn.modules.upsampling.Upsample    [None, 2, 'nearest']
16           [-1, 4]  1         0  models.common.Concat                    [1]
17                -1  1     90880  models.common.C3                        [256, 128, 1, False]
18                -1  1    147712  models.common.Conv                      [128, 128, 3, 2]
19          [-1, 14]  1         0  models.common.Concat                    [1]
20                -1  1    296448  models.common.C3                        [256, 256, 1, False]
21                -1  1    590336  models.common.Conv                      [256, 256, 3, 2]
22          [-1, 10]  1         0  models.common.Concat                    [1]
23                -1  1   1182720  models.common.C3                        [512, 512, 1, False]
24      [17, 20, 23]  1     24273  models.yolo.Detect                      [4, [[10, 13, 16, 30, 33, 23], [30, 61, 62, 45, 59, 119], [116, 90, 156, 198, 373, 326]], [128, 256, 512]]
Model summary: 214 layers, 7030417 parameters, 7030417 gradients, 16.0 GFLOPs
Transferred 343/349 items from /home/lijinhe/work/YOLO_Retraining/.third_party/yolov5/yolov5s.pt
AMP: checks passed ✅
optimizer: SGD(lr=0.01) with parameter groups 57 weight(decay=0.0), 60 weight(decay=0.0005), 60 bias
train: Scanning /home/lijinhe/work/YOLO_Retraining/runs/studies/0907_stroller_window10_learning_curve/experiment/sequence/StrollerWindow10Tau099_SplitS43__seq-full-cold__stage0-stage7__yolov5s__s42/tasks/006__stage6__full-cold/data/backend_train_images... 561 images, 0 backgrounds, 0 corrupt: 100%|██████████| 561/561 00:05
train: New cache created: /home/lijinhe/work/YOLO_Retraining/runs/studies/0907_stroller_window10_learning_curve/experiment/sequence/StrollerWindow10Tau099_SplitS43__seq-full-cold__stage0-stage7__yolov5s__s42/tasks/006__stage6__full-cold/data/backend_train_images.cache
val: Scanning /home/lijinhe/work/YOLO_Retraining/runs/studies/0907_stroller_window10_learning_curve/experiment/sequence/StrollerWindow10Tau099_SplitS43__seq-full-cold__stage0-stage7__yolov5s__s42/tasks/006__stage6__full-cold/data/backend_validation_images... 80 images, 0 backgrounds, 0 corrupt: 100%|██████████| 80/80 00:04
val: New cache created: /home/lijinhe/work/YOLO_Retraining/runs/studies/0907_stroller_window10_learning_curve/experiment/sequence/StrollerWindow10Tau099_SplitS43__seq-full-cold__stage0-stage7__yolov5s__s42/tasks/006__stage6__full-cold/data/backend_validation_images.cache
AutoAnchor: 6.18 anchors/target, 1.000 Best Possible Recall (BPR). Current anchors are a good fit to dataset ✅
Image sizes 640 train, 640 val
Using 16 dataloader workers
Logging results to /home/lijinhe/work/YOLO_Retraining/runs/studies/0907_stroller_window10_learning_curve/experiment/sequence/StrollerWindow10Tau099_SplitS43__seq-full-cold__stage0-stage7__yolov5s__s42/tasks/006__stage6__full-cold/backend/yolov5/train
Starting training for 100 epochs...
Epoch    GPU_mem   box_loss   obj_loss   cls_loss  Instances       Size
0/99      13.9G     0.1167    0.02891    0.04278         97        640: 100%|██████████| 9/9 00:07
Class     Images  Instances          P          R      mAP50   mAP50-95: 100%|██████████| 1/1 00:05
all         80         82    0.00232      0.317    0.00293   0.000787
Epoch    GPU_mem   box_loss   obj_loss   cls_loss  Instances       Size
1/99      13.9G    0.09789    0.02576    0.02348         95        640: 100%|██████████| 9/9 00:01
Class     Images  Instances          P          R      mAP50   mAP50-95: 100%|██████████| 1/1 00:00
all         80         82    0.00299      0.793    0.00689    0.00179
Epoch    GPU_mem   box_loss   obj_loss   cls_loss  Instances       Size
2/99      13.9G    0.08538    0.02429    0.00956        102        640: 100%|██████████| 9/9 00:01
Class     Images  Instances          P          R      mAP50   mAP50-95: 100%|██████████| 1/1 00:00
all         80         82     0.0381       0.61     0.0498     0.0138
Epoch    GPU_mem   box_loss   obj_loss   cls_loss  Instances       Size
3/99      13.9G    0.07892    0.02367   0.004973         94        640: 100%|██████████| 9/9 00:01
Class     Images  Instances          P          R      mAP50   mAP50-95: 100%|██████████| 1/1 00:00
all         80         82      0.361        0.5      0.354     0.0989
Epoch    GPU_mem   box_loss   obj_loss   cls_loss  Instances       Size
4/99      13.9G    0.07515    0.02167   0.003532         91        640: 100%|██████████| 9/9 00:01
Class     Images  Instances          P          R      mAP50   mAP50-95: 100%|██████████| 1/1 00:00
all         80         82      0.361      0.427      0.276     0.0624
Epoch    GPU_mem   box_loss   obj_loss   cls_loss  Instances       Size
5/99      13.9G    0.07387    0.02013   0.003141         89        640: 100%|██████████| 9/9 00:01
Class     Images  Instances          P          R      mAP50   mAP50-95: 100%|██████████| 1/1 00:00
all         80         82      0.338      0.439      0.324      0.109
Epoch    GPU_mem   box_loss   obj_loss   cls_loss  Instances       Size
6/99      13.9G    0.07209    0.01865   0.002988         90        640: 100%|██████████| 9/9 00:01
Class     Images  Instances          P          R      mAP50   mAP50-95: 100%|██████████| 1/1 00:00
all         80         82      0.129      0.244     0.0986     0.0299
Epoch    GPU_mem   box_loss   obj_loss   cls_loss  Instances       Size
7/99      13.9G    0.06837     0.0187   0.003211         93        640: 100%|██████████| 9/9 00:01
Class     Images  Instances          P          R      mAP50   mAP50-95: 100%|██████████| 1/1 00:00
all         80         82      0.404      0.512      0.371      0.138
Epoch    GPU_mem   box_loss   obj_loss   cls_loss  Instances       Size
8/99      13.9G    0.06808    0.01777   0.003269         95        640: 100%|██████████| 9/9 00:02
Class     Images  Instances          P          R      mAP50   mAP50-95: 100%|██████████| 1/1 00:00
all         80         82      0.473      0.549      0.534      0.207
Epoch    GPU_mem   box_loss   obj_loss   cls_loss  Instances       Size
9/99      13.9G    0.06498    0.01623   0.003394        106        640: 100%|██████████| 9/9 00:01
Class     Images  Instances          P          R      mAP50   mAP50-95: 100%|██████████| 1/1 00:00
all         80         82      0.477      0.623      0.506      0.225
Epoch    GPU_mem   box_loss   obj_loss   cls_loss  Instances       Size
10/99      13.9G    0.06224    0.01554   0.003189         95        640: 100%|██████████| 9/9 00:04
Class     Images  Instances          P          R      mAP50   mAP50-95: 100%|██████████| 1/1 00:00
all         80         82      0.253      0.479      0.277     0.0947
Epoch    GPU_mem   box_loss   obj_loss   cls_loss  Instances       Size
11/99      13.9G    0.06074    0.01387    0.00297         93        640: 100%|██████████| 9/9 00:01
Class     Images  Instances          P          R      mAP50   mAP50-95: 100%|██████████| 1/1 00:00
all         80         82      0.604      0.634      0.621      0.284
Epoch    GPU_mem   box_loss   obj_loss   cls_loss  Instances       Size
12/99      13.9G    0.05611    0.01397   0.002892         97        640: 100%|██████████| 9/9 00:07
Class     Images  Instances          P          R      mAP50   mAP50-95: 100%|██████████| 1/1 00:00
all         80         82      0.631      0.709      0.597      0.222
Epoch    GPU_mem   box_loss   obj_loss   cls_loss  Instances       Size
13/99      13.9G    0.05376    0.01323   0.002509        114        640: 100%|██████████| 9/9 00:01
Class     Images  Instances          P          R      mAP50   mAP50-95: 100%|██████████| 1/1 00:00
all         80         82      0.784      0.756      0.745      0.309
Epoch    GPU_mem   box_loss   obj_loss   cls_loss  Instances       Size
14/99      13.9G    0.05004    0.01236   0.002348         95        640: 100%|██████████| 9/9 00:07
Class     Images  Instances          P          R      mAP50   mAP50-95: 100%|██████████| 1/1 00:00
all         80         82      0.486       0.72      0.507      0.223
Epoch    GPU_mem   box_loss   obj_loss   cls_loss  Instances       Size
15/99      13.9G     0.0499    0.01228   0.002246         97        640: 100%|██████████| 9/9 00:02
Class     Images  Instances          P          R      mAP50   mAP50-95: 100%|██████████| 1/1 00:00
all         80         82      0.747       0.78      0.742      0.309
Epoch    GPU_mem   box_loss   obj_loss   cls_loss  Instances       Size
16/99      13.9G    0.04633    0.01167   0.002051         85        640: 100%|██████████| 9/9 00:02
Class     Images  Instances          P          R      mAP50   mAP50-95: 100%|██████████| 1/1 00:00
all         80         82      0.714      0.768      0.657      0.242
Epoch    GPU_mem   box_loss   obj_loss   cls_loss  Instances       Size
17/99      13.9G    0.04562    0.01118   0.001871         85        640: 100%|██████████| 9/9 00:02
Class     Images  Instances          P          R      mAP50   mAP50-95: 100%|██████████| 1/1 00:00
all         80         82      0.863      0.683      0.774      0.358
Epoch    GPU_mem   box_loss   obj_loss   cls_loss  Instances       Size
18/99      13.9G    0.04546    0.01133   0.001922         97        640: 100%|██████████| 9/9 00:01
Class     Images  Instances          P          R      mAP50   mAP50-95: 100%|██████████| 1/1 00:00
all         80         82      0.765      0.683      0.726      0.286
Epoch    GPU_mem   box_loss   obj_loss   cls_loss  Instances       Size
19/99      13.9G    0.04358    0.01106   0.001791        101        640: 100%|██████████| 9/9 00:01
Class     Images  Instances          P          R      mAP50   mAP50-95: 100%|██████████| 1/1 00:00
all         80         82      0.841      0.829      0.826       0.39
Epoch    GPU_mem   box_loss   obj_loss   cls_loss  Instances       Size
20/99      13.9G    0.04271    0.01066   0.001706         87        640: 100%|██████████| 9/9 00:01
Class     Images  Instances          P          R      mAP50   mAP50-95: 100%|██████████| 1/1 00:00
all         80         82       0.79      0.781      0.787      0.357
Epoch    GPU_mem   box_loss   obj_loss   cls_loss  Instances       Size
21/99      13.9G    0.04094    0.01082   0.001704         93        640: 100%|██████████| 9/9 00:02
Class     Images  Instances          P          R      mAP50   mAP50-95: 100%|██████████| 1/1 00:00
all         80         82      0.772      0.841      0.826      0.414
Epoch    GPU_mem   box_loss   obj_loss   cls_loss  Instances       Size
22/99      13.9G     0.0406    0.01054    0.00158         85        640: 100%|██████████| 9/9 00:01
Class     Images  Instances          P          R      mAP50   mAP50-95: 100%|██████████| 1/1 00:00
all         80         82      0.851       0.78      0.821      0.356
Epoch    GPU_mem   box_loss   obj_loss   cls_loss  Instances       Size
23/99      13.9G    0.03949    0.01001   0.001533         96        640: 100%|██████████| 9/9 00:02
Class     Images  Instances          P          R      mAP50   mAP50-95: 100%|██████████| 1/1 00:00
all         80         82      0.811      0.785      0.804      0.398
Epoch    GPU_mem   box_loss   obj_loss   cls_loss  Instances       Size
24/99      13.9G    0.03903   0.009898   0.001434         81        640: 100%|██████████| 9/9 00:02
Class     Images  Instances          P          R      mAP50   mAP50-95: 100%|██████████| 1/1 00:00
all         80         82      0.863       0.72      0.823      0.421
Epoch    GPU_mem   box_loss   obj_loss   cls_loss  Instances       Size
25/99      13.9G    0.03911    0.01058   0.001417        112        640: 100%|██████████| 9/9 00:01
Class     Images  Instances          P          R      mAP50   mAP50-95: 100%|██████████| 1/1 00:00
all         80         82      0.812      0.817      0.867      0.466
Epoch    GPU_mem   box_loss   obj_loss   cls_loss  Instances       Size
26/99      13.9G    0.03838    0.01023   0.001363         90        640: 100%|██████████| 9/9 00:02
Class     Images  Instances          P          R      mAP50   mAP50-95: 100%|██████████| 1/1 00:00
all         80         82      0.878      0.793      0.874       0.41
Epoch    GPU_mem   box_loss   obj_loss   cls_loss  Instances       Size
27/99      13.9G    0.03684    0.00995   0.001347         93        640: 100%|██████████| 9/9 00:01
Class     Images  Instances          P          R      mAP50   mAP50-95: 100%|██████████| 1/1 00:00
all         80         82      0.902      0.783      0.826      0.425
Epoch    GPU_mem   box_loss   obj_loss   cls_loss  Instances       Size
28/99      13.9G    0.03706   0.009744   0.001253         88        640: 100%|██████████| 9/9 00:01
Class     Images  Instances          P          R      mAP50   mAP50-95: 100%|██████████| 1/1 00:00
all         80         82      0.803      0.745      0.797      0.365
Epoch    GPU_mem   box_loss   obj_loss   cls_loss  Instances       Size
29/99      13.9G    0.03677   0.009646   0.001242        100        640: 100%|██████████| 9/9 00:01
Class     Images  Instances          P          R      mAP50   mAP50-95: 100%|██████████| 1/1 00:00
all         80         82      0.887      0.766       0.82      0.414
Epoch    GPU_mem   box_loss   obj_loss   cls_loss  Instances       Size
30/99      13.9G    0.03614     0.0103    0.00118        116        640: 100%|██████████| 9/9 00:02
Class     Images  Instances          P          R      mAP50   mAP50-95: 100%|██████████| 1/1 00:00
all         80         82      0.838      0.744      0.819      0.393
Epoch    GPU_mem   box_loss   obj_loss   cls_loss  Instances       Size
31/99      13.9G    0.03463    0.01018   0.001203        115        640: 100%|██████████| 9/9 00:01
Class     Images  Instances          P          R      mAP50   mAP50-95: 100%|██████████| 1/1 00:00
all         80         82      0.891        0.8      0.856      0.438
Epoch    GPU_mem   box_loss   obj_loss   cls_loss  Instances       Size
32/99      13.9G    0.03474   0.009322   0.001126         89        640: 100%|██████████| 9/9 00:02
Class     Images  Instances          P          R      mAP50   mAP50-95: 100%|██████████| 1/1 00:00
all         80         82      0.856       0.78      0.848      0.454
Epoch    GPU_mem   box_loss   obj_loss   cls_loss  Instances       Size
33/99      13.9G    0.03435   0.009411   0.001157         93        640: 100%|██████████| 9/9 00:02
Class     Images  Instances          P          R      mAP50   mAP50-95: 100%|██████████| 1/1 00:00
all         80         82      0.812      0.866      0.871      0.468
Epoch    GPU_mem   box_loss   obj_loss   cls_loss  Instances       Size
34/99      13.9G    0.03337    0.00955   0.001074         88        640: 100%|██████████| 9/9 00:01
Class     Images  Instances          P          R      mAP50   mAP50-95: 100%|██████████| 1/1 00:00
all         80         82      0.854      0.859      0.892      0.483
Epoch    GPU_mem   box_loss   obj_loss   cls_loss  Instances       Size
35/99      13.9G     0.0338   0.009445   0.001041         95        640: 100%|██████████| 9/9 00:01
Class     Images  Instances          P          R      mAP50   mAP50-95: 100%|██████████| 1/1 00:00
all         80         82      0.853      0.776       0.85      0.403
Epoch    GPU_mem   box_loss   obj_loss   cls_loss  Instances       Size
36/99      13.9G    0.03317   0.008977  0.0009836         98        640: 100%|██████████| 9/9 00:01
Class     Images  Instances          P          R      mAP50   mAP50-95: 100%|██████████| 1/1 00:00
all         80         82      0.867      0.793      0.867      0.454
Epoch    GPU_mem   box_loss   obj_loss   cls_loss  Instances       Size
37/99      13.9G    0.03315    0.00903   0.001041         89        640: 100%|██████████| 9/9 00:01
Class     Images  Instances          P          R      mAP50   mAP50-95: 100%|██████████| 1/1 00:00
all         80         82      0.747      0.841      0.799      0.415
Epoch    GPU_mem   box_loss   obj_loss   cls_loss  Instances       Size
38/99      13.9G    0.03224   0.009121   0.001046         82        640: 100%|██████████| 9/9 00:01
Class     Images  Instances          P          R      mAP50   mAP50-95: 100%|██████████| 1/1 00:00
all         80         82      0.842       0.78       0.83      0.411
Epoch    GPU_mem   box_loss   obj_loss   cls_loss  Instances       Size
39/99      13.9G    0.03116   0.008907  0.0009854         85        640: 100%|██████████| 9/9 00:01
Class     Images  Instances          P          R      mAP50   mAP50-95: 100%|██████████| 1/1 00:00
all         80         82      0.922      0.768      0.854      0.451
Epoch    GPU_mem   box_loss   obj_loss   cls_loss  Instances       Size
40/99      13.9G    0.03032   0.008563  0.0009374        105        640: 100%|██████████| 9/9 00:01
Class     Images  Instances          P          R      mAP50   mAP50-95: 100%|██████████| 1/1 00:00
all         80         82       0.88      0.805      0.831      0.398
Epoch    GPU_mem   box_loss   obj_loss   cls_loss  Instances       Size
41/99      13.9G    0.03053   0.008546  0.0008706         89        640: 100%|██████████| 9/9 00:02
Class     Images  Instances          P          R      mAP50   mAP50-95: 100%|██████████| 1/1 00:00
all         80         82      0.836      0.817       0.85      0.441
Epoch    GPU_mem   box_loss   obj_loss   cls_loss  Instances       Size
42/99      13.9G    0.03121    0.00871  0.0009034         93        640: 100%|██████████| 9/9 00:01
Class     Images  Instances          P          R      mAP50   mAP50-95: 100%|██████████| 1/1 00:00
all         80         82      0.984       0.73       0.89      0.487
Epoch    GPU_mem   box_loss   obj_loss   cls_loss  Instances       Size
43/99      13.9G    0.03005   0.008497  0.0009216         94        640: 100%|██████████| 9/9 00:01
Class     Images  Instances          P          R      mAP50   mAP50-95: 100%|██████████| 1/1 00:00
all         80         82      0.916      0.803      0.889      0.487
Epoch    GPU_mem   box_loss   obj_loss   cls_loss  Instances       Size
44/99      13.9G     0.0294   0.008248  0.0008482         96        640: 100%|██████████| 9/9 00:01
Class     Images  Instances          P          R      mAP50   mAP50-95: 100%|██████████| 1/1 00:00
all         80         82      0.871      0.822      0.872      0.454
Epoch    GPU_mem   box_loss   obj_loss   cls_loss  Instances       Size
45/99      13.9G    0.02937   0.009096  0.0008552        108        640: 100%|██████████| 9/9 00:01
Class     Images  Instances          P          R      mAP50   mAP50-95: 100%|██████████| 1/1 00:00
all         80         82      0.926      0.758      0.874      0.501
Epoch    GPU_mem   box_loss   obj_loss   cls_loss  Instances       Size
46/99      13.9G     0.0285   0.008586  0.0008351         78        640: 100%|██████████| 9/9 00:01
Class     Images  Instances          P          R      mAP50   mAP50-95: 100%|██████████| 1/1 00:00
all         80         82      0.939      0.753      0.888      0.488
Epoch    GPU_mem   box_loss   obj_loss   cls_loss  Instances       Size
47/99      13.9G    0.02849   0.008769  0.0007947        103        640: 100%|██████████| 9/9 00:02
Class     Images  Instances          P          R      mAP50   mAP50-95: 100%|██████████| 1/1 00:00
all         80         82      0.913      0.767      0.863      0.451
Epoch    GPU_mem   box_loss   obj_loss   cls_loss  Instances       Size
48/99      13.9G    0.02886   0.008292  0.0007921         79        640: 100%|██████████| 9/9 00:02
Class     Images  Instances          P          R      mAP50   mAP50-95: 100%|██████████| 1/1 00:00
all         80         82      0.842       0.78      0.854      0.405
Epoch    GPU_mem   box_loss   obj_loss   cls_loss  Instances       Size
49/99      13.9G    0.02776   0.008587  0.0007649         97        640: 100%|██████████| 9/9 00:02
Class     Images  Instances          P          R      mAP50   mAP50-95: 100%|██████████| 1/1 00:00
all         80         82      0.838      0.768      0.846      0.401
Epoch    GPU_mem   box_loss   obj_loss   cls_loss  Instances       Size
50/99      13.9G      0.028   0.008411  0.0007407         90        640: 100%|██████████| 9/9 00:02
Class     Images  Instances          P          R      mAP50   mAP50-95: 100%|██████████| 1/1 00:00
all         80         82      0.944      0.744      0.879       0.46
Epoch    GPU_mem   box_loss   obj_loss   cls_loss  Instances       Size
51/99      13.9G    0.02733   0.008477  0.0007397         89        640: 100%|██████████| 9/9 00:01
Class     Images  Instances          P          R      mAP50   mAP50-95: 100%|██████████| 1/1 00:00
all         80         82      0.884      0.793      0.884      0.436
Epoch    GPU_mem   box_loss   obj_loss   cls_loss  Instances       Size
52/99      13.9G    0.02716   0.008313  0.0007049         91        640: 100%|██████████| 9/9 00:01
Class     Images  Instances          P          R      mAP50   mAP50-95: 100%|██████████| 1/1 00:00
all         80         82       0.91      0.817      0.904      0.447
Epoch    GPU_mem   box_loss   obj_loss   cls_loss  Instances       Size
53/99      13.9G    0.02657   0.007767  0.0006811         95        640: 100%|██████████| 9/9 00:01
Class     Images  Instances          P          R      mAP50   mAP50-95: 100%|██████████| 1/1 00:00
all         80         82      0.883      0.829      0.889      0.468
Epoch    GPU_mem   box_loss   obj_loss   cls_loss  Instances       Size
54/99      13.9G    0.02637    0.00795  0.0006743         90        640: 100%|██████████| 9/9 00:01
Class     Images  Instances          P          R      mAP50   mAP50-95: 100%|██████████| 1/1 00:00
all         80         82      0.944      0.816      0.892       0.46
Epoch    GPU_mem   box_loss   obj_loss   cls_loss  Instances       Size
55/99      13.9G    0.02635   0.007576  0.0006822         91        640: 100%|██████████| 9/9 00:01
Class     Images  Instances          P          R      mAP50   mAP50-95: 100%|██████████| 1/1 00:00
all         80         82      0.835      0.829      0.864       0.48
Epoch    GPU_mem   box_loss   obj_loss   cls_loss  Instances       Size
56/99      13.9G    0.02507   0.007452  0.0006752         90        640: 100%|██████████| 9/9 00:01
Class     Images  Instances          P          R      mAP50   mAP50-95: 100%|██████████| 1/1 00:00
all         80         82      0.884      0.839      0.866      0.445
Epoch    GPU_mem   box_loss   obj_loss   cls_loss  Instances       Size
57/99      13.9G    0.02507   0.007941  0.0006415         93        640: 100%|██████████| 9/9 00:01
Class     Images  Instances          P          R      mAP50   mAP50-95: 100%|██████████| 1/1 00:00
all         80         82      0.854      0.878      0.896      0.466
Epoch    GPU_mem   box_loss   obj_loss   cls_loss  Instances       Size
58/99      13.9G     0.0255   0.007834  0.0006417         85        640: 100%|██████████| 9/9 00:01
Class     Images  Instances          P          R      mAP50   mAP50-95: 100%|██████████| 1/1 00:00
all         80         82      0.905      0.816      0.883      0.462
Epoch    GPU_mem   box_loss   obj_loss   cls_loss  Instances       Size
59/99      13.9G    0.02482   0.007796  0.0006304         87        640: 100%|██████████| 9/9 00:01
Class     Images  Instances          P          R      mAP50   mAP50-95: 100%|██████████| 1/1 00:00
all         80         82      0.898      0.859      0.898      0.498
Epoch    GPU_mem   box_loss   obj_loss   cls_loss  Instances       Size
60/99      13.9G    0.02437   0.007914  0.0006083        107        640: 100%|██████████| 9/9 00:01
Class     Images  Instances          P          R      mAP50   mAP50-95: 100%|██████████| 1/1 00:00
all         80         82      0.909      0.829      0.902      0.469
Epoch    GPU_mem   box_loss   obj_loss   cls_loss  Instances       Size
61/99      13.9G    0.02402   0.007663  0.0005856         98        640: 100%|██████████| 9/9 00:01
Class     Images  Instances          P          R      mAP50   mAP50-95: 100%|██████████| 1/1 00:00
all         80         82       0.93      0.813      0.896      0.467
Epoch    GPU_mem   box_loss   obj_loss   cls_loss  Instances       Size
62/99      13.9G    0.02378   0.007442  0.0005637         87        640: 100%|██████████| 9/9 00:01
Class     Images  Instances          P          R      mAP50   mAP50-95: 100%|██████████| 1/1 00:00
all         80         82      0.917       0.81      0.862      0.449
Epoch    GPU_mem   box_loss   obj_loss   cls_loss  Instances       Size
63/99      13.9G    0.02368   0.007544  0.0005699        101        640: 100%|██████████| 9/9 00:01
Class     Images  Instances          P          R      mAP50   mAP50-95: 100%|██████████| 1/1 00:00
all         80         82      0.921      0.851      0.885      0.457
Epoch    GPU_mem   box_loss   obj_loss   cls_loss  Instances       Size
64/99      13.9G    0.02373   0.007654  0.0005783        100        640: 100%|██████████| 9/9 00:01
Class     Images  Instances          P          R      mAP50   mAP50-95: 100%|██████████| 1/1 00:00
all         80         82      0.921      0.854      0.901      0.487
Epoch    GPU_mem   box_loss   obj_loss   cls_loss  Instances       Size
65/99      13.9G    0.02328   0.007441  0.0005535        102        640: 100%|██████████| 9/9 00:02
Class     Images  Instances          P          R      mAP50   mAP50-95: 100%|██████████| 1/1 00:00
all         80         82      0.906      0.821      0.894      0.477
Epoch    GPU_mem   box_loss   obj_loss   cls_loss  Instances       Size
66/99      13.9G     0.0232   0.007652    0.00053        113        640: 100%|██████████| 9/9 00:02
Class     Images  Instances          P          R      mAP50   mAP50-95: 100%|██████████| 1/1 00:00
all         80         82       0.92      0.854      0.908      0.489
Epoch    GPU_mem   box_loss   obj_loss   cls_loss  Instances       Size
67/99      13.9G    0.02241   0.007314  0.0004959         91        640: 100%|██████████| 9/9 00:01
Class     Images  Instances          P          R      mAP50   mAP50-95: 100%|██████████| 1/1 00:00
all         80         82      0.907      0.866      0.909      0.508
Epoch    GPU_mem   box_loss   obj_loss   cls_loss  Instances       Size
68/99      13.9G    0.02259   0.007474  0.0004985         95        640: 100%|██████████| 9/9 00:01
Class     Images  Instances          P          R      mAP50   mAP50-95: 100%|██████████| 1/1 00:00
all         80         82      0.913      0.841      0.903      0.475
Epoch    GPU_mem   box_loss   obj_loss   cls_loss  Instances       Size
69/99      13.9G    0.02208   0.007176   0.000483         83        640: 100%|██████████| 9/9 00:01
Class     Images  Instances          P          R      mAP50   mAP50-95: 100%|██████████| 1/1 00:00
all         80         82      0.898      0.866      0.893       0.48
Epoch    GPU_mem   box_loss   obj_loss   cls_loss  Instances       Size
70/99      13.9G    0.02243   0.007251  0.0004894         88        640: 100%|██████████| 9/9 00:01
Class     Images  Instances          P          R      mAP50   mAP50-95: 100%|██████████| 1/1 00:00
all         80         82      0.915      0.817      0.905      0.483
Epoch    GPU_mem   box_loss   obj_loss   cls_loss  Instances       Size
71/99      13.9G    0.02205   0.006999  0.0004731         80        640: 100%|██████████| 9/9 00:01
Class     Images  Instances          P          R      mAP50   mAP50-95: 100%|██████████| 1/1 00:00
all         80         82      0.904      0.841      0.913      0.492
Epoch    GPU_mem   box_loss   obj_loss   cls_loss  Instances       Size
72/99      13.9G    0.02128   0.006771  0.0004551         80        640: 100%|██████████| 9/9 00:01
Class     Images  Instances          P          R      mAP50   mAP50-95: 100%|██████████| 1/1 00:00
all         80         82      0.909      0.841      0.915      0.513
Epoch    GPU_mem   box_loss   obj_loss   cls_loss  Instances       Size
73/99      13.9G    0.02136   0.007173  0.0004378         92        640: 100%|██████████| 9/9 00:02
Class     Images  Instances          P          R      mAP50   mAP50-95: 100%|██████████| 1/1 00:00
all         80         82      0.918      0.824      0.915      0.505
Epoch    GPU_mem   box_loss   obj_loss   cls_loss  Instances       Size
74/99      13.9G    0.02119   0.007101  0.0004292        103        640: 100%|██████████| 9/9 00:03
Class     Images  Instances          P          R      mAP50   mAP50-95: 100%|██████████| 1/1 00:00
all         80         82       0.93      0.816      0.897      0.493
Epoch    GPU_mem   box_loss   obj_loss   cls_loss  Instances       Size
75/99      13.9G    0.02051    0.00704  0.0004087         89        640: 100%|██████████| 9/9 00:01
Class     Images  Instances          P          R      mAP50   mAP50-95: 100%|██████████| 1/1 00:00
all         80         82      0.918      0.805      0.892      0.492
Epoch    GPU_mem   box_loss   obj_loss   cls_loss  Instances       Size
76/99      13.9G    0.02061   0.006982  0.0004057         85        640: 100%|██████████| 9/9 00:03
Class     Images  Instances          P          R      mAP50   mAP50-95: 100%|██████████| 1/1 00:00
all         80         82      0.914      0.817      0.883      0.492
Epoch    GPU_mem   box_loss   obj_loss   cls_loss  Instances       Size
77/99      13.9G    0.01973   0.006474  0.0003978         89        640: 100%|██████████| 9/9 00:01
Class     Images  Instances          P          R      mAP50   mAP50-95: 100%|██████████| 1/1 00:00
all         80         82      0.908      0.838      0.886      0.486
Epoch    GPU_mem   box_loss   obj_loss   cls_loss  Instances       Size
78/99      13.9G    0.02027   0.006883   0.000389         95        640: 100%|██████████| 9/9 00:03
Class     Images  Instances          P          R      mAP50   mAP50-95: 100%|██████████| 1/1 00:00
all         80         82      0.912      0.854      0.904      0.498
Epoch    GPU_mem   box_loss   obj_loss   cls_loss  Instances       Size
79/99      13.9G    0.01971   0.006881  0.0003797         86        640: 100%|██████████| 9/9 00:02
Class     Images  Instances          P          R      mAP50   mAP50-95: 100%|██████████| 1/1 00:00
all         80         82      0.922      0.862      0.905      0.513
Epoch    GPU_mem   box_loss   obj_loss   cls_loss  Instances       Size
80/99      13.9G    0.01973   0.006733  0.0003753         88        640: 100%|██████████| 9/9 00:02
Class     Images  Instances          P          R      mAP50   mAP50-95: 100%|██████████| 1/1 00:00
all         80         82      0.915      0.829      0.878      0.507
Epoch    GPU_mem   box_loss   obj_loss   cls_loss  Instances       Size
81/99      13.9G    0.01852   0.006477  0.0003675         96        640: 100%|██████████| 9/9 00:02
Class     Images  Instances          P          R      mAP50   mAP50-95: 100%|██████████| 1/1 00:00
all         80         82      0.941      0.817      0.889      0.501
Epoch    GPU_mem   box_loss   obj_loss   cls_loss  Instances       Size
82/99      13.9G    0.01877   0.006674  0.0003349        100        640: 100%|██████████| 9/9 00:01
Class     Images  Instances          P          R      mAP50   mAP50-95: 100%|██████████| 1/1 00:00
all         80         82      0.904      0.841      0.887      0.481
Epoch    GPU_mem   box_loss   obj_loss   cls_loss  Instances       Size
83/99      13.9G    0.01835   0.006561  0.0003295         79        640: 100%|██████████| 9/9 00:01
Class     Images  Instances          P          R      mAP50   mAP50-95: 100%|██████████| 1/1 00:00
all         80         82      0.864      0.855      0.885      0.492
Epoch    GPU_mem   box_loss   obj_loss   cls_loss  Instances       Size
84/99      13.9G    0.01873   0.006748  0.0003077         97        640: 100%|██████████| 9/9 00:01
Class     Images  Instances          P          R      mAP50   mAP50-95: 100%|██████████| 1/1 00:00
all         80         82      0.894      0.841      0.876      0.483
Epoch    GPU_mem   box_loss   obj_loss   cls_loss  Instances       Size
85/99      13.9G    0.01831    0.00669  0.0003115         97        640: 100%|██████████| 9/9 00:01
Class     Images  Instances          P          R      mAP50   mAP50-95: 100%|██████████| 1/1 00:00
all         80         82      0.905      0.817      0.879      0.478
Epoch    GPU_mem   box_loss   obj_loss   cls_loss  Instances       Size
86/99      13.9G    0.01819   0.006528   0.000297         84        640: 100%|██████████| 9/9 00:01
Class     Images  Instances          P          R      mAP50   mAP50-95: 100%|██████████| 1/1 00:00
all         80         82      0.941      0.779      0.883       0.49
Epoch    GPU_mem   box_loss   obj_loss   cls_loss  Instances       Size
87/99      13.9G     0.0178   0.006586  0.0002999         95        640: 100%|██████████| 9/9 00:02
Class     Images  Instances          P          R      mAP50   mAP50-95: 100%|██████████| 1/1 00:00
all         80         82      0.909      0.805      0.885      0.485
Epoch    GPU_mem   box_loss   obj_loss   cls_loss  Instances       Size
88/99      13.9G    0.01775   0.006359  0.0002861         85        640: 100%|██████████| 9/9 00:01
Class     Images  Instances          P          R      mAP50   mAP50-95: 100%|██████████| 1/1 00:00
all         80         82      0.906       0.82      0.862      0.489
Epoch    GPU_mem   box_loss   obj_loss   cls_loss  Instances       Size
89/99      13.9G    0.01753   0.006258  0.0002703         93        640: 100%|██████████| 9/9 00:02
Class     Images  Instances          P          R      mAP50   mAP50-95: 100%|██████████| 1/1 00:00
all         80         82      0.932      0.833      0.883      0.478
Epoch    GPU_mem   box_loss   obj_loss   cls_loss  Instances       Size
90/99      13.9G    0.01778    0.00645   0.000257         95        640: 100%|██████████| 9/9 00:02
Class     Images  Instances          P          R      mAP50   mAP50-95: 100%|██████████| 1/1 00:00
all         80         82      0.907      0.828      0.888      0.483
Epoch    GPU_mem   box_loss   obj_loss   cls_loss  Instances       Size
91/99      13.9G     0.0171   0.006193  0.0002571         95        640: 100%|██████████| 9/9 00:01
Class     Images  Instances          P          R      mAP50   mAP50-95: 100%|██████████| 1/1 00:00
all         80         82      0.921      0.817      0.892      0.489
Epoch    GPU_mem   box_loss   obj_loss   cls_loss  Instances       Size
92/99      13.9G    0.01658   0.005952  0.0002496         84        640: 100%|██████████| 9/9 00:03
Class     Images  Instances          P          R      mAP50   mAP50-95: 100%|██████████| 1/1 00:00
all         80         82      0.907      0.833      0.888       0.49
Epoch    GPU_mem   box_loss   obj_loss   cls_loss  Instances       Size
93/99      13.9G    0.01677   0.006313  0.0002445         91        640: 100%|██████████| 9/9 00:01
Class     Images  Instances          P          R      mAP50   mAP50-95: 100%|██████████| 1/1 00:00
all         80         82      0.906      0.829      0.899      0.493
Epoch    GPU_mem   box_loss   obj_loss   cls_loss  Instances       Size
94/99      13.9G    0.01687   0.006168  0.0002353         83        640: 100%|██████████| 9/9 00:03
Class     Images  Instances          P          R      mAP50   mAP50-95: 100%|██████████| 1/1 00:00
all         80         82      0.934      0.793      0.898      0.482
Epoch    GPU_mem   box_loss   obj_loss   cls_loss  Instances       Size
95/99      13.9G     0.0171    0.00648    0.00024         91        640: 100%|██████████| 9/9 00:02
Class     Images  Instances          P          R      mAP50   mAP50-95: 100%|██████████| 1/1 00:00
all         80         82       0.91      0.817      0.898       0.49
Epoch    GPU_mem   box_loss   obj_loss   cls_loss  Instances       Size
96/99      13.9G    0.01675   0.006246  0.0002315        104        640: 100%|██████████| 9/9 00:01
Class     Images  Instances          P          R      mAP50   mAP50-95: 100%|██████████| 1/1 00:00
all         80         82      0.919      0.825      0.901      0.487
Epoch    GPU_mem   box_loss   obj_loss   cls_loss  Instances       Size
97/99      13.9G      0.016   0.006167  0.0002241         88        640: 100%|██████████| 9/9 00:01
Class     Images  Instances          P          R      mAP50   mAP50-95: 100%|██████████| 1/1 00:00
all         80         82      0.918      0.819      0.904      0.494
Epoch    GPU_mem   box_loss   obj_loss   cls_loss  Instances       Size
98/99      13.9G    0.01583   0.006011  0.0002267         90        640: 100%|██████████| 9/9 00:02
Class     Images  Instances          P          R      mAP50   mAP50-95: 100%|██████████| 1/1 00:00
all         80         82       0.93      0.814      0.903      0.496
Epoch    GPU_mem   box_loss   obj_loss   cls_loss  Instances       Size
99/99      13.9G    0.01603   0.005908  0.0002189         91        640: 100%|██████████| 9/9 00:03
Class     Images  Instances          P          R      mAP50   mAP50-95: 100%|██████████| 1/1 00:00
all         80         82       0.93      0.816      0.903      0.491
100 epochs completed in 0.085 hours.
Optimizer stripped from /home/lijinhe/work/YOLO_Retraining/runs/studies/0907_stroller_window10_learning_curve/experiment/sequence/StrollerWindow10Tau099_SplitS43__seq-full-cold__stage0-stage7__yolov5s__s42/tasks/006__stage6__full-cold/backend/yolov5/train/weights/last.pt, 14.4MB
Optimizer stripped from /home/lijinhe/work/YOLO_Retraining/runs/studies/0907_stroller_window10_learning_curve/experiment/sequence/StrollerWindow10Tau099_SplitS43__seq-full-cold__stage0-stage7__yolov5s__s42/tasks/006__stage6__full-cold/backend/yolov5/train/weights/best.pt, 14.4MB
Validating /home/lijinhe/work/YOLO_Retraining/runs/studies/0907_stroller_window10_learning_curve/experiment/sequence/StrollerWindow10Tau099_SplitS43__seq-full-cold__stage0-stage7__yolov5s__s42/tasks/006__stage6__full-cold/backend/yolov5/train/weights/best.pt...
Fusing layers...
Model summary: 157 layers, 7020913 parameters, 0 gradients, 15.8 GFLOPs
Class     Images  Instances          P          R      mAP50   mAP50-95: 100%|██████████| 1/1 00:00
all         80         82      0.908      0.841      0.915      0.512
stroller         80         82      0.908      0.841      0.915      0.512
Results saved to /home/lijinhe/work/YOLO_Retraining/runs/studies/0907_stroller_window10_learning_curve/experiment/sequence/StrollerWindow10Tau099_SplitS43__seq-full-cold__stage0-stage7__yolov5s__s42/tasks/006__stage6__full-cold/backend/yolov5/train
terminate called without an active exception
Exception ignored in: <function _MultiProcessingDataLoaderIter.__del__ at 0x7f6f3ba76830>
Traceback (most recent call last):
File "/home/lijinhe/miniforge3/envs/yolo-retraining-v5/lib/python3.10/site-packages/torch/utils/data/dataloader.py", line 1479, in __del__
self._shutdown_workers()
File "/home/lijinhe/miniforge3/envs/yolo-retraining-v5/lib/python3.10/site-packages/torch/utils/data/dataloader.py", line 1443, in _shutdown_workers
w.join(timeout=_utils.MP_STATUS_CHECK_INTERVAL)
File "/home/lijinhe/miniforge3/envs/yolo-retraining-v5/lib/python3.10/multiprocessing/process.py", line 149, in join
res = self._popen.wait(timeout)
File "/home/lijinhe/miniforge3/envs/yolo-retraining-v5/lib/python3.10/multiprocessing/popen_fork.py", line 40, in wait
if not wait([self.sentinel], timeout):
File "/home/lijinhe/miniforge3/envs/yolo-retraining-v5/lib/python3.10/multiprocessing/connection.py", line 931, in wait
ready = selector.select(timeout)
File "/home/lijinhe/miniforge3/envs/yolo-retraining-v5/lib/python3.10/selectors.py", line 416, in select
fd_event_list = self._selector.poll(timeout)
File "/home/lijinhe/miniforge3/envs/yolo-retraining-v5/lib/python3.10/site-packages/torch/utils/data/_utils/signal_handling.py", line 66, in handler
_error_if_any_worker_fails()
RuntimeError: DataLoader worker (pid 2544687) is killed by signal: Aborted.
terminate called without an active exception
Exception ignored in: <function _MultiProcessingDataLoaderIter.__del__ at 0x7f6f3ba76830>
Traceback (most recent call last):
File "/home/lijinhe/miniforge3/envs/yolo-retraining-v5/lib/python3.10/site-packages/torch/utils/data/dataloader.py", line 1479, in __del__
self._shutdown_workers()
File "/home/lijinhe/miniforge3/envs/yolo-retraining-v5/lib/python3.10/site-packages/torch/utils/data/dataloader.py", line 1443, in _shutdown_workers
w.join(timeout=_utils.MP_STATUS_CHECK_INTERVAL)
File "/home/lijinhe/miniforge3/envs/yolo-retraining-v5/lib/python3.10/multiprocessing/process.py", line 149, in join
res = self._popen.wait(timeout)
File "/home/lijinhe/miniforge3/envs/yolo-retraining-v5/lib/python3.10/multiprocessing/popen_fork.py", line 40, in wait
if not wait([self.sentinel], timeout):
File "/home/lijinhe/miniforge3/envs/yolo-retraining-v5/lib/python3.10/multiprocessing/connection.py", line 931, in wait
ready = selector.select(timeout)
File "/home/lijinhe/miniforge3/envs/yolo-retraining-v5/lib/python3.10/selectors.py", line 416, in select
fd_event_list = self._selector.poll(timeout)
File "/home/lijinhe/miniforge3/envs/yolo-retraining-v5/lib/python3.10/site-packages/torch/utils/data/_utils/signal_handling.py", line 66, in handler
_error_if_any_worker_fails()
RuntimeError: DataLoader worker (pid 2546516) is killed by signal: Aborted.
[YOLOv5] compacted progress updates: 2329 -> 203 lines
[YOLOv5] coalesced warning: incomplete JPEG accepted read-only; count=605; by_source=train=526, val=79
[YOLOv5] warning example: train: WARNING ⚠️ /home/lijinhe/work/YOLO_Retraining/data/stroller/images/00143_1780988430957444_0.jpg: incomplete JPEG accepted read-only
[YOLOv5] warning example: train: WARNING ⚠️ /home/lijinhe/work/YOLO_Retraining/data/stroller/images/00145_1780988441044446_0.jpg: incomplete JPEG accepted read-only
[YOLOv5] warning example: train: WARNING ⚠️ /home/lijinhe/work/YOLO_Retraining/data/stroller/images/00621_1782459223410772_1.jpg: incomplete JPEG accepted read-only
