train: weights=/home/lijinhe/work/YOLO_Retraining/runs/sequences/0814-214349__seq-random-replay__stage0-stage3__yolov5s__s42/tasks/002__stage2__random-replay/checkpoints/best.pt, cfg=, data=/home/lijinhe/work/YOLO_Retraining/runs/sequences/0814-214349__seq-random-replay__stage0-stage3__yolov5s__s42/tasks/003__stage3__random-replay/data/backend_data.yaml, hyp=data/hyps/hyp.scratch-low.yaml, epochs=100, batch_size=64, imgsz=640, rect=False, resume=False, nosave=False, noval=False, noautoanchor=False, noplots=True, evolve=None, bucket=, cache=None, image_weights=False, device=0, multi_scale=False, single_cls=False, optimizer=SGD, sync_bn=False, workers=16, project=/home/lijinhe/work/YOLO_Retraining/runs/sequences/0814-214349__seq-random-replay__stage0-stage3__yolov5s__s42/tasks/003__stage3__random-replay/backend/yolov5, name=train, exist_ok=True, quad=False, cos_lr=False, label_smoothing=0.0, patience=100, freeze=[0], save_period=-1, seed=45, local_rank=-1, entity=None, upload_dataset=False, bbox_interval=-1, artifact_alias=latest
github: skipping check (offline), for updates see https://github.com/ultralytics/yolov5
YOLOv5 🚀 v7.0-0-g915bbf29 Python-3.10.20 torch-2.2.2+cu121 CUDA:0 (NVIDIA H100 PCIe, 81090MiB)
hyperparameters: lr0=0.01, lrf=0.01, momentum=0.937, weight_decay=0.0005, warmup_epochs=3.0, warmup_momentum=0.8, warmup_bias_lr=0.1, box=0.05, cls=0.5, cls_pw=1.0, obj=1.0, obj_pw=1.0, iou_t=0.2, anchor_t=4.0, fl_gamma=0.0, hsv_h=0.015, hsv_s=0.7, hsv_v=0.4, degrees=0.0, translate=0.1, scale=0.5, shear=0.0, perspective=0.0, flipud=0.0, fliplr=0.5, mosaic=1.0, mixup=0.0, copy_paste=0.0
ClearML: run 'pip install clearml' to automatically track, visualize and remotely train YOLOv5 🚀 in ClearML
Comet: run 'pip install comet_ml' to automatically track and visualize YOLOv5 🚀 runs in Comet
TensorBoard: Start with 'tensorboard --logdir /home/lijinhe/work/YOLO_Retraining/runs/sequences/0814-214349__seq-random-replay__stage0-stage3__yolov5s__s42/tasks/003__stage3__random-replay/backend/yolov5', view at http://localhost:6006/
from  n    params  module                                  arguments
0                -1  1      3520  models.common.Conv                      [3, 32, 6, 2, 2]
1                -1  1     18560  models.common.Conv                      [32, 64, 3, 2]
2                -1  1     18816  models.common.C3                        [64, 64, 1]
3                -1  1     73984  models.common.Conv                      [64, 128, 3, 2]
4                -1  2    115712  models.common.C3                        [128, 128, 2]
5                -1  1    295424  models.common.Conv                      [128, 256, 3, 2]
6                -1  3    625152  models.common.C3                        [256, 256, 3]
7                -1  1   1180672  models.common.Conv                      [256, 512, 3, 2]
8                -1  1   1182720  models.common.C3                        [512, 512, 1]
9                -1  1    656896  models.common.SPPF                      [512, 512, 5]
10                -1  1    131584  models.common.Conv                      [512, 256, 1, 1]
11                -1  1         0  torch.nn.modules.upsampling.Upsample    [None, 2, 'nearest']
12           [-1, 6]  1         0  models.common.Concat                    [1]
13                -1  1    361984  models.common.C3                        [512, 256, 1, False]
14                -1  1     33024  models.common.Conv                      [256, 128, 1, 1]
15                -1  1         0  torch.nn.modules.upsampling.Upsample    [None, 2, 'nearest']
16           [-1, 4]  1         0  models.common.Concat                    [1]
17                -1  1     90880  models.common.C3                        [256, 128, 1, False]
18                -1  1    147712  models.common.Conv                      [128, 128, 3, 2]
19          [-1, 14]  1         0  models.common.Concat                    [1]
20                -1  1    296448  models.common.C3                        [256, 256, 1, False]
21                -1  1    590336  models.common.Conv                      [256, 256, 3, 2]
22          [-1, 10]  1         0  models.common.Concat                    [1]
23                -1  1   1182720  models.common.C3                        [512, 512, 1, False]
24      [17, 20, 23]  1     24273  models.yolo.Detect                      [4, [[10, 13, 16, 30, 33, 23], [30, 61, 62, 45, 59, 119], [116, 90, 156, 198, 373, 326]], [128, 256, 512]]
Model summary: 214 layers, 7030417 parameters, 7030417 gradients, 16.0 GFLOPs
Transferred 349/349 items from /home/lijinhe/work/YOLO_Retraining/runs/sequences/0814-214349__seq-random-replay__stage0-stage3__yolov5s__s42/tasks/002__stage2__random-replay/checkpoints/best.pt
AMP: checks passed ✅
optimizer: SGD(lr=0.01) with parameter groups 57 weight(decay=0.0), 60 weight(decay=0.0005), 60 bias
train: Scanning /home/lijinhe/work/YOLO_Retraining/runs/sequences/0814-214349__seq-random-replay__stage0-stage3__yolov5s__s42/tasks/003__stage3__random-replay/data/backend_train_images... 1575 images, 941 backgrounds, 0 corrupt: 100%|██████████| 1575/1575 00:05
train: New cache created: /home/lijinhe/work/YOLO_Retraining/runs/sequences/0814-214349__seq-random-replay__stage0-stage3__yolov5s__s42/tasks/003__stage3__random-replay/data/backend_train_images.cache
val: Scanning /home/lijinhe/work/YOLO_Retraining/runs/sequences/0814-214349__seq-random-replay__stage0-stage3__yolov5s__s42/tasks/003__stage3__random-replay/data/backend_validation_images... 1000 images, 297 backgrounds, 0 corrupt: 100%|██████████| 1000/1000 00:03
val: New cache created: /home/lijinhe/work/YOLO_Retraining/runs/sequences/0814-214349__seq-random-replay__stage0-stage3__yolov5s__s42/tasks/003__stage3__random-replay/data/backend_validation_images.cache
AutoAnchor: 5.51 anchors/target, 1.000 Best Possible Recall (BPR). Current anchors are a good fit to dataset ✅
Image sizes 640 train, 640 val
Using 16 dataloader workers
Logging results to /home/lijinhe/work/YOLO_Retraining/runs/sequences/0814-214349__seq-random-replay__stage0-stage3__yolov5s__s42/tasks/003__stage3__random-replay/backend/yolov5/train
Starting training for 100 epochs...
Epoch    GPU_mem   box_loss   obj_loss   cls_loss  Instances       Size
0/99      13.9G     0.0431    0.00695   0.002911         50        640: 100%|██████████| 25/25 00:19
Class     Images  Instances          P          R      mAP50   mAP50-95: 100%|██████████| 8/8 00:16
all       1000        939      0.756      0.412      0.449      0.215
Epoch    GPU_mem   box_loss   obj_loss   cls_loss  Instances       Size
1/99      13.9G     0.0407    0.00636   0.001797         35        640: 100%|██████████| 25/25 00:08
Class     Images  Instances          P          R      mAP50   mAP50-95: 100%|██████████| 8/8 00:16
all       1000        939      0.796      0.369      0.427      0.186
Epoch    GPU_mem   box_loss   obj_loss   cls_loss  Instances       Size
2/99      13.9G    0.03926   0.006221   0.001065         42        640: 100%|██████████| 25/25 00:06
Class     Images  Instances          P          R      mAP50   mAP50-95: 100%|██████████| 8/8 00:20
all       1000        939      0.735      0.366      0.404      0.201
Epoch    GPU_mem   box_loss   obj_loss   cls_loss  Instances       Size
3/99      13.9G    0.03959   0.005768   0.001544         34        640: 100%|██████████| 25/25 00:06
Class     Images  Instances          P          R      mAP50   mAP50-95: 100%|██████████| 8/8 00:16
all       1000        939      0.685      0.294      0.346      0.157
Epoch    GPU_mem   box_loss   obj_loss   cls_loss  Instances       Size
4/99      13.9G    0.03922   0.005878    0.00151         40        640: 100%|██████████| 25/25 00:05
Class     Images  Instances          P          R      mAP50   mAP50-95: 100%|██████████| 8/8 00:23
all       1000        939      0.692      0.337      0.346      0.142
Epoch    GPU_mem   box_loss   obj_loss   cls_loss  Instances       Size
5/99      13.9G    0.03848   0.006159   0.001479         58        640: 100%|██████████| 25/25 00:06
Class     Images  Instances          P          R      mAP50   mAP50-95: 100%|██████████| 8/8 00:23
all       1000        939      0.639      0.282      0.275      0.113
Epoch    GPU_mem   box_loss   obj_loss   cls_loss  Instances       Size
6/99      13.9G    0.03788   0.005961   0.001651         39        640: 100%|██████████| 25/25 00:08
Class     Images  Instances          P          R      mAP50   mAP50-95: 100%|██████████| 8/8 00:20
all       1000        939      0.716      0.234      0.283      0.121
Epoch    GPU_mem   box_loss   obj_loss   cls_loss  Instances       Size
7/99      13.9G    0.03696   0.005729   0.002143         26        640: 100%|██████████| 25/25 00:08
Class     Images  Instances          P          R      mAP50   mAP50-95: 100%|██████████| 8/8 00:21
all       1000        939      0.413      0.245      0.276      0.109
Epoch    GPU_mem   box_loss   obj_loss   cls_loss  Instances       Size
8/99      13.9G    0.03691   0.005722    0.00143         48        640: 100%|██████████| 25/25 00:08
Class     Images  Instances          P          R      mAP50   mAP50-95: 100%|██████████| 8/8 00:24
all       1000        939      0.438      0.273      0.305      0.123
Epoch    GPU_mem   box_loss   obj_loss   cls_loss  Instances       Size
9/99      13.9G    0.03731   0.005748    0.00148         38        640: 100%|██████████| 25/25 00:06
Class     Images  Instances          P          R      mAP50   mAP50-95: 100%|██████████| 8/8 00:26
all       1000        939      0.662      0.306      0.298      0.119
Epoch    GPU_mem   box_loss   obj_loss   cls_loss  Instances       Size
10/99      13.9G    0.03638     0.0059    0.00114         44        640: 100%|██████████| 25/25 00:05
Class     Images  Instances          P          R      mAP50   mAP50-95: 100%|██████████| 8/8 00:27
all       1000        939      0.705      0.284      0.312      0.124
Epoch    GPU_mem   box_loss   obj_loss   cls_loss  Instances       Size
11/99      13.9G    0.03576   0.005419   0.001434         45        640: 100%|██████████| 25/25 00:07
Class     Images  Instances          P          R      mAP50   mAP50-95: 100%|██████████| 8/8 00:24
all       1000        939      0.649      0.295      0.302      0.118
Epoch    GPU_mem   box_loss   obj_loss   cls_loss  Instances       Size
12/99      13.9G    0.03439   0.005209   0.001328         25        640: 100%|██████████| 25/25 00:07
Class     Images  Instances          P          R      mAP50   mAP50-95: 100%|██████████| 8/8 00:20
all       1000        939      0.659      0.262      0.292       0.12
Epoch    GPU_mem   box_loss   obj_loss   cls_loss  Instances       Size
13/99      13.9G     0.0345   0.005084     0.0016         34        640: 100%|██████████| 25/25 00:09
Class     Images  Instances          P          R      mAP50   mAP50-95: 100%|██████████| 8/8 00:20
all       1000        939       0.68        0.2      0.264      0.108
Epoch    GPU_mem   box_loss   obj_loss   cls_loss  Instances       Size
14/99      13.9G    0.03429   0.005402   0.001012         41        640: 100%|██████████| 25/25 00:08
Class     Images  Instances          P          R      mAP50   mAP50-95: 100%|██████████| 8/8 00:24
all       1000        939      0.692      0.259      0.313      0.142
Epoch    GPU_mem   box_loss   obj_loss   cls_loss  Instances       Size
15/99      13.9G    0.03433   0.005096  0.0008852         46        640: 100%|██████████| 25/25 00:06
Class     Images  Instances          P          R      mAP50   mAP50-95: 100%|██████████| 8/8 00:26
all       1000        939      0.445      0.263      0.296      0.125
Epoch    GPU_mem   box_loss   obj_loss   cls_loss  Instances       Size
16/99      13.9G    0.03346   0.005267  0.0009494         58        640: 100%|██████████| 25/25 00:06
Class     Images  Instances          P          R      mAP50   mAP50-95: 100%|██████████| 8/8 00:26
all       1000        939      0.635      0.302        0.3      0.116
Epoch    GPU_mem   box_loss   obj_loss   cls_loss  Instances       Size
17/99      13.9G    0.03342   0.005245   0.001191         45        640: 100%|██████████| 25/25 00:06
Class     Images  Instances          P          R      mAP50   mAP50-95: 100%|██████████| 8/8 00:26
all       1000        939       0.64      0.285      0.291      0.127
Epoch    GPU_mem   box_loss   obj_loss   cls_loss  Instances       Size
18/99      13.9G    0.03266   0.004946   0.001077         53        640: 100%|██████████| 25/25 00:06
Class     Images  Instances          P          R      mAP50   mAP50-95: 100%|██████████| 8/8 00:23
all       1000        939      0.674      0.312       0.32      0.123
Epoch    GPU_mem   box_loss   obj_loss   cls_loss  Instances       Size
19/99      13.9G    0.03185   0.004987  0.0009737         34        640: 100%|██████████| 25/25 00:09
Class     Images  Instances          P          R      mAP50   mAP50-95: 100%|██████████| 8/8 00:20
all       1000        939      0.398      0.291      0.303      0.134
Epoch    GPU_mem   box_loss   obj_loss   cls_loss  Instances       Size
20/99      13.9G    0.03137    0.00496  0.0008854         26        640: 100%|██████████| 25/25 00:08
Class     Images  Instances          P          R      mAP50   mAP50-95: 100%|██████████| 8/8 00:22
all       1000        939      0.669      0.265      0.295      0.119
Epoch    GPU_mem   box_loss   obj_loss   cls_loss  Instances       Size
21/99      13.9G    0.03144   0.004893  0.0009005         44        640: 100%|██████████| 25/25 00:06
Class     Images  Instances          P          R      mAP50   mAP50-95: 100%|██████████| 8/8 00:26
all       1000        939      0.657      0.259        0.3      0.131
Epoch    GPU_mem   box_loss   obj_loss   cls_loss  Instances       Size
22/99      13.9G    0.03141   0.005024   0.001035         57        640: 100%|██████████| 25/25 00:06
Class     Images  Instances          P          R      mAP50   mAP50-95: 100%|██████████| 8/8 00:27
all       1000        939      0.533      0.274       0.25      0.113
Epoch    GPU_mem   box_loss   obj_loss   cls_loss  Instances       Size
23/99      13.9G    0.03023   0.004827  0.0007059         40        640: 100%|██████████| 25/25 00:05
Class     Images  Instances          P          R      mAP50   mAP50-95: 100%|██████████| 8/8 00:27
all       1000        939      0.663      0.234      0.276      0.115
Epoch    GPU_mem   box_loss   obj_loss   cls_loss  Instances       Size
24/99      13.9G    0.02979   0.004543  0.0007233         37        640: 100%|██████████| 25/25 00:06
Class     Images  Instances          P          R      mAP50   mAP50-95: 100%|██████████| 8/8 00:26
all       1000        939      0.452      0.219      0.254      0.103
Epoch    GPU_mem   box_loss   obj_loss   cls_loss  Instances       Size
25/99      13.9G    0.03076    0.00451   0.000999         26        640: 100%|██████████| 25/25 00:06
Class     Images  Instances          P          R      mAP50   mAP50-95: 100%|██████████| 8/8 00:21
all       1000        939      0.397      0.303      0.299      0.113
Epoch    GPU_mem   box_loss   obj_loss   cls_loss  Instances       Size
26/99      13.9G    0.03018   0.004743  0.0009368         48        640: 100%|██████████| 25/25 00:08
Class     Images  Instances          P          R      mAP50   mAP50-95: 100%|██████████| 8/8 00:20
all       1000        939      0.681      0.306       0.33      0.136
Epoch    GPU_mem   box_loss   obj_loss   cls_loss  Instances       Size
27/99      13.9G    0.02983   0.004569  0.0007786         32        640: 100%|██████████| 25/25 00:08
Class     Images  Instances          P          R      mAP50   mAP50-95: 100%|██████████| 8/8 00:23
all       1000        939      0.668       0.26      0.286      0.122
Epoch    GPU_mem   box_loss   obj_loss   cls_loss  Instances       Size
28/99      13.9G    0.02944   0.004396  0.0007203         46        640: 100%|██████████| 25/25 00:06
Class     Images  Instances          P          R      mAP50   mAP50-95: 100%|██████████| 8/8 00:27
all       1000        939      0.403      0.268      0.284       0.12
Epoch    GPU_mem   box_loss   obj_loss   cls_loss  Instances       Size
29/99      13.9G    0.02979   0.004397  0.0007804         50        640: 100%|██████████| 25/25 00:08
Class     Images  Instances          P          R      mAP50   mAP50-95: 100%|██████████| 8/8 00:25
all       1000        939      0.441      0.224       0.26      0.106
Epoch    GPU_mem   box_loss   obj_loss   cls_loss  Instances       Size
30/99      13.9G    0.02841   0.004469  0.0008046         46        640: 100%|██████████| 25/25 00:09
Class     Images  Instances          P          R      mAP50   mAP50-95: 100%|██████████| 8/8 00:25
all       1000        939      0.705      0.271        0.3      0.123
Epoch    GPU_mem   box_loss   obj_loss   cls_loss  Instances       Size
31/99      13.9G    0.02844   0.004269  0.0008876         39        640: 100%|██████████| 25/25 00:07
Class     Images  Instances          P          R      mAP50   mAP50-95: 100%|██████████| 8/8 00:26
all       1000        939      0.727      0.273      0.319      0.144
Epoch    GPU_mem   box_loss   obj_loss   cls_loss  Instances       Size
32/99      13.9G    0.02744   0.004171  0.0005589         40        640: 100%|██████████| 25/25 00:05
Class     Images  Instances          P          R      mAP50   mAP50-95: 100%|██████████| 8/8 00:26
all       1000        939      0.711      0.291      0.331      0.144
Epoch    GPU_mem   box_loss   obj_loss   cls_loss  Instances       Size
33/99      13.9G    0.02798     0.0043  0.0007385         48        640: 100%|██████████| 25/25 00:07
Class     Images  Instances          P          R      mAP50   mAP50-95: 100%|██████████| 8/8 00:23
all       1000        939       0.42      0.281      0.309      0.143
Epoch    GPU_mem   box_loss   obj_loss   cls_loss  Instances       Size
34/99      13.9G    0.02773   0.004289  0.0006524         36        640: 100%|██████████| 25/25 00:08
Class     Images  Instances          P          R      mAP50   mAP50-95: 100%|██████████| 8/8 00:20
all       1000        939      0.631      0.293      0.306      0.137
Epoch    GPU_mem   box_loss   obj_loss   cls_loss  Instances       Size
35/99      13.9G     0.0272   0.004303  0.0007566         39        640: 100%|██████████| 25/25 00:09
Class     Images  Instances          P          R      mAP50   mAP50-95: 100%|██████████| 8/8 00:22
all       1000        939      0.669      0.271      0.306       0.13
Epoch    GPU_mem   box_loss   obj_loss   cls_loss  Instances       Size
36/99      13.9G    0.02681    0.00416  0.0008495         47        640: 100%|██████████| 25/25 00:06
Class     Images  Instances          P          R      mAP50   mAP50-95: 100%|██████████| 8/8 00:26
all       1000        939      0.691      0.305      0.333       0.14
Epoch    GPU_mem   box_loss   obj_loss   cls_loss  Instances       Size
37/99      13.9G    0.02706   0.004093  0.0008123         44        640: 100%|██████████| 25/25 00:06
Class     Images  Instances          P          R      mAP50   mAP50-95: 100%|██████████| 8/8 00:26
all       1000        939      0.403      0.284       0.31      0.137
Epoch    GPU_mem   box_loss   obj_loss   cls_loss  Instances       Size
38/99      13.9G     0.0266   0.004125  0.0006334         45        640: 100%|██████████| 25/25 00:06
Class     Images  Instances          P          R      mAP50   mAP50-95: 100%|██████████| 8/8 00:25
all       1000        939      0.447      0.303       0.33       0.14
Epoch    GPU_mem   box_loss   obj_loss   cls_loss  Instances       Size
39/99      13.9G    0.02675   0.004017  0.0005706         39        640: 100%|██████████| 25/25 00:06
Class     Images  Instances          P          R      mAP50   mAP50-95: 100%|██████████| 8/8 00:23
all       1000        939      0.388      0.279      0.304       0.13
Epoch    GPU_mem   box_loss   obj_loss   cls_loss  Instances       Size
40/99      13.9G    0.02654   0.004056  0.0005397         48        640: 100%|██████████| 25/25 00:09
Class     Images  Instances          P          R      mAP50   mAP50-95: 100%|██████████| 8/8 00:18
all       1000        939      0.474      0.289      0.335      0.145
Epoch    GPU_mem   box_loss   obj_loss   cls_loss  Instances       Size
41/99      13.9G    0.02597   0.004248  0.0007974         34        640: 100%|██████████| 25/25 00:08
Class     Images  Instances          P          R      mAP50   mAP50-95: 100%|██████████| 8/8 00:21
all       1000        939      0.431      0.312      0.332      0.142
Epoch    GPU_mem   box_loss   obj_loss   cls_loss  Instances       Size
42/99      13.9G    0.02605    0.00404  0.0006891         34        640: 100%|██████████| 25/25 00:06
Class     Images  Instances          P          R      mAP50   mAP50-95: 100%|██████████| 8/8 00:26
all       1000        939       0.43      0.307      0.331      0.148
Epoch    GPU_mem   box_loss   obj_loss   cls_loss  Instances       Size
43/99      13.9G    0.02589   0.004074   0.000554         52        640: 100%|██████████| 25/25 00:06
Class     Images  Instances          P          R      mAP50   mAP50-95: 100%|██████████| 8/8 00:25
all       1000        939      0.437      0.294      0.334      0.149
Epoch    GPU_mem   box_loss   obj_loss   cls_loss  Instances       Size
44/99      13.9G    0.02528   0.003907  0.0005077         35        640: 100%|██████████| 25/25 00:05
Class     Images  Instances          P          R      mAP50   mAP50-95: 100%|██████████| 8/8 00:23
all       1000        939      0.724      0.297       0.34      0.152
Epoch    GPU_mem   box_loss   obj_loss   cls_loss  Instances       Size
45/99      13.9G    0.02545    0.00382  0.0004582         34        640: 100%|██████████| 25/25 00:08
Class     Images  Instances          P          R      mAP50   mAP50-95: 100%|██████████| 8/8 00:18
all       1000        939      0.456      0.304      0.344      0.149
Epoch    GPU_mem   box_loss   obj_loss   cls_loss  Instances       Size
46/99      13.9G    0.02509   0.004196  0.0004982         46        640: 100%|██████████| 25/25 00:08
Class     Images  Instances          P          R      mAP50   mAP50-95: 100%|██████████| 8/8 00:22
all       1000        939      0.428      0.294      0.326      0.142
Epoch    GPU_mem   box_loss   obj_loss   cls_loss  Instances       Size
47/99      13.9G     0.0247   0.004064  0.0006844         43        640: 100%|██████████| 25/25 00:07
Class     Images  Instances          P          R      mAP50   mAP50-95: 100%|██████████| 8/8 00:24
all       1000        939      0.406      0.314      0.324      0.141
Epoch    GPU_mem   box_loss   obj_loss   cls_loss  Instances       Size
48/99      13.9G    0.02461   0.003715  0.0005355         32        640: 100%|██████████| 25/25 00:05
Class     Images  Instances          P          R      mAP50   mAP50-95: 100%|██████████| 8/8 00:26
all       1000        939      0.682      0.297      0.323      0.145
Epoch    GPU_mem   box_loss   obj_loss   cls_loss  Instances       Size
49/99      13.9G    0.02509   0.003846  0.0006521         41        640: 100%|██████████| 25/25 00:06
Class     Images  Instances          P          R      mAP50   mAP50-95: 100%|██████████| 8/8 00:26
all       1000        939      0.647      0.322      0.332      0.146
Epoch    GPU_mem   box_loss   obj_loss   cls_loss  Instances       Size
50/99      13.9G    0.02464   0.003924  0.0005646         54        640: 100%|██████████| 25/25 00:06
Class     Images  Instances          P          R      mAP50   mAP50-95: 100%|██████████| 8/8 00:26
all       1000        939      0.611      0.299      0.308      0.128
Epoch    GPU_mem   box_loss   obj_loss   cls_loss  Instances       Size
51/99      13.9G    0.02439   0.003858  0.0005543         31        640: 100%|██████████| 25/25 00:06
Class     Images  Instances          P          R      mAP50   mAP50-95: 100%|██████████| 8/8 00:25
all       1000        939       0.76      0.289      0.348      0.151
Epoch    GPU_mem   box_loss   obj_loss   cls_loss  Instances       Size
52/99      13.9G    0.02404   0.003851  0.0004846         46        640: 100%|██████████| 25/25 00:06
Class     Images  Instances          P          R      mAP50   mAP50-95: 100%|██████████| 8/8 00:22
all       1000        939      0.413      0.285      0.306      0.115
Epoch    GPU_mem   box_loss   obj_loss   cls_loss  Instances       Size
53/99      13.9G    0.02424   0.003585   0.000492         37        640: 100%|██████████| 25/25 00:10
Class     Images  Instances          P          R      mAP50   mAP50-95: 100%|██████████| 8/8 00:19
all       1000        939      0.451      0.284      0.325      0.137
Epoch    GPU_mem   box_loss   obj_loss   cls_loss  Instances       Size
54/99      13.9G    0.02356   0.003738  0.0004273         43        640: 100%|██████████| 25/25 00:10
Class     Images  Instances          P          R      mAP50   mAP50-95: 100%|██████████| 8/8 00:22
all       1000        939      0.418      0.314       0.33       0.14
Epoch    GPU_mem   box_loss   obj_loss   cls_loss  Instances       Size
55/99      13.9G    0.02357    0.00372  0.0004944         41        640: 100%|██████████| 25/25 00:07
Class     Images  Instances          P          R      mAP50   mAP50-95: 100%|██████████| 8/8 00:24
all       1000        939      0.722      0.294      0.347       0.16
Epoch    GPU_mem   box_loss   obj_loss   cls_loss  Instances       Size
56/99      13.9G    0.02404   0.003606  0.0005768         39        640: 100%|██████████| 25/25 00:07
Class     Images  Instances          P          R      mAP50   mAP50-95: 100%|██████████| 8/8 00:26
all       1000        939      0.723       0.31      0.351      0.154
Epoch    GPU_mem   box_loss   obj_loss   cls_loss  Instances       Size
57/99      13.9G    0.02349   0.003665  0.0005249         41        640: 100%|██████████| 25/25 00:08
Class     Images  Instances          P          R      mAP50   mAP50-95: 100%|██████████| 8/8 00:23
all       1000        939      0.703      0.256        0.3       0.13
Epoch    GPU_mem   box_loss   obj_loss   cls_loss  Instances       Size
58/99      13.9G    0.02321   0.003589  0.0005088         30        640: 100%|██████████| 25/25 00:08
Class     Images  Instances          P          R      mAP50   mAP50-95: 100%|██████████| 8/8 00:20
all       1000        939      0.708      0.291      0.334      0.149
Epoch    GPU_mem   box_loss   obj_loss   cls_loss  Instances       Size
59/99      13.9G    0.02243   0.003566  0.0004313         50        640: 100%|██████████| 25/25 00:09
Class     Images  Instances          P          R      mAP50   mAP50-95: 100%|██████████| 8/8 00:20
all       1000        939      0.722      0.285      0.343      0.159
Epoch    GPU_mem   box_loss   obj_loss   cls_loss  Instances       Size
60/99      13.9G     0.0227   0.003637  0.0003528         46        640: 100%|██████████| 25/25 00:07
Class     Images  Instances          P          R      mAP50   mAP50-95: 100%|██████████| 8/8 00:24
all       1000        939      0.726      0.286       0.33      0.149
Epoch    GPU_mem   box_loss   obj_loss   cls_loss  Instances       Size
61/99      13.9G    0.02194   0.003632  0.0005166         46        640: 100%|██████████| 25/25 00:06
Class     Images  Instances          P          R      mAP50   mAP50-95: 100%|██████████| 8/8 00:25
all       1000        939      0.457      0.277       0.32      0.138
Epoch    GPU_mem   box_loss   obj_loss   cls_loss  Instances       Size
62/99      13.9G    0.02211   0.003552  0.0004734         41        640: 100%|██████████| 25/25 00:06
Class     Images  Instances          P          R      mAP50   mAP50-95: 100%|██████████| 8/8 00:25
all       1000        939      0.424      0.285      0.314       0.14
Epoch    GPU_mem   box_loss   obj_loss   cls_loss  Instances       Size
63/99      13.9G    0.02204   0.003485  0.0003503         39        640: 100%|██████████| 25/25 00:06
Class     Images  Instances          P          R      mAP50   mAP50-95: 100%|██████████| 8/8 00:21
all       1000        939      0.475      0.285      0.329      0.143
Epoch    GPU_mem   box_loss   obj_loss   cls_loss  Instances       Size
64/99      13.9G    0.02251   0.003554  0.0004832         37        640: 100%|██████████| 25/25 00:08
Class     Images  Instances          P          R      mAP50   mAP50-95: 100%|██████████| 8/8 00:19
all       1000        939      0.713      0.294      0.335      0.146
Epoch    GPU_mem   box_loss   obj_loss   cls_loss  Instances       Size
65/99      13.9G    0.02157   0.003257  0.0003412         37        640: 100%|██████████| 25/25 00:08
Class     Images  Instances          P          R      mAP50   mAP50-95: 100%|██████████| 8/8 00:23
all       1000        939      0.662      0.286       0.32      0.142
Epoch    GPU_mem   box_loss   obj_loss   cls_loss  Instances       Size
66/99      13.9G    0.02164   0.003553  0.0005688         34        640: 100%|██████████| 25/25 00:06
Class     Images  Instances          P          R      mAP50   mAP50-95: 100%|██████████| 8/8 00:26
all       1000        939      0.693      0.289      0.327      0.149
Epoch    GPU_mem   box_loss   obj_loss   cls_loss  Instances       Size
67/99      13.9G    0.02144   0.003452  0.0005413         38        640: 100%|██████████| 25/25 00:05
Class     Images  Instances          P          R      mAP50   mAP50-95: 100%|██████████| 8/8 00:25
all       1000        939      0.706       0.29       0.33      0.149
Epoch    GPU_mem   box_loss   obj_loss   cls_loss  Instances       Size
68/99      13.9G    0.02144   0.003374  0.0002805         29        640: 100%|██████████| 25/25 00:06
Class     Images  Instances          P          R      mAP50   mAP50-95: 100%|██████████| 8/8 00:18
all       1000        939      0.705       0.28      0.323      0.139
Epoch    GPU_mem   box_loss   obj_loss   cls_loss  Instances       Size
69/99      13.9G     0.0208   0.003418  0.0002931         48        640: 100%|██████████| 25/25 00:06
Class     Images  Instances          P          R      mAP50   mAP50-95: 100%|██████████| 8/8 00:13
all       1000        939      0.403      0.289      0.316      0.135
Epoch    GPU_mem   box_loss   obj_loss   cls_loss  Instances       Size
70/99      13.9G    0.02041   0.003326  0.0003203         48        640: 100%|██████████| 25/25 00:07
Class     Images  Instances          P          R      mAP50   mAP50-95: 100%|██████████| 8/8 00:14
all       1000        939      0.446      0.303      0.325      0.139
Epoch    GPU_mem   box_loss   obj_loss   cls_loss  Instances       Size
71/99      13.9G     0.0208   0.003321  0.0003904         35        640: 100%|██████████| 25/25 00:07
Class     Images  Instances          P          R      mAP50   mAP50-95: 100%|██████████| 8/8 00:13
all       1000        939      0.738      0.265      0.319      0.144
Epoch    GPU_mem   box_loss   obj_loss   cls_loss  Instances       Size
72/99      13.9G    0.02077   0.003326  0.0003326         43        640: 100%|██████████| 25/25 00:08
Class     Images  Instances          P          R      mAP50   mAP50-95: 100%|██████████| 8/8 00:14
all       1000        939      0.435      0.297      0.332       0.15
Epoch    GPU_mem   box_loss   obj_loss   cls_loss  Instances       Size
73/99      13.9G     0.0199   0.003076  0.0003362         30        640: 100%|██████████| 25/25 00:06
Class     Images  Instances          P          R      mAP50   mAP50-95: 100%|██████████| 8/8 00:16
all       1000        939      0.456      0.287      0.333      0.144
Epoch    GPU_mem   box_loss   obj_loss   cls_loss  Instances       Size
74/99      13.9G    0.01999   0.003387   0.000276         32        640: 100%|██████████| 25/25 00:05
Class     Images  Instances          P          R      mAP50   mAP50-95: 100%|██████████| 8/8 00:18
all       1000        939       0.71      0.277      0.324      0.147
Epoch    GPU_mem   box_loss   obj_loss   cls_loss  Instances       Size
75/99      13.9G    0.02066   0.003282  0.0003966         41        640: 100%|██████████| 25/25 00:08
Class     Images  Instances          P          R      mAP50   mAP50-95: 100%|██████████| 8/8 00:22
all       1000        939      0.754      0.268      0.325      0.144
Epoch    GPU_mem   box_loss   obj_loss   cls_loss  Instances       Size
76/99      13.9G    0.01996   0.003138  0.0003004         62        640: 100%|██████████| 25/25 00:06
Class     Images  Instances          P          R      mAP50   mAP50-95: 100%|██████████| 8/8 00:19
all       1000        939      0.732       0.28      0.329       0.15
Epoch    GPU_mem   box_loss   obj_loss   cls_loss  Instances       Size
77/99      13.9G    0.01983   0.003434   0.000405         50        640: 100%|██████████| 25/25 00:07
Class     Images  Instances          P          R      mAP50   mAP50-95: 100%|██████████| 8/8 00:21
all       1000        939      0.453      0.283      0.326      0.145
Epoch    GPU_mem   box_loss   obj_loss   cls_loss  Instances       Size
78/99      13.9G     0.0195    0.00321  0.0003431         39        640: 100%|██████████| 25/25 00:06
Class     Images  Instances          P          R      mAP50   mAP50-95: 100%|██████████| 8/8 00:20
all       1000        939      0.455      0.296      0.336      0.151
Epoch    GPU_mem   box_loss   obj_loss   cls_loss  Instances       Size
79/99      13.9G    0.01996   0.003173  0.0002949         53        640: 100%|██████████| 25/25 00:06
Class     Images  Instances          P          R      mAP50   mAP50-95: 100%|██████████| 8/8 00:19
all       1000        939       0.44      0.296      0.328      0.147
Epoch    GPU_mem   box_loss   obj_loss   cls_loss  Instances       Size
80/99      13.9G    0.01946   0.003277  0.0002632         37        640: 100%|██████████| 25/25 00:05
Class     Images  Instances          P          R      mAP50   mAP50-95: 100%|██████████| 8/8 00:19
all       1000        939      0.454      0.287      0.319      0.141
Epoch    GPU_mem   box_loss   obj_loss   cls_loss  Instances       Size
81/99      13.9G    0.01945   0.003073   0.000305         21        640: 100%|██████████| 25/25 00:06
Class     Images  Instances          P          R      mAP50   mAP50-95: 100%|██████████| 8/8 00:21
all       1000        939      0.786      0.265       0.34      0.153
Epoch    GPU_mem   box_loss   obj_loss   cls_loss  Instances       Size
82/99      13.9G    0.01888    0.00307  0.0002216         46        640: 100%|██████████| 25/25 00:08
Class     Images  Instances          P          R      mAP50   mAP50-95: 100%|██████████| 8/8 00:18
all       1000        939      0.762      0.278      0.342      0.161
Epoch    GPU_mem   box_loss   obj_loss   cls_loss  Instances       Size
83/99      13.9G    0.01903   0.003329  0.0002119         63        640: 100%|██████████| 25/25 00:08
Class     Images  Instances          P          R      mAP50   mAP50-95: 100%|██████████| 8/8 00:17
all       1000        939      0.739      0.284      0.339      0.155
Epoch    GPU_mem   box_loss   obj_loss   cls_loss  Instances       Size
84/99      13.9G    0.01909   0.003216  0.0002674         30        640: 100%|██████████| 25/25 00:08
Class     Images  Instances          P          R      mAP50   mAP50-95: 100%|██████████| 8/8 00:17
all       1000        939      0.741      0.284      0.338      0.153
Epoch    GPU_mem   box_loss   obj_loss   cls_loss  Instances       Size
85/99      13.9G    0.01867   0.003213  0.0003275         46        640: 100%|██████████| 25/25 00:08
Class     Images  Instances          P          R      mAP50   mAP50-95: 100%|██████████| 8/8 00:18
all       1000        939      0.735      0.286      0.342      0.154
Epoch    GPU_mem   box_loss   obj_loss   cls_loss  Instances       Size
86/99      13.9G    0.01863   0.003274   0.000345         50        640: 100%|██████████| 25/25 00:07
Class     Images  Instances          P          R      mAP50   mAP50-95: 100%|██████████| 8/8 00:19
all       1000        939      0.494      0.286      0.344      0.158
Epoch    GPU_mem   box_loss   obj_loss   cls_loss  Instances       Size
87/99      13.9G    0.01861   0.003197  0.0003517         35        640: 100%|██████████| 25/25 00:07
Class     Images  Instances          P          R      mAP50   mAP50-95: 100%|██████████| 8/8 00:19
all       1000        939      0.758      0.274      0.347      0.159
Epoch    GPU_mem   box_loss   obj_loss   cls_loss  Instances       Size
88/99      13.9G    0.01869   0.003041  0.0003131         38        640: 100%|██████████| 25/25 00:07
Class     Images  Instances          P          R      mAP50   mAP50-95: 100%|██████████| 8/8 00:19
all       1000        939       0.77      0.272       0.34      0.154
Epoch    GPU_mem   box_loss   obj_loss   cls_loss  Instances       Size
89/99      13.9G    0.01847   0.003062  0.0002221         38        640: 100%|██████████| 25/25 00:07
Class     Images  Instances          P          R      mAP50   mAP50-95: 100%|██████████| 8/8 00:18
all       1000        939      0.422      0.305      0.338      0.154
Epoch    GPU_mem   box_loss   obj_loss   cls_loss  Instances       Size
90/99      13.9G    0.01868   0.003157  0.0002161         38        640: 100%|██████████| 25/25 00:08
Class     Images  Instances          P          R      mAP50   mAP50-95: 100%|██████████| 8/8 00:18
all       1000        939      0.422      0.302      0.342      0.156
Epoch    GPU_mem   box_loss   obj_loss   cls_loss  Instances       Size
91/99      13.9G    0.01801   0.003097  0.0002703         36        640: 100%|██████████| 25/25 00:06
Class     Images  Instances          P          R      mAP50   mAP50-95: 100%|██████████| 8/8 00:18
all       1000        939      0.458      0.288       0.34      0.153
Epoch    GPU_mem   box_loss   obj_loss   cls_loss  Instances       Size
92/99      13.9G    0.01788    0.00302  0.0001983         47        640: 100%|██████████| 25/25 00:07
Class     Images  Instances          P          R      mAP50   mAP50-95: 100%|██████████| 8/8 00:18
all       1000        939      0.469      0.285      0.337      0.156
Epoch    GPU_mem   box_loss   obj_loss   cls_loss  Instances       Size
93/99      13.9G    0.01764   0.003249  0.0003198         37        640: 100%|██████████| 25/25 00:06
Class     Images  Instances          P          R      mAP50   mAP50-95: 100%|██████████| 8/8 00:17
all       1000        939      0.467      0.284       0.33       0.15
Epoch    GPU_mem   box_loss   obj_loss   cls_loss  Instances       Size
94/99      13.9G    0.01815   0.003222  0.0002588         42        640: 100%|██████████| 25/25 00:07
Class     Images  Instances          P          R      mAP50   mAP50-95: 100%|██████████| 8/8 00:18
all       1000        939      0.464      0.291      0.337      0.153
Epoch    GPU_mem   box_loss   obj_loss   cls_loss  Instances       Size
95/99      13.9G    0.01812   0.003083  0.0003299         32        640: 100%|██████████| 25/25 00:07
Class     Images  Instances          P          R      mAP50   mAP50-95: 100%|██████████| 8/8 00:19
all       1000        939      0.461      0.298      0.341      0.154
Epoch    GPU_mem   box_loss   obj_loss   cls_loss  Instances       Size
96/99      13.9G    0.01766    0.00292   0.000215         43        640: 100%|██████████| 25/25 00:06
Class     Images  Instances          P          R      mAP50   mAP50-95: 100%|██████████| 8/8 00:20
all       1000        939      0.443      0.304      0.339      0.156
Epoch    GPU_mem   box_loss   obj_loss   cls_loss  Instances       Size
97/99      13.9G    0.01696   0.002915  0.0002043         40        640: 100%|██████████| 25/25 00:05
Class     Images  Instances          P          R      mAP50   mAP50-95: 100%|██████████| 8/8 00:19
all       1000        939       0.46      0.298      0.341      0.155
Epoch    GPU_mem   box_loss   obj_loss   cls_loss  Instances       Size
98/99      13.9G    0.01694    0.00302  0.0002671         32        640: 100%|██████████| 25/25 00:05
Class     Images  Instances          P          R      mAP50   mAP50-95: 100%|██████████| 8/8 00:20
all       1000        939      0.459      0.298      0.343      0.157
Epoch    GPU_mem   box_loss   obj_loss   cls_loss  Instances       Size
99/99      13.9G    0.01717   0.003053  0.0001731         48        640: 100%|██████████| 25/25 00:06
Class     Images  Instances          P          R      mAP50   mAP50-95: 100%|██████████| 8/8 00:20
all       1000        939      0.465      0.296      0.337      0.151
100 epochs completed in 0.836 hours.
Optimizer stripped from /home/lijinhe/work/YOLO_Retraining/runs/sequences/0814-214349__seq-random-replay__stage0-stage3__yolov5s__s42/tasks/003__stage3__random-replay/backend/yolov5/train/weights/last.pt, 14.4MB
Optimizer stripped from /home/lijinhe/work/YOLO_Retraining/runs/sequences/0814-214349__seq-random-replay__stage0-stage3__yolov5s__s42/tasks/003__stage3__random-replay/backend/yolov5/train/weights/best.pt, 14.4MB
Validating /home/lijinhe/work/YOLO_Retraining/runs/sequences/0814-214349__seq-random-replay__stage0-stage3__yolov5s__s42/tasks/003__stage3__random-replay/backend/yolov5/train/weights/best.pt...
Fusing layers...
Model summary: 157 layers, 7020913 parameters, 0 gradients, 15.8 GFLOPs
Class     Images  Instances          P          R      mAP50   mAP50-95: 100%|██████████| 8/8 00:19
all       1000        939      0.755      0.412       0.45      0.215
large luggage       1000        358      0.468      0.656      0.592      0.289
stroller       1000        413      0.783      0.558       0.64       0.28
wheelchair       1000        155       0.77      0.433      0.555      0.286
flatbed truck       1000         13          1          0     0.0134    0.00538
Results saved to /home/lijinhe/work/YOLO_Retraining/runs/sequences/0814-214349__seq-random-replay__stage0-stage3__yolov5s__s42/tasks/003__stage3__random-replay/backend/yolov5/train
[YOLOv5] compacted progress updates: 6294 -> 203 lines
[YOLOv5] coalesced warning: incomplete JPEG accepted read-only; count=2546; by_source=train=1550, val=996
[YOLOv5] warning example: train: WARNING ⚠️ /home/lijinhe/work/YOLO_Retraining/data/self_improving/images/0720_10/04501_1784522053486381_0.jpg: incomplete JPEG accepted read-only
[YOLOv5] warning example: train: WARNING ⚠️ /home/lijinhe/work/YOLO_Retraining/data/self_improving/images/0720_10/04534_1784522124020400_0.jpg: incomplete JPEG accepted read-only
[YOLOv5] warning example: train: WARNING ⚠️ /home/lijinhe/work/YOLO_Retraining/data/self_improving/images/0720_10/04551_1784522159407409_0.jpg: incomplete JPEG accepted read-only
