train: weights=/home/lijinhe/work/YOLO_Retraining/.third_party/yolov5/yolov5s.pt, cfg=, data=/home/lijinhe/work/YOLO_Retraining/runs/studies/balance_learning_curve_2batch_dedup_contrast/sequences/Balance_LC2B_ordered_dedup_tau099__seq-full-cold__stage0-stage7__yolov5s__s42/tasks/003__stage3__full-cold/data/backend_data.yaml, hyp=data/hyps/hyp.scratch-low.yaml, epochs=100, batch_size=64, imgsz=640, rect=False, resume=False, nosave=False, noval=False, noautoanchor=False, noplots=True, evolve=None, bucket=, cache=None, image_weights=False, device=0, multi_scale=False, single_cls=False, optimizer=SGD, sync_bn=False, workers=16, project=/home/lijinhe/work/YOLO_Retraining/runs/studies/balance_learning_curve_2batch_dedup_contrast/sequences/Balance_LC2B_ordered_dedup_tau099__seq-full-cold__stage0-stage7__yolov5s__s42/tasks/003__stage3__full-cold/backend/yolov5, name=train, exist_ok=True, quad=False, cos_lr=False, label_smoothing=0.0, patience=100, freeze=[0], save_period=-1, seed=45, local_rank=-1, entity=None, upload_dataset=False, bbox_interval=-1, artifact_alias=latest
github: skipping check (offline), for updates see https://github.com/ultralytics/yolov5
YOLOv5 🚀 v7.0-0-g915bbf29 Python-3.10.20 torch-2.2.2+cu121 CUDA:0 (NVIDIA H100 PCIe, 81090MiB)
hyperparameters: lr0=0.01, lrf=0.01, momentum=0.937, weight_decay=0.0005, warmup_epochs=3.0, warmup_momentum=0.8, warmup_bias_lr=0.1, box=0.05, cls=0.5, cls_pw=1.0, obj=1.0, obj_pw=1.0, iou_t=0.2, anchor_t=4.0, fl_gamma=0.0, hsv_h=0.015, hsv_s=0.7, hsv_v=0.4, degrees=0.0, translate=0.1, scale=0.5, shear=0.0, perspective=0.0, flipud=0.0, fliplr=0.5, mosaic=1.0, mixup=0.0, copy_paste=0.0
ClearML: run 'pip install clearml' to automatically track, visualize and remotely train YOLOv5 🚀 in ClearML
Comet: run 'pip install comet_ml' to automatically track and visualize YOLOv5 🚀 runs in Comet
TensorBoard: Start with 'tensorboard --logdir /home/lijinhe/work/YOLO_Retraining/runs/studies/balance_learning_curve_2batch_dedup_contrast/sequences/Balance_LC2B_ordered_dedup_tau099__seq-full-cold__stage0-stage7__yolov5s__s42/tasks/003__stage3__full-cold/backend/yolov5', view at http://localhost:6006/
Overriding model.yaml nc=80 with nc=4
from  n    params  module                                  arguments
0                -1  1      3520  models.common.Conv                      [3, 32, 6, 2, 2]
1                -1  1     18560  models.common.Conv                      [32, 64, 3, 2]
2                -1  1     18816  models.common.C3                        [64, 64, 1]
3                -1  1     73984  models.common.Conv                      [64, 128, 3, 2]
4                -1  2    115712  models.common.C3                        [128, 128, 2]
5                -1  1    295424  models.common.Conv                      [128, 256, 3, 2]
6                -1  3    625152  models.common.C3                        [256, 256, 3]
7                -1  1   1180672  models.common.Conv                      [256, 512, 3, 2]
8                -1  1   1182720  models.common.C3                        [512, 512, 1]
9                -1  1    656896  models.common.SPPF                      [512, 512, 5]
10                -1  1    131584  models.common.Conv                      [512, 256, 1, 1]
11                -1  1         0  torch.nn.modules.upsampling.Upsample    [None, 2, 'nearest']
12           [-1, 6]  1         0  models.common.Concat                    [1]
13                -1  1    361984  models.common.C3                        [512, 256, 1, False]
14                -1  1     33024  models.common.Conv                      [256, 128, 1, 1]
15                -1  1         0  torch.nn.modules.upsampling.Upsample    [None, 2, 'nearest']
16           [-1, 4]  1         0  models.common.Concat                    [1]
17                -1  1     90880  models.common.C3                        [256, 128, 1, False]
18                -1  1    147712  models.common.Conv                      [128, 128, 3, 2]
19          [-1, 14]  1         0  models.common.Concat                    [1]
20                -1  1    296448  models.common.C3                        [256, 256, 1, False]
21                -1  1    590336  models.common.Conv                      [256, 256, 3, 2]
22          [-1, 10]  1         0  models.common.Concat                    [1]
23                -1  1   1182720  models.common.C3                        [512, 512, 1, False]
24      [17, 20, 23]  1     24273  models.yolo.Detect                      [4, [[10, 13, 16, 30, 33, 23], [30, 61, 62, 45, 59, 119], [116, 90, 156, 198, 373, 326]], [128, 256, 512]]
Model summary: 214 layers, 7030417 parameters, 7030417 gradients, 16.0 GFLOPs
Transferred 343/349 items from /home/lijinhe/work/YOLO_Retraining/.third_party/yolov5/yolov5s.pt
AMP: checks passed ✅
optimizer: SGD(lr=0.01) with parameter groups 57 weight(decay=0.0), 60 weight(decay=0.0005), 60 bias
train: Scanning /home/lijinhe/work/YOLO_Retraining/runs/studies/balance_learning_curve_2batch_dedup_contrast/sequences/Balance_LC2B_ordered_dedup_tau099__seq-full-cold__stage0-stage7__yolov5s__s42/tasks/003__stage3__full-cold/data/backend_train_images... 3426 images, 1422 backgrounds, 0 corrupt: 100%|██████████| 3426/3426 00:12
train: New cache created: /home/lijinhe/work/YOLO_Retraining/runs/studies/balance_learning_curve_2batch_dedup_contrast/sequences/Balance_LC2B_ordered_dedup_tau099__seq-full-cold__stage0-stage7__yolov5s__s42/tasks/003__stage3__full-cold/data/backend_train_images.cache
val: Scanning /home/lijinhe/work/YOLO_Retraining/runs/studies/balance_learning_curve_2batch_dedup_contrast/sequences/Balance_LC2B_ordered_dedup_tau099__seq-full-cold__stage0-stage7__yolov5s__s42/tasks/003__stage3__full-cold/data/backend_validation_images... 1000 images, 499 backgrounds, 0 corrupt: 100%|██████████| 1000/1000 00:06
val: New cache created: /home/lijinhe/work/YOLO_Retraining/runs/studies/balance_learning_curve_2batch_dedup_contrast/sequences/Balance_LC2B_ordered_dedup_tau099__seq-full-cold__stage0-stage7__yolov5s__s42/tasks/003__stage3__full-cold/data/backend_validation_images.cache
AutoAnchor: 5.68 anchors/target, 1.000 Best Possible Recall (BPR). Current anchors are a good fit to dataset ✅
Image sizes 640 train, 640 val
Using 16 dataloader workers
Logging results to /home/lijinhe/work/YOLO_Retraining/runs/studies/balance_learning_curve_2batch_dedup_contrast/sequences/Balance_LC2B_ordered_dedup_tau099__seq-full-cold__stage0-stage7__yolov5s__s42/tasks/003__stage3__full-cold/backend/yolov5/train
Starting training for 100 epochs...
Epoch    GPU_mem   box_loss   obj_loss   cls_loss  Instances       Size
0/99      13.9G    0.09621    0.02231    0.03603         47        640: 100%|██████████| 54/54 00:28
Class     Images  Instances          P          R      mAP50   mAP50-95: 100%|██████████| 8/8 00:32
all       1000        641    0.00332      0.448     0.0268    0.00861
Epoch    GPU_mem   box_loss   obj_loss   cls_loss  Instances       Size
1/99      13.9G    0.06884    0.01641    0.02109         46        640: 100%|██████████| 54/54 00:13
Class     Images  Instances          P          R      mAP50   mAP50-95: 100%|██████████| 8/8 00:18
all       1000        641      0.628      0.174      0.145     0.0433
Epoch    GPU_mem   box_loss   obj_loss   cls_loss  Instances       Size
2/99      13.9G    0.06314    0.01354    0.01539         49        640: 100%|██████████| 54/54 00:18
Class     Images  Instances          P          R      mAP50   mAP50-95: 100%|██████████| 8/8 00:12
all       1000        641      0.722      0.174      0.226     0.0863
Epoch    GPU_mem   box_loss   obj_loss   cls_loss  Instances       Size
3/99      13.9G    0.05875    0.01221    0.01435         40        640: 100%|██████████| 54/54 00:13
Class     Images  Instances          P          R      mAP50   mAP50-95: 100%|██████████| 8/8 00:50
all       1000        641      0.434      0.199      0.126     0.0409
Epoch    GPU_mem   box_loss   obj_loss   cls_loss  Instances       Size
4/99      13.9G    0.05465    0.01183     0.0134         57        640: 100%|██████████| 54/54 00:14
Class     Images  Instances          P          R      mAP50   mAP50-95: 100%|██████████| 8/8 00:14
all       1000        641      0.675      0.293      0.302      0.114
Epoch    GPU_mem   box_loss   obj_loss   cls_loss  Instances       Size
5/99      13.9G    0.05421    0.01165    0.01222         45        640: 100%|██████████| 54/54 00:17
Class     Images  Instances          P          R      mAP50   mAP50-95: 100%|██████████| 8/8 00:11
all       1000        641      0.683      0.229      0.264      0.115
Epoch    GPU_mem   box_loss   obj_loss   cls_loss  Instances       Size
6/99      13.9G    0.05212    0.01157    0.01134         55        640: 100%|██████████| 54/54 00:13
Class     Images  Instances          P          R      mAP50   mAP50-95: 100%|██████████| 8/8 00:11
all       1000        641      0.616      0.325      0.305      0.132
Epoch    GPU_mem   box_loss   obj_loss   cls_loss  Instances       Size
7/99      13.9G    0.05051    0.01143    0.01024         61        640: 100%|██████████| 54/54 00:14
Class     Images  Instances          P          R      mAP50   mAP50-95: 100%|██████████| 8/8 00:34
all       1000        641       0.68      0.281      0.282      0.116
Epoch    GPU_mem   box_loss   obj_loss   cls_loss  Instances       Size
8/99      13.9G    0.05002    0.01109   0.009827         47        640: 100%|██████████| 54/54 00:16
Class     Images  Instances          P          R      mAP50   mAP50-95: 100%|██████████| 8/8 00:10
all       1000        641      0.669      0.339       0.34      0.139
Epoch    GPU_mem   box_loss   obj_loss   cls_loss  Instances       Size
9/99      13.9G     0.0489    0.01119    0.00879         55        640: 100%|██████████| 54/54 00:23
Class     Images  Instances          P          R      mAP50   mAP50-95: 100%|██████████| 8/8 00:11
all       1000        641      0.719      0.304      0.348      0.163
Epoch    GPU_mem   box_loss   obj_loss   cls_loss  Instances       Size
10/99      13.9G    0.04821    0.01064   0.009413         49        640: 100%|██████████| 54/54 00:15
Class     Images  Instances          P          R      mAP50   mAP50-95: 100%|██████████| 8/8 00:11
all       1000        641      0.649      0.319      0.328       0.14
Epoch    GPU_mem   box_loss   obj_loss   cls_loss  Instances       Size
11/99      13.9G    0.04666    0.01059   0.008001         59        640: 100%|██████████| 54/54 00:13
Class     Images  Instances          P          R      mAP50   mAP50-95: 100%|██████████| 8/8 00:11
all       1000        641      0.689      0.323      0.363      0.165
Epoch    GPU_mem   box_loss   obj_loss   cls_loss  Instances       Size
12/99      13.9G    0.04631    0.01055   0.008198         44        640: 100%|██████████| 54/54 00:14
Class     Images  Instances          P          R      mAP50   mAP50-95: 100%|██████████| 8/8 00:11
all       1000        641      0.812      0.364      0.409      0.191
Epoch    GPU_mem   box_loss   obj_loss   cls_loss  Instances       Size
13/99      13.9G    0.04584    0.01041     0.0084         55        640: 100%|██████████| 54/54 00:15
Class     Images  Instances          P          R      mAP50   mAP50-95: 100%|██████████| 8/8 00:11
all       1000        641      0.717      0.351      0.371       0.16
Epoch    GPU_mem   box_loss   obj_loss   cls_loss  Instances       Size
14/99      13.9G    0.04484    0.01035   0.007253         35        640: 100%|██████████| 54/54 00:13
Class     Images  Instances          P          R      mAP50   mAP50-95: 100%|██████████| 8/8 00:10
all       1000        641      0.705       0.37      0.386      0.163
Epoch    GPU_mem   box_loss   obj_loss   cls_loss  Instances       Size
15/99      13.9G    0.04459    0.01019    0.00758         54        640: 100%|██████████| 54/54 00:16
Class     Images  Instances          P          R      mAP50   mAP50-95: 100%|██████████| 8/8 00:10
all       1000        641        0.7      0.341      0.361      0.169
Epoch    GPU_mem   box_loss   obj_loss   cls_loss  Instances       Size
16/99      13.9G    0.04366    0.01015   0.007006         57        640: 100%|██████████| 54/54 00:16
Class     Images  Instances          P          R      mAP50   mAP50-95: 100%|██████████| 8/8 00:12
all       1000        641      0.732      0.345      0.364       0.18
Epoch    GPU_mem   box_loss   obj_loss   cls_loss  Instances       Size
17/99      13.9G    0.04312   0.009953   0.006928         46        640: 100%|██████████| 54/54 00:13
Class     Images  Instances          P          R      mAP50   mAP50-95: 100%|██████████| 8/8 00:11
all       1000        641      0.792      0.342      0.428      0.203
Epoch    GPU_mem   box_loss   obj_loss   cls_loss  Instances       Size
18/99      13.9G    0.04288   0.009965   0.007004         45        640: 100%|██████████| 54/54 00:15
Class     Images  Instances          P          R      mAP50   mAP50-95: 100%|██████████| 8/8 00:27
all       1000        641      0.665      0.354      0.374      0.183
Epoch    GPU_mem   box_loss   obj_loss   cls_loss  Instances       Size
19/99      13.9G    0.04219   0.009671   0.005838         45        640: 100%|██████████| 54/54 00:15
Class     Images  Instances          P          R      mAP50   mAP50-95: 100%|██████████| 8/8 00:18
all       1000        641      0.714      0.402      0.428      0.211
Epoch    GPU_mem   box_loss   obj_loss   cls_loss  Instances       Size
20/99      13.9G    0.04174   0.009635   0.006226         53        640: 100%|██████████| 54/54 00:14
Class     Images  Instances          P          R      mAP50   mAP50-95: 100%|██████████| 8/8 00:11
all       1000        641      0.775      0.391      0.431      0.213
Epoch    GPU_mem   box_loss   obj_loss   cls_loss  Instances       Size
21/99      13.9G    0.04115   0.009439   0.005498         42        640: 100%|██████████| 54/54 00:15
Class     Images  Instances          P          R      mAP50   mAP50-95: 100%|██████████| 8/8 00:12
all       1000        641      0.764      0.342      0.393      0.205
Epoch    GPU_mem   box_loss   obj_loss   cls_loss  Instances       Size
22/99      13.9G    0.04165   0.009551    0.00567         67        640: 100%|██████████| 54/54 00:13
Class     Images  Instances          P          R      mAP50   mAP50-95: 100%|██████████| 8/8 00:12
all       1000        641      0.826      0.369      0.425      0.217
Epoch    GPU_mem   box_loss   obj_loss   cls_loss  Instances       Size
23/99      13.9G    0.04056    0.00967   0.005918         46        640: 100%|██████████| 54/54 00:16
Class     Images  Instances          P          R      mAP50   mAP50-95: 100%|██████████| 8/8 00:11
all       1000        641      0.797      0.414      0.445      0.223
Epoch    GPU_mem   box_loss   obj_loss   cls_loss  Instances       Size
24/99      13.9G    0.04027   0.009334   0.005564         59        640: 100%|██████████| 54/54 00:15
Class     Images  Instances          P          R      mAP50   mAP50-95: 100%|██████████| 8/8 00:08
all       1000        641      0.731      0.396      0.437      0.236
Epoch    GPU_mem   box_loss   obj_loss   cls_loss  Instances       Size
25/99      13.9G    0.03984   0.009152   0.005217         46        640: 100%|██████████| 54/54 00:14
Class     Images  Instances          P          R      mAP50   mAP50-95: 100%|██████████| 8/8 00:10
all       1000        641      0.738      0.394       0.43       0.22
Epoch    GPU_mem   box_loss   obj_loss   cls_loss  Instances       Size
26/99      13.9G    0.03959   0.009469   0.005625         48        640: 100%|██████████| 54/54 00:16
Class     Images  Instances          P          R      mAP50   mAP50-95: 100%|██████████| 8/8 00:10
all       1000        641      0.737      0.395      0.437      0.221
Epoch    GPU_mem   box_loss   obj_loss   cls_loss  Instances       Size
27/99      13.9G    0.03924   0.009413   0.005473         29        640: 100%|██████████| 54/54 00:13
Class     Images  Instances          P          R      mAP50   mAP50-95: 100%|██████████| 8/8 00:10
all       1000        641      0.734       0.41      0.444      0.209
Epoch    GPU_mem   box_loss   obj_loss   cls_loss  Instances       Size
28/99      13.9G    0.03849   0.009219   0.004471         47        640: 100%|██████████| 54/54 00:13
Class     Images  Instances          P          R      mAP50   mAP50-95: 100%|██████████| 8/8 00:10
all       1000        641      0.839      0.385      0.455      0.221
Epoch    GPU_mem   box_loss   obj_loss   cls_loss  Instances       Size
29/99      13.9G    0.03881   0.009074   0.004831         54        640: 100%|██████████| 54/54 00:16
Class     Images  Instances          P          R      mAP50   mAP50-95: 100%|██████████| 8/8 00:11
all       1000        641      0.801       0.38      0.431       0.22
Epoch    GPU_mem   box_loss   obj_loss   cls_loss  Instances       Size
30/99      13.9G    0.03837   0.009185   0.004414         58        640: 100%|██████████| 54/54 00:13
Class     Images  Instances          P          R      mAP50   mAP50-95: 100%|██████████| 8/8 00:11
all       1000        641      0.794      0.371       0.43      0.215
Epoch    GPU_mem   box_loss   obj_loss   cls_loss  Instances       Size
31/99      13.9G    0.03775   0.008814   0.004263         48        640: 100%|██████████| 54/54 00:16
Class     Images  Instances          P          R      mAP50   mAP50-95: 100%|██████████| 8/8 00:10
all       1000        641      0.796      0.367      0.436      0.224
Epoch    GPU_mem   box_loss   obj_loss   cls_loss  Instances       Size
32/99      13.9G    0.03771   0.008807   0.004412         60        640: 100%|██████████| 54/54 00:16
Class     Images  Instances          P          R      mAP50   mAP50-95: 100%|██████████| 8/8 00:10
all       1000        641      0.817      0.408      0.449      0.232
Epoch    GPU_mem   box_loss   obj_loss   cls_loss  Instances       Size
33/99      13.9G    0.03744   0.008778   0.004032         39        640: 100%|██████████| 54/54 00:13
Class     Images  Instances          P          R      mAP50   mAP50-95: 100%|██████████| 8/8 00:11
all       1000        641      0.815      0.434      0.467      0.237
Epoch    GPU_mem   box_loss   obj_loss   cls_loss  Instances       Size
34/99      13.9G    0.03656   0.008576   0.003426         54        640: 100%|██████████| 54/54 00:16
Class     Images  Instances          P          R      mAP50   mAP50-95: 100%|██████████| 8/8 00:10
all       1000        641      0.805      0.397      0.434      0.217
Epoch    GPU_mem   box_loss   obj_loss   cls_loss  Instances       Size
35/99      13.9G    0.03687   0.008502   0.004237         55        640: 100%|██████████| 54/54 00:13
Class     Images  Instances          P          R      mAP50   mAP50-95: 100%|██████████| 8/8 00:11
all       1000        641      0.804      0.415      0.476      0.241
Epoch    GPU_mem   box_loss   obj_loss   cls_loss  Instances       Size
36/99      13.9G    0.03621   0.008407   0.003873         49        640: 100%|██████████| 54/54 00:13
Class     Images  Instances          P          R      mAP50   mAP50-95: 100%|██████████| 8/8 00:10
all       1000        641      0.785      0.402      0.439       0.22
Epoch    GPU_mem   box_loss   obj_loss   cls_loss  Instances       Size
37/99      13.9G    0.03577   0.008389    0.00301         48        640: 100%|██████████| 54/54 00:16
Class     Images  Instances          P          R      mAP50   mAP50-95: 100%|██████████| 8/8 00:11
all       1000        641      0.819      0.391      0.457      0.237
Epoch    GPU_mem   box_loss   obj_loss   cls_loss  Instances       Size
38/99      13.9G    0.03569   0.008305   0.003548         46        640: 100%|██████████| 54/54 00:14
Class     Images  Instances          P          R      mAP50   mAP50-95: 100%|██████████| 8/8 00:11
all       1000        641      0.817       0.39      0.496      0.263
Epoch    GPU_mem   box_loss   obj_loss   cls_loss  Instances       Size
39/99      13.9G    0.03478   0.008243   0.003402         52        640: 100%|██████████| 54/54 00:15
Class     Images  Instances          P          R      mAP50   mAP50-95: 100%|██████████| 8/8 00:10
all       1000        641      0.781      0.415      0.458      0.231
Epoch    GPU_mem   box_loss   obj_loss   cls_loss  Instances       Size
40/99      13.9G    0.03457   0.008236   0.002891         51        640: 100%|██████████| 54/54 00:16
Class     Images  Instances          P          R      mAP50   mAP50-95: 100%|██████████| 8/8 00:10
all       1000        641       0.83      0.384      0.443      0.243
Epoch    GPU_mem   box_loss   obj_loss   cls_loss  Instances       Size
41/99      13.9G    0.03449    0.00796   0.003221         44        640: 100%|██████████| 54/54 00:14
Class     Images  Instances          P          R      mAP50   mAP50-95: 100%|██████████| 8/8 00:11
all       1000        641      0.826      0.404      0.458      0.246
Epoch    GPU_mem   box_loss   obj_loss   cls_loss  Instances       Size
42/99      13.9G     0.0343   0.008262   0.002832         53        640: 100%|██████████| 54/54 00:15
Class     Images  Instances          P          R      mAP50   mAP50-95: 100%|██████████| 8/8 00:10
all       1000        641      0.781      0.433      0.483      0.251
Epoch    GPU_mem   box_loss   obj_loss   cls_loss  Instances       Size
43/99      13.9G    0.03382   0.008083   0.003469         52        640: 100%|██████████| 54/54 00:13
Class     Images  Instances          P          R      mAP50   mAP50-95: 100%|██████████| 8/8 00:10
all       1000        641       0.82      0.397      0.469      0.258
Epoch    GPU_mem   box_loss   obj_loss   cls_loss  Instances       Size
44/99      13.9G    0.03389   0.007991   0.003134         45        640: 100%|██████████| 54/54 00:13
Class     Images  Instances          P          R      mAP50   mAP50-95: 100%|██████████| 8/8 00:10
all       1000        641      0.769      0.421      0.456       0.24
Epoch    GPU_mem   box_loss   obj_loss   cls_loss  Instances       Size
45/99      13.9G    0.03365   0.007873   0.002701         55        640: 100%|██████████| 54/54 00:16
Class     Images  Instances          P          R      mAP50   mAP50-95: 100%|██████████| 8/8 00:10
all       1000        641      0.781       0.43      0.476      0.257
Epoch    GPU_mem   box_loss   obj_loss   cls_loss  Instances       Size
46/99      13.9G    0.03317   0.007871   0.002866         49        640: 100%|██████████| 54/54 00:13
Class     Images  Instances          P          R      mAP50   mAP50-95: 100%|██████████| 8/8 00:11
all       1000        641      0.832      0.382      0.458      0.244
Epoch    GPU_mem   box_loss   obj_loss   cls_loss  Instances       Size
47/99      13.9G    0.03297   0.007816   0.002655         44        640: 100%|██████████| 54/54 00:15
Class     Images  Instances          P          R      mAP50   mAP50-95: 100%|██████████| 8/8 00:11
all       1000        641      0.785      0.424      0.466      0.251
Epoch    GPU_mem   box_loss   obj_loss   cls_loss  Instances       Size
48/99      13.9G     0.0329   0.007736   0.002575         50        640: 100%|██████████| 54/54 00:16
Class     Images  Instances          P          R      mAP50   mAP50-95: 100%|██████████| 8/8 00:10
all       1000        641       0.75      0.433      0.451      0.232
Epoch    GPU_mem   box_loss   obj_loss   cls_loss  Instances       Size
49/99      13.9G    0.03239   0.007743   0.002529         40        640: 100%|██████████| 54/54 00:13
Class     Images  Instances          P          R      mAP50   mAP50-95: 100%|██████████| 8/8 00:11
all       1000        641      0.808      0.421      0.474      0.262
Epoch    GPU_mem   box_loss   obj_loss   cls_loss  Instances       Size
50/99      13.9G    0.03235   0.007778   0.002604         55        640: 100%|██████████| 54/54 00:16
Class     Images  Instances          P          R      mAP50   mAP50-95: 100%|██████████| 8/8 00:10
all       1000        641       0.82        0.4      0.472      0.252
Epoch    GPU_mem   box_loss   obj_loss   cls_loss  Instances       Size
51/99      13.9G    0.03172   0.007307   0.002047         53        640: 100%|██████████| 54/54 00:13
Class     Images  Instances          P          R      mAP50   mAP50-95: 100%|██████████| 8/8 00:10
all       1000        641      0.772      0.453      0.471      0.256
Epoch    GPU_mem   box_loss   obj_loss   cls_loss  Instances       Size
52/99      13.9G     0.0316   0.007414   0.002152         47        640: 100%|██████████| 54/54 00:15
Class     Images  Instances          P          R      mAP50   mAP50-95: 100%|██████████| 8/8 00:10
all       1000        641       0.84      0.409      0.463      0.249
Epoch    GPU_mem   box_loss   obj_loss   cls_loss  Instances       Size
53/99      13.9G    0.03172   0.007709   0.002491         42        640: 100%|██████████| 54/54 00:15
Class     Images  Instances          P          R      mAP50   mAP50-95: 100%|██████████| 8/8 00:10
all       1000        641      0.798        0.4      0.449      0.231
Epoch    GPU_mem   box_loss   obj_loss   cls_loss  Instances       Size
54/99      13.9G    0.03127   0.007475   0.002243         44        640: 100%|██████████| 54/54 00:13
Class     Images  Instances          P          R      mAP50   mAP50-95: 100%|██████████| 8/8 00:11
all       1000        641      0.835      0.408      0.466      0.253
Epoch    GPU_mem   box_loss   obj_loss   cls_loss  Instances       Size
55/99      13.9G    0.03091    0.00746   0.002353         38        640: 100%|██████████| 54/54 00:13
Class     Images  Instances          P          R      mAP50   mAP50-95: 100%|██████████| 8/8 00:11
all       1000        641       0.77      0.402      0.436      0.218
Epoch    GPU_mem   box_loss   obj_loss   cls_loss  Instances       Size
56/99      13.9G    0.03044   0.007309   0.002001         50        640: 100%|██████████| 54/54 00:20
Class     Images  Instances          P          R      mAP50   mAP50-95: 100%|██████████| 8/8 00:09
all       1000        641      0.842      0.387      0.456      0.239
Epoch    GPU_mem   box_loss   obj_loss   cls_loss  Instances       Size
57/99      13.9G    0.03039   0.007206   0.001997         37        640: 100%|██████████| 54/54 00:14
Class     Images  Instances          P          R      mAP50   mAP50-95: 100%|██████████| 8/8 00:11
all       1000        641      0.823      0.368      0.438       0.24
Epoch    GPU_mem   box_loss   obj_loss   cls_loss  Instances       Size
58/99      13.9G    0.03005   0.007312   0.001933         41        640: 100%|██████████| 54/54 00:13
Class     Images  Instances          P          R      mAP50   mAP50-95: 100%|██████████| 8/8 00:10
all       1000        641       0.76      0.415       0.45      0.241
Epoch    GPU_mem   box_loss   obj_loss   cls_loss  Instances       Size
59/99      13.9G    0.02988   0.007208   0.002005         55        640: 100%|██████████| 54/54 00:14
Class     Images  Instances          P          R      mAP50   mAP50-95: 100%|██████████| 8/8 00:11
all       1000        641      0.804      0.437       0.47      0.247
Epoch    GPU_mem   box_loss   obj_loss   cls_loss  Instances       Size
60/99      13.9G    0.02962   0.007115   0.002105         59        640: 100%|██████████| 54/54 00:14
Class     Images  Instances          P          R      mAP50   mAP50-95: 100%|██████████| 8/8 00:11
all       1000        641      0.749      0.452      0.455      0.248
Epoch    GPU_mem   box_loss   obj_loss   cls_loss  Instances       Size
61/99      13.9G    0.02995   0.007024   0.002057         44        640: 100%|██████████| 54/54 00:14
Class     Images  Instances          P          R      mAP50   mAP50-95: 100%|██████████| 8/8 00:10
all       1000        641      0.805      0.434      0.477      0.261
Epoch    GPU_mem   box_loss   obj_loss   cls_loss  Instances       Size
62/99      13.9G     0.0292   0.006973   0.001816         46        640: 100%|██████████| 54/54 00:13
Class     Images  Instances          P          R      mAP50   mAP50-95: 100%|██████████| 8/8 00:10
all       1000        641      0.814      0.441      0.467      0.253
Epoch    GPU_mem   box_loss   obj_loss   cls_loss  Instances       Size
63/99      13.9G    0.02925   0.006972    0.00175         39        640: 100%|██████████| 54/54 00:13
Class     Images  Instances          P          R      mAP50   mAP50-95: 100%|██████████| 8/8 00:10
all       1000        641      0.779      0.458      0.477      0.263
Epoch    GPU_mem   box_loss   obj_loss   cls_loss  Instances       Size
64/99      13.9G    0.02877   0.006952   0.001897         41        640: 100%|██████████| 54/54 00:13
Class     Images  Instances          P          R      mAP50   mAP50-95: 100%|██████████| 8/8 00:11
all       1000        641      0.806      0.447      0.479      0.269
Epoch    GPU_mem   box_loss   obj_loss   cls_loss  Instances       Size
65/99      13.9G     0.0284    0.00708   0.001854         49        640: 100%|██████████| 54/54 00:13
Class     Images  Instances          P          R      mAP50   mAP50-95: 100%|██████████| 8/8 00:10
all       1000        641      0.796      0.445       0.47      0.256
Epoch    GPU_mem   box_loss   obj_loss   cls_loss  Instances       Size
66/99      13.9G    0.02836   0.006976   0.001494         46        640: 100%|██████████| 54/54 00:13
Class     Images  Instances          P          R      mAP50   mAP50-95: 100%|██████████| 8/8 00:11
all       1000        641      0.783      0.445      0.474      0.257
Epoch    GPU_mem   box_loss   obj_loss   cls_loss  Instances       Size
67/99      13.9G     0.0282   0.006768   0.001822         55        640: 100%|██████████| 54/54 00:13
Class     Images  Instances          P          R      mAP50   mAP50-95: 100%|██████████| 8/8 00:11
all       1000        641      0.796      0.443       0.47      0.254
Epoch    GPU_mem   box_loss   obj_loss   cls_loss  Instances       Size
68/99      13.9G    0.02768   0.006635   0.001474         45        640: 100%|██████████| 54/54 00:14
Class     Images  Instances          P          R      mAP50   mAP50-95: 100%|██████████| 8/8 00:10
all       1000        641      0.787      0.438      0.463      0.245
Epoch    GPU_mem   box_loss   obj_loss   cls_loss  Instances       Size
69/99      13.9G    0.02753   0.006823   0.001784         45        640: 100%|██████████| 54/54 00:14
Class     Images  Instances          P          R      mAP50   mAP50-95: 100%|██████████| 8/8 00:11
all       1000        641      0.821      0.422       0.47      0.254
Epoch    GPU_mem   box_loss   obj_loss   cls_loss  Instances       Size
70/99      13.9G    0.02766   0.006727   0.001471         44        640: 100%|██████████| 54/54 00:13
Class     Images  Instances          P          R      mAP50   mAP50-95: 100%|██████████| 8/8 00:11
all       1000        641      0.811       0.44      0.481      0.267
Epoch    GPU_mem   box_loss   obj_loss   cls_loss  Instances       Size
71/99      13.9G    0.02682   0.006501   0.001477         59        640: 100%|██████████| 54/54 00:15
Class     Images  Instances          P          R      mAP50   mAP50-95: 100%|██████████| 8/8 00:11
all       1000        641      0.828      0.426      0.492      0.277
Epoch    GPU_mem   box_loss   obj_loss   cls_loss  Instances       Size
72/99      13.9G    0.02673   0.006579   0.001256         41        640: 100%|██████████| 54/54 00:14
Class     Images  Instances          P          R      mAP50   mAP50-95: 100%|██████████| 8/8 00:10
all       1000        641      0.792       0.44      0.472      0.255
Epoch    GPU_mem   box_loss   obj_loss   cls_loss  Instances       Size
73/99      13.9G    0.02644   0.006247   0.001171         49        640: 100%|██████████| 54/54 00:14
Class     Images  Instances          P          R      mAP50   mAP50-95: 100%|██████████| 8/8 00:11
all       1000        641      0.793      0.456      0.481      0.263
Epoch    GPU_mem   box_loss   obj_loss   cls_loss  Instances       Size
74/99      13.9G    0.02685   0.006412    0.00135         57        640: 100%|██████████| 54/54 00:13
Class     Images  Instances          P          R      mAP50   mAP50-95: 100%|██████████| 8/8 00:11
all       1000        641      0.827      0.416      0.464      0.253
Epoch    GPU_mem   box_loss   obj_loss   cls_loss  Instances       Size
75/99      13.9G     0.0266   0.006448   0.001569         51        640: 100%|██████████| 54/54 00:14
Class     Images  Instances          P          R      mAP50   mAP50-95: 100%|██████████| 8/8 00:10
all       1000        641      0.834      0.438      0.491      0.271
Epoch    GPU_mem   box_loss   obj_loss   cls_loss  Instances       Size
76/99      13.9G    0.02584    0.00628   0.001111         53        640: 100%|██████████| 54/54 00:13
Class     Images  Instances          P          R      mAP50   mAP50-95: 100%|██████████| 8/8 00:10
all       1000        641      0.821      0.446      0.476      0.256
Epoch    GPU_mem   box_loss   obj_loss   cls_loss  Instances       Size
77/99      13.9G    0.02575   0.006221   0.001381         61        640: 100%|██████████| 54/54 00:14
Class     Images  Instances          P          R      mAP50   mAP50-95: 100%|██████████| 8/8 00:11
all       1000        641      0.852       0.43      0.485      0.269
Epoch    GPU_mem   box_loss   obj_loss   cls_loss  Instances       Size
78/99      13.9G    0.02606   0.006216   0.001265         67        640: 100%|██████████| 54/54 00:15
Class     Images  Instances          P          R      mAP50   mAP50-95: 100%|██████████| 8/8 00:11
all       1000        641       0.79      0.425       0.47      0.258
Epoch    GPU_mem   box_loss   obj_loss   cls_loss  Instances       Size
79/99      13.9G    0.02518   0.006304   0.001264         48        640: 100%|██████████| 54/54 00:13
Class     Images  Instances          P          R      mAP50   mAP50-95: 100%|██████████| 8/8 00:10
all       1000        641      0.848      0.431       0.49      0.278
Epoch    GPU_mem   box_loss   obj_loss   cls_loss  Instances       Size
80/99      13.9G    0.02495   0.006356   0.001081         66        640: 100%|██████████| 54/54 00:14
Class     Images  Instances          P          R      mAP50   mAP50-95: 100%|██████████| 8/8 00:10
all       1000        641      0.833      0.442      0.483      0.278
Epoch    GPU_mem   box_loss   obj_loss   cls_loss  Instances       Size
81/99      13.9G    0.02499   0.006098   0.001032         51        640: 100%|██████████| 54/54 00:14
Class     Images  Instances          P          R      mAP50   mAP50-95: 100%|██████████| 8/8 00:10
all       1000        641      0.864      0.436        0.5      0.284
Epoch    GPU_mem   box_loss   obj_loss   cls_loss  Instances       Size
82/99      13.9G    0.02437   0.006034   0.001082         56        640: 100%|██████████| 54/54 00:13
Class     Images  Instances          P          R      mAP50   mAP50-95: 100%|██████████| 8/8 00:11
all       1000        641      0.853      0.442      0.503      0.285
Epoch    GPU_mem   box_loss   obj_loss   cls_loss  Instances       Size
83/99      13.9G    0.02459   0.006016   0.001086         42        640: 100%|██████████| 54/54 00:13
Class     Images  Instances          P          R      mAP50   mAP50-95: 100%|██████████| 8/8 00:10
all       1000        641      0.789      0.468      0.494       0.28
Epoch    GPU_mem   box_loss   obj_loss   cls_loss  Instances       Size
84/99      13.9G    0.02474   0.005984   0.001149         76        640: 100%|██████████| 54/54 00:14
Class     Images  Instances          P          R      mAP50   mAP50-95: 100%|██████████| 8/8 00:10
all       1000        641       0.83      0.444      0.481      0.266
Epoch    GPU_mem   box_loss   obj_loss   cls_loss  Instances       Size
85/99      13.9G    0.02449   0.006007   0.001054         49        640: 100%|██████████| 54/54 00:14
Class     Images  Instances          P          R      mAP50   mAP50-95: 100%|██████████| 8/8 00:10
all       1000        641      0.822      0.452      0.488      0.273
Epoch    GPU_mem   box_loss   obj_loss   cls_loss  Instances       Size
86/99      13.9G    0.02425    0.00589  0.0009598         44        640: 100%|██████████| 54/54 00:13
Class     Images  Instances          P          R      mAP50   mAP50-95: 100%|██████████| 8/8 00:10
all       1000        641      0.875      0.421        0.5      0.283
Epoch    GPU_mem   box_loss   obj_loss   cls_loss  Instances       Size
87/99      13.9G    0.02426   0.005922   0.001261         47        640: 100%|██████████| 54/54 00:14
Class     Images  Instances          P          R      mAP50   mAP50-95: 100%|██████████| 8/8 00:09
all       1000        641      0.801       0.45      0.493      0.279
Epoch    GPU_mem   box_loss   obj_loss   cls_loss  Instances       Size
88/99      13.9G    0.02394   0.005821  0.0009589         36        640: 100%|██████████| 54/54 00:16
Class     Images  Instances          P          R      mAP50   mAP50-95: 100%|██████████| 8/8 00:28
all       1000        641      0.821      0.453        0.5      0.279
Epoch    GPU_mem   box_loss   obj_loss   cls_loss  Instances       Size
89/99      13.9G     0.0234   0.005837   0.001023         43        640: 100%|██████████| 54/54 00:15
Class     Images  Instances          P          R      mAP50   mAP50-95: 100%|██████████| 8/8 00:10
all       1000        641       0.85      0.427      0.502      0.282
Epoch    GPU_mem   box_loss   obj_loss   cls_loss  Instances       Size
90/99      13.9G     0.0233   0.005754  0.0007765         42        640: 100%|██████████| 54/54 00:14
Class     Images  Instances          P          R      mAP50   mAP50-95: 100%|██████████| 8/8 00:11
all       1000        641      0.867      0.425      0.503      0.287
Epoch    GPU_mem   box_loss   obj_loss   cls_loss  Instances       Size
91/99      13.9G    0.02313    0.00572   0.001036         38        640: 100%|██████████| 54/54 00:13
Class     Images  Instances          P          R      mAP50   mAP50-95: 100%|██████████| 8/8 00:10
all       1000        641      0.567       0.44        0.5      0.283
Epoch    GPU_mem   box_loss   obj_loss   cls_loss  Instances       Size
92/99      13.9G    0.02332   0.005806    0.00101         45        640: 100%|██████████| 54/54 00:14
Class     Images  Instances          P          R      mAP50   mAP50-95: 100%|██████████| 8/8 00:09
all       1000        641      0.532      0.504      0.504      0.288
Epoch    GPU_mem   box_loss   obj_loss   cls_loss  Instances       Size
93/99      13.9G    0.02285   0.005813  0.0009934         61        640: 100%|██████████| 54/54 00:13
Class     Images  Instances          P          R      mAP50   mAP50-95: 100%|██████████| 8/8 00:13
all       1000        641       0.59      0.444      0.506      0.282
Epoch    GPU_mem   box_loss   obj_loss   cls_loss  Instances       Size
94/99      13.9G    0.02251   0.005625  0.0008575         46        640: 100%|██████████| 54/54 00:13
Class     Images  Instances          P          R      mAP50   mAP50-95: 100%|██████████| 8/8 00:11
all       1000        641      0.595      0.438        0.5      0.285
Epoch    GPU_mem   box_loss   obj_loss   cls_loss  Instances       Size
95/99      13.9G     0.0225   0.005538  0.0007509         57        640: 100%|██████████| 54/54 00:13
Class     Images  Instances          P          R      mAP50   mAP50-95: 100%|██████████| 8/8 00:27
all       1000        641      0.581      0.445        0.5      0.283
Epoch    GPU_mem   box_loss   obj_loss   cls_loss  Instances       Size
96/99      13.9G    0.02214   0.005561  0.0008454         46        640: 100%|██████████| 54/54 00:14
Class     Images  Instances          P          R      mAP50   mAP50-95: 100%|██████████| 8/8 00:09
all       1000        641      0.594      0.448      0.504      0.284
Epoch    GPU_mem   box_loss   obj_loss   cls_loss  Instances       Size
97/99      13.9G    0.02169   0.005496  0.0008272         59        640: 100%|██████████| 54/54 00:15
Class     Images  Instances          P          R      mAP50   mAP50-95: 100%|██████████| 8/8 00:11
all       1000        641       0.58      0.451      0.499      0.283
Epoch    GPU_mem   box_loss   obj_loss   cls_loss  Instances       Size
98/99      13.9G    0.02165   0.005581  0.0007424         55        640: 100%|██████████| 54/54 00:24
Class     Images  Instances          P          R      mAP50   mAP50-95: 100%|██████████| 8/8 00:11
all       1000        641      0.529      0.503      0.496       0.28
Epoch    GPU_mem   box_loss   obj_loss   cls_loss  Instances       Size
99/99      13.9G    0.02177   0.005463  0.0007851         44        640: 100%|██████████| 54/54 00:18
Class     Images  Instances          P          R      mAP50   mAP50-95: 100%|██████████| 8/8 00:14
all       1000        641      0.546      0.459      0.501      0.283
100 epochs completed in 0.785 hours.
Optimizer stripped from /home/lijinhe/work/YOLO_Retraining/runs/studies/balance_learning_curve_2batch_dedup_contrast/sequences/Balance_LC2B_ordered_dedup_tau099__seq-full-cold__stage0-stage7__yolov5s__s42/tasks/003__stage3__full-cold/backend/yolov5/train/weights/last.pt, 14.4MB
Optimizer stripped from /home/lijinhe/work/YOLO_Retraining/runs/studies/balance_learning_curve_2batch_dedup_contrast/sequences/Balance_LC2B_ordered_dedup_tau099__seq-full-cold__stage0-stage7__yolov5s__s42/tasks/003__stage3__full-cold/backend/yolov5/train/weights/best.pt, 14.4MB
Validating /home/lijinhe/work/YOLO_Retraining/runs/studies/balance_learning_curve_2batch_dedup_contrast/sequences/Balance_LC2B_ordered_dedup_tau099__seq-full-cold__stage0-stage7__yolov5s__s42/tasks/003__stage3__full-cold/backend/yolov5/train/weights/best.pt...
Fusing layers...
Model summary: 157 layers, 7020913 parameters, 0 gradients, 15.8 GFLOPs
Class     Images  Instances          P          R      mAP50   mAP50-95: 100%|██████████| 8/8 00:10
all       1000        641      0.591      0.445      0.507      0.282
large luggage       1000        410      0.651       0.49      0.529      0.259
stroller       1000        169       0.77      0.657      0.718      0.379
wheelchair       1000         53      0.944      0.633      0.701      0.447
flatbed truck       1000          9          0          0     0.0815     0.0443
Results saved to /home/lijinhe/work/YOLO_Retraining/runs/studies/balance_learning_curve_2batch_dedup_contrast/sequences/Balance_LC2B_ordered_dedup_tau099__seq-full-cold__stage0-stage7__yolov5s__s42/tasks/003__stage3__full-cold/backend/yolov5/train
terminate called without an active exception
[YOLOv5] compacted progress updates: 12124 -> 203 lines
[YOLOv5] coalesced warning: incomplete JPEG accepted read-only; count=4365; by_source=train=3367, val=998
[YOLOv5] warning example: train: WARNING ⚠️ /home/lijinhe/work/YOLO_Retraining/data/self_improving/images/0720_1/00001_1780987846311329_0.jpg: incomplete JPEG accepted read-only
[YOLOv5] warning example: train: WARNING ⚠️ /home/lijinhe/work/YOLO_Retraining/data/self_improving/images/0720_1/00003_1780987872391333_0.jpg: incomplete JPEG accepted read-only
[YOLOv5] warning example: train: WARNING ⚠️ /home/lijinhe/work/YOLO_Retraining/data/self_improving/images/0720_1/00004_1780987883582335_0.jpg: incomplete JPEG accepted read-only
