train: weights=/home/lijinhe/work/YOLO_Retraining/runs/sequences/0813-165402__seq-full-warm__stage0-stage3__yolov5s__s42/tasks/000__stage0__full-warm/checkpoints/last.pt, cfg=, data=/home/lijinhe/work/YOLO_Retraining/runs/sequences/0813-165402__seq-full-warm__stage0-stage3__yolov5s__s42/tasks/001__stage1__full-warm/data/backend_data.yaml, hyp=data/hyps/hyp.scratch-low.yaml, epochs=100, batch_size=64, imgsz=640, rect=False, resume=False, nosave=False, noval=False, noautoanchor=False, noplots=True, evolve=None, bucket=, cache=None, image_weights=False, device=0, multi_scale=False, single_cls=False, optimizer=SGD, sync_bn=False, workers=8, project=/home/lijinhe/work/YOLO_Retraining/runs/sequences/0813-165402__seq-full-warm__stage0-stage3__yolov5s__s42/tasks/001__stage1__full-warm/backend/yolov5, name=train, exist_ok=True, quad=False, cos_lr=False, label_smoothing=0.0, patience=100, freeze=[0], save_period=-1, seed=43, local_rank=-1, entity=None, upload_dataset=False, bbox_interval=-1, artifact_alias=latest
github: skipping check (offline), for updates see https://github.com/ultralytics/yolov5
YOLOv5 🚀 v7.0-0-g915bbf29 Python-3.10.20 torch-2.2.2+cu121 CUDA:0 (NVIDIA H100 PCIe, 81090MiB)
hyperparameters: lr0=0.01, lrf=0.01, momentum=0.937, weight_decay=0.0005, warmup_epochs=3.0, warmup_momentum=0.8, warmup_bias_lr=0.1, box=0.05, cls=0.5, cls_pw=1.0, obj=1.0, obj_pw=1.0, iou_t=0.2, anchor_t=4.0, fl_gamma=0.0, hsv_h=0.015, hsv_s=0.7, hsv_v=0.4, degrees=0.0, translate=0.1, scale=0.5, shear=0.0, perspective=0.0, flipud=0.0, fliplr=0.5, mosaic=1.0, mixup=0.0, copy_paste=0.0
ClearML: run 'pip install clearml' to automatically track, visualize and remotely train YOLOv5 🚀 in ClearML
Comet: run 'pip install comet_ml' to automatically track and visualize YOLOv5 🚀 runs in Comet
TensorBoard: Start with 'tensorboard --logdir /home/lijinhe/work/YOLO_Retraining/runs/sequences/0813-165402__seq-full-warm__stage0-stage3__yolov5s__s42/tasks/001__stage1__full-warm/backend/yolov5', view at http://localhost:6006/
from  n    params  module                                  arguments
0                -1  1      3520  models.common.Conv                      [3, 32, 6, 2, 2]
1                -1  1     18560  models.common.Conv                      [32, 64, 3, 2]
2                -1  1     18816  models.common.C3                        [64, 64, 1]
3                -1  1     73984  models.common.Conv                      [64, 128, 3, 2]
4                -1  2    115712  models.common.C3                        [128, 128, 2]
5                -1  1    295424  models.common.Conv                      [128, 256, 3, 2]
6                -1  3    625152  models.common.C3                        [256, 256, 3]
7                -1  1   1180672  models.common.Conv                      [256, 512, 3, 2]
8                -1  1   1182720  models.common.C3                        [512, 512, 1]
9                -1  1    656896  models.common.SPPF                      [512, 512, 5]
10                -1  1    131584  models.common.Conv                      [512, 256, 1, 1]
11                -1  1         0  torch.nn.modules.upsampling.Upsample    [None, 2, 'nearest']
12           [-1, 6]  1         0  models.common.Concat                    [1]
13                -1  1    361984  models.common.C3                        [512, 256, 1, False]
14                -1  1     33024  models.common.Conv                      [256, 128, 1, 1]
15                -1  1         0  torch.nn.modules.upsampling.Upsample    [None, 2, 'nearest']
16           [-1, 4]  1         0  models.common.Concat                    [1]
17                -1  1     90880  models.common.C3                        [256, 128, 1, False]
18                -1  1    147712  models.common.Conv                      [128, 128, 3, 2]
19          [-1, 14]  1         0  models.common.Concat                    [1]
20                -1  1    296448  models.common.C3                        [256, 256, 1, False]
21                -1  1    590336  models.common.Conv                      [256, 256, 3, 2]
22          [-1, 10]  1         0  models.common.Concat                    [1]
23                -1  1   1182720  models.common.C3                        [512, 512, 1, False]
24      [17, 20, 23]  1     24273  models.yolo.Detect                      [4, [[10, 13, 16, 30, 33, 23], [30, 61, 62, 45, 59, 119], [116, 90, 156, 198, 373, 326]], [128, 256, 512]]
Model summary: 214 layers, 7030417 parameters, 7030417 gradients, 16.0 GFLOPs
Transferred 349/349 items from /home/lijinhe/work/YOLO_Retraining/runs/sequences/0813-165402__seq-full-warm__stage0-stage3__yolov5s__s42/tasks/000__stage0__full-warm/checkpoints/last.pt
AMP: checks passed ✅
optimizer: SGD(lr=0.01) with parameter groups 57 weight(decay=0.0), 60 weight(decay=0.0005), 60 bias
train: Scanning /home/lijinhe/work/YOLO_Retraining/runs/sequences/0813-165402__seq-full-warm__stage0-stage3__yolov5s__s42/tasks/001__stage1__full-warm/data/backend_train_images... 5498 images, 2864 backgrounds, 0 corrupt: 100%|██████████| 5498/5498 00:19
train: WARNING ⚠️ /home/lijinhe/work/YOLO_Retraining/data/self_improving/images/0720_11/05168_1784523505059766_0.jpg: 2 duplicate labels removed
train: New cache created: /home/lijinhe/work/YOLO_Retraining/runs/sequences/0813-165402__seq-full-warm__stage0-stage3__yolov5s__s42/tasks/001__stage1__full-warm/data/backend_train_images.cache
val: Scanning /home/lijinhe/work/YOLO_Retraining/runs/sequences/0813-165402__seq-full-warm__stage0-stage3__yolov5s__s42/tasks/001__stage1__full-warm/data/backend_validation_images... 1000 images, 297 backgrounds, 0 corrupt: 100%|██████████| 1000/1000 00:03
val: New cache created: /home/lijinhe/work/YOLO_Retraining/runs/sequences/0813-165402__seq-full-warm__stage0-stage3__yolov5s__s42/tasks/001__stage1__full-warm/data/backend_validation_images.cache
AutoAnchor: 5.48 anchors/target, 1.000 Best Possible Recall (BPR). Current anchors are a good fit to dataset ✅
Image sizes 640 train, 640 val
Using 8 dataloader workers
Logging results to /home/lijinhe/work/YOLO_Retraining/runs/sequences/0813-165402__seq-full-warm__stage0-stage3__yolov5s__s42/tasks/001__stage1__full-warm/backend/yolov5/train
Starting training for 100 epochs...
Epoch    GPU_mem   box_loss   obj_loss   cls_loss  Instances       Size
0/99      13.9G    0.02916   0.004837   0.001401         67        640: 100%|██████████| 86/86 00:55
Class     Images  Instances          P          R      mAP50   mAP50-95: 100%|██████████| 8/8 00:03
all       1000        939      0.789      0.416      0.446      0.223
Epoch    GPU_mem   box_loss   obj_loss   cls_loss  Instances       Size
1/99      13.9G    0.02989   0.004891   0.001228         64        640: 100%|██████████| 86/86 00:42
Class     Images  Instances          P          R      mAP50   mAP50-95: 100%|██████████| 8/8 00:05
all       1000        939       0.75      0.352      0.384      0.191
Epoch    GPU_mem   box_loss   obj_loss   cls_loss  Instances       Size
2/99      13.9G    0.03214    0.00558   0.001728         48        640: 100%|██████████| 86/86 00:48
Class     Images  Instances          P          R      mAP50   mAP50-95: 100%|██████████| 8/8 00:06
all       1000        939      0.719      0.336      0.358      0.167
Epoch    GPU_mem   box_loss   obj_loss   cls_loss  Instances       Size
3/99      13.9G    0.03551   0.006588   0.003377         69        640: 100%|██████████| 86/86 00:46
Class     Images  Instances          P          R      mAP50   mAP50-95: 100%|██████████| 8/8 00:03
all       1000        939      0.653      0.305      0.309      0.135
Epoch    GPU_mem   box_loss   obj_loss   cls_loss  Instances       Size
4/99      13.9G    0.03787   0.007203   0.004265         66        640: 100%|██████████| 86/86 00:51
Class     Images  Instances          P          R      mAP50   mAP50-95: 100%|██████████| 8/8 00:34
all       1000        939      0.672      0.285      0.294      0.128
Epoch    GPU_mem   box_loss   obj_loss   cls_loss  Instances       Size
5/99      13.9G    0.03718   0.007048   0.003885         45        640: 100%|██████████| 86/86 00:49
Class     Images  Instances          P          R      mAP50   mAP50-95: 100%|██████████| 8/8 00:36
all       1000        939      0.691      0.324      0.341      0.161
Epoch    GPU_mem   box_loss   obj_loss   cls_loss  Instances       Size
6/99      13.9G    0.03747   0.007185   0.004151         75        640: 100%|██████████| 86/86 00:54
Class     Images  Instances          P          R      mAP50   mAP50-95: 100%|██████████| 8/8 00:36
all       1000        939      0.635      0.229      0.258      0.105
Epoch    GPU_mem   box_loss   obj_loss   cls_loss  Instances       Size
7/99      13.9G    0.03717   0.006837    0.00332         68        640: 100%|██████████| 86/86 00:50
Class     Images  Instances          P          R      mAP50   mAP50-95: 100%|██████████| 8/8 00:40
all       1000        939      0.709      0.309      0.333       0.15
Epoch    GPU_mem   box_loss   obj_loss   cls_loss  Instances       Size
8/99      13.9G    0.03709   0.007039   0.003535         59        640: 100%|██████████| 86/86 01:09
Class     Images  Instances          P          R      mAP50   mAP50-95: 100%|██████████| 8/8 00:40
all       1000        939      0.722      0.328      0.366      0.161
Epoch    GPU_mem   box_loss   obj_loss   cls_loss  Instances       Size
9/99      13.9G    0.03558   0.006722   0.002737         69        640: 100%|██████████| 86/86 01:11
Class     Images  Instances          P          R      mAP50   mAP50-95: 100%|██████████| 8/8 00:39
all       1000        939      0.701       0.33      0.367      0.169
Epoch    GPU_mem   box_loss   obj_loss   cls_loss  Instances       Size
10/99      13.9G    0.03578    0.00649   0.002686         86        640: 100%|██████████| 86/86 01:13
Class     Images  Instances          P          R      mAP50   mAP50-95: 100%|██████████| 8/8 00:42
all       1000        939      0.709      0.363      0.384      0.174
Epoch    GPU_mem   box_loss   obj_loss   cls_loss  Instances       Size
11/99      13.9G    0.03532   0.006594     0.0028         58        640: 100%|██████████| 86/86 01:06
Class     Images  Instances          P          R      mAP50   mAP50-95: 100%|██████████| 8/8 00:42
all       1000        939      0.672      0.335      0.334      0.146
Epoch    GPU_mem   box_loss   obj_loss   cls_loss  Instances       Size
12/99      13.9G    0.03469   0.006423   0.002588         66        640: 100%|██████████| 86/86 00:49
Class     Images  Instances          P          R      mAP50   mAP50-95: 100%|██████████| 8/8 00:43
all       1000        939      0.645      0.349      0.347      0.168
Epoch    GPU_mem   box_loss   obj_loss   cls_loss  Instances       Size
13/99      13.9G    0.03485   0.006441   0.002856         65        640: 100%|██████████| 86/86 00:52
Class     Images  Instances          P          R      mAP50   mAP50-95: 100%|██████████| 8/8 00:40
all       1000        939      0.784      0.318      0.366      0.171
Epoch    GPU_mem   box_loss   obj_loss   cls_loss  Instances       Size
14/99      13.9G    0.03399   0.006341   0.002255         65        640: 100%|██████████| 86/86 00:51
Class     Images  Instances          P          R      mAP50   mAP50-95: 100%|██████████| 8/8 00:36
all       1000        939      0.713      0.362      0.385      0.187
Epoch    GPU_mem   box_loss   obj_loss   cls_loss  Instances       Size
15/99      13.9G     0.0337    0.00626   0.002236         61        640: 100%|██████████| 86/86 00:51
Class     Images  Instances          P          R      mAP50   mAP50-95: 100%|██████████| 8/8 00:38
all       1000        939      0.767      0.374      0.423      0.209
Epoch    GPU_mem   box_loss   obj_loss   cls_loss  Instances       Size
16/99      13.9G    0.03381   0.006421   0.002709         58        640: 100%|██████████| 86/86 00:51
Class     Images  Instances          P          R      mAP50   mAP50-95: 100%|██████████| 8/8 00:39
all       1000        939      0.718      0.386      0.411      0.189
Epoch    GPU_mem   box_loss   obj_loss   cls_loss  Instances       Size
17/99      13.9G    0.03291   0.006324   0.002431         69        640: 100%|██████████| 86/86 00:47
Class     Images  Instances          P          R      mAP50   mAP50-95: 100%|██████████| 8/8 00:33
all       1000        939      0.748      0.365      0.406      0.204
Epoch    GPU_mem   box_loss   obj_loss   cls_loss  Instances       Size
18/99      13.9G    0.03317   0.006219   0.002138         74        640: 100%|██████████| 86/86 00:53
Class     Images  Instances          P          R      mAP50   mAP50-95: 100%|██████████| 8/8 00:36
all       1000        939      0.743      0.288      0.338      0.157
Epoch    GPU_mem   box_loss   obj_loss   cls_loss  Instances       Size
19/99      13.9G    0.03353    0.00616   0.002237         66        640: 100%|██████████| 86/86 00:50
Class     Images  Instances          P          R      mAP50   mAP50-95: 100%|██████████| 8/8 00:40
all       1000        939      0.734      0.376       0.41      0.203
Epoch    GPU_mem   box_loss   obj_loss   cls_loss  Instances       Size
20/99      13.9G    0.03231   0.006242    0.00177         63        640: 100%|██████████| 86/86 01:01
Class     Images  Instances          P          R      mAP50   mAP50-95: 100%|██████████| 8/8 00:42
all       1000        939      0.742      0.331      0.372      0.179
Epoch    GPU_mem   box_loss   obj_loss   cls_loss  Instances       Size
21/99      13.9G    0.03163   0.005895   0.001859         57        640: 100%|██████████| 86/86 00:49
Class     Images  Instances          P          R      mAP50   mAP50-95: 100%|██████████| 8/8 00:37
all       1000        939      0.744      0.383      0.408      0.203
Epoch    GPU_mem   box_loss   obj_loss   cls_loss  Instances       Size
22/99      13.9G    0.03135   0.005884    0.00179         76        640: 100%|██████████| 86/86 00:53
Class     Images  Instances          P          R      mAP50   mAP50-95: 100%|██████████| 8/8 00:38
all       1000        939      0.754      0.377      0.402      0.198
Epoch    GPU_mem   box_loss   obj_loss   cls_loss  Instances       Size
23/99      13.9G    0.03127   0.005707   0.001944         66        640: 100%|██████████| 86/86 00:53
Class     Images  Instances          P          R      mAP50   mAP50-95: 100%|██████████| 8/8 00:40
all       1000        939      0.747      0.373       0.41      0.207
Epoch    GPU_mem   box_loss   obj_loss   cls_loss  Instances       Size
24/99      13.9G    0.03124   0.005883   0.001801         53        640: 100%|██████████| 86/86 00:49
Class     Images  Instances          P          R      mAP50   mAP50-95: 100%|██████████| 8/8 00:39
all       1000        939       0.74      0.349      0.392      0.198
Epoch    GPU_mem   box_loss   obj_loss   cls_loss  Instances       Size
25/99      13.9G    0.03033   0.005635   0.001551         78        640: 100%|██████████| 86/86 00:49
Class     Images  Instances          P          R      mAP50   mAP50-95: 100%|██████████| 8/8 00:34
all       1000        939      0.795      0.356      0.405      0.195
Epoch    GPU_mem   box_loss   obj_loss   cls_loss  Instances       Size
26/99      13.9G    0.02999   0.005553   0.001219         83        640: 100%|██████████| 86/86 00:56
Class     Images  Instances          P          R      mAP50   mAP50-95: 100%|██████████| 8/8 00:38
all       1000        939      0.749       0.35      0.379      0.181
Epoch    GPU_mem   box_loss   obj_loss   cls_loss  Instances       Size
27/99      13.9G    0.03037   0.005574   0.001717         84        640: 100%|██████████| 86/86 00:51
Class     Images  Instances          P          R      mAP50   mAP50-95: 100%|██████████| 8/8 00:35
all       1000        939      0.737       0.36      0.396        0.2
Epoch    GPU_mem   box_loss   obj_loss   cls_loss  Instances       Size
28/99      13.9G    0.02995   0.005614   0.001566         66        640: 100%|██████████| 86/86 00:55
Class     Images  Instances          P          R      mAP50   mAP50-95: 100%|██████████| 8/8 00:38
all       1000        939      0.757      0.371      0.404      0.196
Epoch    GPU_mem   box_loss   obj_loss   cls_loss  Instances       Size
29/99      13.9G    0.02987   0.005475   0.001336         68        640: 100%|██████████| 86/86 00:54
Class     Images  Instances          P          R      mAP50   mAP50-95: 100%|██████████| 8/8 00:37
all       1000        939      0.804      0.339      0.401      0.195
Epoch    GPU_mem   box_loss   obj_loss   cls_loss  Instances       Size
30/99      13.9G    0.02911   0.005517   0.001234         58        640: 100%|██████████| 86/86 00:52
Class     Images  Instances          P          R      mAP50   mAP50-95: 100%|██████████| 8/8 00:38
all       1000        939      0.756       0.36      0.391        0.2
Epoch    GPU_mem   box_loss   obj_loss   cls_loss  Instances       Size
31/99      13.9G    0.02933   0.005526   0.001472         58        640: 100%|██████████| 86/86 00:51
Class     Images  Instances          P          R      mAP50   mAP50-95: 100%|██████████| 8/8 00:41
all       1000        939      0.732      0.388      0.408      0.208
Epoch    GPU_mem   box_loss   obj_loss   cls_loss  Instances       Size
32/99      13.9G    0.02905   0.005528   0.001303         52        640: 100%|██████████| 86/86 00:52
Class     Images  Instances          P          R      mAP50   mAP50-95: 100%|██████████| 8/8 00:34
all       1000        939      0.751      0.364       0.39      0.184
Epoch    GPU_mem   box_loss   obj_loss   cls_loss  Instances       Size
33/99      13.9G    0.02979   0.005443   0.001548         92        640: 100%|██████████| 86/86 01:29
Class     Images  Instances          P          R      mAP50   mAP50-95: 100%|██████████| 8/8 00:31
all       1000        939      0.759      0.343      0.385      0.185
Epoch    GPU_mem   box_loss   obj_loss   cls_loss  Instances       Size
34/99      13.9G    0.02872   0.005392   0.001399         68        640: 100%|██████████| 86/86 01:10
Class     Images  Instances          P          R      mAP50   mAP50-95: 100%|██████████| 8/8 00:38
all       1000        939      0.779      0.356      0.398      0.198
Epoch    GPU_mem   box_loss   obj_loss   cls_loss  Instances       Size
35/99      13.9G    0.02821   0.005417   0.001238         64        640: 100%|██████████| 86/86 01:03
Class     Images  Instances          P          R      mAP50   mAP50-95: 100%|██████████| 8/8 00:35
all       1000        939      0.488      0.384      0.411      0.208
Epoch    GPU_mem   box_loss   obj_loss   cls_loss  Instances       Size
36/99      13.9G    0.02816   0.005328   0.001033         74        640: 100%|██████████| 86/86 01:09
Class     Images  Instances          P          R      mAP50   mAP50-95: 100%|██████████| 8/8 00:37
all       1000        939      0.783      0.386      0.424      0.217
Epoch    GPU_mem   box_loss   obj_loss   cls_loss  Instances       Size
37/99      13.9G    0.02775   0.005287   0.001027         85        640: 100%|██████████| 86/86 01:13
Class     Images  Instances          P          R      mAP50   mAP50-95: 100%|██████████| 8/8 00:37
all       1000        939      0.798      0.376      0.418      0.214
Epoch    GPU_mem   box_loss   obj_loss   cls_loss  Instances       Size
38/99      13.9G    0.02736   0.005118   0.001182         75        640: 100%|██████████| 86/86 00:57
Class     Images  Instances          P          R      mAP50   mAP50-95: 100%|██████████| 8/8 00:32
all       1000        939      0.755      0.392      0.421      0.212
Epoch    GPU_mem   box_loss   obj_loss   cls_loss  Instances       Size
39/99      13.9G    0.02749     0.0052   0.001376         77        640: 100%|██████████| 86/86 01:01
Class     Images  Instances          P          R      mAP50   mAP50-95: 100%|██████████| 8/8 00:40
all       1000        939       0.73       0.37      0.394      0.193
Epoch    GPU_mem   box_loss   obj_loss   cls_loss  Instances       Size
40/99      13.9G    0.02669   0.005122   0.001178         58        640: 100%|██████████| 86/86 00:59
Class     Images  Instances          P          R      mAP50   mAP50-95: 100%|██████████| 8/8 00:39
all       1000        939      0.798       0.36      0.403      0.201
Epoch    GPU_mem   box_loss   obj_loss   cls_loss  Instances       Size
41/99      13.9G    0.02749   0.005265    0.00135         88        640: 100%|██████████| 86/86 01:00
Class     Images  Instances          P          R      mAP50   mAP50-95: 100%|██████████| 8/8 00:40
all       1000        939      0.521      0.331      0.379      0.189
Epoch    GPU_mem   box_loss   obj_loss   cls_loss  Instances       Size
42/99      13.9G    0.02712   0.005148   0.001288         74        640: 100%|██████████| 86/86 01:02
Class     Images  Instances          P          R      mAP50   mAP50-95: 100%|██████████| 8/8 00:38
all       1000        939      0.797      0.376      0.437      0.219
Epoch    GPU_mem   box_loss   obj_loss   cls_loss  Instances       Size
43/99      13.9G    0.02678   0.005142   0.001101         68        640: 100%|██████████| 86/86 00:58
Class     Images  Instances          P          R      mAP50   mAP50-95: 100%|██████████| 8/8 00:40
all       1000        939      0.782      0.363      0.408      0.207
Epoch    GPU_mem   box_loss   obj_loss   cls_loss  Instances       Size
44/99      13.9G    0.02658   0.004951  0.0008441         89        640: 100%|██████████| 86/86 01:00
Class     Images  Instances          P          R      mAP50   mAP50-95: 100%|██████████| 8/8 00:39
all       1000        939      0.786      0.354      0.409      0.204
Epoch    GPU_mem   box_loss   obj_loss   cls_loss  Instances       Size
45/99      13.9G    0.02594   0.004928  0.0009348         84        640: 100%|██████████| 86/86 01:05
Class     Images  Instances          P          R      mAP50   mAP50-95: 100%|██████████| 8/8 00:37
all       1000        939      0.805      0.366      0.429       0.22
Epoch    GPU_mem   box_loss   obj_loss   cls_loss  Instances       Size
46/99      13.9G    0.02605   0.004792   0.000966         74        640: 100%|██████████| 86/86 01:03
Class     Images  Instances          P          R      mAP50   mAP50-95: 100%|██████████| 8/8 00:35
all       1000        939      0.768      0.384      0.434      0.224
Epoch    GPU_mem   box_loss   obj_loss   cls_loss  Instances       Size
47/99      13.9G    0.02591   0.004767  0.0008481         70        640: 100%|██████████| 86/86 01:03
Class     Images  Instances          P          R      mAP50   mAP50-95: 100%|██████████| 8/8 00:37
all       1000        939      0.775      0.374      0.423      0.219
Epoch    GPU_mem   box_loss   obj_loss   cls_loss  Instances       Size
48/99      13.9G    0.02597   0.004833  0.0008796         65        640: 100%|██████████| 86/86 01:07
Class     Images  Instances          P          R      mAP50   mAP50-95: 100%|██████████| 8/8 00:36
all       1000        939      0.804      0.351      0.426      0.209
Epoch    GPU_mem   box_loss   obj_loss   cls_loss  Instances       Size
49/99      13.9G    0.02555   0.004858  0.0008704         77        640: 100%|██████████| 86/86 01:05
Class     Images  Instances          P          R      mAP50   mAP50-95: 100%|██████████| 8/8 00:36
all       1000        939      0.798       0.36       0.41      0.207
Epoch    GPU_mem   box_loss   obj_loss   cls_loss  Instances       Size
50/99      13.9G    0.02515   0.004821  0.0009851         90        640: 100%|██████████| 86/86 00:56
Class     Images  Instances          P          R      mAP50   mAP50-95: 100%|██████████| 8/8 00:39
all       1000        939      0.763      0.387      0.434      0.226
Epoch    GPU_mem   box_loss   obj_loss   cls_loss  Instances       Size
51/99      13.9G    0.02508   0.004895   0.000924         70        640: 100%|██████████| 86/86 01:03
Class     Images  Instances          P          R      mAP50   mAP50-95: 100%|██████████| 8/8 00:38
all       1000        939      0.775      0.364      0.414      0.215
Epoch    GPU_mem   box_loss   obj_loss   cls_loss  Instances       Size
52/99      13.9G     0.0251   0.004664  0.0009341         67        640: 100%|██████████| 86/86 00:55
Class     Images  Instances          P          R      mAP50   mAP50-95: 100%|██████████| 8/8 00:33
all       1000        939      0.782      0.384      0.426       0.21
Epoch    GPU_mem   box_loss   obj_loss   cls_loss  Instances       Size
53/99      13.9G    0.02466   0.004618  0.0009031         52        640: 100%|██████████| 86/86 01:05
Class     Images  Instances          P          R      mAP50   mAP50-95: 100%|██████████| 8/8 00:38
all       1000        939      0.783      0.339      0.395       0.19
Epoch    GPU_mem   box_loss   obj_loss   cls_loss  Instances       Size
54/99      13.9G    0.02445   0.004697  0.0007706         70        640: 100%|██████████| 86/86 00:58
Class     Images  Instances          P          R      mAP50   mAP50-95: 100%|██████████| 8/8 00:35
all       1000        939      0.805      0.362      0.425      0.213
Epoch    GPU_mem   box_loss   obj_loss   cls_loss  Instances       Size
55/99      13.9G    0.02434   0.004651   0.000987         68        640: 100%|██████████| 86/86 01:05
Class     Images  Instances          P          R      mAP50   mAP50-95: 100%|██████████| 8/8 00:40
all       1000        939      0.804      0.378      0.443      0.229
Epoch    GPU_mem   box_loss   obj_loss   cls_loss  Instances       Size
56/99      13.9G    0.02444   0.004736   0.000816         94        640: 100%|██████████| 86/86 00:57
Class     Images  Instances          P          R      mAP50   mAP50-95: 100%|██████████| 8/8 00:31
all       1000        939      0.828      0.388      0.443      0.232
Epoch    GPU_mem   box_loss   obj_loss   cls_loss  Instances       Size
57/99      13.9G    0.02413   0.004609  0.0008137         49        640: 100%|██████████| 86/86 01:02
Class     Images  Instances          P          R      mAP50   mAP50-95: 100%|██████████| 8/8 00:39
all       1000        939      0.797       0.39      0.432      0.231
Epoch    GPU_mem   box_loss   obj_loss   cls_loss  Instances       Size
58/99      13.9G    0.02396   0.004642  0.0008012         81        640: 100%|██████████| 86/86 01:07
Class     Images  Instances          P          R      mAP50   mAP50-95: 100%|██████████| 8/8 00:35
all       1000        939      0.757      0.367      0.397      0.199
Epoch    GPU_mem   box_loss   obj_loss   cls_loss  Instances       Size
59/99      13.9G    0.02337   0.004392  0.0008701         69        640: 100%|██████████| 86/86 01:01
Class     Images  Instances          P          R      mAP50   mAP50-95: 100%|██████████| 8/8 00:36
all       1000        939      0.793      0.383      0.421      0.216
Epoch    GPU_mem   box_loss   obj_loss   cls_loss  Instances       Size
60/99      13.9G    0.02401    0.00447  0.0009328         84        640: 100%|██████████| 86/86 01:07
Class     Images  Instances          P          R      mAP50   mAP50-95: 100%|██████████| 8/8 00:23
all       1000        939      0.778       0.36      0.398      0.202
Epoch    GPU_mem   box_loss   obj_loss   cls_loss  Instances       Size
61/99      13.9G    0.02351   0.004511  0.0008455         77        640: 100%|██████████| 86/86 01:01
Class     Images  Instances          P          R      mAP50   mAP50-95: 100%|██████████| 8/8 00:03
all       1000        939      0.769      0.383      0.413       0.21
Epoch    GPU_mem   box_loss   obj_loss   cls_loss  Instances       Size
62/99      13.9G    0.02374   0.004538  0.0008231         55        640: 100%|██████████| 86/86 01:17
Class     Images  Instances          P          R      mAP50   mAP50-95: 100%|██████████| 8/8 00:04
all       1000        939      0.781      0.385      0.419      0.219
Epoch    GPU_mem   box_loss   obj_loss   cls_loss  Instances       Size
63/99      13.9G    0.02351   0.004383  0.0008133         87        640: 100%|██████████| 86/86 01:20
Class     Images  Instances          P          R      mAP50   mAP50-95: 100%|██████████| 8/8 00:05
all       1000        939      0.753      0.396      0.424      0.218
Epoch    GPU_mem   box_loss   obj_loss   cls_loss  Instances       Size
64/99      13.9G    0.02299   0.004289  0.0006922         75        640: 100%|██████████| 86/86 01:37
Class     Images  Instances          P          R      mAP50   mAP50-95: 100%|██████████| 8/8 00:03
all       1000        939      0.774      0.384      0.419      0.216
Epoch    GPU_mem   box_loss   obj_loss   cls_loss  Instances       Size
65/99      13.9G    0.02315     0.0044  0.0006558         60        640: 100%|██████████| 86/86 01:44
Class     Images  Instances          P          R      mAP50   mAP50-95: 100%|██████████| 8/8 00:03
all       1000        939      0.782      0.369      0.412      0.214
Epoch    GPU_mem   box_loss   obj_loss   cls_loss  Instances       Size
66/99      13.9G    0.02261    0.00431  0.0006068         71        640: 100%|██████████| 86/86 01:39
Class     Images  Instances          P          R      mAP50   mAP50-95: 100%|██████████| 8/8 00:03
all       1000        939      0.787      0.376      0.417       0.22
Epoch    GPU_mem   box_loss   obj_loss   cls_loss  Instances       Size
67/99      13.9G    0.02251   0.004238  0.0006742         49        640: 100%|██████████| 86/86 01:04
Class     Images  Instances          P          R      mAP50   mAP50-95: 100%|██████████| 8/8 00:03
all       1000        939      0.767      0.376      0.409      0.212
Epoch    GPU_mem   box_loss   obj_loss   cls_loss  Instances       Size
68/99      13.9G    0.02227   0.004278  0.0006893         74        640: 100%|██████████| 86/86 01:07
Class     Images  Instances          P          R      mAP50   mAP50-95: 100%|██████████| 8/8 00:03
all       1000        939      0.817      0.379      0.425      0.226
Epoch    GPU_mem   box_loss   obj_loss   cls_loss  Instances       Size
69/99      13.9G    0.02223   0.004224  0.0005574         69        640: 100%|██████████| 86/86 01:10
Class     Images  Instances          P          R      mAP50   mAP50-95: 100%|██████████| 8/8 00:03
all       1000        939      0.759      0.381      0.409      0.211
Epoch    GPU_mem   box_loss   obj_loss   cls_loss  Instances       Size
70/99      13.9G    0.02219    0.00424   0.000665         70        640: 100%|██████████| 86/86 01:10
Class     Images  Instances          P          R      mAP50   mAP50-95: 100%|██████████| 8/8 00:03
all       1000        939      0.776      0.398      0.423      0.226
Epoch    GPU_mem   box_loss   obj_loss   cls_loss  Instances       Size
71/99      13.9G    0.02197   0.004218  0.0006517         80        640: 100%|██████████| 86/86 01:09
Class     Images  Instances          P          R      mAP50   mAP50-95: 100%|██████████| 8/8 00:10
all       1000        939      0.758      0.395      0.424      0.223
Epoch    GPU_mem   box_loss   obj_loss   cls_loss  Instances       Size
72/99      13.9G    0.02206   0.004261  0.0006087         51        640: 100%|██████████| 86/86 01:03
Class     Images  Instances          P          R      mAP50   mAP50-95: 100%|██████████| 8/8 00:03
all       1000        939      0.786       0.38      0.418      0.219
Epoch    GPU_mem   box_loss   obj_loss   cls_loss  Instances       Size
73/99      13.9G     0.0214   0.004207  0.0006281         66        640: 100%|██████████| 86/86 01:18
Class     Images  Instances          P          R      mAP50   mAP50-95: 100%|██████████| 8/8 00:11
all       1000        939      0.773      0.383      0.419      0.217
Epoch    GPU_mem   box_loss   obj_loss   cls_loss  Instances       Size
74/99      13.9G    0.02136    0.00421  0.0006385         78        640: 100%|██████████| 86/86 01:02
Class     Images  Instances          P          R      mAP50   mAP50-95: 100%|██████████| 8/8 00:03
all       1000        939      0.794      0.366      0.411      0.215
Epoch    GPU_mem   box_loss   obj_loss   cls_loss  Instances       Size
75/99      13.9G    0.02119   0.004114  0.0005955         71        640: 100%|██████████| 86/86 01:08
Class     Images  Instances          P          R      mAP50   mAP50-95: 100%|██████████| 8/8 00:03
all       1000        939       0.78      0.367      0.408      0.215
Epoch    GPU_mem   box_loss   obj_loss   cls_loss  Instances       Size
76/99      13.9G    0.02078   0.004116  0.0005617         66        640: 100%|██████████| 86/86 01:11
Class     Images  Instances          P          R      mAP50   mAP50-95: 100%|██████████| 8/8 00:03
all       1000        939      0.811      0.358      0.407      0.214
Epoch    GPU_mem   box_loss   obj_loss   cls_loss  Instances       Size
77/99      13.9G    0.02081   0.004104  0.0005369         68        640: 100%|██████████| 86/86 01:20
Class     Images  Instances          P          R      mAP50   mAP50-95: 100%|██████████| 8/8 00:08
all       1000        939      0.782      0.379      0.428      0.229
Epoch    GPU_mem   box_loss   obj_loss   cls_loss  Instances       Size
78/99      13.9G    0.02074   0.004123  0.0006022         62        640: 100%|██████████| 86/86 01:10
Class     Images  Instances          P          R      mAP50   mAP50-95: 100%|██████████| 8/8 00:15
all       1000        939      0.798      0.374      0.423      0.227
Epoch    GPU_mem   box_loss   obj_loss   cls_loss  Instances       Size
79/99      13.9G    0.02059   0.004021    0.00052         72        640: 100%|██████████| 86/86 01:01
Class     Images  Instances          P          R      mAP50   mAP50-95: 100%|██████████| 8/8 00:03
all       1000        939      0.774      0.387      0.418       0.22
Epoch    GPU_mem   box_loss   obj_loss   cls_loss  Instances       Size
80/99      13.9G    0.02012   0.003919  0.0005453         79        640: 100%|██████████| 86/86 01:10
Class     Images  Instances          P          R      mAP50   mAP50-95: 100%|██████████| 8/8 00:02
all       1000        939      0.804      0.377      0.415       0.22
Epoch    GPU_mem   box_loss   obj_loss   cls_loss  Instances       Size
81/99      13.9G    0.02021      0.004    0.00056         85        640: 100%|██████████| 86/86 01:18
Class     Images  Instances          P          R      mAP50   mAP50-95: 100%|██████████| 8/8 00:03
all       1000        939      0.781      0.392      0.417      0.225
Epoch    GPU_mem   box_loss   obj_loss   cls_loss  Instances       Size
82/99      13.9G    0.02002   0.003973   0.000484         67        640: 100%|██████████| 86/86 01:10
Class     Images  Instances          P          R      mAP50   mAP50-95: 100%|██████████| 8/8 00:03
all       1000        939      0.777      0.384      0.418      0.224
Epoch    GPU_mem   box_loss   obj_loss   cls_loss  Instances       Size
83/99      13.9G    0.01986   0.003884  0.0004634         79        640: 100%|██████████| 86/86 01:05
Class     Images  Instances          P          R      mAP50   mAP50-95: 100%|██████████| 8/8 00:03
all       1000        939      0.792      0.374      0.417      0.219
Epoch    GPU_mem   box_loss   obj_loss   cls_loss  Instances       Size
84/99      13.9G    0.01977   0.003954  0.0006013         66        640: 100%|██████████| 86/86 01:01
Class     Images  Instances          P          R      mAP50   mAP50-95: 100%|██████████| 8/8 00:03
all       1000        939      0.789      0.378      0.429      0.225
Epoch    GPU_mem   box_loss   obj_loss   cls_loss  Instances       Size
85/99      13.9G    0.01956   0.003891  0.0004635         80        640: 100%|██████████| 86/86 00:59
Class     Images  Instances          P          R      mAP50   mAP50-95: 100%|██████████| 8/8 00:03
all       1000        939      0.802      0.376      0.427      0.226
Epoch    GPU_mem   box_loss   obj_loss   cls_loss  Instances       Size
86/99      13.9G    0.01938   0.003789  0.0006103         62        640: 100%|██████████| 86/86 01:02
Class     Images  Instances          P          R      mAP50   mAP50-95: 100%|██████████| 8/8 00:03
all       1000        939      0.818      0.365      0.424      0.227
Epoch    GPU_mem   box_loss   obj_loss   cls_loss  Instances       Size
87/99      13.9G    0.01961   0.003794  0.0004383         81        640: 100%|██████████| 86/86 00:59
Class     Images  Instances          P          R      mAP50   mAP50-95: 100%|██████████| 8/8 00:06
all       1000        939       0.79      0.383      0.424      0.228
Epoch    GPU_mem   box_loss   obj_loss   cls_loss  Instances       Size
88/99      13.9G    0.01896   0.003821  0.0003744         66        640: 100%|██████████| 86/86 00:56
Class     Images  Instances          P          R      mAP50   mAP50-95: 100%|██████████| 8/8 00:06
all       1000        939      0.823      0.369      0.425      0.228
Epoch    GPU_mem   box_loss   obj_loss   cls_loss  Instances       Size
89/99      13.9G    0.01898   0.003842  0.0003981         74        640: 100%|██████████| 86/86 00:58
Class     Images  Instances          P          R      mAP50   mAP50-95: 100%|██████████| 8/8 00:03
all       1000        939      0.818      0.376      0.423      0.225
Epoch    GPU_mem   box_loss   obj_loss   cls_loss  Instances       Size
90/99      13.9G     0.0186   0.003672  0.0005593         83        640: 100%|██████████| 86/86 01:18
Class     Images  Instances          P          R      mAP50   mAP50-95: 100%|██████████| 8/8 00:03
all       1000        939      0.807      0.378      0.423      0.225
Epoch    GPU_mem   box_loss   obj_loss   cls_loss  Instances       Size
91/99      13.9G      0.019    0.00381  0.0004458         72        640: 100%|██████████| 86/86 01:07
Class     Images  Instances          P          R      mAP50   mAP50-95: 100%|██████████| 8/8 00:03
all       1000        939      0.783      0.379      0.417      0.222
Epoch    GPU_mem   box_loss   obj_loss   cls_loss  Instances       Size
92/99      13.9G    0.01848   0.003768  0.0003791         80        640: 100%|██████████| 86/86 00:57
Class     Images  Instances          P          R      mAP50   mAP50-95: 100%|██████████| 8/8 00:11
all       1000        939      0.816      0.359       0.42      0.223
Epoch    GPU_mem   box_loss   obj_loss   cls_loss  Instances       Size
93/99      13.9G    0.01853   0.003731  0.0003804         69        640: 100%|██████████| 86/86 01:08
Class     Images  Instances          P          R      mAP50   mAP50-95: 100%|██████████| 8/8 00:14
all       1000        939      0.793      0.376      0.422      0.226
Epoch    GPU_mem   box_loss   obj_loss   cls_loss  Instances       Size
94/99      13.9G    0.01807   0.003553  0.0004272         60        640: 100%|██████████| 86/86 01:08
Class     Images  Instances          P          R      mAP50   mAP50-95: 100%|██████████| 8/8 00:12
all       1000        939      0.813       0.37      0.422      0.228
Epoch    GPU_mem   box_loss   obj_loss   cls_loss  Instances       Size
95/99      13.9G    0.01797   0.003665  0.0003751         70        640: 100%|██████████| 86/86 01:05
Class     Images  Instances          P          R      mAP50   mAP50-95: 100%|██████████| 8/8 00:04
all       1000        939       0.83      0.354      0.417      0.223
Epoch    GPU_mem   box_loss   obj_loss   cls_loss  Instances       Size
96/99      13.9G    0.01805   0.003724  0.0003711         61        640: 100%|██████████| 86/86 01:10
Class     Images  Instances          P          R      mAP50   mAP50-95: 100%|██████████| 8/8 00:05
all       1000        939       0.83      0.353      0.417      0.224
Epoch    GPU_mem   box_loss   obj_loss   cls_loss  Instances       Size
97/99      13.9G    0.01771   0.003558  0.0004171         71        640: 100%|██████████| 86/86 01:13
Class     Images  Instances          P          R      mAP50   mAP50-95: 100%|██████████| 8/8 00:03
all       1000        939      0.797      0.371       0.42      0.226
Epoch    GPU_mem   box_loss   obj_loss   cls_loss  Instances       Size
98/99      13.9G    0.01771   0.003642   0.000492         57        640: 100%|██████████| 86/86 01:19
Class     Images  Instances          P          R      mAP50   mAP50-95: 100%|██████████| 8/8 00:03
all       1000        939      0.772       0.39       0.42      0.226
Epoch    GPU_mem   box_loss   obj_loss   cls_loss  Instances       Size
99/99      13.9G    0.01773   0.003632  0.0003565         73        640: 100%|██████████| 86/86 01:11
Class     Images  Instances          P          R      mAP50   mAP50-95: 100%|██████████| 8/8 00:08
all       1000        939      0.779      0.383      0.418      0.226
100 epochs completed in 2.435 hours.
Optimizer stripped from /home/lijinhe/work/YOLO_Retraining/runs/sequences/0813-165402__seq-full-warm__stage0-stage3__yolov5s__s42/tasks/001__stage1__full-warm/backend/yolov5/train/weights/last.pt, 14.4MB
Optimizer stripped from /home/lijinhe/work/YOLO_Retraining/runs/sequences/0813-165402__seq-full-warm__stage0-stage3__yolov5s__s42/tasks/001__stage1__full-warm/backend/yolov5/train/weights/best.pt, 14.4MB
Validating /home/lijinhe/work/YOLO_Retraining/runs/sequences/0813-165402__seq-full-warm__stage0-stage3__yolov5s__s42/tasks/001__stage1__full-warm/backend/yolov5/train/weights/best.pt...
Fusing layers...
Model summary: 157 layers, 7020913 parameters, 0 gradients, 15.8 GFLOPs
Class     Images  Instances          P          R      mAP50   mAP50-95: 100%|██████████| 8/8 00:03
all       1000        939      0.828      0.388      0.443      0.232
large luggage       1000        358      0.633      0.534      0.561      0.295
stroller       1000        413       0.76      0.586      0.627        0.3
wheelchair       1000        155      0.918      0.431      0.576      0.328
flatbed truck       1000         13          1          0    0.00725    0.00446
Results saved to /home/lijinhe/work/YOLO_Retraining/runs/sequences/0813-165402__seq-full-warm__stage0-stage3__yolov5s__s42/tasks/001__stage1__full-warm/backend/yolov5/train
[YOLOv5] compacted progress updates: 18628 -> 203 lines
[YOLOv5] coalesced warning: incomplete JPEG accepted read-only; count=6493; by_source=train=5497, val=996
[YOLOv5] warning example: train: WARNING ⚠️ /home/lijinhe/work/YOLO_Retraining/data/self_improving/images/0720_10/04501_1784522053486381_0.jpg: incomplete JPEG accepted read-only
[YOLOv5] warning example: train: WARNING ⚠️ /home/lijinhe/work/YOLO_Retraining/data/self_improving/images/0720_10/04502_1784522054684382_0.jpg: incomplete JPEG accepted read-only
[YOLOv5] warning example: train: WARNING ⚠️ /home/lijinhe/work/YOLO_Retraining/data/self_improving/images/0720_10/04503_1784522055289383_0.jpg: incomplete JPEG accepted read-only
