train: weights=/home/lijinhe/work/YOLO_Retraining/.third_party/yolov5/yolov5s.pt, cfg=, data=/home/lijinhe/work/YOLO_Retraining/runs/studies/global_dedup_tau099_learning_curve/sequences/GlobalDedupTau099_PostSplit__seq-full-cold__stage0-stage7__yolov5s__s42/tasks/000__stage0__full-cold/data/backend_data.yaml, hyp=data/hyps/hyp.scratch-low.yaml, epochs=100, batch_size=64, imgsz=640, rect=False, resume=False, nosave=False, noval=False, noautoanchor=False, noplots=True, evolve=None, bucket=, cache=None, image_weights=False, device=0, multi_scale=False, single_cls=False, optimizer=SGD, sync_bn=False, workers=16, project=/home/lijinhe/work/YOLO_Retraining/runs/studies/global_dedup_tau099_learning_curve/sequences/GlobalDedupTau099_PostSplit__seq-full-cold__stage0-stage7__yolov5s__s42/tasks/000__stage0__full-cold/backend/yolov5, name=train, exist_ok=True, quad=False, cos_lr=False, label_smoothing=0.0, patience=100, freeze=[0], save_period=-1, seed=42, local_rank=-1, entity=None, upload_dataset=False, bbox_interval=-1, artifact_alias=latest
github: skipping check (offline), for updates see https://github.com/ultralytics/yolov5
YOLOv5 🚀 v7.0-0-g915bbf29 Python-3.10.20 torch-2.2.2+cu121 CUDA:0 (NVIDIA H100 PCIe, 81090MiB)
hyperparameters: lr0=0.01, lrf=0.01, momentum=0.937, weight_decay=0.0005, warmup_epochs=3.0, warmup_momentum=0.8, warmup_bias_lr=0.1, box=0.05, cls=0.5, cls_pw=1.0, obj=1.0, obj_pw=1.0, iou_t=0.2, anchor_t=4.0, fl_gamma=0.0, hsv_h=0.015, hsv_s=0.7, hsv_v=0.4, degrees=0.0, translate=0.1, scale=0.5, shear=0.0, perspective=0.0, flipud=0.0, fliplr=0.5, mosaic=1.0, mixup=0.0, copy_paste=0.0
ClearML: run 'pip install clearml' to automatically track, visualize and remotely train YOLOv5 🚀 in ClearML
Comet: run 'pip install comet_ml' to automatically track and visualize YOLOv5 🚀 runs in Comet
TensorBoard: Start with 'tensorboard --logdir /home/lijinhe/work/YOLO_Retraining/runs/studies/global_dedup_tau099_learning_curve/sequences/GlobalDedupTau099_PostSplit__seq-full-cold__stage0-stage7__yolov5s__s42/tasks/000__stage0__full-cold/backend/yolov5', view at http://localhost:6006/
Overriding model.yaml nc=80 with nc=4
from  n    params  module                                  arguments
0                -1  1      3520  models.common.Conv                      [3, 32, 6, 2, 2]
1                -1  1     18560  models.common.Conv                      [32, 64, 3, 2]
2                -1  1     18816  models.common.C3                        [64, 64, 1]
3                -1  1     73984  models.common.Conv                      [64, 128, 3, 2]
4                -1  2    115712  models.common.C3                        [128, 128, 2]
5                -1  1    295424  models.common.Conv                      [128, 256, 3, 2]
6                -1  3    625152  models.common.C3                        [256, 256, 3]
7                -1  1   1180672  models.common.Conv                      [256, 512, 3, 2]
8                -1  1   1182720  models.common.C3                        [512, 512, 1]
9                -1  1    656896  models.common.SPPF                      [512, 512, 5]
10                -1  1    131584  models.common.Conv                      [512, 256, 1, 1]
11                -1  1         0  torch.nn.modules.upsampling.Upsample    [None, 2, 'nearest']
12           [-1, 6]  1         0  models.common.Concat                    [1]
13                -1  1    361984  models.common.C3                        [512, 256, 1, False]
14                -1  1     33024  models.common.Conv                      [256, 128, 1, 1]
15                -1  1         0  torch.nn.modules.upsampling.Upsample    [None, 2, 'nearest']
16           [-1, 4]  1         0  models.common.Concat                    [1]
17                -1  1     90880  models.common.C3                        [256, 128, 1, False]
18                -1  1    147712  models.common.Conv                      [128, 128, 3, 2]
19          [-1, 14]  1         0  models.common.Concat                    [1]
20                -1  1    296448  models.common.C3                        [256, 256, 1, False]
21                -1  1    590336  models.common.Conv                      [256, 256, 3, 2]
22          [-1, 10]  1         0  models.common.Concat                    [1]
23                -1  1   1182720  models.common.C3                        [512, 512, 1, False]
24      [17, 20, 23]  1     24273  models.yolo.Detect                      [4, [[10, 13, 16, 30, 33, 23], [30, 61, 62, 45, 59, 119], [116, 90, 156, 198, 373, 326]], [128, 256, 512]]
Model summary: 214 layers, 7030417 parameters, 7030417 gradients, 16.0 GFLOPs
Transferred 343/349 items from /home/lijinhe/work/YOLO_Retraining/.third_party/yolov5/yolov5s.pt
AMP: checks passed ✅
optimizer: SGD(lr=0.01) with parameter groups 57 weight(decay=0.0), 60 weight(decay=0.0005), 60 bias
train: Scanning /home/lijinhe/work/YOLO_Retraining/runs/studies/global_dedup_tau099_learning_curve/sequences/GlobalDedupTau099_PostSplit__seq-full-cold__stage0-stage7__yolov5s__s42/tasks/000__stage0__full-cold/data/backend_train_images... 615 images, 299 backgrounds, 0 corrupt: 100%|██████████| 615/615 00:05
train: New cache created: /home/lijinhe/work/YOLO_Retraining/runs/studies/global_dedup_tau099_learning_curve/sequences/GlobalDedupTau099_PostSplit__seq-full-cold__stage0-stage7__yolov5s__s42/tasks/000__stage0__full-cold/data/backend_train_images.cache
val: Scanning /home/lijinhe/work/YOLO_Retraining/runs/studies/global_dedup_tau099_learning_curve/sequences/GlobalDedupTau099_PostSplit__seq-full-cold__stage0-stage7__yolov5s__s42/tasks/000__stage0__full-cold/data/backend_validation_images... 1000 images, 514 backgrounds, 0 corrupt: 100%|██████████| 1000/1000 00:06
val: WARNING ⚠️ /home/lijinhe/work/YOLO_Retraining/data/self_improving/images/0720_11/05168_1784523505059766_0.jpg: 2 duplicate labels removed
val: New cache created: /home/lijinhe/work/YOLO_Retraining/runs/studies/global_dedup_tau099_learning_curve/sequences/GlobalDedupTau099_PostSplit__seq-full-cold__stage0-stage7__yolov5s__s42/tasks/000__stage0__full-cold/data/backend_validation_images.cache
AutoAnchor: 5.61 anchors/target, 1.000 Best Possible Recall (BPR). Current anchors are a good fit to dataset ✅
Image sizes 640 train, 640 val
Using 16 dataloader workers
Logging results to /home/lijinhe/work/YOLO_Retraining/runs/studies/global_dedup_tau099_learning_curve/sequences/GlobalDedupTau099_PostSplit__seq-full-cold__stage0-stage7__yolov5s__s42/tasks/000__stage0__full-cold/backend/yolov5/train
Starting training for 100 epochs...
Epoch    GPU_mem   box_loss   obj_loss   cls_loss  Instances       Size
0/99      13.9G     0.1219    0.02549    0.04788         38        640: 100%|██████████| 10/10 00:03
Class     Images  Instances          P          R      mAP50   mAP50-95: 100%|██████████| 8/8 00:24
all       1000        677   0.000302      0.173    0.00025   6.09e-05
Epoch    GPU_mem   box_loss   obj_loss   cls_loss  Instances       Size
1/99      13.9G     0.1061    0.01924    0.03879         49        640: 100%|██████████| 10/10 00:03
Class     Images  Instances          P          R      mAP50   mAP50-95: 100%|██████████| 8/8 00:07
all       1000        677   0.000549      0.245   0.000864   0.000179
Epoch    GPU_mem   box_loss   obj_loss   cls_loss  Instances       Size
2/99      13.9G    0.09156    0.01712    0.03202         45        640: 100%|██████████| 10/10 00:03
Class     Images  Instances          P          R      mAP50   mAP50-95: 100%|██████████| 8/8 00:06
all       1000        677   0.000975      0.453    0.00567    0.00147
Epoch    GPU_mem   box_loss   obj_loss   cls_loss  Instances       Size
3/99      13.9G    0.08395    0.01571    0.02673         41        640: 100%|██████████| 10/10 00:03
Class     Images  Instances          P          R      mAP50   mAP50-95: 100%|██████████| 8/8 00:06
all       1000        677    0.00134      0.469     0.0186     0.0048
Epoch    GPU_mem   box_loss   obj_loss   cls_loss  Instances       Size
4/99      13.9G    0.07664    0.01641    0.02427         50        640: 100%|██████████| 10/10 00:03
Class     Images  Instances          P          R      mAP50   mAP50-95: 100%|██████████| 8/8 00:05
all       1000        677      0.787     0.0654     0.0331    0.00732
Epoch    GPU_mem   box_loss   obj_loss   cls_loss  Instances       Size
5/99      13.9G    0.07086    0.01549    0.02126         50        640: 100%|██████████| 10/10 00:01
Class     Images  Instances          P          R      mAP50   mAP50-95: 100%|██████████| 8/8 00:04
all       1000        677      0.758     0.0714     0.0357    0.00917
Epoch    GPU_mem   box_loss   obj_loss   cls_loss  Instances       Size
6/99      13.9G    0.06908    0.01531    0.01911         45        640: 100%|██████████| 10/10 00:01
Class     Images  Instances          P          R      mAP50   mAP50-95: 100%|██████████| 8/8 00:03
all       1000        677      0.857     0.0555      0.122     0.0391
Epoch    GPU_mem   box_loss   obj_loss   cls_loss  Instances       Size
7/99      13.9G    0.06765      0.014    0.01636         45        640: 100%|██████████| 10/10 00:01
Class     Images  Instances          P          R      mAP50   mAP50-95: 100%|██████████| 8/8 00:03
all       1000        677      0.717      0.134      0.142     0.0429
Epoch    GPU_mem   box_loss   obj_loss   cls_loss  Instances       Size
8/99      13.9G    0.06566     0.0136    0.01387         35        640: 100%|██████████| 10/10 00:01
Class     Images  Instances          P          R      mAP50   mAP50-95: 100%|██████████| 8/8 00:06
all       1000        677      0.657      0.154      0.122      0.037
Epoch    GPU_mem   box_loss   obj_loss   cls_loss  Instances       Size
9/99      13.9G    0.06158     0.0128    0.01411         41        640: 100%|██████████| 10/10 00:02
Class     Images  Instances          P          R      mAP50   mAP50-95: 100%|██████████| 8/8 00:13
all       1000        677      0.669      0.142      0.135     0.0374
Epoch    GPU_mem   box_loss   obj_loss   cls_loss  Instances       Size
10/99      13.9G    0.06042    0.01211    0.01189         51        640: 100%|██████████| 10/10 00:02
Class     Images  Instances          P          R      mAP50   mAP50-95: 100%|██████████| 8/8 00:05
all       1000        677      0.658      0.127      0.129     0.0441
Epoch    GPU_mem   box_loss   obj_loss   cls_loss  Instances       Size
11/99      13.9G    0.05881    0.01201    0.01473         56        640: 100%|██████████| 10/10 00:03
Class     Images  Instances          P          R      mAP50   mAP50-95: 100%|██████████| 8/8 00:04
all       1000        677      0.669      0.134      0.146     0.0504
Epoch    GPU_mem   box_loss   obj_loss   cls_loss  Instances       Size
12/99      13.9G    0.05603    0.01089    0.01327         55        640: 100%|██████████| 10/10 00:01
Class     Images  Instances          P          R      mAP50   mAP50-95: 100%|██████████| 8/8 00:03
all       1000        677      0.383      0.258      0.129     0.0461
Epoch    GPU_mem   box_loss   obj_loss   cls_loss  Instances       Size
13/99      13.9G    0.05648    0.01129    0.01084         55        640: 100%|██████████| 10/10 00:01
Class     Images  Instances          P          R      mAP50   mAP50-95: 100%|██████████| 8/8 00:03
all       1000        677      0.728      0.167      0.219     0.0888
Epoch    GPU_mem   box_loss   obj_loss   cls_loss  Instances       Size
14/99      13.9G    0.05218    0.01063    0.01115         46        640: 100%|██████████| 10/10 00:02
Class     Images  Instances          P          R      mAP50   mAP50-95: 100%|██████████| 8/8 00:03
all       1000        677      0.719      0.155      0.174     0.0658
Epoch    GPU_mem   box_loss   obj_loss   cls_loss  Instances       Size
15/99      13.9G    0.05256    0.01001   0.009912         58        640: 100%|██████████| 10/10 00:01
Class     Images  Instances          P          R      mAP50   mAP50-95: 100%|██████████| 8/8 00:03
all       1000        677      0.691      0.118      0.137     0.0523
Epoch    GPU_mem   box_loss   obj_loss   cls_loss  Instances       Size
16/99      13.9G     0.0523   0.009829     0.0092         29        640: 100%|██████████| 10/10 00:01
Class     Images  Instances          P          R      mAP50   mAP50-95: 100%|██████████| 8/8 00:03
all       1000        677       0.67      0.164      0.149     0.0522
Epoch    GPU_mem   box_loss   obj_loss   cls_loss  Instances       Size
17/99      13.9G      0.051    0.00975   0.009161         63        640: 100%|██████████| 10/10 00:01
Class     Images  Instances          P          R      mAP50   mAP50-95: 100%|██████████| 8/8 00:04
all       1000        677      0.644        0.2      0.163     0.0575
Epoch    GPU_mem   box_loss   obj_loss   cls_loss  Instances       Size
18/99      13.9G    0.04974   0.009868   0.009246         47        640: 100%|██████████| 10/10 00:01
Class     Images  Instances          P          R      mAP50   mAP50-95: 100%|██████████| 8/8 00:03
all       1000        677      0.687      0.182        0.2     0.0681
Epoch    GPU_mem   box_loss   obj_loss   cls_loss  Instances       Size
19/99      13.9G    0.04977   0.009411    0.00793         43        640: 100%|██████████| 10/10 00:01
Class     Images  Instances          P          R      mAP50   mAP50-95: 100%|██████████| 8/8 00:03
all       1000        677      0.463      0.135     0.0652      0.027
Epoch    GPU_mem   box_loss   obj_loss   cls_loss  Instances       Size
20/99      13.9G    0.04961   0.009383   0.007284         53        640: 100%|██████████| 10/10 00:02
Class     Images  Instances          P          R      mAP50   mAP50-95: 100%|██████████| 8/8 00:05
all       1000        677      0.559      0.202      0.168     0.0663
Epoch    GPU_mem   box_loss   obj_loss   cls_loss  Instances       Size
21/99      13.9G    0.04837   0.009341   0.007174         55        640: 100%|██████████| 10/10 00:01
Class     Images  Instances          P          R      mAP50   mAP50-95: 100%|██████████| 8/8 00:03
all       1000        677      0.586      0.257      0.231     0.0931
Epoch    GPU_mem   box_loss   obj_loss   cls_loss  Instances       Size
22/99      13.9G    0.04748   0.009441   0.007273         50        640: 100%|██████████| 10/10 00:01
Class     Images  Instances          P          R      mAP50   mAP50-95: 100%|██████████| 8/8 00:03
all       1000        677      0.551      0.279      0.236     0.0866
Epoch    GPU_mem   box_loss   obj_loss   cls_loss  Instances       Size
23/99      13.9G    0.04655   0.008632   0.006474         40        640: 100%|██████████| 10/10 00:02
Class     Images  Instances          P          R      mAP50   mAP50-95: 100%|██████████| 8/8 00:05
all       1000        677      0.572      0.239      0.224      0.095
Epoch    GPU_mem   box_loss   obj_loss   cls_loss  Instances       Size
24/99      13.9G    0.04721   0.008863   0.006341         61        640: 100%|██████████| 10/10 00:01
Class     Images  Instances          P          R      mAP50   mAP50-95: 100%|██████████| 8/8 00:03
all       1000        677      0.627      0.276      0.264      0.107
Epoch    GPU_mem   box_loss   obj_loss   cls_loss  Instances       Size
25/99      13.9G    0.04463   0.008554   0.005599         51        640: 100%|██████████| 10/10 00:01
Class     Images  Instances          P          R      mAP50   mAP50-95: 100%|██████████| 8/8 00:05
all       1000        677      0.567      0.245      0.238     0.0934
Epoch    GPU_mem   box_loss   obj_loss   cls_loss  Instances       Size
26/99      13.9G    0.04315   0.008143   0.006291         37        640: 100%|██████████| 10/10 00:02
Class     Images  Instances          P          R      mAP50   mAP50-95: 100%|██████████| 8/8 00:05
all       1000        677      0.601      0.272      0.257      0.116
Epoch    GPU_mem   box_loss   obj_loss   cls_loss  Instances       Size
27/99      13.9G    0.04318      0.008   0.005312         59        640: 100%|██████████| 10/10 00:02
Class     Images  Instances          P          R      mAP50   mAP50-95: 100%|██████████| 8/8 00:04
all       1000        677      0.647      0.326      0.328      0.146
Epoch    GPU_mem   box_loss   obj_loss   cls_loss  Instances       Size
28/99      13.9G    0.04312   0.008274   0.004657         45        640: 100%|██████████| 10/10 00:01
Class     Images  Instances          P          R      mAP50   mAP50-95: 100%|██████████| 8/8 00:02
all       1000        677      0.662      0.279      0.297      0.135
Epoch    GPU_mem   box_loss   obj_loss   cls_loss  Instances       Size
29/99      13.9G    0.04331   0.008199   0.003816         49        640: 100%|██████████| 10/10 00:01
Class     Images  Instances          P          R      mAP50   mAP50-95: 100%|██████████| 8/8 00:07
all       1000        677      0.601      0.308      0.283      0.133
Epoch    GPU_mem   box_loss   obj_loss   cls_loss  Instances       Size
30/99      13.9G     0.0412   0.008516   0.005074         52        640: 100%|██████████| 10/10 00:03
Class     Images  Instances          P          R      mAP50   mAP50-95: 100%|██████████| 8/8 00:04
all       1000        677      0.635       0.37       0.34       0.13
Epoch    GPU_mem   box_loss   obj_loss   cls_loss  Instances       Size
31/99      13.9G    0.04266   0.008232   0.004877         40        640: 100%|██████████| 10/10 00:01
Class     Images  Instances          P          R      mAP50   mAP50-95: 100%|██████████| 8/8 00:02
all       1000        677      0.617      0.376      0.352      0.149
Epoch    GPU_mem   box_loss   obj_loss   cls_loss  Instances       Size
32/99      13.9G    0.04075   0.007777   0.004701         46        640: 100%|██████████| 10/10 00:01
Class     Images  Instances          P          R      mAP50   mAP50-95: 100%|██████████| 8/8 00:03
all       1000        677      0.667      0.352      0.323      0.151
Epoch    GPU_mem   box_loss   obj_loss   cls_loss  Instances       Size
33/99      13.9G    0.04134   0.007821   0.004976         44        640: 100%|██████████| 10/10 00:01
Class     Images  Instances          P          R      mAP50   mAP50-95: 100%|██████████| 8/8 00:02
all       1000        677      0.535      0.251      0.223     0.0876
Epoch    GPU_mem   box_loss   obj_loss   cls_loss  Instances       Size
34/99      13.9G    0.04027   0.007607   0.004179         47        640: 100%|██████████| 10/10 00:01
Class     Images  Instances          P          R      mAP50   mAP50-95: 100%|██████████| 8/8 00:02
all       1000        677      0.597      0.286      0.267      0.108
Epoch    GPU_mem   box_loss   obj_loss   cls_loss  Instances       Size
35/99      13.9G    0.03901   0.007907   0.004146         53        640: 100%|██████████| 10/10 00:01
Class     Images  Instances          P          R      mAP50   mAP50-95: 100%|██████████| 8/8 00:03
all       1000        677      0.698      0.281      0.303      0.126
Epoch    GPU_mem   box_loss   obj_loss   cls_loss  Instances       Size
36/99      13.9G    0.03821   0.007943   0.004169         38        640: 100%|██████████| 10/10 00:01
Class     Images  Instances          P          R      mAP50   mAP50-95: 100%|██████████| 8/8 00:11
all       1000        677      0.664      0.297      0.313      0.146
Epoch    GPU_mem   box_loss   obj_loss   cls_loss  Instances       Size
37/99      13.9G    0.03824    0.00778    0.00397         42        640: 100%|██████████| 10/10 00:02
Class     Images  Instances          P          R      mAP50   mAP50-95: 100%|██████████| 8/8 00:05
all       1000        677      0.685      0.298      0.321      0.149
Epoch    GPU_mem   box_loss   obj_loss   cls_loss  Instances       Size
38/99      13.9G    0.03896   0.007324   0.003819         48        640: 100%|██████████| 10/10 00:02
Class     Images  Instances          P          R      mAP50   mAP50-95: 100%|██████████| 8/8 00:08
all       1000        677      0.702      0.311      0.329      0.144
Epoch    GPU_mem   box_loss   obj_loss   cls_loss  Instances       Size
39/99      13.9G    0.03733   0.006964   0.002515         33        640: 100%|██████████| 10/10 00:03
Class     Images  Instances          P          R      mAP50   mAP50-95: 100%|██████████| 8/8 00:03
all       1000        677      0.723      0.291      0.333      0.147
Epoch    GPU_mem   box_loss   obj_loss   cls_loss  Instances       Size
40/99      13.9G    0.03789    0.00721   0.004198         43        640: 100%|██████████| 10/10 00:02
Class     Images  Instances          P          R      mAP50   mAP50-95: 100%|██████████| 8/8 00:03
all       1000        677      0.639      0.327      0.325      0.136
Epoch    GPU_mem   box_loss   obj_loss   cls_loss  Instances       Size
41/99      13.9G     0.0367   0.007156   0.003278         45        640: 100%|██████████| 10/10 00:01
Class     Images  Instances          P          R      mAP50   mAP50-95: 100%|██████████| 8/8 00:02
all       1000        677      0.643      0.315      0.306      0.134
Epoch    GPU_mem   box_loss   obj_loss   cls_loss  Instances       Size
42/99      13.9G    0.03574   0.006938   0.002848         39        640: 100%|██████████| 10/10 00:01
Class     Images  Instances          P          R      mAP50   mAP50-95: 100%|██████████| 8/8 00:02
all       1000        677      0.629      0.304      0.315       0.14
Epoch    GPU_mem   box_loss   obj_loss   cls_loss  Instances       Size
43/99      13.9G    0.03561   0.006518   0.004071         42        640: 100%|██████████| 10/10 00:01
Class     Images  Instances          P          R      mAP50   mAP50-95: 100%|██████████| 8/8 00:02
all       1000        677      0.639      0.361      0.336      0.149
Epoch    GPU_mem   box_loss   obj_loss   cls_loss  Instances       Size
44/99      13.9G    0.03563   0.007063   0.002904         52        640: 100%|██████████| 10/10 00:02
Class     Images  Instances          P          R      mAP50   mAP50-95: 100%|██████████| 8/8 00:03
all       1000        677      0.647       0.36      0.338      0.145
Epoch    GPU_mem   box_loss   obj_loss   cls_loss  Instances       Size
45/99      13.9G    0.03453   0.006977   0.002799         53        640: 100%|██████████| 10/10 00:01
Class     Images  Instances          P          R      mAP50   mAP50-95: 100%|██████████| 8/8 00:05
all       1000        677      0.684      0.297      0.322      0.156
Epoch    GPU_mem   box_loss   obj_loss   cls_loss  Instances       Size
46/99      13.9G    0.03501   0.006469   0.002665         56        640: 100%|██████████| 10/10 00:05
Class     Images  Instances          P          R      mAP50   mAP50-95: 100%|██████████| 8/8 00:06
all       1000        677      0.669        0.3      0.303      0.131
Epoch    GPU_mem   box_loss   obj_loss   cls_loss  Instances       Size
47/99      13.9G    0.03468   0.006609   0.002576         58        640: 100%|██████████| 10/10 00:03
Class     Images  Instances          P          R      mAP50   mAP50-95: 100%|██████████| 8/8 00:03
all       1000        677      0.605      0.345      0.315      0.144
Epoch    GPU_mem   box_loss   obj_loss   cls_loss  Instances       Size
48/99      13.9G    0.03473   0.006559   0.002641         49        640: 100%|██████████| 10/10 00:01
Class     Images  Instances          P          R      mAP50   mAP50-95: 100%|██████████| 8/8 00:02
all       1000        677      0.696      0.321      0.341      0.152
Epoch    GPU_mem   box_loss   obj_loss   cls_loss  Instances       Size
49/99      13.9G    0.03372   0.006547    0.00294         47        640: 100%|██████████| 10/10 00:01
Class     Images  Instances          P          R      mAP50   mAP50-95: 100%|██████████| 8/8 00:02
all       1000        677      0.682       0.33      0.362      0.173
Epoch    GPU_mem   box_loss   obj_loss   cls_loss  Instances       Size
50/99      13.9G    0.03362   0.006416   0.003063         37        640: 100%|██████████| 10/10 00:01
Class     Images  Instances          P          R      mAP50   mAP50-95: 100%|██████████| 8/8 00:03
all       1000        677      0.637      0.341      0.338      0.156
Epoch    GPU_mem   box_loss   obj_loss   cls_loss  Instances       Size
51/99      13.9G    0.03368   0.006611    0.00264         68        640: 100%|██████████| 10/10 00:03
Class     Images  Instances          P          R      mAP50   mAP50-95: 100%|██████████| 8/8 00:08
all       1000        677      0.685      0.312      0.339      0.139
Epoch    GPU_mem   box_loss   obj_loss   cls_loss  Instances       Size
52/99      13.9G    0.03224   0.005992   0.002495         44        640: 100%|██████████| 10/10 00:02
Class     Images  Instances          P          R      mAP50   mAP50-95: 100%|██████████| 8/8 00:06
all       1000        677      0.683      0.315      0.327      0.138
Epoch    GPU_mem   box_loss   obj_loss   cls_loss  Instances       Size
53/99      13.9G    0.03173   0.006592   0.002762         61        640: 100%|██████████| 10/10 00:03
Class     Images  Instances          P          R      mAP50   mAP50-95: 100%|██████████| 8/8 00:07
all       1000        677      0.618      0.351      0.346       0.15
Epoch    GPU_mem   box_loss   obj_loss   cls_loss  Instances       Size
54/99      13.9G    0.03331   0.006217   0.002089         45        640: 100%|██████████| 10/10 00:01
Class     Images  Instances          P          R      mAP50   mAP50-95: 100%|██████████| 8/8 00:02
all       1000        677      0.645      0.369      0.345      0.163
Epoch    GPU_mem   box_loss   obj_loss   cls_loss  Instances       Size
55/99      13.9G    0.03156   0.006446   0.002227         59        640: 100%|██████████| 10/10 00:02
Class     Images  Instances          P          R      mAP50   mAP50-95: 100%|██████████| 8/8 00:03
all       1000        677      0.679      0.327       0.34      0.158
Epoch    GPU_mem   box_loss   obj_loss   cls_loss  Instances       Size
56/99      13.9G    0.03209    0.00598   0.003258         50        640: 100%|██████████| 10/10 00:01
Class     Images  Instances          P          R      mAP50   mAP50-95: 100%|██████████| 8/8 00:02
all       1000        677      0.747      0.292      0.329      0.152
Epoch    GPU_mem   box_loss   obj_loss   cls_loss  Instances       Size
57/99      13.9G    0.02924   0.005696   0.003263         40        640: 100%|██████████| 10/10 00:02
Class     Images  Instances          P          R      mAP50   mAP50-95: 100%|██████████| 8/8 00:03
all       1000        677      0.671      0.358       0.36      0.181
Epoch    GPU_mem   box_loss   obj_loss   cls_loss  Instances       Size
58/99      13.9G    0.03097   0.005958   0.002924         55        640: 100%|██████████| 10/10 00:01
Class     Images  Instances          P          R      mAP50   mAP50-95: 100%|██████████| 8/8 00:02
all       1000        677      0.708      0.334      0.374      0.183
Epoch    GPU_mem   box_loss   obj_loss   cls_loss  Instances       Size
59/99      13.9G    0.02948   0.006061   0.002035         33        640: 100%|██████████| 10/10 00:01
Class     Images  Instances          P          R      mAP50   mAP50-95: 100%|██████████| 8/8 00:02
all       1000        677      0.714      0.331       0.35      0.167
Epoch    GPU_mem   box_loss   obj_loss   cls_loss  Instances       Size
60/99      13.9G    0.02973   0.005705   0.002687         49        640: 100%|██████████| 10/10 00:01
Class     Images  Instances          P          R      mAP50   mAP50-95: 100%|██████████| 8/8 00:05
all       1000        677       0.67      0.343      0.353      0.157
Epoch    GPU_mem   box_loss   obj_loss   cls_loss  Instances       Size
61/99      13.9G    0.02983   0.006015   0.002104         57        640: 100%|██████████| 10/10 00:04
Class     Images  Instances          P          R      mAP50   mAP50-95: 100%|██████████| 8/8 00:05
all       1000        677      0.708      0.298      0.332      0.151
Epoch    GPU_mem   box_loss   obj_loss   cls_loss  Instances       Size
62/99      13.9G    0.02785   0.005636   0.002147         48        640: 100%|██████████| 10/10 00:03
Class     Images  Instances          P          R      mAP50   mAP50-95: 100%|██████████| 8/8 00:04
all       1000        677      0.735      0.301      0.337      0.159
Epoch    GPU_mem   box_loss   obj_loss   cls_loss  Instances       Size
63/99      13.9G    0.02802   0.005255     0.0019         46        640: 100%|██████████| 10/10 00:02
Class     Images  Instances          P          R      mAP50   mAP50-95: 100%|██████████| 8/8 00:05
all       1000        677      0.721      0.307      0.334      0.156
Epoch    GPU_mem   box_loss   obj_loss   cls_loss  Instances       Size
64/99      13.9G    0.02738      0.006   0.001984         61        640: 100%|██████████| 10/10 00:01
Class     Images  Instances          P          R      mAP50   mAP50-95: 100%|██████████| 8/8 00:02
all       1000        677      0.736      0.322      0.352      0.174
Epoch    GPU_mem   box_loss   obj_loss   cls_loss  Instances       Size
65/99      13.9G    0.02775   0.005862    0.00327         52        640: 100%|██████████| 10/10 00:01
Class     Images  Instances          P          R      mAP50   mAP50-95: 100%|██████████| 8/8 00:03
all       1000        677      0.744      0.336      0.362      0.184
Epoch    GPU_mem   box_loss   obj_loss   cls_loss  Instances       Size
66/99      13.9G    0.02714   0.005293   0.001688         43        640: 100%|██████████| 10/10 00:03
Class     Images  Instances          P          R      mAP50   mAP50-95: 100%|██████████| 8/8 00:11
all       1000        677      0.735      0.339      0.366      0.182
Epoch    GPU_mem   box_loss   obj_loss   cls_loss  Instances       Size
67/99      13.9G    0.02619   0.005262   0.002653         31        640: 100%|██████████| 10/10 00:02
Class     Images  Instances          P          R      mAP50   mAP50-95: 100%|██████████| 8/8 00:04
all       1000        677      0.791      0.306      0.371      0.175
Epoch    GPU_mem   box_loss   obj_loss   cls_loss  Instances       Size
68/99      13.9G    0.02799   0.005444   0.001796         51        640: 100%|██████████| 10/10 00:01
Class     Images  Instances          P          R      mAP50   mAP50-95: 100%|██████████| 8/8 00:03
all       1000        677      0.758      0.317      0.373       0.18
Epoch    GPU_mem   box_loss   obj_loss   cls_loss  Instances       Size
69/99      13.9G    0.02617   0.005226   0.002147         41        640: 100%|██████████| 10/10 00:01
Class     Images  Instances          P          R      mAP50   mAP50-95: 100%|██████████| 8/8 00:02
all       1000        677      0.724      0.347      0.378      0.189
Epoch    GPU_mem   box_loss   obj_loss   cls_loss  Instances       Size
70/99      13.9G    0.02589   0.005219   0.001773         43        640: 100%|██████████| 10/10 00:02
Class     Images  Instances          P          R      mAP50   mAP50-95: 100%|██████████| 8/8 00:04
all       1000        677      0.762       0.33      0.384      0.185
Epoch    GPU_mem   box_loss   obj_loss   cls_loss  Instances       Size
71/99      13.9G    0.02583   0.005441   0.001814         43        640: 100%|██████████| 10/10 00:03
Class     Images  Instances          P          R      mAP50   mAP50-95: 100%|██████████| 8/8 00:07
all       1000        677      0.691      0.359      0.381      0.192
Epoch    GPU_mem   box_loss   obj_loss   cls_loss  Instances       Size
72/99      13.9G    0.02505   0.005472   0.002295         46        640: 100%|██████████| 10/10 00:02
Class     Images  Instances          P          R      mAP50   mAP50-95: 100%|██████████| 8/8 00:05
all       1000        677      0.676      0.348      0.361      0.172
Epoch    GPU_mem   box_loss   obj_loss   cls_loss  Instances       Size
73/99      13.9G    0.02507   0.004822   0.001871         44        640: 100%|██████████| 10/10 00:03
Class     Images  Instances          P          R      mAP50   mAP50-95: 100%|██████████| 8/8 00:04
all       1000        677      0.689       0.36      0.382      0.187
Epoch    GPU_mem   box_loss   obj_loss   cls_loss  Instances       Size
74/99      13.9G    0.02563   0.005207   0.001802         60        640: 100%|██████████| 10/10 00:01
Class     Images  Instances          P          R      mAP50   mAP50-95: 100%|██████████| 8/8 00:02
all       1000        677      0.738      0.328      0.371      0.173
Epoch    GPU_mem   box_loss   obj_loss   cls_loss  Instances       Size
75/99      13.9G    0.02523   0.005223   0.001713         42        640: 100%|██████████| 10/10 00:01
Class     Images  Instances          P          R      mAP50   mAP50-95: 100%|██████████| 8/8 00:05
all       1000        677      0.715      0.343      0.381      0.183
Epoch    GPU_mem   box_loss   obj_loss   cls_loss  Instances       Size
76/99      13.9G    0.02508   0.004754   0.001685         46        640: 100%|██████████| 10/10 00:07
Class     Images  Instances          P          R      mAP50   mAP50-95: 100%|██████████| 8/8 00:08
all       1000        677      0.737      0.367      0.385      0.189
Epoch    GPU_mem   box_loss   obj_loss   cls_loss  Instances       Size
77/99      13.9G    0.02436   0.005117   0.001339         52        640: 100%|██████████| 10/10 00:02
Class     Images  Instances          P          R      mAP50   mAP50-95: 100%|██████████| 8/8 00:06
all       1000        677      0.742      0.354      0.387      0.196
Epoch    GPU_mem   box_loss   obj_loss   cls_loss  Instances       Size
78/99      13.9G    0.02397   0.004729   0.001642         39        640: 100%|██████████| 10/10 00:02
Class     Images  Instances          P          R      mAP50   mAP50-95: 100%|██████████| 8/8 00:08
all       1000        677      0.709      0.361      0.394      0.197
Epoch    GPU_mem   box_loss   obj_loss   cls_loss  Instances       Size
79/99      13.9G    0.02325    0.00484   0.001574         53        640: 100%|██████████| 10/10 00:02
Class     Images  Instances          P          R      mAP50   mAP50-95: 100%|██████████| 8/8 00:11
all       1000        677      0.741      0.341      0.387      0.198
Epoch    GPU_mem   box_loss   obj_loss   cls_loss  Instances       Size
80/99      13.9G    0.02253   0.004874   0.001961         46        640: 100%|██████████| 10/10 00:03
Class     Images  Instances          P          R      mAP50   mAP50-95: 100%|██████████| 8/8 00:07
all       1000        677      0.761      0.344       0.38      0.196
Epoch    GPU_mem   box_loss   obj_loss   cls_loss  Instances       Size
81/99      13.9G    0.02303   0.004754   0.001012         45        640: 100%|██████████| 10/10 00:02
Class     Images  Instances          P          R      mAP50   mAP50-95: 100%|██████████| 8/8 00:06
all       1000        677      0.766      0.336      0.384      0.201
Epoch    GPU_mem   box_loss   obj_loss   cls_loss  Instances       Size
82/99      13.9G    0.02266    0.00511    0.00165         80        640: 100%|██████████| 10/10 00:03
Class     Images  Instances          P          R      mAP50   mAP50-95: 100%|██████████| 8/8 00:07
all       1000        677      0.771      0.325      0.374      0.193
Epoch    GPU_mem   box_loss   obj_loss   cls_loss  Instances       Size
83/99      13.9G    0.02246   0.004698   0.001201         42        640: 100%|██████████| 10/10 00:01
Class     Images  Instances          P          R      mAP50   mAP50-95: 100%|██████████| 8/8 00:02
all       1000        677      0.769      0.345       0.38      0.189
Epoch    GPU_mem   box_loss   obj_loss   cls_loss  Instances       Size
84/99      13.9G    0.02202   0.004863   0.001249         44        640: 100%|██████████| 10/10 00:01
Class     Images  Instances          P          R      mAP50   mAP50-95: 100%|██████████| 8/8 00:03
all       1000        677      0.768      0.346      0.382      0.189
Epoch    GPU_mem   box_loss   obj_loss   cls_loss  Instances       Size
85/99      13.9G    0.02206    0.00435   0.001288         43        640: 100%|██████████| 10/10 00:02
Class     Images  Instances          P          R      mAP50   mAP50-95: 100%|██████████| 8/8 00:14
all       1000        677      0.749      0.335      0.369      0.185
Epoch    GPU_mem   box_loss   obj_loss   cls_loss  Instances       Size
86/99      13.9G    0.02145   0.004411   0.001091         47        640: 100%|██████████| 10/10 00:02
Class     Images  Instances          P          R      mAP50   mAP50-95: 100%|██████████| 8/8 00:04
all       1000        677      0.743      0.347      0.378      0.194
Epoch    GPU_mem   box_loss   obj_loss   cls_loss  Instances       Size
87/99      13.9G    0.02079     0.0047   0.001293         53        640: 100%|██████████| 10/10 00:02
Class     Images  Instances          P          R      mAP50   mAP50-95: 100%|██████████| 8/8 00:05
all       1000        677      0.761      0.342      0.389      0.204
Epoch    GPU_mem   box_loss   obj_loss   cls_loss  Instances       Size
88/99      13.9G    0.02101   0.004382   0.001457         48        640: 100%|██████████| 10/10 00:02
Class     Images  Instances          P          R      mAP50   mAP50-95: 100%|██████████| 8/8 00:05
all       1000        677      0.799      0.337      0.387      0.203
Epoch    GPU_mem   box_loss   obj_loss   cls_loss  Instances       Size
89/99      13.9G    0.02151   0.004673   0.001464         43        640: 100%|██████████| 10/10 00:02
Class     Images  Instances          P          R      mAP50   mAP50-95: 100%|██████████| 8/8 00:06
all       1000        677      0.761      0.353      0.389      0.198
Epoch    GPU_mem   box_loss   obj_loss   cls_loss  Instances       Size
90/99      13.9G    0.02056   0.004561   0.001136         46        640: 100%|██████████| 10/10 00:05
Class     Images  Instances          P          R      mAP50   mAP50-95: 100%|██████████| 8/8 00:05
all       1000        677      0.794       0.35       0.41      0.206
Epoch    GPU_mem   box_loss   obj_loss   cls_loss  Instances       Size
91/99      13.9G    0.02137   0.004644   0.001325         53        640: 100%|██████████| 10/10 00:02
Class     Images  Instances          P          R      mAP50   mAP50-95: 100%|██████████| 8/8 00:05
all       1000        677      0.773      0.349        0.4      0.205
Epoch    GPU_mem   box_loss   obj_loss   cls_loss  Instances       Size
92/99      13.9G    0.02046   0.004615   0.001316         53        640: 100%|██████████| 10/10 00:02
Class     Images  Instances          P          R      mAP50   mAP50-95: 100%|██████████| 8/8 00:06
all       1000        677      0.748       0.36      0.396      0.208
Epoch    GPU_mem   box_loss   obj_loss   cls_loss  Instances       Size
93/99      13.9G     0.0199   0.004629  0.0009963         57        640: 100%|██████████| 10/10 00:01
Class     Images  Instances          P          R      mAP50   mAP50-95: 100%|██████████| 8/8 00:10
all       1000        677      0.759      0.372      0.417      0.214
Epoch    GPU_mem   box_loss   obj_loss   cls_loss  Instances       Size
94/99      13.9G     0.0202   0.004508    0.00144         55        640: 100%|██████████| 10/10 00:01
Class     Images  Instances          P          R      mAP50   mAP50-95: 100%|██████████| 8/8 00:02
all       1000        677      0.812      0.338      0.404      0.212
Epoch    GPU_mem   box_loss   obj_loss   cls_loss  Instances       Size
95/99      13.9G       0.02   0.004425   0.001135         51        640: 100%|██████████| 10/10 00:01
Class     Images  Instances          P          R      mAP50   mAP50-95: 100%|██████████| 8/8 00:05
all       1000        677      0.767      0.359        0.4      0.211
Epoch    GPU_mem   box_loss   obj_loss   cls_loss  Instances       Size
96/99      13.9G    0.01991   0.004508   0.001032         37        640: 100%|██████████| 10/10 00:03
Class     Images  Instances          P          R      mAP50   mAP50-95: 100%|██████████| 8/8 00:04
all       1000        677      0.757      0.359      0.398      0.207
Epoch    GPU_mem   box_loss   obj_loss   cls_loss  Instances       Size
97/99      13.9G    0.01898   0.004271   0.001487         57        640: 100%|██████████| 10/10 00:02
Class     Images  Instances          P          R      mAP50   mAP50-95: 100%|██████████| 8/8 00:05
all       1000        677      0.767      0.359      0.399      0.207
Epoch    GPU_mem   box_loss   obj_loss   cls_loss  Instances       Size
98/99      13.9G    0.01887   0.004199   0.001093         42        640: 100%|██████████| 10/10 00:05
Class     Images  Instances          P          R      mAP50   mAP50-95: 100%|██████████| 8/8 00:08
all       1000        677      0.759      0.355      0.397      0.207
Epoch    GPU_mem   box_loss   obj_loss   cls_loss  Instances       Size
99/99      13.9G      0.019   0.004378   0.000832         42        640: 100%|██████████| 10/10 00:04
Class     Images  Instances          P          R      mAP50   mAP50-95: 100%|██████████| 8/8 00:07
all       1000        677      0.795       0.34      0.396      0.205
100 epochs completed in 0.244 hours.
Optimizer stripped from /home/lijinhe/work/YOLO_Retraining/runs/studies/global_dedup_tau099_learning_curve/sequences/GlobalDedupTau099_PostSplit__seq-full-cold__stage0-stage7__yolov5s__s42/tasks/000__stage0__full-cold/backend/yolov5/train/weights/last.pt, 14.4MB
Optimizer stripped from /home/lijinhe/work/YOLO_Retraining/runs/studies/global_dedup_tau099_learning_curve/sequences/GlobalDedupTau099_PostSplit__seq-full-cold__stage0-stage7__yolov5s__s42/tasks/000__stage0__full-cold/backend/yolov5/train/weights/best.pt, 14.4MB
Validating /home/lijinhe/work/YOLO_Retraining/runs/studies/global_dedup_tau099_learning_curve/sequences/GlobalDedupTau099_PostSplit__seq-full-cold__stage0-stage7__yolov5s__s42/tasks/000__stage0__full-cold/backend/yolov5/train/weights/best.pt...
Fusing layers...
Model summary: 157 layers, 7020913 parameters, 0 gradients, 15.8 GFLOPs
Class     Images  Instances          P          R      mAP50   mAP50-95: 100%|██████████| 8/8 00:05
all       1000        677      0.759      0.372      0.417      0.214
large luggage       1000        455      0.719      0.492      0.543      0.258
stroller       1000        175       0.59       0.46      0.498      0.238
wheelchair       1000         43      0.726      0.535      0.627      0.359
flatbed truck       1000          4          1          0          0          0
Results saved to /home/lijinhe/work/YOLO_Retraining/runs/studies/global_dedup_tau099_learning_curve/sequences/GlobalDedupTau099_PostSplit__seq-full-cold__stage0-stage7__yolov5s__s42/tasks/000__stage0__full-cold/backend/yolov5/train
terminate called without an active exception
terminate called without an active exception
Exception ignored in: <function _MultiProcessingDataLoaderIter.__del__ at 0x7f577fd76830>
Traceback (most recent call last):
File "/home/lijinhe/miniforge3/envs/yolo-retraining-v5/lib/python3.10/site-packages/torch/utils/data/dataloader.py", line 1479, in __del__
self._shutdown_workers()
File "/home/lijinhe/miniforge3/envs/yolo-retraining-v5/lib/python3.10/site-packages/torch/utils/data/dataloader.py", line 1443, in _shutdown_workers
w.join(timeout=_utils.MP_STATUS_CHECK_INTERVAL)
File "/home/lijinhe/miniforge3/envs/yolo-retraining-v5/lib/python3.10/multiprocessing/process.py", line 149, in join
res = self._popen.wait(timeout)
File "/home/lijinhe/miniforge3/envs/yolo-retraining-v5/lib/python3.10/multiprocessing/popen_fork.py", line 40, in wait
if not wait([self.sentinel], timeout):
File "/home/lijinhe/miniforge3/envs/yolo-retraining-v5/lib/python3.10/multiprocessing/connection.py", line 931, in wait
ready = selector.select(timeout)
File "/home/lijinhe/miniforge3/envs/yolo-retraining-v5/lib/python3.10/selectors.py", line 416, in select
fd_event_list = self._selector.poll(timeout)
File "/home/lijinhe/miniforge3/envs/yolo-retraining-v5/lib/python3.10/site-packages/torch/utils/data/_utils/signal_handling.py", line 66, in handler
_error_if_any_worker_fails()
RuntimeError: DataLoader worker (pid 2249044) is killed by signal: Aborted.
[YOLOv5] compacted progress updates: 3268 -> 203 lines
[YOLOv5] coalesced warning: incomplete JPEG accepted read-only; count=1556; by_source=train=596, val=960
[YOLOv5] warning example: train: WARNING ⚠️ /home/lijinhe/work/YOLO_Retraining/data/self_improving/images/0720_1/00003_1780987872391333_0.jpg: incomplete JPEG accepted read-only
[YOLOv5] warning example: train: WARNING ⚠️ /home/lijinhe/work/YOLO_Retraining/data/self_improving/images/0720_1/00011_1780987954154349_0.jpg: incomplete JPEG accepted read-only
[YOLOv5] warning example: train: WARNING ⚠️ /home/lijinhe/work/YOLO_Retraining/data/self_improving/images/0720_1/00025_1780988024705363_0.jpg: incomplete JPEG accepted read-only
