train: weights=/home/lijinhe/work/YOLO_Retraining/.third_party/yolov5/yolov5s.pt, cfg=, data=/home/lijinhe/work/YOLO_Retraining/runs/sequences/B640__seq-pred-positive__cum-cold__stage0-stage3__yolov5s__s42/tasks/003__stage3__pred-positive__cum-cold/data/backend_data.yaml, hyp=data/hyps/hyp.scratch-low.yaml, epochs=100, batch_size=64, imgsz=640, rect=False, resume=False, nosave=False, noval=False, noautoanchor=False, noplots=True, evolve=None, bucket=, cache=None, image_weights=False, device=0, multi_scale=False, single_cls=False, optimizer=SGD, sync_bn=False, workers=16, project=/home/lijinhe/work/YOLO_Retraining/runs/sequences/B640__seq-pred-positive__cum-cold__stage0-stage3__yolov5s__s42/tasks/003__stage3__pred-positive__cum-cold/backend/yolov5, name=train, exist_ok=True, quad=False, cos_lr=False, label_smoothing=0.0, patience=100, freeze=[0], save_period=-1, seed=45, local_rank=-1, entity=None, upload_dataset=False, bbox_interval=-1, artifact_alias=latest
github: skipping check (offline), for updates see https://github.com/ultralytics/yolov5
YOLOv5 🚀 v7.0-0-g915bbf29 Python-3.10.20 torch-2.2.2+cu121 CUDA:0 (NVIDIA H100 PCIe, 81090MiB)
hyperparameters: lr0=0.01, lrf=0.01, momentum=0.937, weight_decay=0.0005, warmup_epochs=3.0, warmup_momentum=0.8, warmup_bias_lr=0.1, box=0.05, cls=0.5, cls_pw=1.0, obj=1.0, obj_pw=1.0, iou_t=0.2, anchor_t=4.0, fl_gamma=0.0, hsv_h=0.015, hsv_s=0.7, hsv_v=0.4, degrees=0.0, translate=0.1, scale=0.5, shear=0.0, perspective=0.0, flipud=0.0, fliplr=0.5, mosaic=1.0, mixup=0.0, copy_paste=0.0
ClearML: run 'pip install clearml' to automatically track, visualize and remotely train YOLOv5 🚀 in ClearML
Comet: run 'pip install comet_ml' to automatically track and visualize YOLOv5 🚀 runs in Comet
TensorBoard: Start with 'tensorboard --logdir /home/lijinhe/work/YOLO_Retraining/runs/sequences/B640__seq-pred-positive__cum-cold__stage0-stage3__yolov5s__s42/tasks/003__stage3__pred-positive__cum-cold/backend/yolov5', view at http://localhost:6006/
Overriding model.yaml nc=80 with nc=4
from  n    params  module                                  arguments
0                -1  1      3520  models.common.Conv                      [3, 32, 6, 2, 2]
1                -1  1     18560  models.common.Conv                      [32, 64, 3, 2]
2                -1  1     18816  models.common.C3                        [64, 64, 1]
3                -1  1     73984  models.common.Conv                      [64, 128, 3, 2]
4                -1  2    115712  models.common.C3                        [128, 128, 2]
5                -1  1    295424  models.common.Conv                      [128, 256, 3, 2]
6                -1  3    625152  models.common.C3                        [256, 256, 3]
7                -1  1   1180672  models.common.Conv                      [256, 512, 3, 2]
8                -1  1   1182720  models.common.C3                        [512, 512, 1]
9                -1  1    656896  models.common.SPPF                      [512, 512, 5]
10                -1  1    131584  models.common.Conv                      [512, 256, 1, 1]
11                -1  1         0  torch.nn.modules.upsampling.Upsample    [None, 2, 'nearest']
12           [-1, 6]  1         0  models.common.Concat                    [1]
13                -1  1    361984  models.common.C3                        [512, 256, 1, False]
14                -1  1     33024  models.common.Conv                      [256, 128, 1, 1]
15                -1  1         0  torch.nn.modules.upsampling.Upsample    [None, 2, 'nearest']
16           [-1, 4]  1         0  models.common.Concat                    [1]
17                -1  1     90880  models.common.C3                        [256, 128, 1, False]
18                -1  1    147712  models.common.Conv                      [128, 128, 3, 2]
19          [-1, 14]  1         0  models.common.Concat                    [1]
20                -1  1    296448  models.common.C3                        [256, 256, 1, False]
21                -1  1    590336  models.common.Conv                      [256, 256, 3, 2]
22          [-1, 10]  1         0  models.common.Concat                    [1]
23                -1  1   1182720  models.common.C3                        [512, 512, 1, False]
24      [17, 20, 23]  1     24273  models.yolo.Detect                      [4, [[10, 13, 16, 30, 33, 23], [30, 61, 62, 45, 59, 119], [116, 90, 156, 198, 373, 326]], [128, 256, 512]]
Model summary: 214 layers, 7030417 parameters, 7030417 gradients, 16.0 GFLOPs
Transferred 343/349 items from /home/lijinhe/work/YOLO_Retraining/.third_party/yolov5/yolov5s.pt
AMP: checks passed ✅
optimizer: SGD(lr=0.01) with parameter groups 57 weight(decay=0.0), 60 weight(decay=0.0005), 60 bias
train: Scanning /home/lijinhe/work/YOLO_Retraining/runs/sequences/B640__seq-pred-positive__cum-cold__stage0-stage3__yolov5s__s42/tasks/003__stage3__pred-positive__cum-cold/data/backend_train_images... 5342 images, 2192 backgrounds, 0 corrupt: 100%|██████████| 5342/5342 00:20
train: WARNING ⚠️ /home/lijinhe/work/YOLO_Retraining/data/self_improving/images/0720_11/05168_1784523505059766_0.jpg: 2 duplicate labels removed
train: New cache created: /home/lijinhe/work/YOLO_Retraining/runs/sequences/B640__seq-pred-positive__cum-cold__stage0-stage3__yolov5s__s42/tasks/003__stage3__pred-positive__cum-cold/data/backend_train_images.cache
val: Scanning /home/lijinhe/work/YOLO_Retraining/runs/sequences/B640__seq-pred-positive__cum-cold__stage0-stage3__yolov5s__s42/tasks/003__stage3__pred-positive__cum-cold/data/backend_validation_images... 1000 images, 499 backgrounds, 0 corrupt: 100%|██████████| 1000/1000 00:03
val: New cache created: /home/lijinhe/work/YOLO_Retraining/runs/sequences/B640__seq-pred-positive__cum-cold__stage0-stage3__yolov5s__s42/tasks/003__stage3__pred-positive__cum-cold/data/backend_validation_images.cache
AutoAnchor: 5.65 anchors/target, 1.000 Best Possible Recall (BPR). Current anchors are a good fit to dataset ✅
Image sizes 640 train, 640 val
Using 16 dataloader workers
Logging results to /home/lijinhe/work/YOLO_Retraining/runs/sequences/B640__seq-pred-positive__cum-cold__stage0-stage3__yolov5s__s42/tasks/003__stage3__pred-positive__cum-cold/backend/yolov5/train
Starting training for 100 epochs...
Epoch    GPU_mem   box_loss   obj_loss   cls_loss  Instances       Size
0/99      13.9G    0.09089    0.02103    0.03049         53        640: 100%|██████████| 84/84 00:37
Class     Images  Instances          P          R      mAP50   mAP50-95: 100%|██████████| 8/8 00:03
all       1000        641      0.802     0.0439     0.0375     0.0134
Epoch    GPU_mem   box_loss   obj_loss   cls_loss  Instances       Size
1/99      13.9G    0.06545     0.0153    0.01557         37        640: 100%|██████████| 84/84 00:26
Class     Images  Instances          P          R      mAP50   mAP50-95: 100%|██████████| 8/8 00:03
all       1000        641      0.748      0.167        0.2     0.0776
Epoch    GPU_mem   box_loss   obj_loss   cls_loss  Instances       Size
2/99      13.9G    0.05906    0.01263    0.01211         47        640: 100%|██████████| 84/84 00:25
Class     Images  Instances          P          R      mAP50   mAP50-95: 100%|██████████| 8/8 00:03
all       1000        641      0.681       0.13      0.155     0.0541
Epoch    GPU_mem   box_loss   obj_loss   cls_loss  Instances       Size
3/99      13.9G    0.05555     0.0119     0.0116         30        640: 100%|██████████| 84/84 00:25
Class     Images  Instances          P          R      mAP50   mAP50-95: 100%|██████████| 8/8 00:03
all       1000        641       0.49      0.274      0.223     0.0863
Epoch    GPU_mem   box_loss   obj_loss   cls_loss  Instances       Size
4/99      13.9G    0.05272    0.01147    0.01044         48        640: 100%|██████████| 84/84 00:25
Class     Images  Instances          P          R      mAP50   mAP50-95: 100%|██████████| 8/8 00:02
all       1000        641      0.503      0.261      0.198     0.0831
Epoch    GPU_mem   box_loss   obj_loss   cls_loss  Instances       Size
5/99      13.9G    0.05025    0.01117   0.009791         49        640: 100%|██████████| 84/84 00:25
Class     Images  Instances          P          R      mAP50   mAP50-95: 100%|██████████| 8/8 00:06
all       1000        641      0.696       0.29      0.307      0.137
Epoch    GPU_mem   box_loss   obj_loss   cls_loss  Instances       Size
6/99      13.9G    0.04879    0.01099   0.009107         39        640: 100%|██████████| 84/84 00:25
Class     Images  Instances          P          R      mAP50   mAP50-95: 100%|██████████| 8/8 00:03
all       1000        641      0.669       0.29      0.305      0.131
Epoch    GPU_mem   box_loss   obj_loss   cls_loss  Instances       Size
7/99      13.9G    0.04764    0.01067   0.008638         34        640: 100%|██████████| 84/84 00:28
Class     Images  Instances          P          R      mAP50   mAP50-95: 100%|██████████| 8/8 00:02
all       1000        641      0.695      0.356      0.392      0.182
Epoch    GPU_mem   box_loss   obj_loss   cls_loss  Instances       Size
8/99      13.9G     0.0459    0.01044   0.007854         55        640: 100%|██████████| 84/84 00:24
Class     Images  Instances          P          R      mAP50   mAP50-95: 100%|██████████| 8/8 00:03
all       1000        641      0.735      0.305      0.341      0.151
Epoch    GPU_mem   box_loss   obj_loss   cls_loss  Instances       Size
9/99      13.9G    0.04457    0.01046   0.007448         62        640: 100%|██████████| 84/84 00:28
Class     Images  Instances          P          R      mAP50   mAP50-95: 100%|██████████| 8/8 00:03
all       1000        641      0.818      0.316      0.401      0.181
Epoch    GPU_mem   box_loss   obj_loss   cls_loss  Instances       Size
10/99      13.9G     0.0435    0.01015   0.007208         47        640: 100%|██████████| 84/84 00:26
Class     Images  Instances          P          R      mAP50   mAP50-95: 100%|██████████| 8/8 00:02
all       1000        641      0.681      0.327      0.366      0.173
Epoch    GPU_mem   box_loss   obj_loss   cls_loss  Instances       Size
11/99      13.9G    0.04323    0.01003   0.006882         44        640: 100%|██████████| 84/84 00:25
Class     Images  Instances          P          R      mAP50   mAP50-95: 100%|██████████| 8/8 00:03
all       1000        641      0.733      0.356      0.404      0.197
Epoch    GPU_mem   box_loss   obj_loss   cls_loss  Instances       Size
12/99      13.9G    0.04292   0.009907   0.006377         44        640: 100%|██████████| 84/84 00:25
Class     Images  Instances          P          R      mAP50   mAP50-95: 100%|██████████| 8/8 00:06
all       1000        641      0.768      0.347      0.401       0.19
Epoch    GPU_mem   box_loss   obj_loss   cls_loss  Instances       Size
13/99      13.9G    0.04208   0.009835   0.006207         49        640: 100%|██████████| 84/84 00:23
Class     Images  Instances          P          R      mAP50   mAP50-95: 100%|██████████| 8/8 00:03
all       1000        641      0.749      0.329      0.395      0.185
Epoch    GPU_mem   box_loss   obj_loss   cls_loss  Instances       Size
14/99      13.9G     0.0415   0.009562    0.00571         53        640: 100%|██████████| 84/84 00:26
Class     Images  Instances          P          R      mAP50   mAP50-95: 100%|██████████| 8/8 00:03
all       1000        641      0.807      0.363       0.43      0.217
Epoch    GPU_mem   box_loss   obj_loss   cls_loss  Instances       Size
15/99      13.9G    0.04057   0.009567   0.005566         36        640: 100%|██████████| 84/84 00:27
Class     Images  Instances          P          R      mAP50   mAP50-95: 100%|██████████| 8/8 00:05
all       1000        641      0.803      0.371      0.437       0.21
Epoch    GPU_mem   box_loss   obj_loss   cls_loss  Instances       Size
16/99      13.9G    0.04008   0.009358   0.005582         48        640: 100%|██████████| 84/84 00:24
Class     Images  Instances          P          R      mAP50   mAP50-95: 100%|██████████| 8/8 00:03
all       1000        641      0.741      0.423      0.456      0.226
Epoch    GPU_mem   box_loss   obj_loss   cls_loss  Instances       Size
17/99      13.9G       0.04   0.009261   0.005302         51        640: 100%|██████████| 84/84 00:27
Class     Images  Instances          P          R      mAP50   mAP50-95: 100%|██████████| 8/8 00:03
all       1000        641      0.719      0.414      0.424      0.209
Epoch    GPU_mem   box_loss   obj_loss   cls_loss  Instances       Size
18/99      13.9G    0.03949   0.009092   0.005308         37        640: 100%|██████████| 84/84 00:27
Class     Images  Instances          P          R      mAP50   mAP50-95: 100%|██████████| 8/8 00:06
all       1000        641       0.75      0.381      0.415      0.199
Epoch    GPU_mem   box_loss   obj_loss   cls_loss  Instances       Size
19/99      13.9G    0.03897   0.009196   0.004722         33        640: 100%|██████████| 84/84 00:26
Class     Images  Instances          P          R      mAP50   mAP50-95: 100%|██████████| 8/8 00:02
all       1000        641      0.769      0.378      0.418      0.193
Epoch    GPU_mem   box_loss   obj_loss   cls_loss  Instances       Size
20/99      13.9G    0.03795   0.008914     0.0039         65        640: 100%|██████████| 84/84 00:26
Class     Images  Instances          P          R      mAP50   mAP50-95: 100%|██████████| 8/8 00:03
all       1000        641      0.778      0.415      0.473      0.241
Epoch    GPU_mem   box_loss   obj_loss   cls_loss  Instances       Size
21/99      13.9G    0.03806   0.008884    0.00449         35        640: 100%|██████████| 84/84 00:25
Class     Images  Instances          P          R      mAP50   mAP50-95: 100%|██████████| 8/8 00:02
all       1000        641      0.775       0.41      0.472       0.24
Epoch    GPU_mem   box_loss   obj_loss   cls_loss  Instances       Size
22/99      13.9G     0.0377   0.008886   0.004675         48        640: 100%|██████████| 84/84 00:27
Class     Images  Instances          P          R      mAP50   mAP50-95: 100%|██████████| 8/8 00:06
all       1000        641      0.755      0.376      0.425      0.219
Epoch    GPU_mem   box_loss   obj_loss   cls_loss  Instances       Size
23/99      13.9G    0.03756   0.008857    0.00437         46        640: 100%|██████████| 84/84 00:23
Class     Images  Instances          P          R      mAP50   mAP50-95: 100%|██████████| 8/8 00:02
all       1000        641      0.814      0.364      0.451      0.236
Epoch    GPU_mem   box_loss   obj_loss   cls_loss  Instances       Size
24/99      13.9G      0.037   0.008743   0.004153         45        640: 100%|██████████| 84/84 00:27
Class     Images  Instances          P          R      mAP50   mAP50-95: 100%|██████████| 8/8 00:03
all       1000        641       0.76      0.374      0.433      0.197
Epoch    GPU_mem   box_loss   obj_loss   cls_loss  Instances       Size
25/99      13.9G    0.03654    0.00861    0.00402         34        640: 100%|██████████| 84/84 00:23
Class     Images  Instances          P          R      mAP50   mAP50-95: 100%|██████████| 8/8 00:06
all       1000        641      0.765      0.372      0.428      0.217
Epoch    GPU_mem   box_loss   obj_loss   cls_loss  Instances       Size
26/99      13.9G    0.03666   0.008696   0.004066         50        640: 100%|██████████| 84/84 00:25
Class     Images  Instances          P          R      mAP50   mAP50-95: 100%|██████████| 8/8 00:02
all       1000        641       0.78      0.435      0.465       0.22
Epoch    GPU_mem   box_loss   obj_loss   cls_loss  Instances       Size
27/99      13.9G    0.03589   0.008526   0.004008         42        640: 100%|██████████| 84/84 00:22
Class     Images  Instances          P          R      mAP50   mAP50-95: 100%|██████████| 8/8 00:02
all       1000        641      0.793        0.4      0.455      0.215
Epoch    GPU_mem   box_loss   obj_loss   cls_loss  Instances       Size
28/99      13.9G    0.03551   0.008457   0.003573         63        640: 100%|██████████| 84/84 00:27
Class     Images  Instances          P          R      mAP50   mAP50-95: 100%|██████████| 8/8 00:05
all       1000        641       0.84      0.399       0.44      0.226
Epoch    GPU_mem   box_loss   obj_loss   cls_loss  Instances       Size
29/99      13.9G    0.03531   0.008318   0.003619         44        640: 100%|██████████| 84/84 00:23
Class     Images  Instances          P          R      mAP50   mAP50-95: 100%|██████████| 8/8 00:03
all       1000        641      0.799      0.426      0.475       0.23
Epoch    GPU_mem   box_loss   obj_loss   cls_loss  Instances       Size
30/99      13.9G    0.03539   0.008452   0.003606         50        640: 100%|██████████| 84/84 00:31
Class     Images  Instances          P          R      mAP50   mAP50-95: 100%|██████████| 8/8 00:02
all       1000        641      0.759      0.437      0.455      0.231
Epoch    GPU_mem   box_loss   obj_loss   cls_loss  Instances       Size
31/99      13.9G     0.0345   0.008295   0.003152         58        640: 100%|██████████| 84/84 00:25
Class     Images  Instances          P          R      mAP50   mAP50-95: 100%|██████████| 8/8 00:02
all       1000        641      0.814      0.388      0.445      0.225
Epoch    GPU_mem   box_loss   obj_loss   cls_loss  Instances       Size
32/99      13.9G    0.03461   0.008084   0.003302         44        640: 100%|██████████| 84/84 00:24
Class     Images  Instances          P          R      mAP50   mAP50-95: 100%|██████████| 8/8 00:03
all       1000        641      0.833      0.375      0.449      0.223
Epoch    GPU_mem   box_loss   obj_loss   cls_loss  Instances       Size
33/99      13.9G    0.03459   0.008182   0.003521         40        640: 100%|██████████| 84/84 00:25
Class     Images  Instances          P          R      mAP50   mAP50-95: 100%|██████████| 8/8 00:02
all       1000        641       0.82      0.417      0.476      0.247
Epoch    GPU_mem   box_loss   obj_loss   cls_loss  Instances       Size
34/99      13.9G    0.03391   0.008014   0.003182         37        640: 100%|██████████| 84/84 00:27
Class     Images  Instances          P          R      mAP50   mAP50-95: 100%|██████████| 8/8 00:03
all       1000        641      0.814      0.385      0.445      0.236
Epoch    GPU_mem   box_loss   obj_loss   cls_loss  Instances       Size
35/99      13.9G    0.03384   0.008059   0.002963         40        640: 100%|██████████| 84/84 00:24
Class     Images  Instances          P          R      mAP50   mAP50-95: 100%|██████████| 8/8 00:05
all       1000        641      0.702      0.431      0.423      0.208
Epoch    GPU_mem   box_loss   obj_loss   cls_loss  Instances       Size
36/99      13.9G    0.03331   0.007801   0.002929         50        640: 100%|██████████| 84/84 00:23
Class     Images  Instances          P          R      mAP50   mAP50-95: 100%|██████████| 8/8 00:02
all       1000        641      0.778      0.453      0.479      0.248
Epoch    GPU_mem   box_loss   obj_loss   cls_loss  Instances       Size
37/99      13.9G    0.03316    0.00793    0.00266         48        640: 100%|██████████| 84/84 00:27
Class     Images  Instances          P          R      mAP50   mAP50-95: 100%|██████████| 8/8 00:02
all       1000        641      0.791      0.413      0.454       0.24
Epoch    GPU_mem   box_loss   obj_loss   cls_loss  Instances       Size
38/99      13.9G    0.03272   0.007868   0.002651         50        640: 100%|██████████| 84/84 00:25
Class     Images  Instances          P          R      mAP50   mAP50-95: 100%|██████████| 8/8 00:02
all       1000        641      0.806      0.417      0.473      0.261
Epoch    GPU_mem   box_loss   obj_loss   cls_loss  Instances       Size
39/99      13.9G    0.03225   0.007672   0.002742         48        640: 100%|██████████| 84/84 00:27
Class     Images  Instances          P          R      mAP50   mAP50-95: 100%|██████████| 8/8 00:03
all       1000        641      0.828      0.431      0.497      0.276
Epoch    GPU_mem   box_loss   obj_loss   cls_loss  Instances       Size
40/99      13.9G    0.03208    0.00771   0.002518         44        640: 100%|██████████| 84/84 00:22
Class     Images  Instances          P          R      mAP50   mAP50-95: 100%|██████████| 8/8 00:03
all       1000        641      0.769      0.442      0.474       0.25
Epoch    GPU_mem   box_loss   obj_loss   cls_loss  Instances       Size
41/99      13.9G    0.03237   0.007793   0.002555         45        640: 100%|██████████| 84/84 00:28
Class     Images  Instances          P          R      mAP50   mAP50-95: 100%|██████████| 8/8 00:02
all       1000        641      0.777      0.422      0.466      0.252
Epoch    GPU_mem   box_loss   obj_loss   cls_loss  Instances       Size
42/99      13.9G     0.0316   0.007675   0.002279         53        640: 100%|██████████| 84/84 00:27
Class     Images  Instances          P          R      mAP50   mAP50-95: 100%|██████████| 8/8 00:02
all       1000        641      0.762      0.464      0.482      0.256
Epoch    GPU_mem   box_loss   obj_loss   cls_loss  Instances       Size
43/99      13.9G    0.03154   0.007363     0.0026         62        640: 100%|██████████| 84/84 00:23
Class     Images  Instances          P          R      mAP50   mAP50-95: 100%|██████████| 8/8 00:02
all       1000        641      0.803      0.419      0.478      0.251
Epoch    GPU_mem   box_loss   obj_loss   cls_loss  Instances       Size
44/99      13.9G    0.03152   0.007536    0.00236         43        640: 100%|██████████| 84/84 00:24
Class     Images  Instances          P          R      mAP50   mAP50-95: 100%|██████████| 8/8 00:03
all       1000        641      0.813      0.448      0.492      0.277
Epoch    GPU_mem   box_loss   obj_loss   cls_loss  Instances       Size
45/99      13.9G    0.03097   0.007448   0.002442         37        640: 100%|██████████| 84/84 00:26
Class     Images  Instances          P          R      mAP50   mAP50-95: 100%|██████████| 8/8 00:02
all       1000        641      0.801      0.414      0.456      0.243
Epoch    GPU_mem   box_loss   obj_loss   cls_loss  Instances       Size
46/99      13.9G    0.03105   0.007308   0.001901         51        640: 100%|██████████| 84/84 00:30
Class     Images  Instances          P          R      mAP50   mAP50-95: 100%|██████████| 8/8 00:03
all       1000        641      0.732      0.486      0.495      0.278
Epoch    GPU_mem   box_loss   obj_loss   cls_loss  Instances       Size
47/99      13.9G    0.03072   0.007354   0.002207         40        640: 100%|██████████| 84/84 00:22
Class     Images  Instances          P          R      mAP50   mAP50-95: 100%|██████████| 8/8 00:02
all       1000        641      0.815      0.401      0.477      0.268
Epoch    GPU_mem   box_loss   obj_loss   cls_loss  Instances       Size
48/99      13.9G    0.03081   0.007119   0.002007         37        640: 100%|██████████| 84/84 00:30
Class     Images  Instances          P          R      mAP50   mAP50-95: 100%|██████████| 8/8 00:03
all       1000        641      0.786      0.435      0.457      0.257
Epoch    GPU_mem   box_loss   obj_loss   cls_loss  Instances       Size
49/99      13.9G    0.03042   0.007199   0.001876         42        640: 100%|██████████| 84/84 00:27
Class     Images  Instances          P          R      mAP50   mAP50-95: 100%|██████████| 8/8 00:02
all       1000        641      0.767      0.409      0.471      0.253
Epoch    GPU_mem   box_loss   obj_loss   cls_loss  Instances       Size
50/99      13.9G    0.02989   0.007128   0.002109         42        640: 100%|██████████| 84/84 00:25
Class     Images  Instances          P          R      mAP50   mAP50-95: 100%|██████████| 8/8 00:02
all       1000        641      0.749      0.449      0.471      0.253
Epoch    GPU_mem   box_loss   obj_loss   cls_loss  Instances       Size
51/99      13.9G    0.03013   0.007254   0.001873         46        640: 100%|██████████| 84/84 00:25
Class     Images  Instances          P          R      mAP50   mAP50-95: 100%|██████████| 8/8 00:05
all       1000        641       0.79      0.452      0.478      0.253
Epoch    GPU_mem   box_loss   obj_loss   cls_loss  Instances       Size
52/99      13.9G     0.0292   0.006986   0.001639         46        640: 100%|██████████| 84/84 00:25
Class     Images  Instances          P          R      mAP50   mAP50-95: 100%|██████████| 8/8 00:02
all       1000        641      0.795      0.436      0.472      0.253
Epoch    GPU_mem   box_loss   obj_loss   cls_loss  Instances       Size
53/99      13.9G    0.02892   0.006795   0.001811         46        640: 100%|██████████| 84/84 00:25
Class     Images  Instances          P          R      mAP50   mAP50-95: 100%|██████████| 8/8 00:02
all       1000        641      0.771      0.443      0.467      0.253
Epoch    GPU_mem   box_loss   obj_loss   cls_loss  Instances       Size
54/99      13.9G    0.02901   0.007034   0.001895         38        640: 100%|██████████| 84/84 00:30
Class     Images  Instances          P          R      mAP50   mAP50-95: 100%|██████████| 8/8 00:02
all       1000        641      0.786      0.448      0.487      0.256
Epoch    GPU_mem   box_loss   obj_loss   cls_loss  Instances       Size
55/99      13.9G    0.02895   0.006969   0.001708         52        640: 100%|██████████| 84/84 00:23
Class     Images  Instances          P          R      mAP50   mAP50-95: 100%|██████████| 8/8 00:05
all       1000        641      0.798      0.462      0.501      0.263
Epoch    GPU_mem   box_loss   obj_loss   cls_loss  Instances       Size
56/99      13.9G    0.02884    0.00681   0.001539         44        640: 100%|██████████| 84/84 00:25
Class     Images  Instances          P          R      mAP50   mAP50-95: 100%|██████████| 8/8 00:02
all       1000        641      0.792      0.432      0.484      0.272
Epoch    GPU_mem   box_loss   obj_loss   cls_loss  Instances       Size
57/99      13.9G     0.0286   0.006802   0.001508         33        640: 100%|██████████| 84/84 00:25
Class     Images  Instances          P          R      mAP50   mAP50-95: 100%|██████████| 8/8 00:03
all       1000        641      0.837       0.41      0.472      0.271
Epoch    GPU_mem   box_loss   obj_loss   cls_loss  Instances       Size
58/99      13.9G    0.02836   0.006704   0.001631         42        640: 100%|██████████| 84/84 00:27
Class     Images  Instances          P          R      mAP50   mAP50-95: 100%|██████████| 8/8 00:02
all       1000        641      0.796      0.436      0.482      0.271
Epoch    GPU_mem   box_loss   obj_loss   cls_loss  Instances       Size
59/99      13.9G    0.02818     0.0067   0.001547         52        640: 100%|██████████| 84/84 00:27
Class     Images  Instances          P          R      mAP50   mAP50-95: 100%|██████████| 8/8 00:05
all       1000        641      0.804      0.461      0.504      0.286
Epoch    GPU_mem   box_loss   obj_loss   cls_loss  Instances       Size
60/99      13.9G    0.02769   0.006792    0.00152         45        640: 100%|██████████| 84/84 00:25
Class     Images  Instances          P          R      mAP50   mAP50-95: 100%|██████████| 8/8 00:02
all       1000        641      0.825      0.436      0.492      0.282
Epoch    GPU_mem   box_loss   obj_loss   cls_loss  Instances       Size
61/99      13.9G    0.02778   0.006526    0.00154         41        640: 100%|██████████| 84/84 00:21
Class     Images  Instances          P          R      mAP50   mAP50-95: 100%|██████████| 8/8 00:02
all       1000        641      0.812      0.427      0.484      0.277
Epoch    GPU_mem   box_loss   obj_loss   cls_loss  Instances       Size
62/99      13.9G    0.02702   0.006704    0.00153         51        640: 100%|██████████| 84/84 00:26
Class     Images  Instances          P          R      mAP50   mAP50-95: 100%|██████████| 8/8 00:05
all       1000        641      0.832      0.421      0.481      0.272
Epoch    GPU_mem   box_loss   obj_loss   cls_loss  Instances       Size
63/99      13.9G    0.02751   0.006745   0.001624         47        640: 100%|██████████| 84/84 00:24
Class     Images  Instances          P          R      mAP50   mAP50-95: 100%|██████████| 8/8 00:02
all       1000        641       0.79      0.441       0.49      0.277
Epoch    GPU_mem   box_loss   obj_loss   cls_loss  Instances       Size
64/99      13.9G    0.02702   0.006521   0.001313         52        640: 100%|██████████| 84/84 00:26
Class     Images  Instances          P          R      mAP50   mAP50-95: 100%|██████████| 8/8 00:03
all       1000        641      0.815      0.432      0.477      0.273
Epoch    GPU_mem   box_loss   obj_loss   cls_loss  Instances       Size
65/99      13.9G    0.02707   0.006448   0.001299         48        640: 100%|██████████| 84/84 00:27
Class     Images  Instances          P          R      mAP50   mAP50-95: 100%|██████████| 8/8 00:02
all       1000        641       0.79      0.454      0.492      0.282
Epoch    GPU_mem   box_loss   obj_loss   cls_loss  Instances       Size
66/99      13.9G    0.02641   0.006366   0.001266         40        640: 100%|██████████| 84/84 00:30
Class     Images  Instances          P          R      mAP50   mAP50-95: 100%|██████████| 8/8 00:02
all       1000        641      0.828      0.427      0.498      0.281
Epoch    GPU_mem   box_loss   obj_loss   cls_loss  Instances       Size
67/99      13.9G    0.02655   0.006422    0.00125         47        640: 100%|██████████| 84/84 00:24
Class     Images  Instances          P          R      mAP50   mAP50-95: 100%|██████████| 8/8 00:05
all       1000        641      0.802      0.441      0.509      0.288
Epoch    GPU_mem   box_loss   obj_loss   cls_loss  Instances       Size
68/99      13.9G      0.026   0.006175   0.001093         47        640: 100%|██████████| 84/84 00:25
Class     Images  Instances          P          R      mAP50   mAP50-95: 100%|██████████| 8/8 00:02
all       1000        641      0.563      0.431      0.489      0.277
Epoch    GPU_mem   box_loss   obj_loss   cls_loss  Instances       Size
69/99      13.9G    0.02587   0.006257   0.001106         39        640: 100%|██████████| 84/84 00:28
Class     Images  Instances          P          R      mAP50   mAP50-95: 100%|██████████| 8/8 00:02
all       1000        641      0.591      0.505      0.516      0.293
Epoch    GPU_mem   box_loss   obj_loss   cls_loss  Instances       Size
70/99      13.9G    0.02549   0.006302  0.0009583         55        640: 100%|██████████| 84/84 00:27
Class     Images  Instances          P          R      mAP50   mAP50-95: 100%|██████████| 8/8 00:02
all       1000        641      0.775      0.429      0.488      0.285
Epoch    GPU_mem   box_loss   obj_loss   cls_loss  Instances       Size
71/99      13.9G    0.02565   0.006183   0.001188         31        640: 100%|██████████| 84/84 00:25
Class     Images  Instances          P          R      mAP50   mAP50-95: 100%|██████████| 8/8 00:02
all       1000        641      0.601      0.479      0.491      0.284
Epoch    GPU_mem   box_loss   obj_loss   cls_loss  Instances       Size
72/99      13.9G    0.02513   0.006004  0.0009118         40        640: 100%|██████████| 84/84 00:29
Class     Images  Instances          P          R      mAP50   mAP50-95: 100%|██████████| 8/8 00:02
all       1000        641       0.64      0.468        0.5       0.29
Epoch    GPU_mem   box_loss   obj_loss   cls_loss  Instances       Size
73/99      13.9G    0.02506    0.00616   0.001254         45        640: 100%|██████████| 84/84 00:25
Class     Images  Instances          P          R      mAP50   mAP50-95: 100%|██████████| 8/8 00:02
all       1000        641      0.709      0.487       0.51      0.301
Epoch    GPU_mem   box_loss   obj_loss   cls_loss  Instances       Size
74/99      13.9G    0.02441   0.005966  0.0008369         41        640: 100%|██████████| 84/84 00:27
Class     Images  Instances          P          R      mAP50   mAP50-95: 100%|██████████| 8/8 00:05
all       1000        641      0.832      0.421      0.485      0.284
Epoch    GPU_mem   box_loss   obj_loss   cls_loss  Instances       Size
75/99      13.9G    0.02476   0.006178  0.0009952         35        640: 100%|██████████| 84/84 00:25
Class     Images  Instances          P          R      mAP50   mAP50-95: 100%|██████████| 8/8 00:02
all       1000        641      0.554      0.561      0.519      0.302
Epoch    GPU_mem   box_loss   obj_loss   cls_loss  Instances       Size
76/99      13.9G    0.02446   0.005912  0.0008722         50        640: 100%|██████████| 84/84 00:29
Class     Images  Instances          P          R      mAP50   mAP50-95: 100%|██████████| 8/8 00:02
all       1000        641      0.631      0.521      0.533      0.301
Epoch    GPU_mem   box_loss   obj_loss   cls_loss  Instances       Size
77/99      13.9G    0.02437   0.005935  0.0009159         60        640: 100%|██████████| 84/84 00:28
Class     Images  Instances          P          R      mAP50   mAP50-95: 100%|██████████| 8/8 00:03
all       1000        641      0.626      0.487      0.519      0.294
Epoch    GPU_mem   box_loss   obj_loss   cls_loss  Instances       Size
78/99      13.9G     0.0242   0.005906  0.0009465         45        640: 100%|██████████| 84/84 00:25
Class     Images  Instances          P          R      mAP50   mAP50-95: 100%|██████████| 8/8 00:02
all       1000        641      0.747      0.524       0.54      0.314
Epoch    GPU_mem   box_loss   obj_loss   cls_loss  Instances       Size
79/99      13.9G    0.02417   0.005824  0.0007843         55        640: 100%|██████████| 84/84 00:24
Class     Images  Instances          P          R      mAP50   mAP50-95: 100%|██████████| 8/8 00:02
all       1000        641      0.739      0.512      0.535      0.301
Epoch    GPU_mem   box_loss   obj_loss   cls_loss  Instances       Size
80/99      13.9G     0.0236   0.005805  0.0008113         32        640: 100%|██████████| 84/84 00:26
Class     Images  Instances          P          R      mAP50   mAP50-95: 100%|██████████| 8/8 00:02
all       1000        641       0.63      0.494      0.497      0.284
Epoch    GPU_mem   box_loss   obj_loss   cls_loss  Instances       Size
81/99      13.9G    0.02341   0.005569  0.0007859         41        640: 100%|██████████| 84/84 00:25
Class     Images  Instances          P          R      mAP50   mAP50-95: 100%|██████████| 8/8 00:05
all       1000        641      0.597       0.47      0.496       0.29
Epoch    GPU_mem   box_loss   obj_loss   cls_loss  Instances       Size
82/99      13.9G    0.02348   0.005711  0.0008515         48        640: 100%|██████████| 84/84 00:26
Class     Images  Instances          P          R      mAP50   mAP50-95: 100%|██████████| 8/8 00:02
all       1000        641      0.595      0.528      0.506      0.288
Epoch    GPU_mem   box_loss   obj_loss   cls_loss  Instances       Size
83/99      13.9G    0.02334   0.005689  0.0007914         38        640: 100%|██████████| 84/84 00:27
Class     Images  Instances          P          R      mAP50   mAP50-95: 100%|██████████| 8/8 00:02
all       1000        641      0.676      0.462      0.518        0.3
Epoch    GPU_mem   box_loss   obj_loss   cls_loss  Instances       Size
84/99      13.9G    0.02288    0.00565  0.0008045         48        640: 100%|██████████| 84/84 00:25
Class     Images  Instances          P          R      mAP50   mAP50-95: 100%|██████████| 8/8 00:02
all       1000        641       0.84      0.425      0.486      0.284
Epoch    GPU_mem   box_loss   obj_loss   cls_loss  Instances       Size
85/99      13.9G    0.02267   0.005738  0.0007355         35        640: 100%|██████████| 84/84 00:23
Class     Images  Instances          P          R      mAP50   mAP50-95: 100%|██████████| 8/8 00:05
all       1000        641      0.846      0.421      0.481       0.28
Epoch    GPU_mem   box_loss   obj_loss   cls_loss  Instances       Size
86/99      13.9G     0.0226    0.00556  0.0007376         65        640: 100%|██████████| 84/84 00:25
Class     Images  Instances          P          R      mAP50   mAP50-95: 100%|██████████| 8/8 00:02
all       1000        641      0.798      0.447      0.478      0.274
Epoch    GPU_mem   box_loss   obj_loss   cls_loss  Instances       Size
87/99      13.9G    0.02228    0.00546  0.0007519         49        640: 100%|██████████| 84/84 00:25
Class     Images  Instances          P          R      mAP50   mAP50-95: 100%|██████████| 8/8 00:02
all       1000        641      0.501      0.482       0.47      0.268
Epoch    GPU_mem   box_loss   obj_loss   cls_loss  Instances       Size
88/99      13.9G    0.02238   0.005501  0.0007557         59        640: 100%|██████████| 84/84 00:21
Class     Images  Instances          P          R      mAP50   mAP50-95: 100%|██████████| 8/8 00:02
all       1000        641      0.822      0.422      0.475      0.265
Epoch    GPU_mem   box_loss   obj_loss   cls_loss  Instances       Size
89/99      13.9G    0.02221   0.005436  0.0006393         54        640: 100%|██████████| 84/84 00:27
Class     Images  Instances          P          R      mAP50   mAP50-95: 100%|██████████| 8/8 00:02
all       1000        641      0.547      0.429      0.475      0.271
Epoch    GPU_mem   box_loss   obj_loss   cls_loss  Instances       Size
90/99      13.9G     0.0219   0.005412   0.000617         36        640: 100%|██████████| 84/84 00:25
Class     Images  Instances          P          R      mAP50   mAP50-95: 100%|██████████| 8/8 00:02
all       1000        641      0.795      0.448      0.474      0.274
Epoch    GPU_mem   box_loss   obj_loss   cls_loss  Instances       Size
91/99      13.9G    0.02187   0.005404  0.0008479         36        640: 100%|██████████| 84/84 00:22
Class     Images  Instances          P          R      mAP50   mAP50-95: 100%|██████████| 8/8 00:02
all       1000        641      0.827      0.432      0.475      0.269
Epoch    GPU_mem   box_loss   obj_loss   cls_loss  Instances       Size
92/99      13.9G    0.02163   0.005383  0.0006546         59        640: 100%|██████████| 84/84 00:27
Class     Images  Instances          P          R      mAP50   mAP50-95: 100%|██████████| 8/8 00:02
all       1000        641      0.828      0.424      0.478      0.274
Epoch    GPU_mem   box_loss   obj_loss   cls_loss  Instances       Size
93/99      13.9G    0.02154   0.005356  0.0006333         46        640: 100%|██████████| 84/84 00:26
Class     Images  Instances          P          R      mAP50   mAP50-95: 100%|██████████| 8/8 00:05
all       1000        641      0.816      0.438      0.481      0.274
Epoch    GPU_mem   box_loss   obj_loss   cls_loss  Instances       Size
94/99      13.9G    0.02137   0.005343  0.0006026         45        640: 100%|██████████| 84/84 00:24
Class     Images  Instances          P          R      mAP50   mAP50-95: 100%|██████████| 8/8 00:02
all       1000        641      0.823      0.429      0.481       0.28
Epoch    GPU_mem   box_loss   obj_loss   cls_loss  Instances       Size
95/99      13.9G    0.02113   0.005305  0.0006638         56        640: 100%|██████████| 84/84 00:25
Class     Images  Instances          P          R      mAP50   mAP50-95: 100%|██████████| 8/8 00:04
all       1000        641      0.833      0.423       0.48      0.282
Epoch    GPU_mem   box_loss   obj_loss   cls_loss  Instances       Size
96/99      13.9G    0.02091   0.005198  0.0004797         40        640: 100%|██████████| 84/84 00:24
Class     Images  Instances          P          R      mAP50   mAP50-95: 100%|██████████| 8/8 00:02
all       1000        641      0.841      0.424       0.48       0.28
Epoch    GPU_mem   box_loss   obj_loss   cls_loss  Instances       Size
97/99      13.9G    0.02072   0.005255  0.0005177         39        640: 100%|██████████| 84/84 00:25
Class     Images  Instances          P          R      mAP50   mAP50-95: 100%|██████████| 8/8 00:04
all       1000        641       0.82      0.433      0.488      0.283
Epoch    GPU_mem   box_loss   obj_loss   cls_loss  Instances       Size
98/99      13.9G    0.02081   0.005179  0.0005987         50        640: 100%|██████████| 84/84 00:24
Class     Images  Instances          P          R      mAP50   mAP50-95: 100%|██████████| 8/8 00:02
all       1000        641      0.573      0.493      0.489      0.283
Epoch    GPU_mem   box_loss   obj_loss   cls_loss  Instances       Size
99/99      13.9G    0.02045   0.005102  0.0005907         55        640: 100%|██████████| 84/84 00:26
Class     Images  Instances          P          R      mAP50   mAP50-95: 100%|██████████| 8/8 00:02
all       1000        641      0.655      0.489      0.494      0.288
100 epochs completed in 0.840 hours.
Optimizer stripped from /home/lijinhe/work/YOLO_Retraining/runs/sequences/B640__seq-pred-positive__cum-cold__stage0-stage3__yolov5s__s42/tasks/003__stage3__pred-positive__cum-cold/backend/yolov5/train/weights/last.pt, 14.4MB
Optimizer stripped from /home/lijinhe/work/YOLO_Retraining/runs/sequences/B640__seq-pred-positive__cum-cold__stage0-stage3__yolov5s__s42/tasks/003__stage3__pred-positive__cum-cold/backend/yolov5/train/weights/best.pt, 14.4MB
Validating /home/lijinhe/work/YOLO_Retraining/runs/sequences/B640__seq-pred-positive__cum-cold__stage0-stage3__yolov5s__s42/tasks/003__stage3__pred-positive__cum-cold/backend/yolov5/train/weights/best.pt...
Fusing layers...
Model summary: 157 layers, 7020913 parameters, 0 gradients, 15.8 GFLOPs
Class     Images  Instances          P          R      mAP50   mAP50-95: 100%|██████████| 8/8 00:02
all       1000        641      0.746      0.524       0.54      0.315
large luggage       1000        410      0.573      0.532      0.513      0.272
stroller       1000        169      0.787      0.663      0.702      0.388
wheelchair       1000         53      0.737      0.679      0.697       0.46
flatbed truck       1000          9      0.888      0.222      0.248      0.139
Results saved to /home/lijinhe/work/YOLO_Retraining/runs/sequences/B640__seq-pred-positive__cum-cold__stage0-stage3__yolov5s__s42/tasks/003__stage3__pred-positive__cum-cold/backend/yolov5/train
[YOLOv5] compacted progress updates: 18231 -> 203 lines
[YOLOv5] coalesced warning: incomplete JPEG accepted read-only; count=6256; by_source=train=5258, val=998
[YOLOv5] warning example: train: WARNING ⚠️ /home/lijinhe/work/YOLO_Retraining/data/self_improving/images/0720_1/00001_1780987846311329_0.jpg: incomplete JPEG accepted read-only
[YOLOv5] warning example: train: WARNING ⚠️ /home/lijinhe/work/YOLO_Retraining/data/self_improving/images/0720_1/00002_1780987856406331_0.jpg: incomplete JPEG accepted read-only
[YOLOv5] warning example: train: WARNING ⚠️ /home/lijinhe/work/YOLO_Retraining/data/self_improving/images/0720_1/00003_1780987872391333_0.jpg: incomplete JPEG accepted read-only
