train: weights=/home/lijinhe/work/YOLO_Retraining/.third_party/yolov5/yolov5s.pt, cfg=, data=/home/lijinhe/work/YOLO_Retraining/runs/studies/20260824-182608/sequences/dedup_tau_0p900__seq-full-cold__stage0-stage3__yolov5s__s42/tasks/000__stage0__full-cold/data/backend_data.yaml, hyp=data/hyps/hyp.scratch-low.yaml, epochs=100, batch_size=64, imgsz=640, rect=False, resume=False, nosave=False, noval=False, noautoanchor=False, noplots=True, evolve=None, bucket=, cache=None, image_weights=False, device=0, multi_scale=False, single_cls=False, optimizer=SGD, sync_bn=False, workers=16, project=/home/lijinhe/work/YOLO_Retraining/runs/studies/20260824-182608/sequences/dedup_tau_0p900__seq-full-cold__stage0-stage3__yolov5s__s42/tasks/000__stage0__full-cold/backend/yolov5, name=train, exist_ok=True, quad=False, cos_lr=False, label_smoothing=0.0, patience=100, freeze=[0], save_period=-1, seed=42, local_rank=-1, entity=None, upload_dataset=False, bbox_interval=-1, artifact_alias=latest
github: skipping check (offline), for updates see https://github.com/ultralytics/yolov5
YOLOv5 🚀 v7.0-0-g915bbf29 Python-3.10.20 torch-2.2.2+cu121 CUDA:0 (NVIDIA H100 PCIe, 81090MiB)
hyperparameters: lr0=0.01, lrf=0.01, momentum=0.937, weight_decay=0.0005, warmup_epochs=3.0, warmup_momentum=0.8, warmup_bias_lr=0.1, box=0.05, cls=0.5, cls_pw=1.0, obj=1.0, obj_pw=1.0, iou_t=0.2, anchor_t=4.0, fl_gamma=0.0, hsv_h=0.015, hsv_s=0.7, hsv_v=0.4, degrees=0.0, translate=0.1, scale=0.5, shear=0.0, perspective=0.0, flipud=0.0, fliplr=0.5, mosaic=1.0, mixup=0.0, copy_paste=0.0
ClearML: run 'pip install clearml' to automatically track, visualize and remotely train YOLOv5 🚀 in ClearML
Comet: run 'pip install comet_ml' to automatically track and visualize YOLOv5 🚀 runs in Comet
TensorBoard: Start with 'tensorboard --logdir /home/lijinhe/work/YOLO_Retraining/runs/studies/20260824-182608/sequences/dedup_tau_0p900__seq-full-cold__stage0-stage3__yolov5s__s42/tasks/000__stage0__full-cold/backend/yolov5', view at http://localhost:6006/
Overriding model.yaml nc=80 with nc=4
from  n    params  module                                  arguments
0                -1  1      3520  models.common.Conv                      [3, 32, 6, 2, 2]
1                -1  1     18560  models.common.Conv                      [32, 64, 3, 2]
2                -1  1     18816  models.common.C3                        [64, 64, 1]
3                -1  1     73984  models.common.Conv                      [64, 128, 3, 2]
4                -1  2    115712  models.common.C3                        [128, 128, 2]
5                -1  1    295424  models.common.Conv                      [128, 256, 3, 2]
6                -1  3    625152  models.common.C3                        [256, 256, 3]
7                -1  1   1180672  models.common.Conv                      [256, 512, 3, 2]
8                -1  1   1182720  models.common.C3                        [512, 512, 1]
9                -1  1    656896  models.common.SPPF                      [512, 512, 5]
10                -1  1    131584  models.common.Conv                      [512, 256, 1, 1]
11                -1  1         0  torch.nn.modules.upsampling.Upsample    [None, 2, 'nearest']
12           [-1, 6]  1         0  models.common.Concat                    [1]
13                -1  1    361984  models.common.C3                        [512, 256, 1, False]
14                -1  1     33024  models.common.Conv                      [256, 128, 1, 1]
15                -1  1         0  torch.nn.modules.upsampling.Upsample    [None, 2, 'nearest']
16           [-1, 4]  1         0  models.common.Concat                    [1]
17                -1  1     90880  models.common.C3                        [256, 128, 1, False]
18                -1  1    147712  models.common.Conv                      [128, 128, 3, 2]
19          [-1, 14]  1         0  models.common.Concat                    [1]
20                -1  1    296448  models.common.C3                        [256, 256, 1, False]
21                -1  1    590336  models.common.Conv                      [256, 256, 3, 2]
22          [-1, 10]  1         0  models.common.Concat                    [1]
23                -1  1   1182720  models.common.C3                        [512, 512, 1, False]
24      [17, 20, 23]  1     24273  models.yolo.Detect                      [4, [[10, 13, 16, 30, 33, 23], [30, 61, 62, 45, 59, 119], [116, 90, 156, 198, 373, 326]], [128, 256, 512]]
Model summary: 214 layers, 7030417 parameters, 7030417 gradients, 16.0 GFLOPs
Transferred 343/349 items from /home/lijinhe/work/YOLO_Retraining/.third_party/yolov5/yolov5s.pt
AMP: checks passed ✅
optimizer: SGD(lr=0.01) with parameter groups 57 weight(decay=0.0), 60 weight(decay=0.0005), 60 bias
train: Scanning /home/lijinhe/work/YOLO_Retraining/runs/studies/20260824-182608/sequences/dedup_tau_0p900__seq-full-cold__stage0-stage3__yolov5s__s42/tasks/000__stage0__full-cold/data/backend_train_images... 2410 images, 1172 backgrounds, 0 corrupt: 100%|██████████| 2410/2410 00:10
train: WARNING ⚠️ /home/lijinhe/work/YOLO_Retraining/data/self_improving/images/0720_11/05168_1784523505059766_0.jpg: 2 duplicate labels removed
train: New cache created: /home/lijinhe/work/YOLO_Retraining/runs/studies/20260824-182608/sequences/dedup_tau_0p900__seq-full-cold__stage0-stage3__yolov5s__s42/tasks/000__stage0__full-cold/data/backend_train_images.cache
val: Scanning /home/lijinhe/work/YOLO_Retraining/runs/studies/20260824-182608/sequences/dedup_tau_0p900__seq-full-cold__stage0-stage3__yolov5s__s42/tasks/000__stage0__full-cold/data/backend_validation_images... 1000 images, 297 backgrounds, 0 corrupt: 100%|██████████| 1000/1000 00:07
val: New cache created: /home/lijinhe/work/YOLO_Retraining/runs/studies/20260824-182608/sequences/dedup_tau_0p900__seq-full-cold__stage0-stage3__yolov5s__s42/tasks/000__stage0__full-cold/data/backend_validation_images.cache
AutoAnchor: 5.58 anchors/target, 1.000 Best Possible Recall (BPR). Current anchors are a good fit to dataset ✅
Image sizes 640 train, 640 val
Using 16 dataloader workers
Logging results to /home/lijinhe/work/YOLO_Retraining/runs/studies/20260824-182608/sequences/dedup_tau_0p900__seq-full-cold__stage0-stage3__yolov5s__s42/tasks/000__stage0__full-cold/backend/yolov5/train
Starting training for 100 epochs...
Epoch    GPU_mem   box_loss   obj_loss   cls_loss  Instances       Size
0/99      13.9G     0.1031    0.02028     0.0351         43        640: 100%|██████████| 38/38 00:18
Class     Images  Instances          P          R      mAP50   mAP50-95: 100%|██████████| 8/8 00:06
all       1000        939     0.0029      0.427     0.0177    0.00417
Epoch    GPU_mem   box_loss   obj_loss   cls_loss  Instances       Size
1/99      13.9G    0.07463    0.01528    0.01825         49        640: 100%|██████████| 38/38 00:10
Class     Images  Instances          P          R      mAP50   mAP50-95: 100%|██████████| 8/8 00:06
all       1000        939      0.851     0.0587      0.112     0.0334
Epoch    GPU_mem   box_loss   obj_loss   cls_loss  Instances       Size
2/99      13.9G    0.06696    0.01295    0.01467         50        640: 100%|██████████| 38/38 00:07
Class     Images  Instances          P          R      mAP50   mAP50-95: 100%|██████████| 8/8 00:03
all       1000        939       0.67      0.114      0.103     0.0381
Epoch    GPU_mem   box_loss   obj_loss   cls_loss  Instances       Size
3/99      13.9G    0.06256    0.01171    0.01272         38        640: 100%|██████████| 38/38 00:08
Class     Images  Instances          P          R      mAP50   mAP50-95: 100%|██████████| 8/8 00:03
all       1000        939       0.67      0.117      0.123     0.0453
Epoch    GPU_mem   box_loss   obj_loss   cls_loss  Instances       Size
4/99      13.9G    0.05714    0.01092    0.01189         58        640: 100%|██████████| 38/38 00:10
Class     Images  Instances          P          R      mAP50   mAP50-95: 100%|██████████| 8/8 00:03
all       1000        939      0.615      0.148      0.115     0.0384
Epoch    GPU_mem   box_loss   obj_loss   cls_loss  Instances       Size
5/99      13.9G    0.05707    0.01033    0.01103         37        640: 100%|██████████| 38/38 00:09
Class     Images  Instances          P          R      mAP50   mAP50-95: 100%|██████████| 8/8 00:03
all       1000        939      0.671      0.202      0.188     0.0716
Epoch    GPU_mem   box_loss   obj_loss   cls_loss  Instances       Size
6/99      13.9G    0.05459    0.01034     0.0113         69        640: 100%|██████████| 38/38 00:08
Class     Images  Instances          P          R      mAP50   mAP50-95: 100%|██████████| 8/8 00:04
all       1000        939      0.662      0.155      0.141     0.0537
Epoch    GPU_mem   box_loss   obj_loss   cls_loss  Instances       Size
7/99      13.9G    0.05335    0.01046    0.01108         47        640: 100%|██████████| 38/38 00:08
Class     Images  Instances          P          R      mAP50   mAP50-95: 100%|██████████| 8/8 00:04
all       1000        939      0.675      0.214      0.202     0.0759
Epoch    GPU_mem   box_loss   obj_loss   cls_loss  Instances       Size
8/99      13.9G    0.05243   0.009805   0.009918         54        640: 100%|██████████| 38/38 00:11
Class     Images  Instances          P          R      mAP50   mAP50-95: 100%|██████████| 8/8 00:02
all       1000        939      0.718      0.189      0.205      0.076
Epoch    GPU_mem   box_loss   obj_loss   cls_loss  Instances       Size
9/99      13.9G    0.05088   0.009792   0.008798         43        640: 100%|██████████| 38/38 00:09
Class     Images  Instances          P          R      mAP50   mAP50-95: 100%|██████████| 8/8 00:03
all       1000        939      0.698      0.223      0.226      0.097
Epoch    GPU_mem   box_loss   obj_loss   cls_loss  Instances       Size
10/99      13.9G    0.05013   0.009678    0.01005         52        640: 100%|██████████| 38/38 00:09
Class     Images  Instances          P          R      mAP50   mAP50-95: 100%|██████████| 8/8 00:03
all       1000        939      0.715       0.19      0.185     0.0678
Epoch    GPU_mem   box_loss   obj_loss   cls_loss  Instances       Size
11/99      13.9G    0.04857   0.009665   0.009027         59        640: 100%|██████████| 38/38 00:11
Class     Images  Instances          P          R      mAP50   mAP50-95: 100%|██████████| 8/8 00:03
all       1000        939      0.732      0.185      0.224     0.0886
Epoch    GPU_mem   box_loss   obj_loss   cls_loss  Instances       Size
12/99      13.9G    0.04809   0.009549   0.008641         51        640: 100%|██████████| 38/38 00:09
Class     Images  Instances          P          R      mAP50   mAP50-95: 100%|██████████| 8/8 00:03
all       1000        939      0.756      0.197      0.274      0.122
Epoch    GPU_mem   box_loss   obj_loss   cls_loss  Instances       Size
13/99      13.9G    0.04705   0.009392   0.008121         53        640: 100%|██████████| 38/38 00:10
Class     Images  Instances          P          R      mAP50   mAP50-95: 100%|██████████| 8/8 00:03
all       1000        939      0.585      0.127      0.189     0.0853
Epoch    GPU_mem   box_loss   obj_loss   cls_loss  Instances       Size
14/99      13.9G    0.04642   0.009032   0.007796         37        640: 100%|██████████| 38/38 00:08
Class     Images  Instances          P          R      mAP50   mAP50-95: 100%|██████████| 8/8 00:03
all       1000        939      0.395      0.235      0.177     0.0695
Epoch    GPU_mem   box_loss   obj_loss   cls_loss  Instances       Size
15/99      13.9G    0.04593   0.008908   0.007602         44        640: 100%|██████████| 38/38 00:09
Class     Images  Instances          P          R      mAP50   mAP50-95: 100%|██████████| 8/8 00:03
all       1000        939      0.758      0.174      0.209      0.087
Epoch    GPU_mem   box_loss   obj_loss   cls_loss  Instances       Size
16/99      13.9G     0.0456   0.009065   0.007311         46        640: 100%|██████████| 38/38 00:09
Class     Images  Instances          P          R      mAP50   mAP50-95: 100%|██████████| 8/8 00:03
all       1000        939      0.523      0.345      0.276      0.118
Epoch    GPU_mem   box_loss   obj_loss   cls_loss  Instances       Size
17/99      13.9G    0.04576   0.009101   0.006639         39        640: 100%|██████████| 38/38 00:10
Class     Images  Instances          P          R      mAP50   mAP50-95: 100%|██████████| 8/8 00:03
all       1000        939      0.566      0.312      0.288      0.121
Epoch    GPU_mem   box_loss   obj_loss   cls_loss  Instances       Size
18/99      13.9G    0.04548   0.008923   0.006077         55        640: 100%|██████████| 38/38 00:07
Class     Images  Instances          P          R      mAP50   mAP50-95: 100%|██████████| 8/8 00:03
all       1000        939      0.759      0.217      0.293      0.122
Epoch    GPU_mem   box_loss   obj_loss   cls_loss  Instances       Size
19/99      13.9G    0.04343   0.008672   0.006358         61        640: 100%|██████████| 38/38 00:08
Class     Images  Instances          P          R      mAP50   mAP50-95: 100%|██████████| 8/8 00:03
all       1000        939      0.641      0.313       0.32      0.139
Epoch    GPU_mem   box_loss   obj_loss   cls_loss  Instances       Size
20/99      13.9G    0.04305   0.008795   0.006841         55        640: 100%|██████████| 38/38 00:08
Class     Images  Instances          P          R      mAP50   mAP50-95: 100%|██████████| 8/8 00:03
all       1000        939      0.619        0.2      0.222        0.1
Epoch    GPU_mem   box_loss   obj_loss   cls_loss  Instances       Size
21/99      13.9G    0.04396   0.008836   0.005838         45        640: 100%|██████████| 38/38 00:12
Class     Images  Instances          P          R      mAP50   mAP50-95: 100%|██████████| 8/8 00:03
all       1000        939      0.647      0.287      0.295      0.125
Epoch    GPU_mem   box_loss   obj_loss   cls_loss  Instances       Size
22/99      13.9G    0.04292   0.008625   0.005471         60        640: 100%|██████████| 38/38 00:07
Class     Images  Instances          P          R      mAP50   mAP50-95: 100%|██████████| 8/8 00:03
all       1000        939       0.64      0.287      0.306      0.123
Epoch    GPU_mem   box_loss   obj_loss   cls_loss  Instances       Size
23/99      13.9G    0.04237   0.008508   0.005357         63        640: 100%|██████████| 38/38 00:09
Class     Images  Instances          P          R      mAP50   mAP50-95: 100%|██████████| 8/8 00:03
all       1000        939      0.661      0.338      0.363      0.158
Epoch    GPU_mem   box_loss   obj_loss   cls_loss  Instances       Size
24/99      13.9G    0.04174   0.008581   0.004656         62        640: 100%|██████████| 38/38 00:08
Class     Images  Instances          P          R      mAP50   mAP50-95: 100%|██████████| 8/8 00:03
all       1000        939      0.674      0.331      0.342      0.154
Epoch    GPU_mem   box_loss   obj_loss   cls_loss  Instances       Size
25/99      13.9G     0.0422   0.008305   0.005604         48        640: 100%|██████████| 38/38 00:12
Class     Images  Instances          P          R      mAP50   mAP50-95: 100%|██████████| 8/8 00:03
all       1000        939      0.651      0.349       0.35      0.156
Epoch    GPU_mem   box_loss   obj_loss   cls_loss  Instances       Size
26/99      13.9G    0.04126   0.008194    0.00457         52        640: 100%|██████████| 38/38 00:07
Class     Images  Instances          P          R      mAP50   mAP50-95: 100%|██████████| 8/8 00:03
all       1000        939      0.657      0.304      0.333      0.138
Epoch    GPU_mem   box_loss   obj_loss   cls_loss  Instances       Size
27/99      13.9G    0.04057   0.008135   0.004717         62        640: 100%|██████████| 38/38 00:08
Class     Images  Instances          P          R      mAP50   mAP50-95: 100%|██████████| 8/8 00:03
all       1000        939      0.692      0.332      0.357      0.169
Epoch    GPU_mem   box_loss   obj_loss   cls_loss  Instances       Size
28/99      13.9G    0.04036   0.008427   0.004809         56        640: 100%|██████████| 38/38 00:08
Class     Images  Instances          P          R      mAP50   mAP50-95: 100%|██████████| 8/8 00:03
all       1000        939      0.668      0.331      0.341      0.146
Epoch    GPU_mem   box_loss   obj_loss   cls_loss  Instances       Size
29/99      13.9G    0.03975      0.008   0.004463         71        640: 100%|██████████| 38/38 00:09
Class     Images  Instances          P          R      mAP50   mAP50-95: 100%|██████████| 8/8 00:03
all       1000        939      0.679      0.303      0.317      0.131
Epoch    GPU_mem   box_loss   obj_loss   cls_loss  Instances       Size
30/99      13.9G    0.03864   0.007807   0.003498         50        640: 100%|██████████| 38/38 00:08
Class     Images  Instances          P          R      mAP50   mAP50-95: 100%|██████████| 8/8 00:03
all       1000        939      0.676      0.318      0.328      0.143
Epoch    GPU_mem   box_loss   obj_loss   cls_loss  Instances       Size
31/99      13.9G    0.03924   0.008029   0.003862         51        640: 100%|██████████| 38/38 00:08
Class     Images  Instances          P          R      mAP50   mAP50-95: 100%|██████████| 8/8 00:03
all       1000        939      0.691      0.299      0.319      0.136
Epoch    GPU_mem   box_loss   obj_loss   cls_loss  Instances       Size
32/99      13.9G    0.03809   0.007865   0.003977         35        640: 100%|██████████| 38/38 00:12
Class     Images  Instances          P          R      mAP50   mAP50-95: 100%|██████████| 8/8 00:03
all       1000        939        0.7      0.331      0.362       0.17
Epoch    GPU_mem   box_loss   obj_loss   cls_loss  Instances       Size
33/99      13.9G    0.03802   0.007974   0.004008         47        640: 100%|██████████| 38/38 00:09
Class     Images  Instances          P          R      mAP50   mAP50-95: 100%|██████████| 8/8 00:03
all       1000        939      0.702      0.344      0.359       0.16
Epoch    GPU_mem   box_loss   obj_loss   cls_loss  Instances       Size
34/99      13.9G    0.03754   0.007682   0.003686         66        640: 100%|██████████| 38/38 00:09
Class     Images  Instances          P          R      mAP50   mAP50-95: 100%|██████████| 8/8 00:03
all       1000        939      0.732      0.319       0.36       0.17
Epoch    GPU_mem   box_loss   obj_loss   cls_loss  Instances       Size
35/99      13.9G    0.03755   0.007735   0.003276         56        640: 100%|██████████| 38/38 00:11
Class     Images  Instances          P          R      mAP50   mAP50-95: 100%|██████████| 8/8 00:03
all       1000        939      0.712      0.298      0.333      0.148
Epoch    GPU_mem   box_loss   obj_loss   cls_loss  Instances       Size
36/99      13.9G    0.03676   0.007304   0.003146         48        640: 100%|██████████| 38/38 00:08
Class     Images  Instances          P          R      mAP50   mAP50-95: 100%|██████████| 8/8 00:03
all       1000        939      0.701      0.336       0.37      0.166
Epoch    GPU_mem   box_loss   obj_loss   cls_loss  Instances       Size
37/99      13.9G    0.03676   0.007477   0.003488         64        640: 100%|██████████| 38/38 00:08
Class     Images  Instances          P          R      mAP50   mAP50-95: 100%|██████████| 8/8 00:03
all       1000        939       0.71      0.337      0.364      0.166
Epoch    GPU_mem   box_loss   obj_loss   cls_loss  Instances       Size
38/99      13.9G    0.03599    0.00721   0.002633         62        640: 100%|██████████| 38/38 00:10
Class     Images  Instances          P          R      mAP50   mAP50-95: 100%|██████████| 8/8 00:03
all       1000        939      0.725      0.322      0.359      0.166
Epoch    GPU_mem   box_loss   obj_loss   cls_loss  Instances       Size
39/99      13.9G    0.03635   0.007495   0.002502         50        640: 100%|██████████| 38/38 00:09
Class     Images  Instances          P          R      mAP50   mAP50-95: 100%|██████████| 8/8 00:03
all       1000        939      0.707      0.355      0.381      0.168
Epoch    GPU_mem   box_loss   obj_loss   cls_loss  Instances       Size
40/99      13.9G    0.03596   0.007304   0.002903         54        640: 100%|██████████| 38/38 00:09
Class     Images  Instances          P          R      mAP50   mAP50-95: 100%|██████████| 8/8 00:03
all       1000        939       0.71      0.326       0.37      0.172
Epoch    GPU_mem   box_loss   obj_loss   cls_loss  Instances       Size
41/99      13.9G     0.0352   0.007331   0.003112         48        640: 100%|██████████| 38/38 00:07
Class     Images  Instances          P          R      mAP50   mAP50-95: 100%|██████████| 8/8 00:03
all       1000        939      0.699      0.348      0.378      0.175
Epoch    GPU_mem   box_loss   obj_loss   cls_loss  Instances       Size
42/99      13.9G    0.03535   0.007327   0.002908         50        640: 100%|██████████| 38/38 00:10
Class     Images  Instances          P          R      mAP50   mAP50-95: 100%|██████████| 8/8 00:03
all       1000        939      0.758      0.344      0.397      0.189
Epoch    GPU_mem   box_loss   obj_loss   cls_loss  Instances       Size
43/99      13.9G    0.03392   0.006975   0.002549         58        640: 100%|██████████| 38/38 00:08
Class     Images  Instances          P          R      mAP50   mAP50-95: 100%|██████████| 8/8 00:03
all       1000        939      0.698      0.353      0.366      0.169
Epoch    GPU_mem   box_loss   obj_loss   cls_loss  Instances       Size
44/99      13.9G    0.03392   0.006921   0.002913         68        640: 100%|██████████| 38/38 00:08
Class     Images  Instances          P          R      mAP50   mAP50-95: 100%|██████████| 8/8 00:03
all       1000        939      0.716      0.346      0.384      0.181
Epoch    GPU_mem   box_loss   obj_loss   cls_loss  Instances       Size
45/99      13.9G    0.03349   0.006771   0.002635         54        640: 100%|██████████| 38/38 00:12
Class     Images  Instances          P          R      mAP50   mAP50-95: 100%|██████████| 8/8 00:03
all       1000        939      0.674      0.366      0.381      0.168
Epoch    GPU_mem   box_loss   obj_loss   cls_loss  Instances       Size
46/99      13.9G    0.03358   0.006655   0.003051         46        640: 100%|██████████| 38/38 00:09
Class     Images  Instances          P          R      mAP50   mAP50-95: 100%|██████████| 8/8 00:03
all       1000        939      0.735      0.335      0.362      0.154
Epoch    GPU_mem   box_loss   obj_loss   cls_loss  Instances       Size
47/99      13.9G    0.03371   0.006853   0.002722         42        640: 100%|██████████| 38/38 00:09
Class     Images  Instances          P          R      mAP50   mAP50-95: 100%|██████████| 8/8 00:03
all       1000        939      0.766       0.33      0.373       0.18
Epoch    GPU_mem   box_loss   obj_loss   cls_loss  Instances       Size
48/99      13.9G    0.03327   0.006825   0.002134         66        640: 100%|██████████| 38/38 00:08
Class     Images  Instances          P          R      mAP50   mAP50-95: 100%|██████████| 8/8 00:03
all       1000        939      0.716      0.372      0.396      0.187
Epoch    GPU_mem   box_loss   obj_loss   cls_loss  Instances       Size
49/99      13.9G    0.03259   0.006638   0.002261         58        640: 100%|██████████| 38/38 00:07
Class     Images  Instances          P          R      mAP50   mAP50-95: 100%|██████████| 8/8 00:03
all       1000        939      0.751      0.333      0.379      0.176
Epoch    GPU_mem   box_loss   obj_loss   cls_loss  Instances       Size
50/99      13.9G    0.03292   0.006608   0.002676         57        640: 100%|██████████| 38/38 00:09
Class     Images  Instances          P          R      mAP50   mAP50-95: 100%|██████████| 8/8 00:03
all       1000        939      0.726      0.331      0.366      0.169
Epoch    GPU_mem   box_loss   obj_loss   cls_loss  Instances       Size
51/99      13.9G     0.0322    0.00683   0.002291         54        640: 100%|██████████| 38/38 00:11
Class     Images  Instances          P          R      mAP50   mAP50-95: 100%|██████████| 8/8 00:03
all       1000        939       0.71      0.359      0.378      0.181
Epoch    GPU_mem   box_loss   obj_loss   cls_loss  Instances       Size
52/99      13.9G     0.0317   0.006626   0.002297         40        640: 100%|██████████| 38/38 00:07
Class     Images  Instances          P          R      mAP50   mAP50-95: 100%|██████████| 8/8 00:03
all       1000        939      0.746      0.324      0.368      0.169
Epoch    GPU_mem   box_loss   obj_loss   cls_loss  Instances       Size
53/99      13.9G    0.03102   0.006393   0.002204         51        640: 100%|██████████| 38/38 00:09
Class     Images  Instances          P          R      mAP50   mAP50-95: 100%|██████████| 8/8 00:03
all       1000        939      0.731      0.371      0.399      0.192
Epoch    GPU_mem   box_loss   obj_loss   cls_loss  Instances       Size
54/99      13.9G    0.03162   0.006761   0.001962         60        640: 100%|██████████| 38/38 00:08
Class     Images  Instances          P          R      mAP50   mAP50-95: 100%|██████████| 8/8 00:04
all       1000        939      0.725      0.345      0.376      0.175
Epoch    GPU_mem   box_loss   obj_loss   cls_loss  Instances       Size
55/99      13.9G    0.03067   0.006459   0.001734         60        640: 100%|██████████| 38/38 00:10
Class     Images  Instances          P          R      mAP50   mAP50-95: 100%|██████████| 8/8 00:03
all       1000        939      0.725      0.366      0.388      0.188
Epoch    GPU_mem   box_loss   obj_loss   cls_loss  Instances       Size
56/99      13.9G    0.03125    0.00642   0.001554         61        640: 100%|██████████| 38/38 00:10
Class     Images  Instances          P          R      mAP50   mAP50-95: 100%|██████████| 8/8 00:03
all       1000        939      0.747      0.332      0.378      0.181
Epoch    GPU_mem   box_loss   obj_loss   cls_loss  Instances       Size
57/99      13.9G    0.03073   0.006228   0.001674         54        640: 100%|██████████| 38/38 00:08
Class     Images  Instances          P          R      mAP50   mAP50-95: 100%|██████████| 8/8 00:03
all       1000        939      0.804      0.325      0.397      0.196
Epoch    GPU_mem   box_loss   obj_loss   cls_loss  Instances       Size
58/99      13.9G    0.03062   0.006185   0.001886         55        640: 100%|██████████| 38/38 00:10
Class     Images  Instances          P          R      mAP50   mAP50-95: 100%|██████████| 8/8 00:03
all       1000        939      0.742      0.335       0.37      0.172
Epoch    GPU_mem   box_loss   obj_loss   cls_loss  Instances       Size
59/99      13.9G    0.02999   0.006399    0.00164         64        640: 100%|██████████| 38/38 00:09
Class     Images  Instances          P          R      mAP50   mAP50-95: 100%|██████████| 8/8 00:03
all       1000        939       0.73       0.37      0.405      0.197
Epoch    GPU_mem   box_loss   obj_loss   cls_loss  Instances       Size
60/99      13.9G    0.02949   0.006036   0.001716         51        640: 100%|██████████| 38/38 00:08
Class     Images  Instances          P          R      mAP50   mAP50-95: 100%|██████████| 8/8 00:03
all       1000        939      0.735      0.361      0.398      0.193
Epoch    GPU_mem   box_loss   obj_loss   cls_loss  Instances       Size
61/99      13.9G    0.02999   0.006294   0.001596         60        640: 100%|██████████| 38/38 00:08
Class     Images  Instances          P          R      mAP50   mAP50-95: 100%|██████████| 8/8 00:03
all       1000        939      0.752      0.352      0.394      0.184
Epoch    GPU_mem   box_loss   obj_loss   cls_loss  Instances       Size
62/99      13.9G     0.0284   0.005914   0.001364         56        640: 100%|██████████| 38/38 00:10
Class     Images  Instances          P          R      mAP50   mAP50-95: 100%|██████████| 8/8 00:03
all       1000        939      0.769      0.347      0.405      0.204
Epoch    GPU_mem   box_loss   obj_loss   cls_loss  Instances       Size
63/99      13.9G    0.02885   0.006155    0.00163         59        640: 100%|██████████| 38/38 00:09
Class     Images  Instances          P          R      mAP50   mAP50-95: 100%|██████████| 8/8 00:03
all       1000        939      0.742      0.333      0.388      0.203
Epoch    GPU_mem   box_loss   obj_loss   cls_loss  Instances       Size
64/99      13.9G    0.02857    0.00596   0.001708         49        640: 100%|██████████| 38/38 00:09
Class     Images  Instances          P          R      mAP50   mAP50-95: 100%|██████████| 8/8 00:03
all       1000        939      0.761      0.334      0.373      0.173
Epoch    GPU_mem   box_loss   obj_loss   cls_loss  Instances       Size
65/99      13.9G    0.02811   0.005682   0.001409         45        640: 100%|██████████| 38/38 00:07
Class     Images  Instances          P          R      mAP50   mAP50-95: 100%|██████████| 8/8 00:03
all       1000        939      0.738      0.336       0.37      0.182
Epoch    GPU_mem   box_loss   obj_loss   cls_loss  Instances       Size
66/99      13.9G    0.02815   0.006002   0.001625         56        640: 100%|██████████| 38/38 00:09
Class     Images  Instances          P          R      mAP50   mAP50-95: 100%|██████████| 8/8 00:03
all       1000        939      0.739      0.343      0.384      0.194
Epoch    GPU_mem   box_loss   obj_loss   cls_loss  Instances       Size
67/99      13.9G     0.0274   0.005576   0.001379         50        640: 100%|██████████| 38/38 00:09
Class     Images  Instances          P          R      mAP50   mAP50-95: 100%|██████████| 8/8 00:03
all       1000        939      0.742      0.333      0.365      0.183
Epoch    GPU_mem   box_loss   obj_loss   cls_loss  Instances       Size
68/99      13.9G     0.0273   0.005923   0.001226         64        640: 100%|██████████| 38/38 00:09
Class     Images  Instances          P          R      mAP50   mAP50-95: 100%|██████████| 8/8 00:03
all       1000        939      0.771       0.33      0.377      0.184
Epoch    GPU_mem   box_loss   obj_loss   cls_loss  Instances       Size
69/99      13.9G    0.02748   0.005662   0.001213         59        640: 100%|██████████| 38/38 00:10
Class     Images  Instances          P          R      mAP50   mAP50-95: 100%|██████████| 8/8 00:03
all       1000        939      0.713      0.372      0.383      0.188
Epoch    GPU_mem   box_loss   obj_loss   cls_loss  Instances       Size
70/99      13.9G    0.02651   0.005609   0.001288         60        640: 100%|██████████| 38/38 00:09
Class     Images  Instances          P          R      mAP50   mAP50-95: 100%|██████████| 8/8 00:03
all       1000        939       0.73      0.356       0.39      0.196
Epoch    GPU_mem   box_loss   obj_loss   cls_loss  Instances       Size
71/99      13.9G    0.02668   0.005715   0.001112         66        640: 100%|██████████| 38/38 00:09
Class     Images  Instances          P          R      mAP50   mAP50-95: 100%|██████████| 8/8 00:03
all       1000        939      0.724      0.357      0.386      0.198
Epoch    GPU_mem   box_loss   obj_loss   cls_loss  Instances       Size
72/99      13.9G    0.02692   0.005792   0.001251         63        640: 100%|██████████| 38/38 00:12
Class     Images  Instances          P          R      mAP50   mAP50-95: 100%|██████████| 8/8 00:03
all       1000        939      0.771      0.338      0.382      0.192
Epoch    GPU_mem   box_loss   obj_loss   cls_loss  Instances       Size
73/99      13.9G    0.02642   0.005765   0.001177         43        640: 100%|██████████| 38/38 00:07
Class     Images  Instances          P          R      mAP50   mAP50-95: 100%|██████████| 8/8 00:03
all       1000        939        0.8      0.286      0.357      0.181
Epoch    GPU_mem   box_loss   obj_loss   cls_loss  Instances       Size
74/99      13.9G    0.02621   0.005395   0.001108         66        640: 100%|██████████| 38/38 00:09
Class     Images  Instances          P          R      mAP50   mAP50-95: 100%|██████████| 8/8 00:03
all       1000        939      0.729      0.334      0.381       0.19
Epoch    GPU_mem   box_loss   obj_loss   cls_loss  Instances       Size
75/99      13.9G     0.0259   0.005418     0.0012         74        640: 100%|██████████| 38/38 00:11
Class     Images  Instances          P          R      mAP50   mAP50-95: 100%|██████████| 8/8 00:03
all       1000        939      0.753      0.329      0.379      0.185
Epoch    GPU_mem   box_loss   obj_loss   cls_loss  Instances       Size
76/99      13.9G    0.02536   0.005571   0.001272         60        640: 100%|██████████| 38/38 00:09
Class     Images  Instances          P          R      mAP50   mAP50-95: 100%|██████████| 8/8 00:03
all       1000        939       0.74      0.334      0.374      0.184
Epoch    GPU_mem   box_loss   obj_loss   cls_loss  Instances       Size
77/99      13.9G    0.02576   0.005379   0.001196         51        640: 100%|██████████| 38/38 00:07
Class     Images  Instances          P          R      mAP50   mAP50-95: 100%|██████████| 8/8 00:03
all       1000        939      0.753      0.304      0.354      0.171
Epoch    GPU_mem   box_loss   obj_loss   cls_loss  Instances       Size
78/99      13.9G    0.02471   0.005297  0.0007971         73        640: 100%|██████████| 38/38 00:09
Class     Images  Instances          P          R      mAP50   mAP50-95: 100%|██████████| 8/8 00:03
all       1000        939      0.755      0.336      0.377      0.189
Epoch    GPU_mem   box_loss   obj_loss   cls_loss  Instances       Size
79/99      13.9G    0.02486   0.005368   0.001019         57        640: 100%|██████████| 38/38 00:12
Class     Images  Instances          P          R      mAP50   mAP50-95: 100%|██████████| 8/8 00:03
all       1000        939      0.752      0.354      0.387      0.189
Epoch    GPU_mem   box_loss   obj_loss   cls_loss  Instances       Size
80/99      13.9G     0.0247   0.005332    0.00108         61        640: 100%|██████████| 38/38 00:09
Class     Images  Instances          P          R      mAP50   mAP50-95: 100%|██████████| 8/8 00:03
all       1000        939      0.762      0.359      0.397      0.201
Epoch    GPU_mem   box_loss   obj_loss   cls_loss  Instances       Size
81/99      13.9G    0.02474   0.005278   0.001131         46        640: 100%|██████████| 38/38 00:09
Class     Images  Instances          P          R      mAP50   mAP50-95: 100%|██████████| 8/8 00:03
all       1000        939      0.739      0.326      0.368      0.179
Epoch    GPU_mem   box_loss   obj_loss   cls_loss  Instances       Size
82/99      13.9G    0.02413   0.005281   0.001326         46        640: 100%|██████████| 38/38 00:09
Class     Images  Instances          P          R      mAP50   mAP50-95: 100%|██████████| 8/8 00:03
all       1000        939      0.741      0.359      0.394      0.196
Epoch    GPU_mem   box_loss   obj_loss   cls_loss  Instances       Size
83/99      13.9G    0.02339   0.005087  0.0008139         50        640: 100%|██████████| 38/38 00:10
Class     Images  Instances          P          R      mAP50   mAP50-95: 100%|██████████| 8/8 00:03
all       1000        939      0.726      0.366      0.393      0.207
Epoch    GPU_mem   box_loss   obj_loss   cls_loss  Instances       Size
84/99      13.9G    0.02396   0.005312  0.0009401         50        640: 100%|██████████| 38/38 00:09
Class     Images  Instances          P          R      mAP50   mAP50-95: 100%|██████████| 8/8 00:03
all       1000        939      0.769      0.354      0.386      0.201
Epoch    GPU_mem   box_loss   obj_loss   cls_loss  Instances       Size
85/99      13.9G    0.02387    0.00518   0.000829         65        640: 100%|██████████| 38/38 00:08
Class     Images  Instances          P          R      mAP50   mAP50-95: 100%|██████████| 8/8 00:03
all       1000        939       0.77      0.334      0.382      0.193
Epoch    GPU_mem   box_loss   obj_loss   cls_loss  Instances       Size
86/99      13.9G    0.02372   0.005274  0.0008526         57        640: 100%|██████████| 38/38 00:08
Class     Images  Instances          P          R      mAP50   mAP50-95: 100%|██████████| 8/8 00:03
all       1000        939      0.773      0.331      0.384      0.193
Epoch    GPU_mem   box_loss   obj_loss   cls_loss  Instances       Size
87/99      13.9G    0.02344    0.00511  0.0009122         61        640: 100%|██████████| 38/38 00:09
Class     Images  Instances          P          R      mAP50   mAP50-95: 100%|██████████| 8/8 00:03
all       1000        939       0.74      0.347      0.375      0.191
Epoch    GPU_mem   box_loss   obj_loss   cls_loss  Instances       Size
88/99      13.9G    0.02319   0.004994  0.0007314         59        640: 100%|██████████| 38/38 00:12
Class     Images  Instances          P          R      mAP50   mAP50-95: 100%|██████████| 8/8 00:03
all       1000        939      0.734      0.354      0.383      0.195
Epoch    GPU_mem   box_loss   obj_loss   cls_loss  Instances       Size
89/99      13.9G    0.02303   0.004956  0.0009206         53        640: 100%|██████████| 38/38 00:08
Class     Images  Instances          P          R      mAP50   mAP50-95: 100%|██████████| 8/8 00:03
all       1000        939       0.79      0.333      0.386      0.196
Epoch    GPU_mem   box_loss   obj_loss   cls_loss  Instances       Size
90/99      13.9G    0.02259   0.005046  0.0009234         70        640: 100%|██████████| 38/38 00:08
Class     Images  Instances          P          R      mAP50   mAP50-95: 100%|██████████| 8/8 00:03
all       1000        939      0.751      0.343      0.376      0.197
Epoch    GPU_mem   box_loss   obj_loss   cls_loss  Instances       Size
91/99      13.9G    0.02288    0.00494  0.0008689         58        640: 100%|██████████| 38/38 00:11
Class     Images  Instances          P          R      mAP50   mAP50-95: 100%|██████████| 8/8 00:03
all       1000        939      0.477      0.342      0.372      0.186
Epoch    GPU_mem   box_loss   obj_loss   cls_loss  Instances       Size
92/99      13.9G    0.02213   0.004878  0.0006924         53        640: 100%|██████████| 38/38 00:09
Class     Images  Instances          P          R      mAP50   mAP50-95: 100%|██████████| 8/8 00:03
all       1000        939       0.77      0.336      0.385      0.197
Epoch    GPU_mem   box_loss   obj_loss   cls_loss  Instances       Size
93/99      13.9G    0.02212   0.004938  0.0007709         47        640: 100%|██████████| 38/38 00:07
Class     Images  Instances          P          R      mAP50   mAP50-95: 100%|██████████| 8/8 00:03
all       1000        939      0.777      0.333      0.382      0.195
Epoch    GPU_mem   box_loss   obj_loss   cls_loss  Instances       Size
94/99      13.9G    0.02218   0.004901  0.0007056         44        640: 100%|██████████| 38/38 00:09
Class     Images  Instances          P          R      mAP50   mAP50-95: 100%|██████████| 8/8 00:03
all       1000        939       0.75      0.346      0.381      0.196
Epoch    GPU_mem   box_loss   obj_loss   cls_loss  Instances       Size
95/99      13.9G     0.0215   0.004841  0.0006346         53        640: 100%|██████████| 38/38 00:09
Class     Images  Instances          P          R      mAP50   mAP50-95: 100%|██████████| 8/8 00:03
all       1000        939      0.515      0.347      0.382      0.198
Epoch    GPU_mem   box_loss   obj_loss   cls_loss  Instances       Size
96/99      13.9G    0.02181   0.004796  0.0008713         55        640: 100%|██████████| 38/38 00:11
Class     Images  Instances          P          R      mAP50   mAP50-95: 100%|██████████| 8/8 00:03
all       1000        939      0.502      0.342      0.382      0.193
Epoch    GPU_mem   box_loss   obj_loss   cls_loss  Instances       Size
97/99      13.9G    0.02095   0.004615   0.000692         55        640: 100%|██████████| 38/38 00:09
Class     Images  Instances          P          R      mAP50   mAP50-95: 100%|██████████| 8/8 00:03
all       1000        939      0.481      0.354      0.384      0.196
Epoch    GPU_mem   box_loss   obj_loss   cls_loss  Instances       Size
98/99      13.9G     0.0214   0.004986  0.0006327         63        640: 100%|██████████| 38/38 00:08
Class     Images  Instances          P          R      mAP50   mAP50-95: 100%|██████████| 8/8 00:03
all       1000        939      0.497      0.344      0.381      0.195
Epoch    GPU_mem   box_loss   obj_loss   cls_loss  Instances       Size
99/99      13.9G    0.02124    0.00476  0.0006854         58        640: 100%|██████████| 38/38 00:08
Class     Images  Instances          P          R      mAP50   mAP50-95: 100%|██████████| 8/8 00:03
all       1000        939      0.492      0.353      0.383      0.195
100 epochs completed in 0.379 hours.
Optimizer stripped from /home/lijinhe/work/YOLO_Retraining/runs/studies/20260824-182608/sequences/dedup_tau_0p900__seq-full-cold__stage0-stage3__yolov5s__s42/tasks/000__stage0__full-cold/backend/yolov5/train/weights/last.pt, 14.4MB
Optimizer stripped from /home/lijinhe/work/YOLO_Retraining/runs/studies/20260824-182608/sequences/dedup_tau_0p900__seq-full-cold__stage0-stage3__yolov5s__s42/tasks/000__stage0__full-cold/backend/yolov5/train/weights/best.pt, 14.4MB
Validating /home/lijinhe/work/YOLO_Retraining/runs/studies/20260824-182608/sequences/dedup_tau_0p900__seq-full-cold__stage0-stage3__yolov5s__s42/tasks/000__stage0__full-cold/backend/yolov5/train/weights/best.pt...
Fusing layers...
Model summary: 157 layers, 7020913 parameters, 0 gradients, 15.8 GFLOPs
Class     Images  Instances          P          R      mAP50   mAP50-95: 100%|██████████| 8/8 00:03
all       1000        939       0.73       0.37      0.405      0.197
large luggage       1000        358      0.521      0.589      0.569       0.27
stroller       1000        413      0.641      0.523      0.561      0.262
wheelchair       1000        155      0.759      0.368      0.485      0.253
flatbed truck       1000         13          1          0    0.00538    0.00259
Results saved to /home/lijinhe/work/YOLO_Retraining/runs/studies/20260824-182608/sequences/dedup_tau_0p900__seq-full-cold__stage0-stage3__yolov5s__s42/tasks/000__stage0__full-cold/backend/yolov5/train
terminate called without an active exception
Exception ignored in: <function _MultiProcessingDataLoaderIter.__del__ at 0x7feb2ce7e8c0>
Traceback (most recent call last):
File "/home/lijinhe/miniforge3/envs/yolo-retraining-v5/lib/python3.10/site-packages/torch/utils/data/dataloader.py", line 1479, in __del__
self._shutdown_workers()
File "/home/lijinhe/miniforge3/envs/yolo-retraining-v5/lib/python3.10/site-packages/torch/utils/data/dataloader.py", line 1443, in _shutdown_workers
w.join(timeout=_utils.MP_STATUS_CHECK_INTERVAL)
File "/home/lijinhe/miniforge3/envs/yolo-retraining-v5/lib/python3.10/multiprocessing/process.py", line 149, in join
res = self._popen.wait(timeout)
File "/home/lijinhe/miniforge3/envs/yolo-retraining-v5/lib/python3.10/multiprocessing/popen_fork.py", line 40, in wait
if not wait([self.sentinel], timeout):
File "/home/lijinhe/miniforge3/envs/yolo-retraining-v5/lib/python3.10/multiprocessing/connection.py", line 931, in wait
ready = selector.select(timeout)
File "/home/lijinhe/miniforge3/envs/yolo-retraining-v5/lib/python3.10/selectors.py", line 416, in select
fd_event_list = self._selector.poll(timeout)
File "/home/lijinhe/miniforge3/envs/yolo-retraining-v5/lib/python3.10/site-packages/torch/utils/data/_utils/signal_handling.py", line 66, in handler
_error_if_any_worker_fails()
RuntimeError: DataLoader worker (pid 1082229) is killed by signal: Aborted.
terminate called without an active exception
Exception ignored in: <function _MultiProcessingDataLoaderIter.__del__ at 0x7feb2ce7e8c0>
Traceback (most recent call last):
File "/home/lijinhe/miniforge3/envs/yolo-retraining-v5/lib/python3.10/site-packages/torch/utils/data/dataloader.py", line 1479, in __del__
self._shutdown_workers()
File "/home/lijinhe/miniforge3/envs/yolo-retraining-v5/lib/python3.10/site-packages/torch/utils/data/dataloader.py", line 1443, in _shutdown_workers
w.join(timeout=_utils.MP_STATUS_CHECK_INTERVAL)
File "/home/lijinhe/miniforge3/envs/yolo-retraining-v5/lib/python3.10/multiprocessing/process.py", line 149, in join
res = self._popen.wait(timeout)
File "/home/lijinhe/miniforge3/envs/yolo-retraining-v5/lib/python3.10/multiprocessing/popen_fork.py", line 40, in wait
if not wait([self.sentinel], timeout):
File "/home/lijinhe/miniforge3/envs/yolo-retraining-v5/lib/python3.10/multiprocessing/connection.py", line 931, in wait
ready = selector.select(timeout)
File "/home/lijinhe/miniforge3/envs/yolo-retraining-v5/lib/python3.10/selectors.py", line 416, in select
fd_event_list = self._selector.poll(timeout)
File "/home/lijinhe/miniforge3/envs/yolo-retraining-v5/lib/python3.10/site-packages/torch/utils/data/_utils/signal_handling.py", line 66, in handler
_error_if_any_worker_fails()
RuntimeError: DataLoader worker (pid 1096140) is killed by signal: Aborted.
[YOLOv5] compacted progress updates: 8908 -> 203 lines
[YOLOv5] coalesced warning: incomplete JPEG accepted read-only; count=3405; by_source=train=2409, val=996
[YOLOv5] warning example: train: WARNING ⚠️ /home/lijinhe/work/YOLO_Retraining/data/self_improving/images/0720_10/04502_1784522054684382_0.jpg: incomplete JPEG accepted read-only
[YOLOv5] warning example: train: WARNING ⚠️ /home/lijinhe/work/YOLO_Retraining/data/self_improving/images/0720_10/04504_1784522063412272_0.jpg: incomplete JPEG accepted read-only
[YOLOv5] warning example: train: WARNING ⚠️ /home/lijinhe/work/YOLO_Retraining/data/self_improving/images/0720_10/04506_1784522063534384_0.jpg: incomplete JPEG accepted read-only
