train: weights=/home/lijinhe/work/YOLO_Retraining/.third_party/yolov5/yolov5s.pt, cfg=, data=/home/lijinhe/work/YOLO_Retraining/runs/studies/balance_tau090_label_contrast/tasks/dedup_tau_0p900_release_positive_clusters__full-cold-stage0123__stage0+stage1+stage2+stage3__yolov5s__s42/data/backend_data.yaml, hyp=data/hyps/hyp.scratch-low.yaml, epochs=300, batch_size=64, imgsz=640, rect=False, resume=False, nosave=False, noval=False, noautoanchor=False, noplots=True, evolve=None, bucket=, cache=None, image_weights=False, device=0, multi_scale=False, single_cls=False, optimizer=SGD, sync_bn=False, workers=16, project=/home/lijinhe/work/YOLO_Retraining/runs/studies/balance_tau090_label_contrast/tasks/dedup_tau_0p900_release_positive_clusters__full-cold-stage0123__stage0+stage1+stage2+stage3__yolov5s__s42/backend/yolov5, name=train, exist_ok=True, quad=False, cos_lr=False, label_smoothing=0.0, patience=100, freeze=[0], save_period=-1, seed=42, local_rank=-1, entity=None, upload_dataset=False, bbox_interval=-1, artifact_alias=latest
github: skipping check (offline), for updates see https://github.com/ultralytics/yolov5
YOLOv5 🚀 v7.0-0-g915bbf29 Python-3.10.20 torch-2.2.2+cu121 CUDA:0 (NVIDIA H100 PCIe, 81090MiB)
hyperparameters: lr0=0.01, lrf=0.01, momentum=0.937, weight_decay=0.0005, warmup_epochs=3.0, warmup_momentum=0.8, warmup_bias_lr=0.1, box=0.05, cls=0.5, cls_pw=1.0, obj=1.0, obj_pw=1.0, iou_t=0.2, anchor_t=4.0, fl_gamma=0.0, hsv_h=0.015, hsv_s=0.7, hsv_v=0.4, degrees=0.0, translate=0.1, scale=0.5, shear=0.0, perspective=0.0, flipud=0.0, fliplr=0.5, mosaic=1.0, mixup=0.0, copy_paste=0.0
ClearML: run 'pip install clearml' to automatically track, visualize and remotely train YOLOv5 🚀 in ClearML
Comet: run 'pip install comet_ml' to automatically track and visualize YOLOv5 🚀 runs in Comet
TensorBoard: Start with 'tensorboard --logdir /home/lijinhe/work/YOLO_Retraining/runs/studies/balance_tau090_label_contrast/tasks/dedup_tau_0p900_release_positive_clusters__full-cold-stage0123__stage0+stage1+stage2+stage3__yolov5s__s42/backend/yolov5', view at http://localhost:6006/
Overriding model.yaml nc=80 with nc=4
from  n    params  module                                  arguments
0                -1  1      3520  models.common.Conv                      [3, 32, 6, 2, 2]
1                -1  1     18560  models.common.Conv                      [32, 64, 3, 2]
2                -1  1     18816  models.common.C3                        [64, 64, 1]
3                -1  1     73984  models.common.Conv                      [64, 128, 3, 2]
4                -1  2    115712  models.common.C3                        [128, 128, 2]
5                -1  1    295424  models.common.Conv                      [128, 256, 3, 2]
6                -1  3    625152  models.common.C3                        [256, 256, 3]
7                -1  1   1180672  models.common.Conv                      [256, 512, 3, 2]
8                -1  1   1182720  models.common.C3                        [512, 512, 1]
9                -1  1    656896  models.common.SPPF                      [512, 512, 5]
10                -1  1    131584  models.common.Conv                      [512, 256, 1, 1]
11                -1  1         0  torch.nn.modules.upsampling.Upsample    [None, 2, 'nearest']
12           [-1, 6]  1         0  models.common.Concat                    [1]
13                -1  1    361984  models.common.C3                        [512, 256, 1, False]
14                -1  1     33024  models.common.Conv                      [256, 128, 1, 1]
15                -1  1         0  torch.nn.modules.upsampling.Upsample    [None, 2, 'nearest']
16           [-1, 4]  1         0  models.common.Concat                    [1]
17                -1  1     90880  models.common.C3                        [256, 128, 1, False]
18                -1  1    147712  models.common.Conv                      [128, 128, 3, 2]
19          [-1, 14]  1         0  models.common.Concat                    [1]
20                -1  1    296448  models.common.C3                        [256, 256, 1, False]
21                -1  1    590336  models.common.Conv                      [256, 256, 3, 2]
22          [-1, 10]  1         0  models.common.Concat                    [1]
23                -1  1   1182720  models.common.C3                        [512, 512, 1, False]
24      [17, 20, 23]  1     24273  models.yolo.Detect                      [4, [[10, 13, 16, 30, 33, 23], [30, 61, 62, 45, 59, 119], [116, 90, 156, 198, 373, 326]], [128, 256, 512]]
Model summary: 214 layers, 7030417 parameters, 7030417 gradients, 16.0 GFLOPs
Transferred 343/349 items from /home/lijinhe/work/YOLO_Retraining/.third_party/yolov5/yolov5s.pt
AMP: checks passed ✅
optimizer: SGD(lr=0.01) with parameter groups 57 weight(decay=0.0), 60 weight(decay=0.0005), 60 bias
train: Scanning /home/lijinhe/work/YOLO_Retraining/runs/studies/balance_tau090_label_contrast/tasks/dedup_tau_0p900_release_positive_clusters__full-cold-stage0123__stage0+stage1+stage2+stage3__yolov5s__s42/data/backend_train_images... 5866 images, 2418 backgrounds, 0 corrupt: 100%|██████████| 5866/5866 00:20
train: WARNING ⚠️ /home/lijinhe/work/YOLO_Retraining/data/self_improving/images/0720_11/05168_1784523505059766_0.jpg: 2 duplicate labels removed
train: New cache created: /home/lijinhe/work/YOLO_Retraining/runs/studies/balance_tau090_label_contrast/tasks/dedup_tau_0p900_release_positive_clusters__full-cold-stage0123__stage0+stage1+stage2+stage3__yolov5s__s42/data/backend_train_images.cache
val: Scanning /home/lijinhe/work/YOLO_Retraining/runs/studies/balance_tau090_label_contrast/tasks/dedup_tau_0p900_release_positive_clusters__full-cold-stage0123__stage0+stage1+stage2+stage3__yolov5s__s42/data/backend_validation_images... 1000 images, 499 backgrounds, 0 corrupt: 100%|██████████| 1000/1000 00:07
val: New cache created: /home/lijinhe/work/YOLO_Retraining/runs/studies/balance_tau090_label_contrast/tasks/dedup_tau_0p900_release_positive_clusters__full-cold-stage0123__stage0+stage1+stage2+stage3__yolov5s__s42/data/backend_validation_images.cache
AutoAnchor: 5.54 anchors/target, 1.000 Best Possible Recall (BPR). Current anchors are a good fit to dataset ✅
Image sizes 640 train, 640 val
Using 16 dataloader workers
Logging results to /home/lijinhe/work/YOLO_Retraining/runs/studies/balance_tau090_label_contrast/tasks/dedup_tau_0p900_release_positive_clusters__full-cold-stage0123__stage0+stage1+stage2+stage3__yolov5s__s42/backend/yolov5/train
Starting training for 300 epochs...
Epoch    GPU_mem   box_loss   obj_loss   cls_loss  Instances       Size
0/299      13.9G    0.09062    0.01928    0.02987         68        640: 100%|██████████| 92/92 00:34
Class     Images  Instances          P          R      mAP50   mAP50-95: 100%|██████████| 8/8 00:07
all       1000        641      0.804     0.0598     0.0498     0.0152
Epoch    GPU_mem   box_loss   obj_loss   cls_loss  Instances       Size
1/299      13.9G    0.06489    0.01476    0.01528         66        640: 100%|██████████| 92/92 00:34
Class     Images  Instances          P          R      mAP50   mAP50-95: 100%|██████████| 8/8 00:03
all       1000        641      0.744      0.152      0.236      0.101
Epoch    GPU_mem   box_loss   obj_loss   cls_loss  Instances       Size
2/299      13.9G    0.05929    0.01212     0.0127         53        640: 100%|██████████| 92/92 00:31
Class     Images  Instances          P          R      mAP50   mAP50-95: 100%|██████████| 8/8 00:03
all       1000        641       0.72       0.17      0.192     0.0673
Epoch    GPU_mem   box_loss   obj_loss   cls_loss  Instances       Size
3/299      13.9G    0.05669    0.01129    0.01144         51        640: 100%|██████████| 92/92 00:39
Class     Images  Instances          P          R      mAP50   mAP50-95: 100%|██████████| 8/8 00:03
all       1000        641      0.434      0.243      0.184     0.0649
Epoch    GPU_mem   box_loss   obj_loss   cls_loss  Instances       Size
4/299      13.9G    0.05329    0.01137    0.01109         63        640: 100%|██████████| 92/92 00:38
Class     Images  Instances          P          R      mAP50   mAP50-95: 100%|██████████| 8/8 00:03
all       1000        641      0.628      0.293      0.298      0.119
Epoch    GPU_mem   box_loss   obj_loss   cls_loss  Instances       Size
5/299      13.9G     0.0517    0.01086    0.01031         70        640: 100%|██████████| 92/92 00:36
Class     Images  Instances          P          R      mAP50   mAP50-95: 100%|██████████| 8/8 00:04
all       1000        641      0.691      0.298      0.335      0.139
Epoch    GPU_mem   box_loss   obj_loss   cls_loss  Instances       Size
6/299      13.9G    0.04938    0.01059   0.008972         60        640: 100%|██████████| 92/92 00:32
Class     Images  Instances          P          R      mAP50   mAP50-95: 100%|██████████| 8/8 00:02
all       1000        641      0.621       0.35      0.348      0.151
Epoch    GPU_mem   box_loss   obj_loss   cls_loss  Instances       Size
7/299      13.9G    0.04817    0.01025   0.008556         58        640: 100%|██████████| 92/92 00:39
Class     Images  Instances          P          R      mAP50   mAP50-95: 100%|██████████| 8/8 00:05
all       1000        641      0.578      0.256       0.26      0.109
Epoch    GPU_mem   box_loss   obj_loss   cls_loss  Instances       Size
8/299      13.9G    0.04681    0.01035   0.008117         58        640: 100%|██████████| 92/92 00:41
Class     Images  Instances          P          R      mAP50   mAP50-95: 100%|██████████| 8/8 00:02
all       1000        641      0.638      0.348      0.352      0.152
Epoch    GPU_mem   box_loss   obj_loss   cls_loss  Instances       Size
9/299      13.9G    0.04587     0.0101   0.007726         68        640: 100%|██████████| 92/92 00:38
Class     Images  Instances          P          R      mAP50   mAP50-95: 100%|██████████| 8/8 00:03
all       1000        641      0.794      0.307      0.383      0.175
Epoch    GPU_mem   box_loss   obj_loss   cls_loss  Instances       Size
10/299      13.9G    0.04551   0.009874   0.007137         56        640: 100%|██████████| 92/92 00:36
Class     Images  Instances          P          R      mAP50   mAP50-95: 100%|██████████| 8/8 00:02
all       1000        641      0.659      0.324      0.319      0.143
Epoch    GPU_mem   box_loss   obj_loss   cls_loss  Instances       Size
11/299      13.9G    0.04477   0.009741   0.007159         51        640: 100%|██████████| 92/92 00:37
Class     Images  Instances          P          R      mAP50   mAP50-95: 100%|██████████| 8/8 00:02
all       1000        641      0.704      0.348      0.385      0.175
Epoch    GPU_mem   box_loss   obj_loss   cls_loss  Instances       Size
12/299      13.9G    0.04411    0.00995   0.006601         45        640: 100%|██████████| 92/92 00:38
Class     Images  Instances          P          R      mAP50   mAP50-95: 100%|██████████| 8/8 00:02
all       1000        641       0.71      0.355      0.404      0.193
Epoch    GPU_mem   box_loss   obj_loss   cls_loss  Instances       Size
13/299      13.9G    0.04394   0.009697   0.007318         61        640: 100%|██████████| 92/92 00:38
Class     Images  Instances          P          R      mAP50   mAP50-95: 100%|██████████| 8/8 00:02
all       1000        641      0.795      0.406      0.469      0.217
Epoch    GPU_mem   box_loss   obj_loss   cls_loss  Instances       Size
14/299      13.9G    0.04297   0.009475   0.006452         75        640: 100%|██████████| 92/92 00:33
Class     Images  Instances          P          R      mAP50   mAP50-95: 100%|██████████| 8/8 00:02
all       1000        641      0.715      0.347      0.383      0.187
Epoch    GPU_mem   box_loss   obj_loss   cls_loss  Instances       Size
15/299      13.9G    0.04255   0.009304   0.006269         52        640: 100%|██████████| 92/92 00:43
Class     Images  Instances          P          R      mAP50   mAP50-95: 100%|██████████| 8/8 00:04
all       1000        641      0.741       0.35      0.402      0.195
Epoch    GPU_mem   box_loss   obj_loss   cls_loss  Instances       Size
16/299      13.9G    0.04188    0.00926   0.005949         75        640: 100%|██████████| 92/92 00:38
Class     Images  Instances          P          R      mAP50   mAP50-95: 100%|██████████| 8/8 00:05
all       1000        641      0.765      0.397      0.435      0.212
Epoch    GPU_mem   box_loss   obj_loss   cls_loss  Instances       Size
17/299      13.9G    0.04134   0.009243   0.005939         72        640: 100%|██████████| 92/92 00:36
Class     Images  Instances          P          R      mAP50   mAP50-95: 100%|██████████| 8/8 00:02
all       1000        641      0.771      0.404      0.456       0.24
Epoch    GPU_mem   box_loss   obj_loss   cls_loss  Instances       Size
18/299      13.9G    0.04078   0.009255   0.005516         63        640: 100%|██████████| 92/92 00:34
Class     Images  Instances          P          R      mAP50   mAP50-95: 100%|██████████| 8/8 00:02
all       1000        641      0.811      0.395       0.44      0.212
Epoch    GPU_mem   box_loss   obj_loss   cls_loss  Instances       Size
19/299      13.9G    0.04044   0.009155   0.004999         62        640: 100%|██████████| 92/92 00:39
Class     Images  Instances          P          R      mAP50   mAP50-95: 100%|██████████| 8/8 00:04
all       1000        641      0.779      0.358      0.438      0.217
Epoch    GPU_mem   box_loss   obj_loss   cls_loss  Instances       Size
20/299      13.9G    0.03985   0.009021   0.005153         56        640: 100%|██████████| 92/92 00:35
Class     Images  Instances          P          R      mAP50   mAP50-95: 100%|██████████| 8/8 00:04
all       1000        641      0.749      0.397      0.423      0.207
Epoch    GPU_mem   box_loss   obj_loss   cls_loss  Instances       Size
21/299      13.9G    0.03966   0.008814   0.004711         86        640: 100%|██████████| 92/92 00:36
Class     Images  Instances          P          R      mAP50   mAP50-95: 100%|██████████| 8/8 00:05
all       1000        641      0.741      0.399      0.435       0.22
Epoch    GPU_mem   box_loss   obj_loss   cls_loss  Instances       Size
22/299      13.9G    0.03912   0.008856   0.004778         54        640: 100%|██████████| 92/92 00:32
Class     Images  Instances          P          R      mAP50   mAP50-95: 100%|██████████| 8/8 00:02
all       1000        641       0.79      0.362      0.436      0.233
Epoch    GPU_mem   box_loss   obj_loss   cls_loss  Instances       Size
23/299      13.9G    0.03864   0.008743   0.004582         70        640: 100%|██████████| 92/92 00:33
Class     Images  Instances          P          R      mAP50   mAP50-95: 100%|██████████| 8/8 00:05
all       1000        641      0.771      0.389      0.433      0.223
Epoch    GPU_mem   box_loss   obj_loss   cls_loss  Instances       Size
24/299      13.9G    0.03837   0.008664   0.004434         61        640: 100%|██████████| 92/92 00:45
Class     Images  Instances          P          R      mAP50   mAP50-95: 100%|██████████| 8/8 00:05
all       1000        641      0.765      0.397      0.434      0.207
Epoch    GPU_mem   box_loss   obj_loss   cls_loss  Instances       Size
25/299      13.9G    0.03831   0.008654   0.004536         48        640: 100%|██████████| 92/92 00:34
Class     Images  Instances          P          R      mAP50   mAP50-95: 100%|██████████| 8/8 00:02
all       1000        641      0.782      0.368      0.421       0.21
Epoch    GPU_mem   box_loss   obj_loss   cls_loss  Instances       Size
26/299      13.9G     0.0384   0.008681   0.004441         53        640: 100%|██████████| 92/92 00:37
Class     Images  Instances          P          R      mAP50   mAP50-95: 100%|██████████| 8/8 00:06
all       1000        641      0.819      0.386      0.467      0.241
Epoch    GPU_mem   box_loss   obj_loss   cls_loss  Instances       Size
27/299      13.9G    0.03764   0.008537   0.004358         48        640: 100%|██████████| 92/92 00:30
Class     Images  Instances          P          R      mAP50   mAP50-95: 100%|██████████| 8/8 00:02
all       1000        641      0.831       0.41      0.457      0.238
Epoch    GPU_mem   box_loss   obj_loss   cls_loss  Instances       Size
28/299      13.9G    0.03781   0.008371   0.004114         73        640: 100%|██████████| 92/92 00:38
Class     Images  Instances          P          R      mAP50   mAP50-95: 100%|██████████| 8/8 00:02
all       1000        641       0.79      0.401      0.451      0.233
Epoch    GPU_mem   box_loss   obj_loss   cls_loss  Instances       Size
29/299      13.9G    0.03745   0.008557   0.004318         65        640: 100%|██████████| 92/92 00:37
Class     Images  Instances          P          R      mAP50   mAP50-95: 100%|██████████| 8/8 00:03
all       1000        641      0.722       0.39      0.413      0.192
Epoch    GPU_mem   box_loss   obj_loss   cls_loss  Instances       Size
30/299      13.9G    0.03727    0.00849   0.003846         59        640: 100%|██████████| 92/92 00:38
Class     Images  Instances          P          R      mAP50   mAP50-95: 100%|██████████| 8/8 00:06
all       1000        641       0.81      0.377      0.452      0.241
Epoch    GPU_mem   box_loss   obj_loss   cls_loss  Instances       Size
31/299      13.9G    0.03705   0.008368   0.003645         54        640: 100%|██████████| 92/92 00:30
Class     Images  Instances          P          R      mAP50   mAP50-95: 100%|██████████| 8/8 00:02
all       1000        641       0.77      0.417      0.464      0.234
Epoch    GPU_mem   box_loss   obj_loss   cls_loss  Instances       Size
32/299      13.9G    0.03682   0.008231   0.003686         57        640: 100%|██████████| 92/92 00:39
Class     Images  Instances          P          R      mAP50   mAP50-95: 100%|██████████| 8/8 00:06
all       1000        641      0.777      0.405       0.45      0.254
Epoch    GPU_mem   box_loss   obj_loss   cls_loss  Instances       Size
33/299      13.9G    0.03676   0.008208   0.003941         63        640: 100%|██████████| 92/92 00:40
Class     Images  Instances          P          R      mAP50   mAP50-95: 100%|██████████| 8/8 00:02
all       1000        641      0.747      0.407      0.454      0.237
Epoch    GPU_mem   box_loss   obj_loss   cls_loss  Instances       Size
34/299      13.9G    0.03585   0.008121   0.003223         56        640: 100%|██████████| 92/92 00:34
Class     Images  Instances          P          R      mAP50   mAP50-95: 100%|██████████| 8/8 00:02
all       1000        641      0.821      0.377      0.437      0.231
Epoch    GPU_mem   box_loss   obj_loss   cls_loss  Instances       Size
35/299      13.9G    0.03573   0.008049   0.003893         47        640: 100%|██████████| 92/92 00:38
Class     Images  Instances          P          R      mAP50   mAP50-95: 100%|██████████| 8/8 00:05
all       1000        641      0.779       0.43      0.475      0.253
Epoch    GPU_mem   box_loss   obj_loss   cls_loss  Instances       Size
36/299      13.9G    0.03579   0.008217   0.003569         61        640: 100%|██████████| 92/92 00:34
Class     Images  Instances          P          R      mAP50   mAP50-95: 100%|██████████| 8/8 00:05
all       1000        641      0.762      0.444      0.469      0.253
Epoch    GPU_mem   box_loss   obj_loss   cls_loss  Instances       Size
37/299      13.9G    0.03534   0.008149   0.003297         56        640: 100%|██████████| 92/92 00:36
Class     Images  Instances          P          R      mAP50   mAP50-95: 100%|██████████| 8/8 00:03
all       1000        641      0.789      0.427      0.476      0.263
Epoch    GPU_mem   box_loss   obj_loss   cls_loss  Instances       Size
38/299      13.9G    0.03545   0.008172   0.003126         70        640: 100%|██████████| 92/92 00:30
Class     Images  Instances          P          R      mAP50   mAP50-95: 100%|██████████| 8/8 00:02
all       1000        641      0.769      0.423      0.466       0.23
Epoch    GPU_mem   box_loss   obj_loss   cls_loss  Instances       Size
39/299      13.9G    0.03539   0.007947   0.003209         64        640: 100%|██████████| 92/92 00:34
Class     Images  Instances          P          R      mAP50   mAP50-95: 100%|██████████| 8/8 00:05
all       1000        641      0.795      0.388      0.452      0.236
Epoch    GPU_mem   box_loss   obj_loss   cls_loss  Instances       Size
40/299      13.9G    0.03514   0.008062   0.003387         52        640: 100%|██████████| 92/92 00:34
Class     Images  Instances          P          R      mAP50   mAP50-95: 100%|██████████| 8/8 00:04
all       1000        641      0.799      0.443      0.477      0.249
Epoch    GPU_mem   box_loss   obj_loss   cls_loss  Instances       Size
41/299      13.9G    0.03486   0.007906   0.002899         49        640: 100%|██████████| 92/92 00:37
Class     Images  Instances          P          R      mAP50   mAP50-95: 100%|██████████| 8/8 00:02
all       1000        641      0.767      0.393      0.437      0.223
Epoch    GPU_mem   box_loss   obj_loss   cls_loss  Instances       Size
42/299      13.9G    0.03457   0.007774   0.003325         53        640: 100%|██████████| 92/92 00:36
Class     Images  Instances          P          R      mAP50   mAP50-95: 100%|██████████| 8/8 00:05
all       1000        641       0.83      0.416      0.475      0.247
Epoch    GPU_mem   box_loss   obj_loss   cls_loss  Instances       Size
43/299      13.9G    0.03452   0.007813   0.003142         71        640: 100%|██████████| 92/92 00:36
Class     Images  Instances          P          R      mAP50   mAP50-95: 100%|██████████| 8/8 00:05
all       1000        641      0.818      0.397       0.46      0.237
Epoch    GPU_mem   box_loss   obj_loss   cls_loss  Instances       Size
44/299      13.9G    0.03427   0.007812   0.002994         52        640: 100%|██████████| 92/92 00:34
Class     Images  Instances          P          R      mAP50   mAP50-95: 100%|██████████| 8/8 00:04
all       1000        641      0.781      0.445      0.486      0.253
Epoch    GPU_mem   box_loss   obj_loss   cls_loss  Instances       Size
45/299      13.9G    0.03414   0.007863   0.002913         73        640: 100%|██████████| 92/92 00:36
Class     Images  Instances          P          R      mAP50   mAP50-95: 100%|██████████| 8/8 00:02
all       1000        641      0.791       0.39      0.469      0.248
Epoch    GPU_mem   box_loss   obj_loss   cls_loss  Instances       Size
46/299      13.9G    0.03385   0.007712    0.00268         70        640: 100%|██████████| 92/92 00:37
Class     Images  Instances          P          R      mAP50   mAP50-95: 100%|██████████| 8/8 00:02
all       1000        641      0.816      0.431      0.479      0.261
Epoch    GPU_mem   box_loss   obj_loss   cls_loss  Instances       Size
47/299      13.9G    0.03357   0.007561    0.00268         67        640: 100%|██████████| 92/92 00:39
Class     Images  Instances          P          R      mAP50   mAP50-95: 100%|██████████| 8/8 00:02
all       1000        641      0.767      0.433      0.461      0.251
Epoch    GPU_mem   box_loss   obj_loss   cls_loss  Instances       Size
48/299      13.9G    0.03315   0.007505   0.002928         64        640: 100%|██████████| 92/92 00:39
Class     Images  Instances          P          R      mAP50   mAP50-95: 100%|██████████| 8/8 00:02
all       1000        641      0.818      0.413      0.469      0.246
Epoch    GPU_mem   box_loss   obj_loss   cls_loss  Instances       Size
49/299      13.9G    0.03339   0.007433   0.002445         68        640: 100%|██████████| 92/92 00:39
Class     Images  Instances          P          R      mAP50   mAP50-95: 100%|██████████| 8/8 00:02
all       1000        641      0.772      0.437      0.468      0.246
Epoch    GPU_mem   box_loss   obj_loss   cls_loss  Instances       Size
50/299      13.9G    0.03297   0.007526   0.002288         46        640: 100%|██████████| 92/92 00:34
Class     Images  Instances          P          R      mAP50   mAP50-95: 100%|██████████| 8/8 00:02
all       1000        641      0.784      0.417      0.461      0.237
Epoch    GPU_mem   box_loss   obj_loss   cls_loss  Instances       Size
51/299      13.9G    0.03273   0.007266   0.002274         78        640: 100%|██████████| 92/92 00:39
Class     Images  Instances          P          R      mAP50   mAP50-95: 100%|██████████| 8/8 00:05
all       1000        641      0.777      0.462      0.502      0.274
Epoch    GPU_mem   box_loss   obj_loss   cls_loss  Instances       Size
52/299      13.9G    0.03296   0.007594   0.002365         58        640: 100%|██████████| 92/92 00:33
Class     Images  Instances          P          R      mAP50   mAP50-95: 100%|██████████| 8/8 00:02
all       1000        641      0.798       0.46      0.501      0.268
Epoch    GPU_mem   box_loss   obj_loss   cls_loss  Instances       Size
53/299      13.9G    0.03273    0.00729   0.002428         55        640: 100%|██████████| 92/92 00:40
Class     Images  Instances          P          R      mAP50   mAP50-95: 100%|██████████| 8/8 00:02
all       1000        641      0.823      0.415      0.478       0.26
Epoch    GPU_mem   box_loss   obj_loss   cls_loss  Instances       Size
54/299      13.9G    0.03266   0.007502   0.002683         74        640: 100%|██████████| 92/92 00:41
Class     Images  Instances          P          R      mAP50   mAP50-95: 100%|██████████| 8/8 00:02
all       1000        641      0.794      0.428      0.476      0.267
Epoch    GPU_mem   box_loss   obj_loss   cls_loss  Instances       Size
55/299      13.9G    0.03273   0.007448   0.002384         60        640: 100%|██████████| 92/92 00:39
Class     Images  Instances          P          R      mAP50   mAP50-95: 100%|██████████| 8/8 00:02
all       1000        641      0.732      0.453      0.472      0.263
Epoch    GPU_mem   box_loss   obj_loss   cls_loss  Instances       Size
56/299      13.9G    0.03243   0.007417    0.00248         74        640: 100%|██████████| 92/92 00:38
Class     Images  Instances          P          R      mAP50   mAP50-95: 100%|██████████| 8/8 00:05
all       1000        641      0.865      0.423      0.516      0.267
Epoch    GPU_mem   box_loss   obj_loss   cls_loss  Instances       Size
57/299      13.9G    0.03211   0.007529   0.002268         69        640: 100%|██████████| 92/92 00:35
Class     Images  Instances          P          R      mAP50   mAP50-95: 100%|██████████| 8/8 00:02
all       1000        641      0.815      0.436      0.493      0.266
Epoch    GPU_mem   box_loss   obj_loss   cls_loss  Instances       Size
58/299      13.9G    0.03279   0.007585   0.002259         72        640: 100%|██████████| 92/92 00:35
Class     Images  Instances          P          R      mAP50   mAP50-95: 100%|██████████| 8/8 00:02
all       1000        641      0.779       0.43       0.49      0.266
Epoch    GPU_mem   box_loss   obj_loss   cls_loss  Instances       Size
59/299      13.9G     0.0323   0.007458   0.002268         72        640: 100%|██████████| 92/92 00:39
Class     Images  Instances          P          R      mAP50   mAP50-95: 100%|██████████| 8/8 00:02
all       1000        641      0.811      0.431      0.484       0.25
Epoch    GPU_mem   box_loss   obj_loss   cls_loss  Instances       Size
60/299      13.9G    0.03234   0.007497   0.002493         57        640: 100%|██████████| 92/92 00:39
Class     Images  Instances          P          R      mAP50   mAP50-95: 100%|██████████| 8/8 00:04
all       1000        641      0.804      0.465      0.503      0.268
Epoch    GPU_mem   box_loss   obj_loss   cls_loss  Instances       Size
61/299      13.9G    0.03164   0.007446   0.002063         83        640: 100%|██████████| 92/92 00:35
Class     Images  Instances          P          R      mAP50   mAP50-95: 100%|██████████| 8/8 00:02
all       1000        641      0.841      0.426      0.503      0.274
Epoch    GPU_mem   box_loss   obj_loss   cls_loss  Instances       Size
62/299      13.9G    0.03184   0.007242   0.002264         64        640: 100%|██████████| 92/92 00:33
Class     Images  Instances          P          R      mAP50   mAP50-95: 100%|██████████| 8/8 00:02
all       1000        641      0.568      0.447      0.505      0.272
Epoch    GPU_mem   box_loss   obj_loss   cls_loss  Instances       Size
63/299      13.9G    0.03157   0.007306   0.002114         64        640: 100%|██████████| 92/92 00:37
Class     Images  Instances          P          R      mAP50   mAP50-95: 100%|██████████| 8/8 00:02
all       1000        641      0.828      0.437      0.497      0.276
Epoch    GPU_mem   box_loss   obj_loss   cls_loss  Instances       Size
64/299      13.9G    0.03138   0.007014   0.001968         61        640: 100%|██████████| 92/92 00:39
Class     Images  Instances          P          R      mAP50   mAP50-95: 100%|██████████| 8/8 00:05
all       1000        641      0.846      0.408      0.498      0.266
Epoch    GPU_mem   box_loss   obj_loss   cls_loss  Instances       Size
65/299      13.9G    0.03111   0.007238   0.002253         58        640: 100%|██████████| 92/92 00:35
Class     Images  Instances          P          R      mAP50   mAP50-95: 100%|██████████| 8/8 00:02
all       1000        641      0.819      0.455      0.516      0.274
Epoch    GPU_mem   box_loss   obj_loss   cls_loss  Instances       Size
66/299      13.9G    0.03088   0.007116   0.001863         65        640: 100%|██████████| 92/92 00:34
Class     Images  Instances          P          R      mAP50   mAP50-95: 100%|██████████| 8/8 00:02
all       1000        641      0.801       0.44      0.512       0.28
Epoch    GPU_mem   box_loss   obj_loss   cls_loss  Instances       Size
67/299      13.9G    0.03109   0.007199   0.002165         54        640: 100%|██████████| 92/92 00:34
Class     Images  Instances          P          R      mAP50   mAP50-95: 100%|██████████| 8/8 00:02
all       1000        641      0.774      0.462      0.481      0.257
Epoch    GPU_mem   box_loss   obj_loss   cls_loss  Instances       Size
68/299      13.9G    0.03115   0.007298   0.002094         65        640: 100%|██████████| 92/92 00:34
Class     Images  Instances          P          R      mAP50   mAP50-95: 100%|██████████| 8/8 00:02
all       1000        641      0.804      0.436      0.472      0.252
Epoch    GPU_mem   box_loss   obj_loss   cls_loss  Instances       Size
69/299      13.9G    0.03099   0.007132   0.002096         79        640: 100%|██████████| 92/92 00:37
Class     Images  Instances          P          R      mAP50   mAP50-95: 100%|██████████| 8/8 00:02
all       1000        641      0.568      0.521      0.516      0.294
Epoch    GPU_mem   box_loss   obj_loss   cls_loss  Instances       Size
70/299      13.9G    0.03067   0.006842   0.001651         62        640: 100%|██████████| 92/92 00:31
Class     Images  Instances          P          R      mAP50   mAP50-95: 100%|██████████| 8/8 00:02
all       1000        641      0.831      0.398      0.465      0.253
Epoch    GPU_mem   box_loss   obj_loss   cls_loss  Instances       Size
71/299      13.9G    0.03015   0.006811   0.001794         76        640: 100%|██████████| 92/92 00:36
Class     Images  Instances          P          R      mAP50   mAP50-95: 100%|██████████| 8/8 00:02
all       1000        641      0.799      0.441       0.46      0.257
Epoch    GPU_mem   box_loss   obj_loss   cls_loss  Instances       Size
72/299      13.9G    0.03041   0.006847   0.001997         66        640: 100%|██████████| 92/92 00:36
Class     Images  Instances          P          R      mAP50   mAP50-95: 100%|██████████| 8/8 00:03
all       1000        641      0.847       0.43      0.472      0.252
Epoch    GPU_mem   box_loss   obj_loss   cls_loss  Instances       Size
73/299      13.9G    0.02997   0.006952   0.001981         56        640: 100%|██████████| 92/92 00:35
Class     Images  Instances          P          R      mAP50   mAP50-95: 100%|██████████| 8/8 00:02
all       1000        641      0.821      0.448        0.5       0.27
Epoch    GPU_mem   box_loss   obj_loss   cls_loss  Instances       Size
74/299      13.9G    0.03038   0.006928   0.001785         66        640: 100%|██████████| 92/92 00:33
Class     Images  Instances          P          R      mAP50   mAP50-95: 100%|██████████| 8/8 00:02
all       1000        641      0.586      0.439       0.51      0.282
Epoch    GPU_mem   box_loss   obj_loss   cls_loss  Instances       Size
75/299      13.9G    0.03003   0.006782   0.001747         56        640: 100%|██████████| 92/92 00:36
Class     Images  Instances          P          R      mAP50   mAP50-95: 100%|██████████| 8/8 00:02
all       1000        641      0.835      0.443      0.489      0.259
Epoch    GPU_mem   box_loss   obj_loss   cls_loss  Instances       Size
76/299      13.9G     0.0298   0.006929   0.001609         64        640: 100%|██████████| 92/92 00:37
Class     Images  Instances          P          R      mAP50   mAP50-95: 100%|██████████| 8/8 00:02
all       1000        641      0.535      0.444      0.507      0.278
Epoch    GPU_mem   box_loss   obj_loss   cls_loss  Instances       Size
77/299      13.9G    0.02983   0.006913   0.001774         62        640: 100%|██████████| 92/92 00:39
Class     Images  Instances          P          R      mAP50   mAP50-95: 100%|██████████| 8/8 00:02
all       1000        641      0.824      0.433      0.486      0.273
Epoch    GPU_mem   box_loss   obj_loss   cls_loss  Instances       Size
78/299      13.9G    0.02978   0.006764   0.001502         79        640: 100%|██████████| 92/92 00:34
Class     Images  Instances          P          R      mAP50   mAP50-95: 100%|██████████| 8/8 00:02
all       1000        641      0.509      0.484      0.487      0.263
Epoch    GPU_mem   box_loss   obj_loss   cls_loss  Instances       Size
79/299      13.9G    0.02944   0.006678   0.001648         67        640: 100%|██████████| 92/92 00:37
Class     Images  Instances          P          R      mAP50   mAP50-95: 100%|██████████| 8/8 00:03
all       1000        641      0.576      0.437      0.509      0.285
Epoch    GPU_mem   box_loss   obj_loss   cls_loss  Instances       Size
80/299      13.9G    0.02958   0.006612   0.001601         49        640: 100%|██████████| 92/92 00:38
Class     Images  Instances          P          R      mAP50   mAP50-95: 100%|██████████| 8/8 00:02
all       1000        641      0.823      0.415      0.482      0.266
Epoch    GPU_mem   box_loss   obj_loss   cls_loss  Instances       Size
81/299      13.9G    0.02952   0.006661   0.001491         57        640: 100%|██████████| 92/92 00:38
Class     Images  Instances          P          R      mAP50   mAP50-95: 100%|██████████| 8/8 00:02
all       1000        641      0.576      0.453      0.503      0.279
Epoch    GPU_mem   box_loss   obj_loss   cls_loss  Instances       Size
82/299      13.9G    0.02892   0.006622    0.00158         71        640: 100%|██████████| 92/92 00:34
Class     Images  Instances          P          R      mAP50   mAP50-95: 100%|██████████| 8/8 00:02
all       1000        641      0.806       0.46      0.512      0.284
Epoch    GPU_mem   box_loss   obj_loss   cls_loss  Instances       Size
83/299      13.9G     0.0298   0.006796   0.001951         65        640: 100%|██████████| 92/92 00:38
Class     Images  Instances          P          R      mAP50   mAP50-95: 100%|██████████| 8/8 00:03
all       1000        641       0.52      0.498      0.503      0.283
Epoch    GPU_mem   box_loss   obj_loss   cls_loss  Instances       Size
84/299      13.9G    0.02942   0.006656   0.001702         53        640: 100%|██████████| 92/92 00:38
Class     Images  Instances          P          R      mAP50   mAP50-95: 100%|██████████| 8/8 00:06
all       1000        641       0.57      0.462      0.504      0.281
Epoch    GPU_mem   box_loss   obj_loss   cls_loss  Instances       Size
85/299      13.9G    0.02897   0.006484   0.001396         65        640: 100%|██████████| 92/92 00:35
Class     Images  Instances          P          R      mAP50   mAP50-95: 100%|██████████| 8/8 00:02
all       1000        641      0.809      0.452      0.495      0.287
Epoch    GPU_mem   box_loss   obj_loss   cls_loss  Instances       Size
86/299      13.9G    0.02843   0.006643   0.001637         72        640: 100%|██████████| 92/92 00:34
Class     Images  Instances          P          R      mAP50   mAP50-95: 100%|██████████| 8/8 00:02
all       1000        641       0.83      0.464      0.511      0.291
Epoch    GPU_mem   box_loss   obj_loss   cls_loss  Instances       Size
87/299      13.9G    0.02927   0.006684   0.001656         66        640: 100%|██████████| 92/92 00:39
Class     Images  Instances          P          R      mAP50   mAP50-95: 100%|██████████| 8/8 00:02
all       1000        641      0.837      0.453      0.508      0.291
Epoch    GPU_mem   box_loss   obj_loss   cls_loss  Instances       Size
88/299      13.9G     0.0289   0.006548   0.001648         61        640: 100%|██████████| 92/92 00:36
Class     Images  Instances          P          R      mAP50   mAP50-95: 100%|██████████| 8/8 00:02
all       1000        641      0.512      0.461      0.492      0.289
Epoch    GPU_mem   box_loss   obj_loss   cls_loss  Instances       Size
89/299      13.9G    0.02851   0.006448   0.001645         68        640: 100%|██████████| 92/92 00:35
Class     Images  Instances          P          R      mAP50   mAP50-95: 100%|██████████| 8/8 00:02
all       1000        641      0.581      0.445      0.518      0.301
Epoch    GPU_mem   box_loss   obj_loss   cls_loss  Instances       Size
90/299      13.9G     0.0281   0.006407   0.001267         60        640: 100%|██████████| 92/92 00:38
Class     Images  Instances          P          R      mAP50   mAP50-95: 100%|██████████| 8/8 00:03
all       1000        641       0.58      0.418      0.505      0.287
Epoch    GPU_mem   box_loss   obj_loss   cls_loss  Instances       Size
91/299      13.9G    0.02862   0.006627   0.001773         69        640: 100%|██████████| 92/92 00:36
Class     Images  Instances          P          R      mAP50   mAP50-95: 100%|██████████| 8/8 00:02
all       1000        641        0.6      0.462      0.517      0.297
Epoch    GPU_mem   box_loss   obj_loss   cls_loss  Instances       Size
92/299      13.9G    0.02872    0.00663   0.001481         81        640: 100%|██████████| 92/92 00:37
Class     Images  Instances          P          R      mAP50   mAP50-95: 100%|██████████| 8/8 00:02
all       1000        641       0.82      0.448      0.494       0.29
Epoch    GPU_mem   box_loss   obj_loss   cls_loss  Instances       Size
93/299      13.9G    0.02816   0.006508   0.001468         66        640: 100%|██████████| 92/92 00:39
Class     Images  Instances          P          R      mAP50   mAP50-95: 100%|██████████| 8/8 00:05
all       1000        641      0.843      0.409        0.5      0.293
Epoch    GPU_mem   box_loss   obj_loss   cls_loss  Instances       Size
94/299      13.9G    0.02805   0.006352    0.00135         74        640: 100%|██████████| 92/92 00:37
Class     Images  Instances          P          R      mAP50   mAP50-95: 100%|██████████| 8/8 00:02
all       1000        641      0.552      0.437      0.513      0.302
Epoch    GPU_mem   box_loss   obj_loss   cls_loss  Instances       Size
95/299      13.9G    0.02795   0.006398   0.001266         73        640: 100%|██████████| 92/92 00:38
Class     Images  Instances          P          R      mAP50   mAP50-95: 100%|██████████| 8/8 00:02
all       1000        641      0.554      0.443      0.505      0.296
Epoch    GPU_mem   box_loss   obj_loss   cls_loss  Instances       Size
96/299      13.9G    0.02764   0.006326   0.001566         75        640: 100%|██████████| 92/92 00:34
Class     Images  Instances          P          R      mAP50   mAP50-95: 100%|██████████| 8/8 00:02
all       1000        641      0.549      0.441      0.503       0.29
Epoch    GPU_mem   box_loss   obj_loss   cls_loss  Instances       Size
97/299      13.9G    0.02742    0.00624   0.001344         61        640: 100%|██████████| 92/92 00:39
Class     Images  Instances          P          R      mAP50   mAP50-95: 100%|██████████| 8/8 00:04
all       1000        641      0.804      0.448      0.491      0.286
Epoch    GPU_mem   box_loss   obj_loss   cls_loss  Instances       Size
98/299      13.9G    0.02789   0.006364   0.001405         60        640: 100%|██████████| 92/92 00:35
Class     Images  Instances          P          R      mAP50   mAP50-95: 100%|██████████| 8/8 00:02
all       1000        641      0.836      0.451      0.506      0.289
Epoch    GPU_mem   box_loss   obj_loss   cls_loss  Instances       Size
99/299      13.9G    0.02734    0.00624   0.001364         63        640: 100%|██████████| 92/92 00:39
Class     Images  Instances          P          R      mAP50   mAP50-95: 100%|██████████| 8/8 00:06
all       1000        641       0.85      0.454      0.518      0.297
Epoch    GPU_mem   box_loss   obj_loss   cls_loss  Instances       Size
100/299      13.9G    0.02731   0.006305   0.001133         67        640: 100%|██████████| 92/92 00:31
Class     Images  Instances          P          R      mAP50   mAP50-95: 100%|██████████| 8/8 00:05
all       1000        641      0.842      0.459      0.509      0.299
Epoch    GPU_mem   box_loss   obj_loss   cls_loss  Instances       Size
101/299      13.9G     0.0274   0.006253    0.00145         67        640: 100%|██████████| 92/92 00:40
Class     Images  Instances          P          R      mAP50   mAP50-95: 100%|██████████| 8/8 00:04
all       1000        641      0.865      0.442      0.511      0.302
Epoch    GPU_mem   box_loss   obj_loss   cls_loss  Instances       Size
102/299      13.9G    0.02743   0.006297   0.001342         67        640: 100%|██████████| 92/92 00:32
Class     Images  Instances          P          R      mAP50   mAP50-95: 100%|██████████| 8/8 00:02
all       1000        641      0.841      0.464      0.506      0.301
Epoch    GPU_mem   box_loss   obj_loss   cls_loss  Instances       Size
103/299      13.9G    0.02728   0.006096   0.001348         63        640: 100%|██████████| 92/92 00:36
Class     Images  Instances          P          R      mAP50   mAP50-95: 100%|██████████| 8/8 00:02
all       1000        641      0.885      0.428      0.508      0.294
Epoch    GPU_mem   box_loss   obj_loss   cls_loss  Instances       Size
104/299      13.9G    0.02705   0.006292   0.001323         54        640: 100%|██████████| 92/92 00:34
Class     Images  Instances          P          R      mAP50   mAP50-95: 100%|██████████| 8/8 00:05
all       1000        641      0.864      0.432      0.505      0.293
Epoch    GPU_mem   box_loss   obj_loss   cls_loss  Instances       Size
105/299      13.9G    0.02683    0.00613   0.001255         53        640: 100%|██████████| 92/92 00:35
Class     Images  Instances          P          R      mAP50   mAP50-95: 100%|██████████| 8/8 00:04
all       1000        641       0.81      0.447      0.503       0.29
Epoch    GPU_mem   box_loss   obj_loss   cls_loss  Instances       Size
106/299      13.9G     0.0265   0.006149   0.001259         87        640: 100%|██████████| 92/92 00:35
Class     Images  Instances          P          R      mAP50   mAP50-95: 100%|██████████| 8/8 00:05
all       1000        641      0.784      0.476      0.513      0.301
Epoch    GPU_mem   box_loss   obj_loss   cls_loss  Instances       Size
107/299      13.9G    0.02672   0.006123   0.001225         63        640: 100%|██████████| 92/92 00:37
Class     Images  Instances          P          R      mAP50   mAP50-95: 100%|██████████| 8/8 00:04
all       1000        641      0.851      0.433      0.503      0.292
Epoch    GPU_mem   box_loss   obj_loss   cls_loss  Instances       Size
108/299      13.9G    0.02689   0.006222   0.001244         60        640: 100%|██████████| 92/92 00:35
Class     Images  Instances          P          R      mAP50   mAP50-95: 100%|██████████| 8/8 00:02
all       1000        641      0.835      0.433      0.506      0.297
Epoch    GPU_mem   box_loss   obj_loss   cls_loss  Instances       Size
109/299      13.9G    0.02662    0.00604   0.001341         54        640: 100%|██████████| 92/92 00:41
Class     Images  Instances          P          R      mAP50   mAP50-95: 100%|██████████| 8/8 00:02
all       1000        641      0.842      0.431      0.507      0.292
Epoch    GPU_mem   box_loss   obj_loss   cls_loss  Instances       Size
110/299      13.9G    0.02703    0.00615   0.001442         54        640: 100%|██████████| 92/92 00:34
Class     Images  Instances          P          R      mAP50   mAP50-95: 100%|██████████| 8/8 00:02
all       1000        641      0.832      0.434      0.495      0.285
Epoch    GPU_mem   box_loss   obj_loss   cls_loss  Instances       Size
111/299      13.9G    0.02668   0.006165    0.00123         58        640: 100%|██████████| 92/92 00:38
Class     Images  Instances          P          R      mAP50   mAP50-95: 100%|██████████| 8/8 00:02
all       1000        641      0.565      0.429      0.492      0.281
Epoch    GPU_mem   box_loss   obj_loss   cls_loss  Instances       Size
112/299      13.9G    0.02664   0.006153   0.001383         52        640: 100%|██████████| 92/92 00:39
Class     Images  Instances          P          R      mAP50   mAP50-95: 100%|██████████| 8/8 00:03
all       1000        641      0.571      0.433      0.491      0.275
Epoch    GPU_mem   box_loss   obj_loss   cls_loss  Instances       Size
113/299      13.9G    0.02654   0.006017   0.001144         59        640: 100%|██████████| 92/92 00:37
Class     Images  Instances          P          R      mAP50   mAP50-95: 100%|██████████| 8/8 00:02
all       1000        641      0.559       0.44      0.503      0.282
Epoch    GPU_mem   box_loss   obj_loss   cls_loss  Instances       Size
114/299      13.9G    0.02627   0.006125   0.001155         63        640: 100%|██████████| 92/92 00:34
Class     Images  Instances          P          R      mAP50   mAP50-95: 100%|██████████| 8/8 00:02
all       1000        641      0.589      0.486      0.513      0.289
Epoch    GPU_mem   box_loss   obj_loss   cls_loss  Instances       Size
115/299      13.9G     0.0264   0.005959    0.00112         58        640: 100%|██████████| 92/92 00:39
Class     Images  Instances          P          R      mAP50   mAP50-95: 100%|██████████| 8/8 00:02
all       1000        641      0.626      0.481      0.514      0.291
Epoch    GPU_mem   box_loss   obj_loss   cls_loss  Instances       Size
116/299      13.9G    0.02649   0.006126    0.00131         68        640: 100%|██████████| 92/92 00:42
Class     Images  Instances          P          R      mAP50   mAP50-95: 100%|██████████| 8/8 00:05
all       1000        641      0.606      0.422      0.505      0.286
Epoch    GPU_mem   box_loss   obj_loss   cls_loss  Instances       Size
117/299      13.9G    0.02613   0.005985   0.001219         55        640: 100%|██████████| 92/92 00:37
Class     Images  Instances          P          R      mAP50   mAP50-95: 100%|██████████| 8/8 00:06
all       1000        641      0.588      0.445      0.503      0.285
Epoch    GPU_mem   box_loss   obj_loss   cls_loss  Instances       Size
118/299      13.9G    0.02587   0.005912   0.001107         66        640: 100%|██████████| 92/92 00:31
Class     Images  Instances          P          R      mAP50   mAP50-95: 100%|██████████| 8/8 00:05
all       1000        641      0.826      0.448      0.524      0.302
Epoch    GPU_mem   box_loss   obj_loss   cls_loss  Instances       Size
119/299      13.9G     0.0259   0.005866   0.001395         74        640: 100%|██████████| 92/92 00:30
Class     Images  Instances          P          R      mAP50   mAP50-95: 100%|██████████| 8/8 00:04
all       1000        641      0.847      0.444      0.526        0.3
Epoch    GPU_mem   box_loss   obj_loss   cls_loss  Instances       Size
120/299      13.9G      0.026   0.005849   0.001227         48        640: 100%|██████████| 92/92 00:36
Class     Images  Instances          P          R      mAP50   mAP50-95: 100%|██████████| 8/8 00:02
all       1000        641      0.825      0.453      0.527      0.304
Epoch    GPU_mem   box_loss   obj_loss   cls_loss  Instances       Size
121/299      13.9G    0.02577    0.00595   0.001121         65        640: 100%|██████████| 92/92 00:38
Class     Images  Instances          P          R      mAP50   mAP50-95: 100%|██████████| 8/8 00:02
all       1000        641      0.814      0.461      0.509      0.293
Epoch    GPU_mem   box_loss   obj_loss   cls_loss  Instances       Size
122/299      13.9G    0.02564    0.00594   0.001029         71        640: 100%|██████████| 92/92 00:35
Class     Images  Instances          P          R      mAP50   mAP50-95: 100%|██████████| 8/8 00:02
all       1000        641      0.816      0.461      0.516      0.301
Epoch    GPU_mem   box_loss   obj_loss   cls_loss  Instances       Size
123/299      13.9G    0.02556   0.005849   0.001144         75        640: 100%|██████████| 92/92 00:38
Class     Images  Instances          P          R      mAP50   mAP50-95: 100%|██████████| 8/8 00:02
all       1000        641      0.827      0.455       0.52      0.305
Epoch    GPU_mem   box_loss   obj_loss   cls_loss  Instances       Size
124/299      13.9G    0.02583   0.005839    0.00117         49        640: 100%|██████████| 92/92 00:41
Class     Images  Instances          P          R      mAP50   mAP50-95: 100%|██████████| 8/8 00:05
all       1000        641      0.818      0.453      0.521      0.305
Epoch    GPU_mem   box_loss   obj_loss   cls_loss  Instances       Size
125/299      13.9G     0.0252   0.005928    0.00111         56        640: 100%|██████████| 92/92 00:35
Class     Images  Instances          P          R      mAP50   mAP50-95: 100%|██████████| 8/8 00:03
all       1000        641      0.577      0.451      0.518      0.305
Epoch    GPU_mem   box_loss   obj_loss   cls_loss  Instances       Size
126/299      13.9G    0.02517   0.005819   0.001011         55        640: 100%|██████████| 92/92 00:33
Class     Images  Instances          P          R      mAP50   mAP50-95: 100%|██████████| 8/8 00:05
all       1000        641      0.596      0.447       0.52      0.304
Epoch    GPU_mem   box_loss   obj_loss   cls_loss  Instances       Size
127/299      13.9G    0.02541   0.005705   0.001172         62        640: 100%|██████████| 92/92 00:34
Class     Images  Instances          P          R      mAP50   mAP50-95: 100%|██████████| 8/8 00:05
all       1000        641      0.553      0.473      0.515      0.301
Epoch    GPU_mem   box_loss   obj_loss   cls_loss  Instances       Size
128/299      13.9G    0.02511   0.005844   0.001025         60        640: 100%|██████████| 92/92 00:36
Class     Images  Instances          P          R      mAP50   mAP50-95: 100%|██████████| 8/8 00:05
all       1000        641      0.573      0.472       0.52      0.305
Epoch    GPU_mem   box_loss   obj_loss   cls_loss  Instances       Size
129/299      13.9G    0.02483   0.005764   0.001047         51        640: 100%|██████████| 92/92 00:34
Class     Images  Instances          P          R      mAP50   mAP50-95: 100%|██████████| 8/8 00:02
all       1000        641      0.552      0.477       0.52      0.301
Epoch    GPU_mem   box_loss   obj_loss   cls_loss  Instances       Size
130/299      13.9G    0.02489   0.005719   0.001078         58        640: 100%|██████████| 92/92 00:35
Class     Images  Instances          P          R      mAP50   mAP50-95: 100%|██████████| 8/8 00:02
all       1000        641      0.567      0.478       0.52      0.302
Epoch    GPU_mem   box_loss   obj_loss   cls_loss  Instances       Size
131/299      13.9G    0.02495   0.005673   0.001071         60        640: 100%|██████████| 92/92 00:40
Class     Images  Instances          P          R      mAP50   mAP50-95: 100%|██████████| 8/8 00:06
all       1000        641      0.569      0.473      0.519      0.301
Epoch    GPU_mem   box_loss   obj_loss   cls_loss  Instances       Size
132/299      13.9G    0.02501   0.005929   0.001249         58        640: 100%|██████████| 92/92 00:40
Class     Images  Instances          P          R      mAP50   mAP50-95: 100%|██████████| 8/8 00:02
all       1000        641      0.555      0.477      0.513      0.297
Epoch    GPU_mem   box_loss   obj_loss   cls_loss  Instances       Size
133/299      13.9G     0.0247    0.00578  0.0008899         59        640: 100%|██████████| 92/92 00:38
Class     Images  Instances          P          R      mAP50   mAP50-95: 100%|██████████| 8/8 00:02
all       1000        641      0.529      0.482      0.511      0.295
Epoch    GPU_mem   box_loss   obj_loss   cls_loss  Instances       Size
134/299      13.9G    0.02456   0.005561  0.0009446         65        640: 100%|██████████| 92/92 00:35
Class     Images  Instances          P          R      mAP50   mAP50-95: 100%|██████████| 8/8 00:05
all       1000        641      0.636      0.422      0.514      0.296
Epoch    GPU_mem   box_loss   obj_loss   cls_loss  Instances       Size
135/299      13.9G    0.02434   0.005579  0.0009249         82        640: 100%|██████████| 92/92 00:35
Class     Images  Instances          P          R      mAP50   mAP50-95: 100%|██████████| 8/8 00:05
all       1000        641      0.608      0.437       0.51      0.294
Epoch    GPU_mem   box_loss   obj_loss   cls_loss  Instances       Size
136/299      13.9G    0.02449    0.00575   0.001123         63        640: 100%|██████████| 92/92 00:34
Class     Images  Instances          P          R      mAP50   mAP50-95: 100%|██████████| 8/8 00:05
all       1000        641      0.628      0.426      0.509      0.295
Epoch    GPU_mem   box_loss   obj_loss   cls_loss  Instances       Size
137/299      13.9G    0.02455    0.00582   0.001361         54        640: 100%|██████████| 92/92 00:34
Class     Images  Instances          P          R      mAP50   mAP50-95: 100%|██████████| 8/8 00:02
all       1000        641       0.58      0.438      0.506      0.291
Epoch    GPU_mem   box_loss   obj_loss   cls_loss  Instances       Size
138/299      13.9G    0.02434   0.005698   0.001017         70        640: 100%|██████████| 92/92 00:34
Class     Images  Instances          P          R      mAP50   mAP50-95: 100%|██████████| 8/8 00:02
all       1000        641       0.58      0.439      0.505      0.292
Epoch    GPU_mem   box_loss   obj_loss   cls_loss  Instances       Size
139/299      13.9G    0.02426    0.00551   0.000886         70        640: 100%|██████████| 92/92 00:44
Class     Images  Instances          P          R      mAP50   mAP50-95: 100%|██████████| 8/8 00:03
all       1000        641      0.586      0.425      0.503       0.29
Epoch    GPU_mem   box_loss   obj_loss   cls_loss  Instances       Size
140/299      13.9G    0.02407   0.005517   0.001015         61        640: 100%|██████████| 92/92 00:37
Class     Images  Instances          P          R      mAP50   mAP50-95: 100%|██████████| 8/8 00:04
all       1000        641      0.601      0.432      0.504      0.292
Epoch    GPU_mem   box_loss   obj_loss   cls_loss  Instances       Size
141/299      13.9G    0.02441   0.005605   0.001134         57        640: 100%|██████████| 92/92 00:35
Class     Images  Instances          P          R      mAP50   mAP50-95: 100%|██████████| 8/8 00:05
all       1000        641      0.608      0.431      0.503       0.29
Epoch    GPU_mem   box_loss   obj_loss   cls_loss  Instances       Size
142/299      13.9G    0.02412   0.005558  0.0009556         61        640: 100%|██████████| 92/92 00:32
Class     Images  Instances          P          R      mAP50   mAP50-95: 100%|██████████| 8/8 00:04
all       1000        641      0.562      0.451      0.507      0.293
Epoch    GPU_mem   box_loss   obj_loss   cls_loss  Instances       Size
143/299      13.9G    0.02402   0.005638   0.001127         50        640: 100%|██████████| 92/92 00:36
Class     Images  Instances          P          R      mAP50   mAP50-95: 100%|██████████| 8/8 00:02
all       1000        641      0.572      0.448      0.507      0.292
Epoch    GPU_mem   box_loss   obj_loss   cls_loss  Instances       Size
144/299      13.9G    0.02407   0.005625   0.000954         54        640: 100%|██████████| 92/92 00:37
Class     Images  Instances          P          R      mAP50   mAP50-95: 100%|██████████| 8/8 00:05
all       1000        641       0.57      0.442      0.508      0.292
Epoch    GPU_mem   box_loss   obj_loss   cls_loss  Instances       Size
145/299      13.9G    0.02402   0.005474  0.0009716         48        640: 100%|██████████| 92/92 00:35
Class     Images  Instances          P          R      mAP50   mAP50-95: 100%|██████████| 8/8 00:05
all       1000        641      0.595       0.43      0.506      0.291
Epoch    GPU_mem   box_loss   obj_loss   cls_loss  Instances       Size
146/299      13.9G    0.02388   0.005637   0.001011         65        640: 100%|██████████| 92/92 00:32
Class     Images  Instances          P          R      mAP50   mAP50-95: 100%|██████████| 8/8 00:05
all       1000        641      0.603      0.431      0.511      0.296
Epoch    GPU_mem   box_loss   obj_loss   cls_loss  Instances       Size
147/299      13.9G    0.02386   0.005464  0.0008805         72        640: 100%|██████████| 92/92 00:38
Class     Images  Instances          P          R      mAP50   mAP50-95: 100%|██████████| 8/8 00:04
all       1000        641      0.611      0.429      0.508      0.295
Epoch    GPU_mem   box_loss   obj_loss   cls_loss  Instances       Size
148/299      13.9G    0.02376   0.005482  0.0009461         55        640: 100%|██████████| 92/92 00:35
Class     Images  Instances          P          R      mAP50   mAP50-95: 100%|██████████| 8/8 00:05
all       1000        641      0.614      0.434      0.509      0.293
Epoch    GPU_mem   box_loss   obj_loss   cls_loss  Instances       Size
149/299      13.9G    0.02321   0.005512    0.00103         78        640: 100%|██████████| 92/92 00:36
Class     Images  Instances          P          R      mAP50   mAP50-95: 100%|██████████| 8/8 00:04
all       1000        641      0.623      0.431      0.508      0.293
Epoch    GPU_mem   box_loss   obj_loss   cls_loss  Instances       Size
150/299      13.9G    0.02387   0.005548  0.0009654         71        640: 100%|██████████| 92/92 00:27
Class     Images  Instances          P          R      mAP50   mAP50-95: 100%|██████████| 8/8 00:02
all       1000        641       0.62      0.432      0.506      0.292
Epoch    GPU_mem   box_loss   obj_loss   cls_loss  Instances       Size
151/299      13.9G    0.02362   0.005396  0.0008754         76        640: 100%|██████████| 92/92 00:33
Class     Images  Instances          P          R      mAP50   mAP50-95: 100%|██████████| 8/8 00:02
all       1000        641      0.611      0.427      0.497      0.291
Epoch    GPU_mem   box_loss   obj_loss   cls_loss  Instances       Size
152/299      13.9G    0.02373   0.005422   0.001023         64        640: 100%|██████████| 92/92 00:30
Class     Images  Instances          P          R      mAP50   mAP50-95: 100%|██████████| 8/8 00:02
all       1000        641      0.628      0.428      0.504      0.292
Epoch    GPU_mem   box_loss   obj_loss   cls_loss  Instances       Size
153/299      13.9G    0.02336   0.005436   0.000966         69        640: 100%|██████████| 92/92 00:31
Class     Images  Instances          P          R      mAP50   mAP50-95: 100%|██████████| 8/8 00:05
all       1000        641      0.618      0.431      0.503      0.292
Epoch    GPU_mem   box_loss   obj_loss   cls_loss  Instances       Size
154/299      13.9G     0.0234   0.005544  0.0008878         60        640: 100%|██████████| 92/92 00:34
Class     Images  Instances          P          R      mAP50   mAP50-95: 100%|██████████| 8/8 00:02
all       1000        641      0.623      0.425      0.501      0.291
Epoch    GPU_mem   box_loss   obj_loss   cls_loss  Instances       Size
155/299      13.9G    0.02315   0.005347  0.0007076         48        640: 100%|██████████| 92/92 00:36
Class     Images  Instances          P          R      mAP50   mAP50-95: 100%|██████████| 8/8 00:05
all       1000        641        0.6      0.437      0.498      0.291
Epoch    GPU_mem   box_loss   obj_loss   cls_loss  Instances       Size
156/299      13.9G    0.02293   0.005318   0.000843         40        640: 100%|██████████| 92/92 00:33
Class     Images  Instances          P          R      mAP50   mAP50-95: 100%|██████████| 8/8 00:04
all       1000        641      0.616      0.425      0.494      0.288
Epoch    GPU_mem   box_loss   obj_loss   cls_loss  Instances       Size
157/299      13.9G    0.02302   0.005386   0.000939         71        640: 100%|██████████| 92/92 00:36
Class     Images  Instances          P          R      mAP50   mAP50-95: 100%|██████████| 8/8 00:02
all       1000        641      0.605      0.429      0.494      0.287
Epoch    GPU_mem   box_loss   obj_loss   cls_loss  Instances       Size
158/299      13.9G    0.02302   0.005339  0.0007754         48        640: 100%|██████████| 92/92 00:33
Class     Images  Instances          P          R      mAP50   mAP50-95: 100%|██████████| 8/8 00:02
all       1000        641       0.62      0.423      0.496      0.286
Epoch    GPU_mem   box_loss   obj_loss   cls_loss  Instances       Size
159/299      13.9G    0.02262   0.005195  0.0008263         56        640: 100%|██████████| 92/92 00:27
Class     Images  Instances          P          R      mAP50   mAP50-95: 100%|██████████| 8/8 00:02
all       1000        641      0.597      0.426      0.495      0.286
Epoch    GPU_mem   box_loss   obj_loss   cls_loss  Instances       Size
160/299      13.9G    0.02288   0.005294  0.0009366         72        640: 100%|██████████| 92/92 00:36
Class     Images  Instances          P          R      mAP50   mAP50-95: 100%|██████████| 8/8 00:04
all       1000        641      0.632      0.407      0.494      0.284
Epoch    GPU_mem   box_loss   obj_loss   cls_loss  Instances       Size
161/299      13.9G    0.02293   0.005326  0.0008728         60        640: 100%|██████████| 92/92 00:36
Class     Images  Instances          P          R      mAP50   mAP50-95: 100%|██████████| 8/8 00:02
all       1000        641      0.593       0.43      0.496      0.285
Epoch    GPU_mem   box_loss   obj_loss   cls_loss  Instances       Size
162/299      13.9G    0.02288   0.005128  0.0006752         56        640: 100%|██████████| 92/92 00:35
Class     Images  Instances          P          R      mAP50   mAP50-95: 100%|██████████| 8/8 00:03
all       1000        641      0.588       0.43      0.494      0.285
Epoch    GPU_mem   box_loss   obj_loss   cls_loss  Instances       Size
163/299      13.9G    0.02229   0.005038  0.0008211         61        640: 100%|██████████| 92/92 00:36
Class     Images  Instances          P          R      mAP50   mAP50-95: 100%|██████████| 8/8 00:05
all       1000        641      0.585      0.432      0.494      0.285
Epoch    GPU_mem   box_loss   obj_loss   cls_loss  Instances       Size
164/299      13.9G    0.02237     0.0052  0.0007499         56        640: 100%|██████████| 92/92 00:35
Class     Images  Instances          P          R      mAP50   mAP50-95: 100%|██████████| 8/8 00:02
all       1000        641      0.584       0.43      0.495      0.285
Epoch    GPU_mem   box_loss   obj_loss   cls_loss  Instances       Size
165/299      13.9G    0.02244   0.005234  0.0009063         56        640: 100%|██████████| 92/92 00:35
Class     Images  Instances          P          R      mAP50   mAP50-95: 100%|██████████| 8/8 00:02
all       1000        641      0.599      0.423      0.497      0.285
Epoch    GPU_mem   box_loss   obj_loss   cls_loss  Instances       Size
166/299      13.9G     0.0221   0.005198  0.0009037         62        640: 100%|██████████| 92/92 00:30
Class     Images  Instances          P          R      mAP50   mAP50-95: 100%|██████████| 8/8 00:02
all       1000        641        0.6       0.42      0.496      0.287
Epoch    GPU_mem   box_loss   obj_loss   cls_loss  Instances       Size
167/299      13.9G    0.02187    0.00512  0.0006806         72        640: 100%|██████████| 92/92 00:34
Class     Images  Instances          P          R      mAP50   mAP50-95: 100%|██████████| 8/8 00:02
all       1000        641      0.632       0.41      0.497      0.287
Epoch    GPU_mem   box_loss   obj_loss   cls_loss  Instances       Size
168/299      13.9G    0.02237    0.00513  0.0007589         73        640: 100%|██████████| 92/92 00:34
Class     Images  Instances          P          R      mAP50   mAP50-95: 100%|██████████| 8/8 00:02
all       1000        641      0.622      0.413      0.497      0.287
Epoch    GPU_mem   box_loss   obj_loss   cls_loss  Instances       Size
169/299      13.9G    0.02233   0.005307  0.0009049         75        640: 100%|██████████| 92/92 00:34
Class     Images  Instances          P          R      mAP50   mAP50-95: 100%|██████████| 8/8 00:02
all       1000        641       0.62      0.416      0.496      0.287
Epoch    GPU_mem   box_loss   obj_loss   cls_loss  Instances       Size
170/299      13.9G    0.02201   0.005185   0.000775         47        640: 100%|██████████| 92/92 00:32
Class     Images  Instances          P          R      mAP50   mAP50-95: 100%|██████████| 8/8 00:02
all       1000        641       0.62      0.416      0.496      0.287
Epoch    GPU_mem   box_loss   obj_loss   cls_loss  Instances       Size
171/299      13.9G    0.02187    0.00505  0.0007749         79        640: 100%|██████████| 92/92 00:38
Class     Images  Instances          P          R      mAP50   mAP50-95: 100%|██████████| 8/8 00:06
all       1000        641       0.62      0.416      0.496      0.288
Epoch    GPU_mem   box_loss   obj_loss   cls_loss  Instances       Size
172/299      13.9G    0.02219   0.005273  0.0008582         62        640: 100%|██████████| 92/92 00:37
Class     Images  Instances          P          R      mAP50   mAP50-95: 100%|██████████| 8/8 00:02
all       1000        641       0.62      0.409      0.497      0.289
Epoch    GPU_mem   box_loss   obj_loss   cls_loss  Instances       Size
173/299      13.9G    0.02198   0.005122   0.000753         59        640: 100%|██████████| 92/92 00:36
Class     Images  Instances          P          R      mAP50   mAP50-95: 100%|██████████| 8/8 00:02
all       1000        641      0.593      0.418      0.497      0.289
Epoch    GPU_mem   box_loss   obj_loss   cls_loss  Instances       Size
174/299      13.9G    0.02173   0.004993  0.0008109         69        640: 100%|██████████| 92/92 00:31
Class     Images  Instances          P          R      mAP50   mAP50-95: 100%|██████████| 8/8 00:02
all       1000        641      0.626      0.408      0.498       0.29
Epoch    GPU_mem   box_loss   obj_loss   cls_loss  Instances       Size
175/299      13.9G    0.02178     0.0051  0.0009147         59        640: 100%|██████████| 92/92 00:34
Class     Images  Instances          P          R      mAP50   mAP50-95: 100%|██████████| 8/8 00:02
all       1000        641      0.626      0.407      0.498       0.29
Epoch    GPU_mem   box_loss   obj_loss   cls_loss  Instances       Size
176/299      13.9G    0.02181   0.005113  0.0007963         62        640: 100%|██████████| 92/92 00:35
Class     Images  Instances          P          R      mAP50   mAP50-95: 100%|██████████| 8/8 00:02
all       1000        641      0.628      0.407      0.498      0.289
Epoch    GPU_mem   box_loss   obj_loss   cls_loss  Instances       Size
177/299      13.9G    0.02173   0.005104  0.0007285         79        640: 100%|██████████| 92/92 00:36
Class     Images  Instances          P          R      mAP50   mAP50-95: 100%|██████████| 8/8 00:05
all       1000        641      0.606      0.414      0.499      0.289
Epoch    GPU_mem   box_loss   obj_loss   cls_loss  Instances       Size
178/299      13.9G    0.02113   0.005069  0.0006501         70        640: 100%|██████████| 92/92 00:31
Class     Images  Instances          P          R      mAP50   mAP50-95: 100%|██████████| 8/8 00:05
all       1000        641      0.611      0.417      0.499       0.29
Epoch    GPU_mem   box_loss   obj_loss   cls_loss  Instances       Size
179/299      13.9G    0.02119   0.004953  0.0006355         86        640: 100%|██████████| 92/92 00:30
Class     Images  Instances          P          R      mAP50   mAP50-95: 100%|██████████| 8/8 00:02
all       1000        641      0.606       0.42      0.499      0.289
Epoch    GPU_mem   box_loss   obj_loss   cls_loss  Instances       Size
180/299      13.9G    0.02152      0.005  0.0007609         60        640: 100%|██████████| 92/92 00:36
Class     Images  Instances          P          R      mAP50   mAP50-95: 100%|██████████| 8/8 00:04
all       1000        641      0.608      0.421        0.5      0.289
Epoch    GPU_mem   box_loss   obj_loss   cls_loss  Instances       Size
181/299      13.9G    0.02151   0.004982  0.0007077         59        640: 100%|██████████| 92/92 00:35
Class     Images  Instances          P          R      mAP50   mAP50-95: 100%|██████████| 8/8 00:05
all       1000        641      0.608      0.421      0.502      0.289
Epoch    GPU_mem   box_loss   obj_loss   cls_loss  Instances       Size
182/299      13.9G    0.02112   0.005037  0.0006618         68        640: 100%|██████████| 92/92 00:32
Class     Images  Instances          P          R      mAP50   mAP50-95: 100%|██████████| 8/8 00:05
all       1000        641      0.607       0.42      0.501       0.29
Epoch    GPU_mem   box_loss   obj_loss   cls_loss  Instances       Size
183/299      13.9G    0.02111   0.005014  0.0006635         70        640: 100%|██████████| 92/92 00:37
Class     Images  Instances          P          R      mAP50   mAP50-95: 100%|██████████| 8/8 00:05
all       1000        641      0.608      0.418      0.501       0.29
Epoch    GPU_mem   box_loss   obj_loss   cls_loss  Instances       Size
184/299      13.9G    0.02124    0.00489   0.000884         63        640: 100%|██████████| 92/92 00:36
Class     Images  Instances          P          R      mAP50   mAP50-95: 100%|██████████| 8/8 00:04
all       1000        641      0.627      0.408      0.501       0.29
Epoch    GPU_mem   box_loss   obj_loss   cls_loss  Instances       Size
185/299      13.9G    0.02107   0.005022  0.0006757         74        640: 100%|██████████| 92/92 00:37
Class     Images  Instances          P          R      mAP50   mAP50-95: 100%|██████████| 8/8 00:05
all       1000        641      0.627       0.41      0.501      0.289
Epoch    GPU_mem   box_loss   obj_loss   cls_loss  Instances       Size
186/299      13.9G    0.02114    0.00485  0.0008262         68        640: 100%|██████████| 92/92 00:31
Class     Images  Instances          P          R      mAP50   mAP50-95: 100%|██████████| 8/8 00:03
all       1000        641      0.637      0.406      0.498      0.288
Epoch    GPU_mem   box_loss   obj_loss   cls_loss  Instances       Size
187/299      13.9G    0.02091   0.004769  0.0007372         49        640: 100%|██████████| 92/92 00:35
Class     Images  Instances          P          R      mAP50   mAP50-95: 100%|██████████| 8/8 00:04
all       1000        641       0.58      0.435      0.499      0.289
Epoch    GPU_mem   box_loss   obj_loss   cls_loss  Instances       Size
188/299      13.9G    0.02081   0.004918  0.0006292         43        640: 100%|██████████| 92/92 00:38
Class     Images  Instances          P          R      mAP50   mAP50-95: 100%|██████████| 8/8 00:04
all       1000        641       0.58      0.435      0.499      0.289
Epoch    GPU_mem   box_loss   obj_loss   cls_loss  Instances       Size
189/299      13.9G    0.02091   0.004847  0.0006546         76        640: 100%|██████████| 92/92 00:37
Class     Images  Instances          P          R      mAP50   mAP50-95: 100%|██████████| 8/8 00:05
all       1000        641      0.583      0.435      0.498      0.289
Epoch    GPU_mem   box_loss   obj_loss   cls_loss  Instances       Size
190/299      13.9G    0.02077   0.004825  0.0006316         56        640: 100%|██████████| 92/92 00:32
Class     Images  Instances          P          R      mAP50   mAP50-95: 100%|██████████| 8/8 00:04
all       1000        641      0.581      0.434      0.498      0.289
Epoch    GPU_mem   box_loss   obj_loss   cls_loss  Instances       Size
191/299      13.9G    0.02079   0.004985  0.0007054         62        640: 100%|██████████| 92/92 00:36
Class     Images  Instances          P          R      mAP50   mAP50-95: 100%|██████████| 8/8 00:04
all       1000        641       0.58      0.434      0.498      0.288
Epoch    GPU_mem   box_loss   obj_loss   cls_loss  Instances       Size
192/299      13.9G    0.02078   0.004885  0.0007982         60        640: 100%|██████████| 92/92 00:34
Class     Images  Instances          P          R      mAP50   mAP50-95: 100%|██████████| 8/8 00:02
all       1000        641      0.582      0.434      0.497      0.287
Epoch    GPU_mem   box_loss   obj_loss   cls_loss  Instances       Size
193/299      13.9G    0.02056   0.004767  0.0005804         69        640: 100%|██████████| 92/92 00:35
Class     Images  Instances          P          R      mAP50   mAP50-95: 100%|██████████| 8/8 00:02
all       1000        641      0.586      0.432      0.497      0.286
Epoch    GPU_mem   box_loss   obj_loss   cls_loss  Instances       Size
194/299      13.9G    0.02052    0.00472  0.0006431         59        640: 100%|██████████| 92/92 00:31
Class     Images  Instances          P          R      mAP50   mAP50-95: 100%|██████████| 8/8 00:03
all       1000        641      0.586      0.433      0.497      0.286
Epoch    GPU_mem   box_loss   obj_loss   cls_loss  Instances       Size
195/299      13.9G    0.02024   0.004722   0.000588         75        640: 100%|██████████| 92/92 00:33
Class     Images  Instances          P          R      mAP50   mAP50-95: 100%|██████████| 8/8 00:02
all       1000        641      0.586      0.433      0.497      0.285
Epoch    GPU_mem   box_loss   obj_loss   cls_loss  Instances       Size
196/299      13.9G    0.02014   0.004707   0.000508         62        640: 100%|██████████| 92/92 00:37
Class     Images  Instances          P          R      mAP50   mAP50-95: 100%|██████████| 8/8 00:02
all       1000        641      0.587      0.433      0.497      0.286
Epoch    GPU_mem   box_loss   obj_loss   cls_loss  Instances       Size
197/299      13.9G     0.0204   0.004756   0.000632         85        640: 100%|██████████| 92/92 00:38
Class     Images  Instances          P          R      mAP50   mAP50-95: 100%|██████████| 8/8 00:03
all       1000        641      0.586      0.433      0.497      0.287
Epoch    GPU_mem   box_loss   obj_loss   cls_loss  Instances       Size
198/299      13.9G    0.02026   0.004819  0.0006561         78        640: 100%|██████████| 92/92 00:36
Class     Images  Instances          P          R      mAP50   mAP50-95: 100%|██████████| 8/8 00:05
all       1000        641      0.584      0.435      0.497      0.286
Epoch    GPU_mem   box_loss   obj_loss   cls_loss  Instances       Size
199/299      13.9G     0.0203   0.004742  0.0007452         77        640: 100%|██████████| 92/92 00:33
Class     Images  Instances          P          R      mAP50   mAP50-95: 100%|██████████| 8/8 00:05
all       1000        641      0.583      0.436      0.497      0.288
Epoch    GPU_mem   box_loss   obj_loss   cls_loss  Instances       Size
200/299      13.9G    0.01993   0.004737  0.0006408         44        640: 100%|██████████| 92/92 00:29
Class     Images  Instances          P          R      mAP50   mAP50-95: 100%|██████████| 8/8 00:02
all       1000        641      0.579      0.435      0.497      0.287
Epoch    GPU_mem   box_loss   obj_loss   cls_loss  Instances       Size
201/299      13.9G    0.02015   0.004693   0.000548         70        640: 100%|██████████| 92/92 00:35
Class     Images  Instances          P          R      mAP50   mAP50-95: 100%|██████████| 8/8 00:02
all       1000        641      0.625      0.412      0.497      0.288
Epoch    GPU_mem   box_loss   obj_loss   cls_loss  Instances       Size
202/299      13.9G    0.01997   0.004732  0.0005928         76        640: 100%|██████████| 92/92 00:36
Class     Images  Instances          P          R      mAP50   mAP50-95: 100%|██████████| 8/8 00:02
all       1000        641      0.627      0.413      0.497      0.287
Epoch    GPU_mem   box_loss   obj_loss   cls_loss  Instances       Size
203/299      13.9G    0.01988   0.004721  0.0006243         52        640: 100%|██████████| 92/92 00:36
Class     Images  Instances          P          R      mAP50   mAP50-95: 100%|██████████| 8/8 00:04
all       1000        641      0.628      0.413      0.497      0.287
Epoch    GPU_mem   box_loss   obj_loss   cls_loss  Instances       Size
204/299      13.9G    0.01978   0.004578   0.000634         57        640: 100%|██████████| 92/92 00:37
Class     Images  Instances          P          R      mAP50   mAP50-95: 100%|██████████| 8/8 00:02
all       1000        641      0.628      0.413      0.497      0.287
Epoch    GPU_mem   box_loss   obj_loss   cls_loss  Instances       Size
205/299      13.9G    0.01989   0.004647  0.0007978         73        640: 100%|██████████| 92/92 00:38
Class     Images  Instances          P          R      mAP50   mAP50-95: 100%|██████████| 8/8 00:04
all       1000        641      0.632      0.412      0.497      0.287
Epoch    GPU_mem   box_loss   obj_loss   cls_loss  Instances       Size
206/299      13.9G    0.01958   0.004723  0.0006007         53        640: 100%|██████████| 92/92 00:34
Class     Images  Instances          P          R      mAP50   mAP50-95: 100%|██████████| 8/8 00:02
all       1000        641      0.633      0.411      0.497      0.286
Epoch    GPU_mem   box_loss   obj_loss   cls_loss  Instances       Size
207/299      13.9G    0.01945    0.00468  0.0005369         76        640: 100%|██████████| 92/92 00:31
Class     Images  Instances          P          R      mAP50   mAP50-95: 100%|██████████| 8/8 00:02
all       1000        641      0.583      0.435      0.497      0.287
Epoch    GPU_mem   box_loss   obj_loss   cls_loss  Instances       Size
208/299      13.9G    0.01955   0.004624  0.0005568         66        640: 100%|██████████| 92/92 00:33
Class     Images  Instances          P          R      mAP50   mAP50-95: 100%|██████████| 8/8 00:02
all       1000        641      0.583      0.434      0.497      0.287
Epoch    GPU_mem   box_loss   obj_loss   cls_loss  Instances       Size
209/299      13.9G     0.0195     0.0046  0.0004998         63        640: 100%|██████████| 92/92 00:35
Class     Images  Instances          P          R      mAP50   mAP50-95: 100%|██████████| 8/8 00:02
all       1000        641      0.587      0.434      0.497      0.287
Epoch    GPU_mem   box_loss   obj_loss   cls_loss  Instances       Size
210/299      13.9G    0.01955   0.004575  0.0006786         55        640: 100%|██████████| 92/92 00:33
Class     Images  Instances          P          R      mAP50   mAP50-95: 100%|██████████| 8/8 00:02
all       1000        641      0.585      0.434      0.497      0.286
Epoch    GPU_mem   box_loss   obj_loss   cls_loss  Instances       Size
211/299      13.9G    0.01927   0.004543   0.000542         52        640: 100%|██████████| 92/92 00:38
Class     Images  Instances          P          R      mAP50   mAP50-95: 100%|██████████| 8/8 00:02
all       1000        641      0.586      0.435      0.498      0.287
Epoch    GPU_mem   box_loss   obj_loss   cls_loss  Instances       Size
212/299      13.9G    0.01915   0.004539  0.0005252         55        640: 100%|██████████| 92/92 00:41
Class     Images  Instances          P          R      mAP50   mAP50-95: 100%|██████████| 8/8 00:02
all       1000        641      0.588      0.434      0.499      0.287
Epoch    GPU_mem   box_loss   obj_loss   cls_loss  Instances       Size
213/299      13.9G    0.01909   0.004588  0.0005373         53        640: 100%|██████████| 92/92 00:40
Class     Images  Instances          P          R      mAP50   mAP50-95: 100%|██████████| 8/8 00:03
all       1000        641      0.588      0.433      0.498      0.287
Epoch    GPU_mem   box_loss   obj_loss   cls_loss  Instances       Size
214/299      13.9G      0.019   0.004455  0.0006493         70        640: 100%|██████████| 92/92 00:31
Class     Images  Instances          P          R      mAP50   mAP50-95: 100%|██████████| 8/8 00:02
all       1000        641      0.587      0.434      0.498      0.287
Epoch    GPU_mem   box_loss   obj_loss   cls_loss  Instances       Size
215/299      13.9G    0.01907   0.004631  0.0005326         46        640: 100%|██████████| 92/92 00:32
Class     Images  Instances          P          R      mAP50   mAP50-95: 100%|██████████| 8/8 00:02
all       1000        641      0.882      0.412      0.498      0.287
Epoch    GPU_mem   box_loss   obj_loss   cls_loss  Instances       Size
216/299      13.9G    0.01868   0.004475  0.0005688         63        640: 100%|██████████| 92/92 00:35
Class     Images  Instances          P          R      mAP50   mAP50-95: 100%|██████████| 8/8 00:02
all       1000        641      0.881      0.412      0.498      0.287
Epoch    GPU_mem   box_loss   obj_loss   cls_loss  Instances       Size
217/299      13.9G    0.01894   0.004424  0.0005811         58        640: 100%|██████████| 92/92 00:38
Class     Images  Instances          P          R      mAP50   mAP50-95: 100%|██████████| 8/8 00:05
all       1000        641      0.592      0.429      0.498      0.287
Epoch    GPU_mem   box_loss   obj_loss   cls_loss  Instances       Size
218/299      13.9G    0.01893   0.004517  0.0005843         63        640: 100%|██████████| 92/92 00:32
Class     Images  Instances          P          R      mAP50   mAP50-95: 100%|██████████| 8/8 00:04
all       1000        641      0.593      0.429      0.499      0.287
Epoch    GPU_mem   box_loss   obj_loss   cls_loss  Instances       Size
219/299      13.9G    0.01891   0.004551  0.0005067         70        640: 100%|██████████| 92/92 00:36
Class     Images  Instances          P          R      mAP50   mAP50-95: 100%|██████████| 8/8 00:03
all       1000        641      0.877      0.413      0.499      0.288
Epoch    GPU_mem   box_loss   obj_loss   cls_loss  Instances       Size
220/299      13.9G    0.01867    0.00445   0.000556         64        640: 100%|██████████| 92/92 01:18
Class     Images  Instances          P          R      mAP50   mAP50-95: 100%|██████████| 8/8 00:02
all       1000        641      0.876      0.412      0.499      0.288
Stopping training early as no improvement observed in last 100 epochs. Best results observed at epoch 120, best model saved as best.pt.
To update EarlyStopping(patience=100) pass a new patience value, i.e. `python train.py --patience 300` or use `--patience 0` to disable EarlyStopping.
221 epochs completed in 2.496 hours.
Optimizer stripped from /home/lijinhe/work/YOLO_Retraining/runs/studies/balance_tau090_label_contrast/tasks/dedup_tau_0p900_release_positive_clusters__full-cold-stage0123__stage0+stage1+stage2+stage3__yolov5s__s42/backend/yolov5/train/weights/last.pt, 14.4MB
Optimizer stripped from /home/lijinhe/work/YOLO_Retraining/runs/studies/balance_tau090_label_contrast/tasks/dedup_tau_0p900_release_positive_clusters__full-cold-stage0123__stage0+stage1+stage2+stage3__yolov5s__s42/backend/yolov5/train/weights/best.pt, 14.4MB
Validating /home/lijinhe/work/YOLO_Retraining/runs/studies/balance_tau090_label_contrast/tasks/dedup_tau_0p900_release_positive_clusters__full-cold-stage0123__stage0+stage1+stage2+stage3__yolov5s__s42/backend/yolov5/train/weights/best.pt...
Fusing layers...
Model summary: 157 layers, 7020913 parameters, 0 gradients, 15.8 GFLOPs
Class     Images  Instances          P          R      mAP50   mAP50-95: 100%|██████████| 8/8 00:02
all       1000        641      0.826      0.453      0.527      0.304
large luggage       1000        410      0.679      0.531      0.556      0.279
stroller       1000        169      0.808      0.639      0.709      0.377
wheelchair       1000         53      0.817      0.642      0.716      0.473
flatbed truck       1000          9          1          0      0.126     0.0865
Results saved to /home/lijinhe/work/YOLO_Retraining/runs/studies/balance_tau090_label_contrast/tasks/dedup_tau_0p900_release_positive_clusters__full-cold-stage0123__stage0+stage1+stage2+stage3__yolov5s__s42/backend/yolov5/train
terminate called without an active exception
[YOLOv5] compacted progress updates: 43524 -> 445 lines
[YOLOv5] coalesced warning: incomplete JPEG accepted read-only; count=6802; by_source=train=5804, val=998
[YOLOv5] warning example: train: WARNING ⚠️ /home/lijinhe/work/YOLO_Retraining/data/self_improving/images/0720_1/00002_1780987856406331_0.jpg: incomplete JPEG accepted read-only
[YOLOv5] warning example: train: WARNING ⚠️ /home/lijinhe/work/YOLO_Retraining/data/self_improving/images/0720_1/00004_1780987883582335_0.jpg: incomplete JPEG accepted read-only
[YOLOv5] warning example: train: WARNING ⚠️ /home/lijinhe/work/YOLO_Retraining/data/self_improving/images/0720_1/00006_1780987903756339_0.jpg: incomplete JPEG accepted read-only
