train: weights=/home/lijinhe/work/YOLO_Retraining/.third_party/yolov5/yolov5s.pt, cfg=, data=/home/lijinhe/work/YOLO_Retraining/runs/studies/0907_stroller_window10_learning_curve/experiment/sequence/StrollerWindow10Tau099_SplitS41__seq-full-cold__stage0-stage7__yolov5s__s42/tasks/003__stage3__full-cold/data/backend_data.yaml, hyp=data/hyps/hyp.scratch-low.yaml, epochs=100, batch_size=64, imgsz=640, rect=False, resume=False, nosave=False, noval=False, noautoanchor=False, noplots=True, evolve=None, bucket=, cache=None, image_weights=False, device=0, multi_scale=False, single_cls=False, optimizer=SGD, sync_bn=False, workers=16, project=/home/lijinhe/work/YOLO_Retraining/runs/studies/0907_stroller_window10_learning_curve/experiment/sequence/StrollerWindow10Tau099_SplitS41__seq-full-cold__stage0-stage7__yolov5s__s42/tasks/003__stage3__full-cold/backend/yolov5, name=train, exist_ok=True, quad=False, cos_lr=False, label_smoothing=0.0, patience=100, freeze=[0], save_period=-1, seed=45, local_rank=-1, entity=None, upload_dataset=False, bbox_interval=-1, artifact_alias=latest
github: skipping check (offline), for updates see https://github.com/ultralytics/yolov5
YOLOv5 🚀 v7.0-0-g915bbf29 Python-3.10.20 torch-2.2.2+cu121 CUDA:0 (NVIDIA H100 PCIe, 81090MiB)
hyperparameters: lr0=0.01, lrf=0.01, momentum=0.937, weight_decay=0.0005, warmup_epochs=3.0, warmup_momentum=0.8, warmup_bias_lr=0.1, box=0.05, cls=0.5, cls_pw=1.0, obj=1.0, obj_pw=1.0, iou_t=0.2, anchor_t=4.0, fl_gamma=0.0, hsv_h=0.015, hsv_s=0.7, hsv_v=0.4, degrees=0.0, translate=0.1, scale=0.5, shear=0.0, perspective=0.0, flipud=0.0, fliplr=0.5, mosaic=1.0, mixup=0.0, copy_paste=0.0
ClearML: run 'pip install clearml' to automatically track, visualize and remotely train YOLOv5 🚀 in ClearML
Comet: run 'pip install comet_ml' to automatically track and visualize YOLOv5 🚀 runs in Comet
TensorBoard: Start with 'tensorboard --logdir /home/lijinhe/work/YOLO_Retraining/runs/studies/0907_stroller_window10_learning_curve/experiment/sequence/StrollerWindow10Tau099_SplitS41__seq-full-cold__stage0-stage7__yolov5s__s42/tasks/003__stage3__full-cold/backend/yolov5', view at http://localhost:6006/
Overriding model.yaml nc=80 with nc=4
from  n    params  module                                  arguments
0                -1  1      3520  models.common.Conv                      [3, 32, 6, 2, 2]
1                -1  1     18560  models.common.Conv                      [32, 64, 3, 2]
2                -1  1     18816  models.common.C3                        [64, 64, 1]
3                -1  1     73984  models.common.Conv                      [64, 128, 3, 2]
4                -1  2    115712  models.common.C3                        [128, 128, 2]
5                -1  1    295424  models.common.Conv                      [128, 256, 3, 2]
6                -1  3    625152  models.common.C3                        [256, 256, 3]
7                -1  1   1180672  models.common.Conv                      [256, 512, 3, 2]
8                -1  1   1182720  models.common.C3                        [512, 512, 1]
9                -1  1    656896  models.common.SPPF                      [512, 512, 5]
10                -1  1    131584  models.common.Conv                      [512, 256, 1, 1]
11                -1  1         0  torch.nn.modules.upsampling.Upsample    [None, 2, 'nearest']
12           [-1, 6]  1         0  models.common.Concat                    [1]
13                -1  1    361984  models.common.C3                        [512, 256, 1, False]
14                -1  1     33024  models.common.Conv                      [256, 128, 1, 1]
15                -1  1         0  torch.nn.modules.upsampling.Upsample    [None, 2, 'nearest']
16           [-1, 4]  1         0  models.common.Concat                    [1]
17                -1  1     90880  models.common.C3                        [256, 128, 1, False]
18                -1  1    147712  models.common.Conv                      [128, 128, 3, 2]
19          [-1, 14]  1         0  models.common.Concat                    [1]
20                -1  1    296448  models.common.C3                        [256, 256, 1, False]
21                -1  1    590336  models.common.Conv                      [256, 256, 3, 2]
22          [-1, 10]  1         0  models.common.Concat                    [1]
23                -1  1   1182720  models.common.C3                        [512, 512, 1, False]
24      [17, 20, 23]  1     24273  models.yolo.Detect                      [4, [[10, 13, 16, 30, 33, 23], [30, 61, 62, 45, 59, 119], [116, 90, 156, 198, 373, 326]], [128, 256, 512]]
Model summary: 214 layers, 7030417 parameters, 7030417 gradients, 16.0 GFLOPs
Transferred 343/349 items from /home/lijinhe/work/YOLO_Retraining/.third_party/yolov5/yolov5s.pt
AMP: checks passed ✅
optimizer: SGD(lr=0.01) with parameter groups 57 weight(decay=0.0), 60 weight(decay=0.0005), 60 bias
train: Scanning /home/lijinhe/work/YOLO_Retraining/runs/studies/0907_stroller_window10_learning_curve/experiment/sequence/StrollerWindow10Tau099_SplitS41__seq-full-cold__stage0-stage7__yolov5s__s42/tasks/003__stage3__full-cold/data/backend_train_images... 321 images, 0 backgrounds, 0 corrupt: 100%|██████████| 321/321 00:04
train: New cache created: /home/lijinhe/work/YOLO_Retraining/runs/studies/0907_stroller_window10_learning_curve/experiment/sequence/StrollerWindow10Tau099_SplitS41__seq-full-cold__stage0-stage7__yolov5s__s42/tasks/003__stage3__full-cold/data/backend_train_images.cache
val: Scanning /home/lijinhe/work/YOLO_Retraining/runs/studies/0907_stroller_window10_learning_curve/experiment/sequence/StrollerWindow10Tau099_SplitS41__seq-full-cold__stage0-stage7__yolov5s__s42/tasks/003__stage3__full-cold/data/backend_validation_images... 80 images, 0 backgrounds, 0 corrupt: 100%|██████████| 80/80 00:04
val: New cache created: /home/lijinhe/work/YOLO_Retraining/runs/studies/0907_stroller_window10_learning_curve/experiment/sequence/StrollerWindow10Tau099_SplitS41__seq-full-cold__stage0-stage7__yolov5s__s42/tasks/003__stage3__full-cold/data/backend_validation_images.cache
AutoAnchor: 6.17 anchors/target, 1.000 Best Possible Recall (BPR). Current anchors are a good fit to dataset ✅
Image sizes 640 train, 640 val
Using 16 dataloader workers
Logging results to /home/lijinhe/work/YOLO_Retraining/runs/studies/0907_stroller_window10_learning_curve/experiment/sequence/StrollerWindow10Tau099_SplitS41__seq-full-cold__stage0-stage7__yolov5s__s42/tasks/003__stage3__full-cold/backend/yolov5/train
Starting training for 100 epochs...
Epoch    GPU_mem   box_loss   obj_loss   cls_loss  Instances       Size
0/99      13.9G     0.1137    0.03883    0.04726          2        640: 100%|██████████| 6/6 00:05
Class     Images  Instances          P          R      mAP50   mAP50-95: 100%|██████████| 1/1 00:06
all         80         88   0.000642     0.0341   0.000334   7.81e-05
Epoch    GPU_mem   box_loss   obj_loss   cls_loss  Instances       Size
1/99      13.9G     0.1128    0.03497    0.03844          5        640: 100%|██████████| 6/6 00:01
Class     Images  Instances          P          R      mAP50   mAP50-95: 100%|██████████| 1/1 00:00
all         80         88    0.00415      0.432    0.00525    0.00104
Epoch    GPU_mem   box_loss   obj_loss   cls_loss  Instances       Size
2/99      13.9G    0.09308    0.02625    0.02227          1        640: 100%|██████████| 6/6 00:01
Class     Images  Instances          P          R      mAP50   mAP50-95: 100%|██████████| 1/1 00:00
all         80         88    0.00631      0.773     0.0399    0.00844
Epoch    GPU_mem   box_loss   obj_loss   cls_loss  Instances       Size
3/99      13.9G    0.08582    0.02774    0.01183          4        640: 100%|██████████| 6/6 00:01
Class     Images  Instances          P          R      mAP50   mAP50-95: 100%|██████████| 1/1 00:00
all         80         88      0.122       0.25      0.149     0.0375
Epoch    GPU_mem   box_loss   obj_loss   cls_loss  Instances       Size
4/99      13.9G    0.08355    0.02691   0.007664          2        640: 100%|██████████| 6/6 00:01
Class     Images  Instances          P          R      mAP50   mAP50-95: 100%|██████████| 1/1 00:00
all         80         88    0.00319      0.841    0.00453    0.00112
Epoch    GPU_mem   box_loss   obj_loss   cls_loss  Instances       Size
5/99      13.9G    0.08182    0.02587   0.005242          2        640: 100%|██████████| 6/6 00:01
Class     Images  Instances          P          R      mAP50   mAP50-95: 100%|██████████| 1/1 00:00
all         80         88    0.00951      0.807      0.023    0.00522
Epoch    GPU_mem   box_loss   obj_loss   cls_loss  Instances       Size
6/99      13.9G    0.07921    0.02287   0.004015          2        640: 100%|██████████| 6/6 00:01
Class     Images  Instances          P          R      mAP50   mAP50-95: 100%|██████████| 1/1 00:00
all         80         88    0.00687     0.0682    0.00788    0.00214
Epoch    GPU_mem   box_loss   obj_loss   cls_loss  Instances       Size
7/99      13.9G    0.07697    0.01944   0.003489          1        640: 100%|██████████| 6/6 00:01
Class     Images  Instances          P          R      mAP50   mAP50-95: 100%|██████████| 1/1 00:00
all         80         88     0.0564      0.281     0.0547     0.0158
Epoch    GPU_mem   box_loss   obj_loss   cls_loss  Instances       Size
8/99      13.9G    0.07643    0.02121   0.003553          2        640: 100%|██████████| 6/6 00:01
Class     Images  Instances          P          R      mAP50   mAP50-95: 100%|██████████| 1/1 00:00
all         80         88      0.445       0.33      0.348     0.0814
Epoch    GPU_mem   box_loss   obj_loss   cls_loss  Instances       Size
9/99      13.9G    0.06707    0.01925   0.003334          1        640: 100%|██████████| 6/6 00:01
Class     Images  Instances          P          R      mAP50   mAP50-95: 100%|██████████| 1/1 00:00
all         80         88       0.58      0.377      0.419      0.123
Epoch    GPU_mem   box_loss   obj_loss   cls_loss  Instances       Size
10/99      13.9G    0.07105    0.01967   0.002845          2        640: 100%|██████████| 6/6 00:01
Class     Images  Instances          P          R      mAP50   mAP50-95: 100%|██████████| 1/1 00:00
all         80         88      0.389      0.326        0.3      0.064
Epoch    GPU_mem   box_loss   obj_loss   cls_loss  Instances       Size
11/99      13.9G    0.07107    0.01906   0.003413          2        640: 100%|██████████| 6/6 00:01
Class     Images  Instances          P          R      mAP50   mAP50-95: 100%|██████████| 1/1 00:00
all         80         88      0.314      0.307      0.349      0.105
Epoch    GPU_mem   box_loss   obj_loss   cls_loss  Instances       Size
12/99      13.9G    0.06764     0.0172    0.00356          1        640: 100%|██████████| 6/6 00:01
Class     Images  Instances          P          R      mAP50   mAP50-95: 100%|██████████| 1/1 00:00
all         80         88      0.472      0.375      0.337     0.0947
Epoch    GPU_mem   box_loss   obj_loss   cls_loss  Instances       Size
13/99      13.9G    0.06877    0.01884   0.003265          3        640: 100%|██████████| 6/6 00:01
Class     Images  Instances          P          R      mAP50   mAP50-95: 100%|██████████| 1/1 00:00
all         80         88       0.34        0.5      0.338      0.103
Epoch    GPU_mem   box_loss   obj_loss   cls_loss  Instances       Size
14/99      13.9G    0.06482    0.01906   0.004295          2        640: 100%|██████████| 6/6 00:01
Class     Images  Instances          P          R      mAP50   mAP50-95: 100%|██████████| 1/1 00:00
all         80         88      0.199      0.352      0.179     0.0653
Epoch    GPU_mem   box_loss   obj_loss   cls_loss  Instances       Size
15/99      13.9G    0.06615    0.01722   0.003368          3        640: 100%|██████████| 6/6 00:01
Class     Images  Instances          P          R      mAP50   mAP50-95: 100%|██████████| 1/1 00:00
all         80         88      0.378       0.47       0.42       0.11
Epoch    GPU_mem   box_loss   obj_loss   cls_loss  Instances       Size
16/99      13.9G    0.06623    0.01673   0.003207          3        640: 100%|██████████| 6/6 00:01
Class     Images  Instances          P          R      mAP50   mAP50-95: 100%|██████████| 1/1 00:00
all         80         88      0.137      0.455      0.137      0.038
Epoch    GPU_mem   box_loss   obj_loss   cls_loss  Instances       Size
17/99      13.9G    0.06468    0.01467    0.00293          3        640: 100%|██████████| 6/6 00:00
Class     Images  Instances          P          R      mAP50   mAP50-95: 100%|██████████| 1/1 00:00
all         80         88      0.244      0.461      0.266     0.0913
Epoch    GPU_mem   box_loss   obj_loss   cls_loss  Instances       Size
18/99      13.9G    0.06103    0.01379   0.002982          2        640: 100%|██████████| 6/6 00:02
Class     Images  Instances          P          R      mAP50   mAP50-95: 100%|██████████| 1/1 00:00
all         80         88      0.337      0.386      0.365      0.126
Epoch    GPU_mem   box_loss   obj_loss   cls_loss  Instances       Size
19/99      13.9G     0.0582    0.01379   0.002879          2        640: 100%|██████████| 6/6 00:00
Class     Images  Instances          P          R      mAP50   mAP50-95: 100%|██████████| 1/1 00:00
all         80         88      0.402      0.545      0.377     0.0976
Epoch    GPU_mem   box_loss   obj_loss   cls_loss  Instances       Size
20/99      13.9G    0.04471    0.01174   0.002299          0        640: 100%|██████████| 6/6 00:00
Class     Images  Instances          P          R      mAP50   mAP50-95: 100%|██████████| 1/1 00:00
all         80         88      0.533       0.57      0.506       0.22
Epoch    GPU_mem   box_loss   obj_loss   cls_loss  Instances       Size
21/99      13.9G    0.05449    0.01256   0.002332          2        640: 100%|██████████| 6/6 00:01
Class     Images  Instances          P          R      mAP50   mAP50-95: 100%|██████████| 1/1 00:00
all         80         88       0.45      0.633       0.47      0.137
Epoch    GPU_mem   box_loss   obj_loss   cls_loss  Instances       Size
22/99      13.9G    0.04952     0.0129   0.002349          2        640: 100%|██████████| 6/6 00:01
Class     Images  Instances          P          R      mAP50   mAP50-95: 100%|██████████| 1/1 00:00
all         80         88      0.395      0.466      0.416      0.141
Epoch    GPU_mem   box_loss   obj_loss   cls_loss  Instances       Size
23/99      13.9G    0.05594    0.01342   0.002383          3        640: 100%|██████████| 6/6 00:00
Class     Images  Instances          P          R      mAP50   mAP50-95: 100%|██████████| 1/1 00:00
all         80         88      0.595      0.682      0.606      0.201
Epoch    GPU_mem   box_loss   obj_loss   cls_loss  Instances       Size
24/99      13.9G    0.04357    0.01158   0.002233          1        640: 100%|██████████| 6/6 00:01
Class     Images  Instances          P          R      mAP50   mAP50-95: 100%|██████████| 1/1 00:00
all         80         88      0.291      0.666      0.372      0.141
Epoch    GPU_mem   box_loss   obj_loss   cls_loss  Instances       Size
25/99      13.9G    0.05125    0.01254    0.00203          4        640: 100%|██████████| 6/6 00:00
Class     Images  Instances          P          R      mAP50   mAP50-95: 100%|██████████| 1/1 00:00
all         80         88      0.574      0.784       0.63      0.234
Epoch    GPU_mem   box_loss   obj_loss   cls_loss  Instances       Size
26/99      13.9G    0.04622    0.01108   0.001982          1        640: 100%|██████████| 6/6 00:02
Class     Images  Instances          P          R      mAP50   mAP50-95: 100%|██████████| 1/1 00:00
all         80         88      0.702      0.636      0.654      0.231
Epoch    GPU_mem   box_loss   obj_loss   cls_loss  Instances       Size
27/99      13.9G    0.03605   0.009224   0.001707          0        640: 100%|██████████| 6/6 00:00
Class     Images  Instances          P          R      mAP50   mAP50-95: 100%|██████████| 1/1 00:00
all         80         88       0.42      0.591      0.501      0.174
Epoch    GPU_mem   box_loss   obj_loss   cls_loss  Instances       Size
28/99      13.9G    0.04442    0.01132   0.001949          1        640: 100%|██████████| 6/6 00:01
Class     Images  Instances          P          R      mAP50   mAP50-95: 100%|██████████| 1/1 00:00
all         80         88      0.575      0.648      0.564      0.206
Epoch    GPU_mem   box_loss   obj_loss   cls_loss  Instances       Size
29/99      13.9G    0.04827    0.01102   0.001811          1        640: 100%|██████████| 6/6 00:01
Class     Images  Instances          P          R      mAP50   mAP50-95: 100%|██████████| 1/1 00:00
all         80         88       0.59      0.671      0.675      0.247
Epoch    GPU_mem   box_loss   obj_loss   cls_loss  Instances       Size
30/99      13.9G     0.0393   0.009423   0.001711          1        640: 100%|██████████| 6/6 00:00
Class     Images  Instances          P          R      mAP50   mAP50-95: 100%|██████████| 1/1 00:00
all         80         88      0.716       0.67      0.686      0.205
Epoch    GPU_mem   box_loss   obj_loss   cls_loss  Instances       Size
31/99      13.9G    0.04237    0.01068   0.001773          2        640: 100%|██████████| 6/6 00:01
Class     Images  Instances          P          R      mAP50   mAP50-95: 100%|██████████| 1/1 00:00
all         80         88      0.578      0.705      0.691      0.265
Epoch    GPU_mem   box_loss   obj_loss   cls_loss  Instances       Size
32/99      13.9G    0.04464    0.01231   0.001644          4        640: 100%|██████████| 6/6 00:01
Class     Images  Instances          P          R      mAP50   mAP50-95: 100%|██████████| 1/1 00:00
all         80         88      0.685      0.705      0.701      0.226
Epoch    GPU_mem   box_loss   obj_loss   cls_loss  Instances       Size
33/99      13.9G    0.03299   0.008892   0.001372          0        640: 100%|██████████| 6/6 00:00
Class     Images  Instances          P          R      mAP50   mAP50-95: 100%|██████████| 1/1 00:00
all         80         88      0.695      0.739      0.726      0.306
Epoch    GPU_mem   box_loss   obj_loss   cls_loss  Instances       Size
34/99      13.9G    0.03893    0.01053   0.001586          3        640: 100%|██████████| 6/6 00:01
Class     Images  Instances          P          R      mAP50   mAP50-95: 100%|██████████| 1/1 00:00
all         80         88      0.845      0.693      0.732      0.253
Epoch    GPU_mem   box_loss   obj_loss   cls_loss  Instances       Size
35/99      13.9G    0.03883    0.01174   0.001414          4        640: 100%|██████████| 6/6 00:00
Class     Images  Instances          P          R      mAP50   mAP50-95: 100%|██████████| 1/1 00:00
all         80         88      0.599      0.648      0.666      0.292
Epoch    GPU_mem   box_loss   obj_loss   cls_loss  Instances       Size
36/99      13.9G    0.03532   0.008388   0.001256          1        640: 100%|██████████| 6/6 00:00
Class     Images  Instances          P          R      mAP50   mAP50-95: 100%|██████████| 1/1 00:00
all         80         88      0.849       0.67      0.797      0.331
Epoch    GPU_mem   box_loss   obj_loss   cls_loss  Instances       Size
37/99      13.9G    0.03147   0.008511   0.001174          0        640: 100%|██████████| 6/6 00:01
Class     Images  Instances          P          R      mAP50   mAP50-95: 100%|██████████| 1/1 00:00
all         80         88       0.64      0.716      0.733      0.321
Epoch    GPU_mem   box_loss   obj_loss   cls_loss  Instances       Size
38/99      13.9G     0.0346   0.009595   0.001507          1        640: 100%|██████████| 6/6 00:00
Class     Images  Instances          P          R      mAP50   mAP50-95: 100%|██████████| 1/1 00:00
all         80         88      0.761      0.686      0.729      0.294
Epoch    GPU_mem   box_loss   obj_loss   cls_loss  Instances       Size
39/99      13.9G    0.03847   0.009277   0.001318          1        640: 100%|██████████| 6/6 00:00
Class     Images  Instances          P          R      mAP50   mAP50-95: 100%|██████████| 1/1 00:00
all         80         88      0.597      0.756      0.709      0.309
Epoch    GPU_mem   box_loss   obj_loss   cls_loss  Instances       Size
40/99      13.9G    0.03722    0.01114   0.001605          1        640: 100%|██████████| 6/6 00:01
Class     Images  Instances          P          R      mAP50   mAP50-95: 100%|██████████| 1/1 00:00
all         80         88      0.812      0.693      0.742      0.296
Epoch    GPU_mem   box_loss   obj_loss   cls_loss  Instances       Size
41/99      13.9G    0.03489   0.009252   0.001326          1        640: 100%|██████████| 6/6 00:00
Class     Images  Instances          P          R      mAP50   mAP50-95: 100%|██████████| 1/1 00:00
all         80         88      0.863      0.614      0.771      0.351
Epoch    GPU_mem   box_loss   obj_loss   cls_loss  Instances       Size
42/99      13.9G    0.03391   0.009741   0.001372          3        640: 100%|██████████| 6/6 00:00
Class     Images  Instances          P          R      mAP50   mAP50-95: 100%|██████████| 1/1 00:00
all         80         88      0.855      0.773      0.837      0.365
Epoch    GPU_mem   box_loss   obj_loss   cls_loss  Instances       Size
43/99      13.9G    0.03343   0.009727   0.001288          3        640: 100%|██████████| 6/6 00:00
Class     Images  Instances          P          R      mAP50   mAP50-95: 100%|██████████| 1/1 00:00
all         80         88      0.675      0.682      0.651      0.286
Epoch    GPU_mem   box_loss   obj_loss   cls_loss  Instances       Size
44/99      13.9G    0.03571    0.01104   0.001235          3        640: 100%|██████████| 6/6 00:01
Class     Images  Instances          P          R      mAP50   mAP50-95: 100%|██████████| 1/1 00:00
all         80         88      0.876      0.773      0.826      0.342
Epoch    GPU_mem   box_loss   obj_loss   cls_loss  Instances       Size
45/99      13.9G    0.03545   0.009121   0.001214          2        640: 100%|██████████| 6/6 00:00
Class     Images  Instances          P          R      mAP50   mAP50-95: 100%|██████████| 1/1 00:00
all         80         88      0.635      0.773      0.747      0.367
Epoch    GPU_mem   box_loss   obj_loss   cls_loss  Instances       Size
46/99      13.9G    0.03508   0.009416     0.0012          2        640: 100%|██████████| 6/6 00:00
Class     Images  Instances          P          R      mAP50   mAP50-95: 100%|██████████| 1/1 00:00
all         80         88      0.762      0.795      0.859      0.381
Epoch    GPU_mem   box_loss   obj_loss   cls_loss  Instances       Size
47/99      13.9G    0.03255   0.009588   0.001175          3        640: 100%|██████████| 6/6 00:00
Class     Images  Instances          P          R      mAP50   mAP50-95: 100%|██████████| 1/1 00:00
all         80         88      0.895      0.772      0.853      0.392
Epoch    GPU_mem   box_loss   obj_loss   cls_loss  Instances       Size
48/99      13.9G    0.03199   0.009608   0.001182          2        640: 100%|██████████| 6/6 00:00
Class     Images  Instances          P          R      mAP50   mAP50-95: 100%|██████████| 1/1 00:00
all         80         88      0.851      0.739      0.825      0.387
Epoch    GPU_mem   box_loss   obj_loss   cls_loss  Instances       Size
49/99      13.9G    0.02955   0.007568  0.0009967          1        640: 100%|██████████| 6/6 00:00
Class     Images  Instances          P          R      mAP50   mAP50-95: 100%|██████████| 1/1 00:00
all         80         88      0.838      0.727      0.784       0.34
Epoch    GPU_mem   box_loss   obj_loss   cls_loss  Instances       Size
50/99      13.9G    0.03016   0.008505  0.0009722          1        640: 100%|██████████| 6/6 00:00
Class     Images  Instances          P          R      mAP50   mAP50-95: 100%|██████████| 1/1 00:00
all         80         88      0.873      0.779      0.835       0.39
Epoch    GPU_mem   box_loss   obj_loss   cls_loss  Instances       Size
51/99      13.9G    0.02829   0.008726     0.0012          1        640: 100%|██████████| 6/6 00:01
Class     Images  Instances          P          R      mAP50   mAP50-95: 100%|██████████| 1/1 00:00
all         80         88      0.876      0.806      0.823       0.35
Epoch    GPU_mem   box_loss   obj_loss   cls_loss  Instances       Size
52/99      13.9G      0.029   0.009199   0.001138          1        640: 100%|██████████| 6/6 00:00
Class     Images  Instances          P          R      mAP50   mAP50-95: 100%|██████████| 1/1 00:00
all         80         88      0.758      0.841       0.84       0.38
Epoch    GPU_mem   box_loss   obj_loss   cls_loss  Instances       Size
53/99      13.9G    0.02966   0.009242   0.001119          1        640: 100%|██████████| 6/6 00:01
Class     Images  Instances          P          R      mAP50   mAP50-95: 100%|██████████| 1/1 00:00
all         80         88       0.73      0.705       0.74       0.36
Epoch    GPU_mem   box_loss   obj_loss   cls_loss  Instances       Size
54/99      13.9G    0.02988   0.007286   0.001066          1        640: 100%|██████████| 6/6 00:01
Class     Images  Instances          P          R      mAP50   mAP50-95: 100%|██████████| 1/1 00:00
all         80         88      0.877       0.75       0.82      0.368
Epoch    GPU_mem   box_loss   obj_loss   cls_loss  Instances       Size
55/99      13.9G    0.03187   0.009082   0.001717          2        640: 100%|██████████| 6/6 00:00
Class     Images  Instances          P          R      mAP50   mAP50-95: 100%|██████████| 1/1 00:00
all         80         88      0.865      0.773      0.811      0.385
Epoch    GPU_mem   box_loss   obj_loss   cls_loss  Instances       Size
56/99      13.9G    0.03118    0.01097  0.0009542          4        640: 100%|██████████| 6/6 00:00
Class     Images  Instances          P          R      mAP50   mAP50-95: 100%|██████████| 1/1 00:00
all         80         88      0.864      0.784      0.858      0.387
Epoch    GPU_mem   box_loss   obj_loss   cls_loss  Instances       Size
57/99      13.9G    0.02879    0.01028  0.0009612          4        640: 100%|██████████| 6/6 00:01
Class     Images  Instances          P          R      mAP50   mAP50-95: 100%|██████████| 1/1 00:00
all         80         88        0.9      0.815      0.869      0.416
Epoch    GPU_mem   box_loss   obj_loss   cls_loss  Instances       Size
58/99      13.9G    0.02653    0.00785  0.0009331          2        640: 100%|██████████| 6/6 00:00
Class     Images  Instances          P          R      mAP50   mAP50-95: 100%|██████████| 1/1 00:00
all         80         88      0.931      0.818      0.902      0.443
Epoch    GPU_mem   box_loss   obj_loss   cls_loss  Instances       Size
59/99      13.9G    0.02696   0.008164  0.0009049          2        640: 100%|██████████| 6/6 00:01
Class     Images  Instances          P          R      mAP50   mAP50-95: 100%|██████████| 1/1 00:00
all         80         88      0.931      0.852      0.909      0.427
Epoch    GPU_mem   box_loss   obj_loss   cls_loss  Instances       Size
60/99      13.9G    0.02925   0.007462  0.0008186          1        640: 100%|██████████| 6/6 00:01
Class     Images  Instances          P          R      mAP50   mAP50-95: 100%|██████████| 1/1 00:00
all         80         88      0.946      0.818      0.887      0.419
Epoch    GPU_mem   box_loss   obj_loss   cls_loss  Instances       Size
61/99      13.9G     0.0253   0.007826  0.0008862          1        640: 100%|██████████| 6/6 00:01
Class     Images  Instances          P          R      mAP50   mAP50-95: 100%|██████████| 1/1 00:00
all         80         88      0.903      0.852      0.907      0.447
Epoch    GPU_mem   box_loss   obj_loss   cls_loss  Instances       Size
62/99      13.9G    0.02857   0.008005  0.0008826          2        640: 100%|██████████| 6/6 00:01
Class     Images  Instances          P          R      mAP50   mAP50-95: 100%|██████████| 1/1 00:00
all         80         88      0.892      0.849      0.875      0.411
Epoch    GPU_mem   box_loss   obj_loss   cls_loss  Instances       Size
63/99      13.9G    0.03019   0.007357  0.0008703          1        640: 100%|██████████| 6/6 00:01
Class     Images  Instances          P          R      mAP50   mAP50-95: 100%|██████████| 1/1 00:00
all         80         88      0.937      0.841      0.914      0.439
Epoch    GPU_mem   box_loss   obj_loss   cls_loss  Instances       Size
64/99      13.9G    0.02245   0.007063  0.0006947          0        640: 100%|██████████| 6/6 00:03
Class     Images  Instances          P          R      mAP50   mAP50-95: 100%|██████████| 1/1 00:00
all         80         88      0.959      0.805      0.898      0.447
Epoch    GPU_mem   box_loss   obj_loss   cls_loss  Instances       Size
65/99      13.9G    0.02511   0.007935  0.0008379          2        640: 100%|██████████| 6/6 00:00
Class     Images  Instances          P          R      mAP50   mAP50-95: 100%|██████████| 1/1 00:00
all         80         88      0.949      0.841      0.904      0.432
Epoch    GPU_mem   box_loss   obj_loss   cls_loss  Instances       Size
66/99      13.9G    0.02638    0.00789  0.0007632          2        640: 100%|██████████| 6/6 00:02
Class     Images  Instances          P          R      mAP50   mAP50-95: 100%|██████████| 1/1 00:00
all         80         88      0.915      0.855      0.904      0.438
Epoch    GPU_mem   box_loss   obj_loss   cls_loss  Instances       Size
67/99      13.9G    0.02608   0.009181  0.0008046          3        640: 100%|██████████| 6/6 00:00
Class     Images  Instances          P          R      mAP50   mAP50-95: 100%|██████████| 1/1 00:00
all         80         88      0.925      0.838      0.915      0.456
Epoch    GPU_mem   box_loss   obj_loss   cls_loss  Instances       Size
68/99      13.9G    0.02319   0.006999   0.000745          1        640: 100%|██████████| 6/6 00:00
Class     Images  Instances          P          R      mAP50   mAP50-95: 100%|██████████| 1/1 00:00
all         80         88      0.915      0.795      0.901       0.45
Epoch    GPU_mem   box_loss   obj_loss   cls_loss  Instances       Size
69/99      13.9G    0.02479   0.008873  0.0008515          2        640: 100%|██████████| 6/6 00:01
Class     Images  Instances          P          R      mAP50   mAP50-95: 100%|██████████| 1/1 00:00
all         80         88      0.921      0.818      0.892      0.463
Epoch    GPU_mem   box_loss   obj_loss   cls_loss  Instances       Size
70/99      13.9G    0.02403   0.006746  0.0007672          1        640: 100%|██████████| 6/6 00:01
Class     Images  Instances          P          R      mAP50   mAP50-95: 100%|██████████| 1/1 00:00
all         80         88      0.934      0.799      0.883      0.461
Epoch    GPU_mem   box_loss   obj_loss   cls_loss  Instances       Size
71/99      13.9G    0.02369   0.007209  0.0007473          1        640: 100%|██████████| 6/6 00:00
Class     Images  Instances          P          R      mAP50   mAP50-95: 100%|██████████| 1/1 00:00
all         80         88      0.912      0.818      0.882      0.456
Epoch    GPU_mem   box_loss   obj_loss   cls_loss  Instances       Size
72/99      13.9G    0.02418   0.007853   0.000684          2        640: 100%|██████████| 6/6 00:01
Class     Images  Instances          P          R      mAP50   mAP50-95: 100%|██████████| 1/1 00:00
all         80         88      0.968      0.784      0.883      0.461
Epoch    GPU_mem   box_loss   obj_loss   cls_loss  Instances       Size
73/99      13.9G    0.02788    0.01035   0.000703          4        640: 100%|██████████| 6/6 00:08
Class     Images  Instances          P          R      mAP50   mAP50-95: 100%|██████████| 1/1 00:00
all         80         88      0.949       0.83      0.901      0.455
Epoch    GPU_mem   box_loss   obj_loss   cls_loss  Instances       Size
74/99      13.9G    0.02274   0.007422  0.0006344          1        640: 100%|██████████| 6/6 00:01
Class     Images  Instances          P          R      mAP50   mAP50-95: 100%|██████████| 1/1 00:00
all         80         88      0.956      0.852      0.903       0.46
Epoch    GPU_mem   box_loss   obj_loss   cls_loss  Instances       Size
75/99      13.9G    0.02301   0.008179   0.000646          2        640: 100%|██████████| 6/6 00:01
Class     Images  Instances          P          R      mAP50   mAP50-95: 100%|██████████| 1/1 00:00
all         80         88      0.937      0.845      0.904      0.461
Epoch    GPU_mem   box_loss   obj_loss   cls_loss  Instances       Size
76/99      13.9G     0.0297   0.008835  0.0006057          2        640: 100%|██████████| 6/6 00:02
Class     Images  Instances          P          R      mAP50   mAP50-95: 100%|██████████| 1/1 00:00
all         80         88      0.954      0.818      0.897      0.459
Epoch    GPU_mem   box_loss   obj_loss   cls_loss  Instances       Size
77/99      13.9G     0.0219   0.007106  0.0007333          1        640: 100%|██████████| 6/6 00:01
Class     Images  Instances          P          R      mAP50   mAP50-95: 100%|██████████| 1/1 00:00
all         80         88      0.928      0.807      0.894      0.482
Epoch    GPU_mem   box_loss   obj_loss   cls_loss  Instances       Size
78/99      13.9G    0.02028   0.006987  0.0006116          1        640: 100%|██████████| 6/6 00:01
Class     Images  Instances          P          R      mAP50   mAP50-95: 100%|██████████| 1/1 00:00
all         80         88      0.928       0.83        0.9      0.459
Epoch    GPU_mem   box_loss   obj_loss   cls_loss  Instances       Size
79/99      13.9G    0.02487    0.00845  0.0005881          3        640: 100%|██████████| 6/6 00:00
Class     Images  Instances          P          R      mAP50   mAP50-95: 100%|██████████| 1/1 00:00
all         80         88      0.941      0.807      0.871      0.452
Epoch    GPU_mem   box_loss   obj_loss   cls_loss  Instances       Size
80/99      13.9G    0.02419    0.01121  0.0006106          4        640: 100%|██████████| 6/6 00:00
Class     Images  Instances          P          R      mAP50   mAP50-95: 100%|██████████| 1/1 00:00
all         80         88       0.96       0.82      0.883      0.449
Epoch    GPU_mem   box_loss   obj_loss   cls_loss  Instances       Size
81/99      13.9G    0.02023   0.006419  0.0005475          1        640: 100%|██████████| 6/6 00:02
Class     Images  Instances          P          R      mAP50   mAP50-95: 100%|██████████| 1/1 00:00
all         80         88      0.961      0.831      0.878      0.452
Epoch    GPU_mem   box_loss   obj_loss   cls_loss  Instances       Size
82/99      13.9G     0.0222   0.007359  0.0005718          1        640: 100%|██████████| 6/6 00:01
Class     Images  Instances          P          R      mAP50   mAP50-95: 100%|██████████| 1/1 00:00
all         80         88      0.947      0.807       0.86      0.442
Epoch    GPU_mem   box_loss   obj_loss   cls_loss  Instances       Size
83/99      13.9G    0.02066   0.007265  0.0005811          1        640: 100%|██████████| 6/6 00:01
Class     Images  Instances          P          R      mAP50   mAP50-95: 100%|██████████| 1/1 00:00
all         80         88      0.959      0.807      0.854      0.441
Epoch    GPU_mem   box_loss   obj_loss   cls_loss  Instances       Size
84/99      13.9G    0.02089   0.006827  0.0005363          2        640: 100%|██████████| 6/6 00:01
Class     Images  Instances          P          R      mAP50   mAP50-95: 100%|██████████| 1/1 00:00
all         80         88      0.956      0.795      0.866      0.457
Epoch    GPU_mem   box_loss   obj_loss   cls_loss  Instances       Size
85/99      13.9G    0.01846   0.005977  0.0004686          1        640: 100%|██████████| 6/6 00:00
Class     Images  Instances          P          R      mAP50   mAP50-95: 100%|██████████| 1/1 00:00
all         80         88      0.968      0.795      0.864      0.455
Epoch    GPU_mem   box_loss   obj_loss   cls_loss  Instances       Size
86/99      13.9G    0.02342    0.00848  0.0005692          1        640: 100%|██████████| 6/6 00:01
Class     Images  Instances          P          R      mAP50   mAP50-95: 100%|██████████| 1/1 00:00
all         80         88      0.972      0.784      0.867      0.473
Epoch    GPU_mem   box_loss   obj_loss   cls_loss  Instances       Size
87/99      13.9G    0.01793   0.006839  0.0004662          2        640: 100%|██████████| 6/6 00:01
Class     Images  Instances          P          R      mAP50   mAP50-95: 100%|██████████| 1/1 00:00
all         80         88      0.935      0.807      0.876      0.478
Epoch    GPU_mem   box_loss   obj_loss   cls_loss  Instances       Size
88/99      13.9G    0.02046   0.006659  0.0004734          2        640: 100%|██████████| 6/6 00:01
Class     Images  Instances          P          R      mAP50   mAP50-95: 100%|██████████| 1/1 00:00
all         80         88      0.936      0.831      0.889       0.47
Epoch    GPU_mem   box_loss   obj_loss   cls_loss  Instances       Size
89/99      13.9G    0.01871   0.006074  0.0004502          1        640: 100%|██████████| 6/6 00:01
Class     Images  Instances          P          R      mAP50   mAP50-95: 100%|██████████| 1/1 00:00
all         80         88      0.926       0.83      0.892      0.481
Epoch    GPU_mem   box_loss   obj_loss   cls_loss  Instances       Size
90/99      13.9G    0.01949   0.007994  0.0004386          2        640: 100%|██████████| 6/6 00:01
Class     Images  Instances          P          R      mAP50   mAP50-95: 100%|██████████| 1/1 00:00
all         80         88      0.948      0.825       0.89      0.481
Epoch    GPU_mem   box_loss   obj_loss   cls_loss  Instances       Size
91/99      13.9G    0.01928   0.006519  0.0004325          1        640: 100%|██████████| 6/6 00:01
Class     Images  Instances          P          R      mAP50   mAP50-95: 100%|██████████| 1/1 00:00
all         80         88      0.946       0.83      0.884      0.482
Epoch    GPU_mem   box_loss   obj_loss   cls_loss  Instances       Size
92/99      13.9G    0.01831   0.006082  0.0004128          1        640: 100%|██████████| 6/6 00:01
Class     Images  Instances          P          R      mAP50   mAP50-95: 100%|██████████| 1/1 00:00
all         80         88      0.948      0.818      0.878      0.475
Epoch    GPU_mem   box_loss   obj_loss   cls_loss  Instances       Size
93/99      13.9G    0.01736    0.00594   0.000409          1        640: 100%|██████████| 6/6 00:01
Class     Images  Instances          P          R      mAP50   mAP50-95: 100%|██████████| 1/1 00:00
all         80         88       0.96      0.817      0.881      0.475
Epoch    GPU_mem   box_loss   obj_loss   cls_loss  Instances       Size
94/99      13.9G    0.01808   0.006611  0.0005973          1        640: 100%|██████████| 6/6 00:01
Class     Images  Instances          P          R      mAP50   mAP50-95: 100%|██████████| 1/1 00:00
all         80         88       0.96      0.818      0.883      0.481
Epoch    GPU_mem   box_loss   obj_loss   cls_loss  Instances       Size
95/99      13.9G    0.01767   0.007342  0.0004083          2        640: 100%|██████████| 6/6 00:01
Class     Images  Instances          P          R      mAP50   mAP50-95: 100%|██████████| 1/1 00:00
all         80         88      0.957      0.818      0.882      0.481
Epoch    GPU_mem   box_loss   obj_loss   cls_loss  Instances       Size
96/99      13.9G    0.01763   0.008744  0.0004049          4        640: 100%|██████████| 6/6 00:00
Class     Images  Instances          P          R      mAP50   mAP50-95: 100%|██████████| 1/1 00:00
all         80         88      0.955      0.807      0.873      0.487
Epoch    GPU_mem   box_loss   obj_loss   cls_loss  Instances       Size
97/99      13.9G    0.02047   0.008356   0.000389          4        640: 100%|██████████| 6/6 00:01
Class     Images  Instances          P          R      mAP50   mAP50-95: 100%|██████████| 1/1 00:00
all         80         88      0.947      0.815       0.87       0.48
Epoch    GPU_mem   box_loss   obj_loss   cls_loss  Instances       Size
98/99      13.9G    0.01768   0.007532  0.0003735          3        640: 100%|██████████| 6/6 00:01
Class     Images  Instances          P          R      mAP50   mAP50-95: 100%|██████████| 1/1 00:00
all         80         88      0.954      0.807      0.871      0.488
Epoch    GPU_mem   box_loss   obj_loss   cls_loss  Instances       Size
99/99      13.9G    0.01838   0.009546  0.0003667          5        640: 100%|██████████| 6/6 00:00
Class     Images  Instances          P          R      mAP50   mAP50-95: 100%|██████████| 1/1 00:00
all         80         88      0.951      0.807      0.873      0.482
100 epochs completed in 0.062 hours.
Optimizer stripped from /home/lijinhe/work/YOLO_Retraining/runs/studies/0907_stroller_window10_learning_curve/experiment/sequence/StrollerWindow10Tau099_SplitS41__seq-full-cold__stage0-stage7__yolov5s__s42/tasks/003__stage3__full-cold/backend/yolov5/train/weights/last.pt, 14.4MB
Optimizer stripped from /home/lijinhe/work/YOLO_Retraining/runs/studies/0907_stroller_window10_learning_curve/experiment/sequence/StrollerWindow10Tau099_SplitS41__seq-full-cold__stage0-stage7__yolov5s__s42/tasks/003__stage3__full-cold/backend/yolov5/train/weights/best.pt, 14.4MB
Validating /home/lijinhe/work/YOLO_Retraining/runs/studies/0907_stroller_window10_learning_curve/experiment/sequence/StrollerWindow10Tau099_SplitS41__seq-full-cold__stage0-stage7__yolov5s__s42/tasks/003__stage3__full-cold/backend/yolov5/train/weights/best.pt...
Fusing layers...
Model summary: 157 layers, 7020913 parameters, 0 gradients, 15.8 GFLOPs
Class     Images  Instances          P          R      mAP50   mAP50-95: 100%|██████████| 1/1 00:00
all         80         88      0.959      0.807       0.91      0.454
stroller         80         88      0.959      0.807       0.91      0.454
Results saved to /home/lijinhe/work/YOLO_Retraining/runs/studies/0907_stroller_window10_learning_curve/experiment/sequence/StrollerWindow10Tau099_SplitS41__seq-full-cold__stage0-stage7__yolov5s__s42/tasks/003__stage3__full-cold/backend/yolov5/train
terminate called without an active exception
Exception ignored in: <function _MultiProcessingDataLoaderIter.__del__ at 0x7f87b377e830>
Traceback (most recent call last):
File "/home/lijinhe/miniforge3/envs/yolo-retraining-v5/lib/python3.10/site-packages/torch/utils/data/dataloader.py", line 1479, in __del__
self._shutdown_workers()
File "/home/lijinhe/miniforge3/envs/yolo-retraining-v5/lib/python3.10/site-packages/torch/utils/data/dataloader.py", line 1443, in _shutdown_workers
w.join(timeout=_utils.MP_STATUS_CHECK_INTERVAL)
File "/home/lijinhe/miniforge3/envs/yolo-retraining-v5/lib/python3.10/multiprocessing/process.py", line 149, in join
res = self._popen.wait(timeout)
File "/home/lijinhe/miniforge3/envs/yolo-retraining-v5/lib/python3.10/multiprocessing/popen_fork.py", line 40, in wait
if not wait([self.sentinel], timeout):
File "/home/lijinhe/miniforge3/envs/yolo-retraining-v5/lib/python3.10/multiprocessing/connection.py", line 931, in wait
ready = selector.select(timeout)
File "/home/lijinhe/miniforge3/envs/yolo-retraining-v5/lib/python3.10/selectors.py", line 416, in select
fd_event_list = self._selector.poll(timeout)
File "/home/lijinhe/miniforge3/envs/yolo-retraining-v5/lib/python3.10/site-packages/torch/utils/data/_utils/signal_handling.py", line 66, in handler
_error_if_any_worker_fails()
RuntimeError: DataLoader worker (pid 1899764) is killed by signal: Aborted.
terminate called without an active exception
Exception ignored in: <function _MultiProcessingDataLoaderIter.__del__ at 0x7f87b377e830>
Traceback (most recent call last):
File "/home/lijinhe/miniforge3/envs/yolo-retraining-v5/lib/python3.10/site-packages/torch/utils/data/dataloader.py", line 1479, in __del__
self._shutdown_workers()
File "/home/lijinhe/miniforge3/envs/yolo-retraining-v5/lib/python3.10/site-packages/torch/utils/data/dataloader.py", line 1443, in _shutdown_workers
w.join(timeout=_utils.MP_STATUS_CHECK_INTERVAL)
File "/home/lijinhe/miniforge3/envs/yolo-retraining-v5/lib/python3.10/multiprocessing/process.py", line 149, in join
res = self._popen.wait(timeout)
File "/home/lijinhe/miniforge3/envs/yolo-retraining-v5/lib/python3.10/multiprocessing/popen_fork.py", line 40, in wait
if not wait([self.sentinel], timeout):
File "/home/lijinhe/miniforge3/envs/yolo-retraining-v5/lib/python3.10/multiprocessing/connection.py", line 931, in wait
ready = selector.select(timeout)
File "/home/lijinhe/miniforge3/envs/yolo-retraining-v5/lib/python3.10/selectors.py", line 416, in select
fd_event_list = self._selector.poll(timeout)
File "/home/lijinhe/miniforge3/envs/yolo-retraining-v5/lib/python3.10/site-packages/torch/utils/data/_utils/signal_handling.py", line 66, in handler
_error_if_any_worker_fails()
RuntimeError: DataLoader worker (pid 1901034) is killed by signal: Aborted.
[YOLOv5] compacted progress updates: 1714 -> 203 lines
[YOLOv5] coalesced warning: incomplete JPEG accepted read-only; count=376; by_source=train=301, val=75
[YOLOv5] warning example: train: WARNING ⚠️ /home/lijinhe/work/YOLO_Retraining/data/stroller/images/00143_1780988430957444_0.jpg: incomplete JPEG accepted read-only
[YOLOv5] warning example: train: WARNING ⚠️ /home/lijinhe/work/YOLO_Retraining/data/stroller/images/00145_1780988441044446_0.jpg: incomplete JPEG accepted read-only
[YOLOv5] warning example: train: WARNING ⚠️ /home/lijinhe/work/YOLO_Retraining/data/stroller/images/00620_1782459223410772_0.jpg: incomplete JPEG accepted read-only
