train: weights=/home/lijinhe/work/YOLO_Retraining/runs/sequences/0814-154038__seq-full-warm__stage0-stage3__yolov5s__s42/tasks/002__stage2__full-warm/checkpoints/best.pt, cfg=, data=/home/lijinhe/work/YOLO_Retraining/runs/sequences/0814-154038__seq-full-warm__stage0-stage3__yolov5s__s42/tasks/003__stage3__full-warm/data/backend_data.yaml, hyp=data/hyps/hyp.scratch-low.yaml, epochs=100, batch_size=64, imgsz=640, rect=False, resume=False, nosave=False, noval=False, noautoanchor=False, noplots=True, evolve=None, bucket=, cache=None, image_weights=False, device=0, multi_scale=False, single_cls=False, optimizer=SGD, sync_bn=False, workers=16, project=/home/lijinhe/work/YOLO_Retraining/runs/sequences/0814-154038__seq-full-warm__stage0-stage3__yolov5s__s42/tasks/003__stage3__full-warm/backend/yolov5, name=train, exist_ok=True, quad=False, cos_lr=False, label_smoothing=0.0, patience=100, freeze=[0], save_period=-1, seed=45, local_rank=-1, entity=None, upload_dataset=False, bbox_interval=-1, artifact_alias=latest
github: skipping check (offline), for updates see https://github.com/ultralytics/yolov5
YOLOv5 🚀 v7.0-0-g915bbf29 Python-3.10.20 torch-2.2.2+cu121 CUDA:0 (NVIDIA H100 PCIe, 81090MiB)
hyperparameters: lr0=0.01, lrf=0.01, momentum=0.937, weight_decay=0.0005, warmup_epochs=3.0, warmup_momentum=0.8, warmup_bias_lr=0.1, box=0.05, cls=0.5, cls_pw=1.0, obj=1.0, obj_pw=1.0, iou_t=0.2, anchor_t=4.0, fl_gamma=0.0, hsv_h=0.015, hsv_s=0.7, hsv_v=0.4, degrees=0.0, translate=0.1, scale=0.5, shear=0.0, perspective=0.0, flipud=0.0, fliplr=0.5, mosaic=1.0, mixup=0.0, copy_paste=0.0
ClearML: run 'pip install clearml' to automatically track, visualize and remotely train YOLOv5 🚀 in ClearML
Comet: run 'pip install comet_ml' to automatically track and visualize YOLOv5 🚀 runs in Comet
TensorBoard: Start with 'tensorboard --logdir /home/lijinhe/work/YOLO_Retraining/runs/sequences/0814-154038__seq-full-warm__stage0-stage3__yolov5s__s42/tasks/003__stage3__full-warm/backend/yolov5', view at http://localhost:6006/
from  n    params  module                                  arguments
0                -1  1      3520  models.common.Conv                      [3, 32, 6, 2, 2]
1                -1  1     18560  models.common.Conv                      [32, 64, 3, 2]
2                -1  1     18816  models.common.C3                        [64, 64, 1]
3                -1  1     73984  models.common.Conv                      [64, 128, 3, 2]
4                -1  2    115712  models.common.C3                        [128, 128, 2]
5                -1  1    295424  models.common.Conv                      [128, 256, 3, 2]
6                -1  3    625152  models.common.C3                        [256, 256, 3]
7                -1  1   1180672  models.common.Conv                      [256, 512, 3, 2]
8                -1  1   1182720  models.common.C3                        [512, 512, 1]
9                -1  1    656896  models.common.SPPF                      [512, 512, 5]
10                -1  1    131584  models.common.Conv                      [512, 256, 1, 1]
11                -1  1         0  torch.nn.modules.upsampling.Upsample    [None, 2, 'nearest']
12           [-1, 6]  1         0  models.common.Concat                    [1]
13                -1  1    361984  models.common.C3                        [512, 256, 1, False]
14                -1  1     33024  models.common.Conv                      [256, 128, 1, 1]
15                -1  1         0  torch.nn.modules.upsampling.Upsample    [None, 2, 'nearest']
16           [-1, 4]  1         0  models.common.Concat                    [1]
17                -1  1     90880  models.common.C3                        [256, 128, 1, False]
18                -1  1    147712  models.common.Conv                      [128, 128, 3, 2]
19          [-1, 14]  1         0  models.common.Concat                    [1]
20                -1  1    296448  models.common.C3                        [256, 256, 1, False]
21                -1  1    590336  models.common.Conv                      [256, 256, 3, 2]
22          [-1, 10]  1         0  models.common.Concat                    [1]
23                -1  1   1182720  models.common.C3                        [512, 512, 1, False]
24      [17, 20, 23]  1     24273  models.yolo.Detect                      [4, [[10, 13, 16, 30, 33, 23], [30, 61, 62, 45, 59, 119], [116, 90, 156, 198, 373, 326]], [128, 256, 512]]
Model summary: 214 layers, 7030417 parameters, 7030417 gradients, 16.0 GFLOPs
Transferred 349/349 items from /home/lijinhe/work/YOLO_Retraining/runs/sequences/0814-154038__seq-full-warm__stage0-stage3__yolov5s__s42/tasks/002__stage2__full-warm/checkpoints/best.pt
AMP: checks passed ✅
optimizer: SGD(lr=0.01) with parameter groups 57 weight(decay=0.0), 60 weight(decay=0.0005), 60 bias
train: Scanning /home/lijinhe/work/YOLO_Retraining/runs/sequences/0814-154038__seq-full-warm__stage0-stage3__yolov5s__s42/tasks/003__stage3__full-warm/data/backend_train_images... 7573 images, 4196 backgrounds, 0 corrupt: 100%|██████████| 7573/7573 00:23
train: WARNING ⚠️ /home/lijinhe/work/YOLO_Retraining/data/self_improving/images/0720_11/05168_1784523505059766_0.jpg: 2 duplicate labels removed
train: New cache created: /home/lijinhe/work/YOLO_Retraining/runs/sequences/0814-154038__seq-full-warm__stage0-stage3__yolov5s__s42/tasks/003__stage3__full-warm/data/backend_train_images.cache
val: Scanning /home/lijinhe/work/YOLO_Retraining/runs/sequences/0814-154038__seq-full-warm__stage0-stage3__yolov5s__s42/tasks/003__stage3__full-warm/data/backend_validation_images... 1000 images, 297 backgrounds, 0 corrupt: 100%|██████████| 1000/1000 00:03
val: New cache created: /home/lijinhe/work/YOLO_Retraining/runs/sequences/0814-154038__seq-full-warm__stage0-stage3__yolov5s__s42/tasks/003__stage3__full-warm/data/backend_validation_images.cache
AutoAnchor: 5.45 anchors/target, 1.000 Best Possible Recall (BPR). Current anchors are a good fit to dataset ✅
Image sizes 640 train, 640 val
Using 16 dataloader workers
Logging results to /home/lijinhe/work/YOLO_Retraining/runs/sequences/0814-154038__seq-full-warm__stage0-stage3__yolov5s__s42/tasks/003__stage3__full-warm/backend/yolov5/train
Starting training for 100 epochs...
Epoch    GPU_mem   box_loss   obj_loss   cls_loss  Instances       Size
0/99      13.9G    0.03405   0.005375   0.001344         37        640: 100%|██████████| 119/119 00:55
Class     Images  Instances          P          R      mAP50   mAP50-95: 100%|██████████| 8/8 00:22
all       1000        939       0.78      0.375      0.429      0.211
Epoch    GPU_mem   box_loss   obj_loss   cls_loss  Instances       Size
1/99      13.9G    0.03167   0.005321   0.001103         32        640: 100%|██████████| 119/119 00:39
Class     Images  Instances          P          R      mAP50   mAP50-95: 100%|██████████| 8/8 00:15
all       1000        939      0.791      0.377       0.43      0.217
Epoch    GPU_mem   box_loss   obj_loss   cls_loss  Instances       Size
2/99      13.9G    0.03117   0.005264   0.001456         16        640: 100%|██████████| 119/119 00:39
Class     Images  Instances          P          R      mAP50   mAP50-95: 100%|██████████| 8/8 00:16
all       1000        939      0.718      0.321      0.342      0.159
Epoch    GPU_mem   box_loss   obj_loss   cls_loss  Instances       Size
3/99      13.9G    0.03383   0.005887    0.00191         20        640: 100%|██████████| 119/119 00:35
Class     Images  Instances          P          R      mAP50   mAP50-95: 100%|██████████| 8/8 00:15
all       1000        939      0.689      0.324       0.31      0.135
Epoch    GPU_mem   box_loss   obj_loss   cls_loss  Instances       Size
4/99      13.9G    0.03522   0.006296   0.002563         33        640: 100%|██████████| 119/119 00:49
Class     Images  Instances          P          R      mAP50   mAP50-95: 100%|██████████| 8/8 00:21
all       1000        939       0.69      0.291      0.321      0.155
Epoch    GPU_mem   box_loss   obj_loss   cls_loss  Instances       Size
5/99      13.9G    0.03479   0.006234    0.00226         28        640: 100%|██████████| 119/119 00:44
Class     Images  Instances          P          R      mAP50   mAP50-95: 100%|██████████| 8/8 00:37
all       1000        939      0.678      0.323      0.337      0.158
Epoch    GPU_mem   box_loss   obj_loss   cls_loss  Instances       Size
6/99      13.9G    0.03543   0.006245   0.003123         24        640: 100%|██████████| 119/119 00:46
Class     Images  Instances          P          R      mAP50   mAP50-95: 100%|██████████| 8/8 00:29
all       1000        939      0.698      0.324      0.343       0.17
Epoch    GPU_mem   box_loss   obj_loss   cls_loss  Instances       Size
7/99      13.9G    0.03569   0.006325   0.002892         14        640: 100%|██████████| 119/119 00:46
Class     Images  Instances          P          R      mAP50   mAP50-95: 100%|██████████| 8/8 00:34
all       1000        939      0.729      0.332      0.373       0.17
Epoch    GPU_mem   box_loss   obj_loss   cls_loss  Instances       Size
8/99      13.9G    0.03403   0.005976   0.001974         15        640: 100%|██████████| 119/119 00:43
Class     Images  Instances          P          R      mAP50   mAP50-95: 100%|██████████| 8/8 00:30
all       1000        939      0.674       0.33      0.351      0.158
Epoch    GPU_mem   box_loss   obj_loss   cls_loss  Instances       Size
9/99      13.9G    0.03407   0.006092   0.002251         26        640: 100%|██████████| 119/119 00:52
Class     Images  Instances          P          R      mAP50   mAP50-95: 100%|██████████| 8/8 00:25
all       1000        939       0.74      0.362      0.392      0.187
Epoch    GPU_mem   box_loss   obj_loss   cls_loss  Instances       Size
10/99      13.9G     0.0336   0.005816   0.001898         25        640: 100%|██████████| 119/119 00:45
Class     Images  Instances          P          R      mAP50   mAP50-95: 100%|██████████| 8/8 00:26
all       1000        939      0.759       0.32      0.366      0.176
Epoch    GPU_mem   box_loss   obj_loss   cls_loss  Instances       Size
11/99      13.9G    0.03328   0.005829   0.002009         21        640: 100%|██████████| 119/119 00:45
Class     Images  Instances          P          R      mAP50   mAP50-95: 100%|██████████| 8/8 00:23
all       1000        939      0.453      0.337      0.375      0.183
Epoch    GPU_mem   box_loss   obj_loss   cls_loss  Instances       Size
12/99      13.9G    0.03238   0.005718   0.001596         17        640: 100%|██████████| 119/119 00:46
Class     Images  Instances          P          R      mAP50   mAP50-95: 100%|██████████| 8/8 00:25
all       1000        939      0.749      0.344      0.385      0.176
Epoch    GPU_mem   box_loss   obj_loss   cls_loss  Instances       Size
13/99      13.9G      0.032   0.005556    0.00142         20        640: 100%|██████████| 119/119 00:45
Class     Images  Instances          P          R      mAP50   mAP50-95: 100%|██████████| 8/8 00:26
all       1000        939      0.711      0.366       0.38       0.18
Epoch    GPU_mem   box_loss   obj_loss   cls_loss  Instances       Size
14/99      13.9G    0.03242   0.005567   0.001897         19        640: 100%|██████████| 119/119 00:42
Class     Images  Instances          P          R      mAP50   mAP50-95: 100%|██████████| 8/8 00:27
all       1000        939      0.725      0.319      0.363      0.162
Epoch    GPU_mem   box_loss   obj_loss   cls_loss  Instances       Size
15/99      13.9G    0.03275   0.005741    0.00201         17        640: 100%|██████████| 119/119 00:47
Class     Images  Instances          P          R      mAP50   mAP50-95: 100%|██████████| 8/8 00:24
all       1000        939       0.72      0.297      0.336      0.144
Epoch    GPU_mem   box_loss   obj_loss   cls_loss  Instances       Size
16/99      13.9G    0.03238   0.005633    0.00193         15        640: 100%|██████████| 119/119 00:44
Class     Images  Instances          P          R      mAP50   mAP50-95: 100%|██████████| 8/8 00:34
all       1000        939      0.655      0.333      0.342      0.162
Epoch    GPU_mem   box_loss   obj_loss   cls_loss  Instances       Size
17/99      13.9G    0.03206   0.005557    0.00174         19        640: 100%|██████████| 119/119 00:41
Class     Images  Instances          P          R      mAP50   mAP50-95: 100%|██████████| 8/8 00:34
all       1000        939      0.759       0.33       0.38      0.179
Epoch    GPU_mem   box_loss   obj_loss   cls_loss  Instances       Size
18/99      13.9G    0.03186    0.00556   0.001454         11        640: 100%|██████████| 119/119 00:42
Class     Images  Instances          P          R      mAP50   mAP50-95: 100%|██████████| 8/8 00:25
all       1000        939       0.72      0.342      0.374      0.182
Epoch    GPU_mem   box_loss   obj_loss   cls_loss  Instances       Size
19/99      13.9G    0.03171   0.005591   0.001825         23        640: 100%|██████████| 119/119 00:40
Class     Images  Instances          P          R      mAP50   mAP50-95: 100%|██████████| 8/8 00:31
all       1000        939      0.511       0.36      0.402      0.197
Epoch    GPU_mem   box_loss   obj_loss   cls_loss  Instances       Size
20/99      13.9G    0.03143   0.005496   0.001583         17        640: 100%|██████████| 119/119 00:46
Class     Images  Instances          P          R      mAP50   mAP50-95: 100%|██████████| 8/8 00:25
all       1000        939       0.74      0.402      0.433      0.213
Epoch    GPU_mem   box_loss   obj_loss   cls_loss  Instances       Size
21/99      13.9G    0.03095   0.005515   0.001645         30        640: 100%|██████████| 119/119 00:47
Class     Images  Instances          P          R      mAP50   mAP50-95: 100%|██████████| 8/8 00:30
all       1000        939      0.719      0.371      0.401        0.2
Epoch    GPU_mem   box_loss   obj_loss   cls_loss  Instances       Size
22/99      13.9G    0.03054   0.005346   0.001363         22        640: 100%|██████████| 119/119 00:43
Class     Images  Instances          P          R      mAP50   mAP50-95: 100%|██████████| 8/8 00:32
all       1000        939      0.746      0.388      0.417      0.212
Epoch    GPU_mem   box_loss   obj_loss   cls_loss  Instances       Size
23/99      13.9G    0.03036   0.005244   0.001422         32        640: 100%|██████████| 119/119 00:40
Class     Images  Instances          P          R      mAP50   mAP50-95: 100%|██████████| 8/8 00:30
all       1000        939      0.781      0.379      0.443      0.223
Epoch    GPU_mem   box_loss   obj_loss   cls_loss  Instances       Size
24/99      13.9G    0.03014   0.005262   0.001467         29        640: 100%|██████████| 119/119 00:44
Class     Images  Instances          P          R      mAP50   mAP50-95: 100%|██████████| 8/8 00:30
all       1000        939      0.786      0.368      0.416      0.208
Epoch    GPU_mem   box_loss   obj_loss   cls_loss  Instances       Size
25/99      13.9G    0.02978   0.005174   0.001088         24        640: 100%|██████████| 119/119 00:41
Class     Images  Instances          P          R      mAP50   mAP50-95: 100%|██████████| 8/8 00:35
all       1000        939      0.774       0.31      0.369      0.188
Epoch    GPU_mem   box_loss   obj_loss   cls_loss  Instances       Size
26/99      13.9G    0.02977   0.005183    0.00126         21        640: 100%|██████████| 119/119 00:37
Class     Images  Instances          P          R      mAP50   mAP50-95: 100%|██████████| 8/8 00:36
all       1000        939      0.765      0.372      0.422      0.218
Epoch    GPU_mem   box_loss   obj_loss   cls_loss  Instances       Size
27/99      13.9G    0.02965   0.005151   0.001202         29        640: 100%|██████████| 119/119 00:39
Class     Images  Instances          P          R      mAP50   mAP50-95: 100%|██████████| 8/8 00:31
all       1000        939       0.76       0.38      0.412      0.213
Epoch    GPU_mem   box_loss   obj_loss   cls_loss  Instances       Size
28/99      13.9G    0.02936   0.005147    0.00144         17        640: 100%|██████████| 119/119 00:39
Class     Images  Instances          P          R      mAP50   mAP50-95: 100%|██████████| 8/8 00:36
all       1000        939      0.825      0.338      0.402        0.2
Epoch    GPU_mem   box_loss   obj_loss   cls_loss  Instances       Size
29/99      13.9G    0.02942   0.005191   0.001121         22        640: 100%|██████████| 119/119 00:39
Class     Images  Instances          P          R      mAP50   mAP50-95: 100%|██████████| 8/8 00:26
all       1000        939      0.758      0.363      0.395        0.2
Epoch    GPU_mem   box_loss   obj_loss   cls_loss  Instances       Size
30/99      13.9G      0.029   0.005013   0.001266         23        640: 100%|██████████| 119/119 00:45
Class     Images  Instances          P          R      mAP50   mAP50-95: 100%|██████████| 8/8 00:27
all       1000        939      0.729      0.345      0.375      0.186
Epoch    GPU_mem   box_loss   obj_loss   cls_loss  Instances       Size
31/99      13.9G    0.02867   0.005101   0.001153         16        640: 100%|██████████| 119/119 00:47
Class     Images  Instances          P          R      mAP50   mAP50-95: 100%|██████████| 8/8 00:26
all       1000        939      0.767      0.381      0.424      0.213
Epoch    GPU_mem   box_loss   obj_loss   cls_loss  Instances       Size
32/99      13.9G    0.02865   0.005019   0.001142         27        640: 100%|██████████| 119/119 00:47
Class     Images  Instances          P          R      mAP50   mAP50-95: 100%|██████████| 8/8 00:32
all       1000        939      0.699       0.36      0.372      0.185
Epoch    GPU_mem   box_loss   obj_loss   cls_loss  Instances       Size
33/99      13.9G    0.02844   0.004984   0.001407         14        640: 100%|██████████| 119/119 00:42
Class     Images  Instances          P          R      mAP50   mAP50-95: 100%|██████████| 8/8 00:24
all       1000        939      0.478      0.365      0.394      0.196
Epoch    GPU_mem   box_loss   obj_loss   cls_loss  Instances       Size
34/99      13.9G    0.02868   0.004943   0.001145         24        640: 100%|██████████| 119/119 00:45
Class     Images  Instances          P          R      mAP50   mAP50-95: 100%|██████████| 8/8 00:21
all       1000        939      0.778      0.365      0.413      0.209
Epoch    GPU_mem   box_loss   obj_loss   cls_loss  Instances       Size
35/99      13.9G    0.02815   0.004866   0.001231         20        640: 100%|██████████| 119/119 00:46
Class     Images  Instances          P          R      mAP50   mAP50-95: 100%|██████████| 8/8 00:21
all       1000        939       0.74      0.354      0.391      0.195
Epoch    GPU_mem   box_loss   obj_loss   cls_loss  Instances       Size
36/99      13.9G    0.02792   0.004939   0.001198         19        640: 100%|██████████| 119/119 00:47
Class     Images  Instances          P          R      mAP50   mAP50-95: 100%|██████████| 8/8 00:23
all       1000        939      0.779      0.344      0.396      0.199
Epoch    GPU_mem   box_loss   obj_loss   cls_loss  Instances       Size
37/99      13.9G     0.0274   0.004818  0.0008749         23        640: 100%|██████████| 119/119 00:53
Class     Images  Instances          P          R      mAP50   mAP50-95: 100%|██████████| 8/8 00:27
all       1000        939      0.773      0.357      0.402      0.208
Epoch    GPU_mem   box_loss   obj_loss   cls_loss  Instances       Size
38/99      13.9G    0.02772    0.00482   0.001228         17        640: 100%|██████████| 119/119 00:46
Class     Images  Instances          P          R      mAP50   mAP50-95: 100%|██████████| 8/8 00:28
all       1000        939      0.482      0.372      0.409      0.208
Epoch    GPU_mem   box_loss   obj_loss   cls_loss  Instances       Size
39/99      13.9G    0.02759   0.004845    0.00124         25        640: 100%|██████████| 119/119 00:44
Class     Images  Instances          P          R      mAP50   mAP50-95: 100%|██████████| 8/8 00:29
all       1000        939      0.465      0.344      0.384      0.199
Epoch    GPU_mem   box_loss   obj_loss   cls_loss  Instances       Size
40/99      13.9G    0.02711   0.004814   0.000939         33        640: 100%|██████████| 119/119 00:47
Class     Images  Instances          P          R      mAP50   mAP50-95: 100%|██████████| 8/8 00:29
all       1000        939      0.732      0.399      0.415      0.204
Epoch    GPU_mem   box_loss   obj_loss   cls_loss  Instances       Size
41/99      13.9G    0.02695   0.004649  0.0009176         26        640: 100%|██████████| 119/119 00:45
Class     Images  Instances          P          R      mAP50   mAP50-95: 100%|██████████| 8/8 00:30
all       1000        939      0.508      0.366      0.413      0.208
Epoch    GPU_mem   box_loss   obj_loss   cls_loss  Instances       Size
42/99      13.9G    0.02684    0.00456   0.000931         17        640: 100%|██████████| 119/119 00:45
Class     Images  Instances          P          R      mAP50   mAP50-95: 100%|██████████| 8/8 00:33
all       1000        939      0.477      0.366      0.395      0.197
Epoch    GPU_mem   box_loss   obj_loss   cls_loss  Instances       Size
43/99      13.9G    0.02634    0.00465  0.0008409         21        640: 100%|██████████| 119/119 00:43
Class     Images  Instances          P          R      mAP50   mAP50-95: 100%|██████████| 8/8 00:38
all       1000        939      0.747      0.378      0.413      0.212
Epoch    GPU_mem   box_loss   obj_loss   cls_loss  Instances       Size
44/99      13.9G    0.02634   0.004624  0.0008076         21        640: 100%|██████████| 119/119 00:39
Class     Images  Instances          P          R      mAP50   mAP50-95: 100%|██████████| 8/8 00:30
all       1000        939       0.77       0.31      0.371      0.194
Epoch    GPU_mem   box_loss   obj_loss   cls_loss  Instances       Size
45/99      13.9G    0.02604   0.004722   0.001001         14        640: 100%|██████████| 119/119 00:40
Class     Images  Instances          P          R      mAP50   mAP50-95: 100%|██████████| 8/8 00:31
all       1000        939      0.495      0.367      0.387      0.198
Epoch    GPU_mem   box_loss   obj_loss   cls_loss  Instances       Size
46/99      13.9G    0.02595   0.004563  0.0008872         33        640: 100%|██████████| 119/119 00:38
Class     Images  Instances          P          R      mAP50   mAP50-95: 100%|██████████| 8/8 00:27
all       1000        939      0.539      0.361      0.412      0.212
Epoch    GPU_mem   box_loss   obj_loss   cls_loss  Instances       Size
47/99      13.9G    0.02621   0.004526  0.0008854         23        640: 100%|██████████| 119/119 00:44
Class     Images  Instances          P          R      mAP50   mAP50-95: 100%|██████████| 8/8 00:17
all       1000        939      0.793      0.364      0.419       0.22
Epoch    GPU_mem   box_loss   obj_loss   cls_loss  Instances       Size
48/99      13.9G    0.02563   0.004501  0.0008379         17        640: 100%|██████████| 119/119 00:49
Class     Images  Instances          P          R      mAP50   mAP50-95: 100%|██████████| 8/8 00:31
all       1000        939      0.788      0.376      0.419       0.22
Epoch    GPU_mem   box_loss   obj_loss   cls_loss  Instances       Size
49/99      13.9G     0.0257   0.004501  0.0008407         27        640: 100%|██████████| 119/119 00:43
Class     Images  Instances          P          R      mAP50   mAP50-95: 100%|██████████| 8/8 00:28
all       1000        939      0.781      0.376      0.421      0.223
Epoch    GPU_mem   box_loss   obj_loss   cls_loss  Instances       Size
50/99      13.9G    0.02581   0.004514  0.0008958         26        640: 100%|██████████| 119/119 00:44
Class     Images  Instances          P          R      mAP50   mAP50-95: 100%|██████████| 8/8 00:23
all       1000        939      0.791      0.368      0.413      0.215
Epoch    GPU_mem   box_loss   obj_loss   cls_loss  Instances       Size
51/99      13.9G    0.02541   0.004434  0.0009598         22        640: 100%|██████████| 119/119 00:51
Class     Images  Instances          P          R      mAP50   mAP50-95: 100%|██████████| 8/8 00:20
all       1000        939      0.785       0.34      0.408      0.213
Epoch    GPU_mem   box_loss   obj_loss   cls_loss  Instances       Size
52/99      13.9G    0.02518   0.004469  0.0007792         26        640: 100%|██████████| 119/119 00:53
Class     Images  Instances          P          R      mAP50   mAP50-95: 100%|██████████| 8/8 00:21
all       1000        939      0.807      0.351      0.414      0.214
Epoch    GPU_mem   box_loss   obj_loss   cls_loss  Instances       Size
53/99      13.9G     0.0248   0.004437  0.0007829         22        640: 100%|██████████| 119/119 00:47
Class     Images  Instances          P          R      mAP50   mAP50-95: 100%|██████████| 8/8 00:24
all       1000        939      0.749      0.363      0.392      0.204
Epoch    GPU_mem   box_loss   obj_loss   cls_loss  Instances       Size
54/99      13.9G    0.02495   0.004508  0.0008275         26        640: 100%|██████████| 119/119 00:42
Class     Images  Instances          P          R      mAP50   mAP50-95: 100%|██████████| 8/8 00:28
all       1000        939      0.796      0.369      0.414      0.222
Epoch    GPU_mem   box_loss   obj_loss   cls_loss  Instances       Size
55/99      13.9G    0.02459   0.004318  0.0007665         34        640: 100%|██████████| 119/119 00:48
Class     Images  Instances          P          R      mAP50   mAP50-95: 100%|██████████| 8/8 00:24
all       1000        939      0.798      0.339      0.404      0.207
Epoch    GPU_mem   box_loss   obj_loss   cls_loss  Instances       Size
56/99      13.9G    0.02461   0.004287  0.0007442         40        640: 100%|██████████| 119/119 00:54
Class     Images  Instances          P          R      mAP50   mAP50-95: 100%|██████████| 8/8 00:22
all       1000        939       0.81      0.363      0.431      0.227
Epoch    GPU_mem   box_loss   obj_loss   cls_loss  Instances       Size
57/99      13.9G     0.0245   0.004368  0.0006934         22        640: 100%|██████████| 119/119 00:51
Class     Images  Instances          P          R      mAP50   mAP50-95: 100%|██████████| 8/8 00:23
all       1000        939      0.784      0.344        0.4       0.21
Epoch    GPU_mem   box_loss   obj_loss   cls_loss  Instances       Size
58/99      13.9G    0.02419   0.004248  0.0008087         14        640: 100%|██████████| 119/119 00:45
Class     Images  Instances          P          R      mAP50   mAP50-95: 100%|██████████| 8/8 00:23
all       1000        939      0.771      0.366      0.406       0.21
Epoch    GPU_mem   box_loss   obj_loss   cls_loss  Instances       Size
59/99      13.9G    0.02396   0.004241  0.0007663         22        640: 100%|██████████| 119/119 00:48
Class     Images  Instances          P          R      mAP50   mAP50-95: 100%|██████████| 8/8 00:25
all       1000        939      0.779      0.371      0.419      0.224
Epoch    GPU_mem   box_loss   obj_loss   cls_loss  Instances       Size
60/99      13.9G    0.02377    0.00421  0.0005731         20        640: 100%|██████████| 119/119 00:50
Class     Images  Instances          P          R      mAP50   mAP50-95: 100%|██████████| 8/8 00:21
all       1000        939      0.793      0.366      0.414      0.218
Epoch    GPU_mem   box_loss   obj_loss   cls_loss  Instances       Size
61/99      13.9G    0.02363   0.004153  0.0006893         18        640: 100%|██████████| 119/119 00:52
Class     Images  Instances          P          R      mAP50   mAP50-95: 100%|██████████| 8/8 00:22
all       1000        939      0.814      0.344      0.404      0.212
Epoch    GPU_mem   box_loss   obj_loss   cls_loss  Instances       Size
62/99      13.9G    0.02345   0.004181  0.0007227         12        640: 100%|██████████| 119/119 00:50
Class     Images  Instances          P          R      mAP50   mAP50-95: 100%|██████████| 8/8 00:23
all       1000        939      0.582      0.342      0.406      0.216
Epoch    GPU_mem   box_loss   obj_loss   cls_loss  Instances       Size
63/99      13.9G    0.02327   0.004163  0.0006439         30        640: 100%|██████████| 119/119 00:45
Class     Images  Instances          P          R      mAP50   mAP50-95: 100%|██████████| 8/8 00:26
all       1000        939      0.545      0.352      0.407       0.22
Epoch    GPU_mem   box_loss   obj_loss   cls_loss  Instances       Size
64/99      13.9G    0.02294   0.004004  0.0005955         39        640: 100%|██████████| 119/119 00:44
Class     Images  Instances          P          R      mAP50   mAP50-95: 100%|██████████| 8/8 00:26
all       1000        939      0.825      0.342      0.403      0.216
Epoch    GPU_mem   box_loss   obj_loss   cls_loss  Instances       Size
65/99      13.9G    0.02316   0.004112  0.0006187         26        640: 100%|██████████| 119/119 00:50
Class     Images  Instances          P          R      mAP50   mAP50-95: 100%|██████████| 8/8 00:23
all       1000        939      0.788      0.375      0.421      0.225
Epoch    GPU_mem   box_loss   obj_loss   cls_loss  Instances       Size
66/99      13.9G     0.0228   0.004005  0.0006981         27        640: 100%|██████████| 119/119 00:47
Class     Images  Instances          P          R      mAP50   mAP50-95: 100%|██████████| 8/8 00:28
all       1000        939      0.526      0.365        0.4      0.215
Epoch    GPU_mem   box_loss   obj_loss   cls_loss  Instances       Size
67/99      13.9G    0.02244   0.004097  0.0006442         24        640: 100%|██████████| 119/119 00:44
Class     Images  Instances          P          R      mAP50   mAP50-95: 100%|██████████| 8/8 00:25
all       1000        939      0.534      0.367      0.412      0.221
Epoch    GPU_mem   box_loss   obj_loss   cls_loss  Instances       Size
68/99      13.9G    0.02237   0.003947  0.0006025         27        640: 100%|██████████| 119/119 00:40
Class     Images  Instances          P          R      mAP50   mAP50-95: 100%|██████████| 8/8 00:32
all       1000        939      0.498      0.378      0.398      0.214
Epoch    GPU_mem   box_loss   obj_loss   cls_loss  Instances       Size
69/99      13.9G    0.02251   0.003978  0.0005643         33        640: 100%|██████████| 119/119 00:47
Class     Images  Instances          P          R      mAP50   mAP50-95: 100%|██████████| 8/8 00:28
all       1000        939      0.814      0.345      0.399      0.211
Epoch    GPU_mem   box_loss   obj_loss   cls_loss  Instances       Size
70/99      13.9G    0.02207   0.003974  0.0005498         23        640: 100%|██████████| 119/119 00:40
Class     Images  Instances          P          R      mAP50   mAP50-95: 100%|██████████| 8/8 00:37
all       1000        939      0.798      0.351      0.397      0.215
Epoch    GPU_mem   box_loss   obj_loss   cls_loss  Instances       Size
71/99      13.9G    0.02227   0.003924  0.0005606         19        640: 100%|██████████| 119/119 00:34
Class     Images  Instances          P          R      mAP50   mAP50-95: 100%|██████████| 8/8 00:37
all       1000        939      0.539      0.365       0.41      0.222
Epoch    GPU_mem   box_loss   obj_loss   cls_loss  Instances       Size
72/99      13.9G    0.02203    0.00381  0.0005515         16        640: 100%|██████████| 119/119 00:44
Class     Images  Instances          P          R      mAP50   mAP50-95: 100%|██████████| 8/8 00:27
all       1000        939       0.51      0.374      0.412      0.227
Epoch    GPU_mem   box_loss   obj_loss   cls_loss  Instances       Size
73/99      13.9G      0.022   0.003904  0.0006369         28        640: 100%|██████████| 119/119 00:44
Class     Images  Instances          P          R      mAP50   mAP50-95: 100%|██████████| 8/8 00:38
all       1000        939       0.78      0.373      0.412      0.223
Epoch    GPU_mem   box_loss   obj_loss   cls_loss  Instances       Size
74/99      13.9G    0.02161   0.003957  0.0006169         13        640: 100%|██████████| 119/119 00:44
Class     Images  Instances          P          R      mAP50   mAP50-95: 100%|██████████| 8/8 00:27
all       1000        939      0.507       0.35      0.393      0.211
Epoch    GPU_mem   box_loss   obj_loss   cls_loss  Instances       Size
75/99      13.9G    0.02151   0.003847  0.0005357         25        640: 100%|██████████| 119/119 00:43
Class     Images  Instances          P          R      mAP50   mAP50-95: 100%|██████████| 8/8 00:37
all       1000        939       0.51      0.374      0.404      0.222
Epoch    GPU_mem   box_loss   obj_loss   cls_loss  Instances       Size
76/99      13.9G    0.02123   0.003813  0.0005152         10        640: 100%|██████████| 119/119 00:35
Class     Images  Instances          P          R      mAP50   mAP50-95: 100%|██████████| 8/8 00:39
all       1000        939      0.777       0.36      0.408      0.221
Epoch    GPU_mem   box_loss   obj_loss   cls_loss  Instances       Size
77/99      13.9G    0.02106    0.00381  0.0005826         25        640: 100%|██████████| 119/119 00:40
Class     Images  Instances          P          R      mAP50   mAP50-95: 100%|██████████| 8/8 00:39
all       1000        939      0.801      0.345      0.402      0.217
Epoch    GPU_mem   box_loss   obj_loss   cls_loss  Instances       Size
78/99      13.9G    0.02103   0.003796  0.0004218         22        640: 100%|██████████| 119/119 00:33
Class     Images  Instances          P          R      mAP50   mAP50-95: 100%|██████████| 8/8 00:39
all       1000        939      0.812      0.343      0.403      0.214
Epoch    GPU_mem   box_loss   obj_loss   cls_loss  Instances       Size
79/99      13.9G     0.0207   0.003684  0.0004216         30        640: 100%|██████████| 119/119 00:43
Class     Images  Instances          P          R      mAP50   mAP50-95: 100%|██████████| 8/8 00:26
all       1000        939      0.778      0.359        0.4      0.213
Epoch    GPU_mem   box_loss   obj_loss   cls_loss  Instances       Size
80/99      13.9G    0.02089   0.003695  0.0005172         23        640: 100%|██████████| 119/119 00:43
Class     Images  Instances          P          R      mAP50   mAP50-95: 100%|██████████| 8/8 00:22
all       1000        939      0.797      0.349      0.401      0.216
Epoch    GPU_mem   box_loss   obj_loss   cls_loss  Instances       Size
81/99      13.9G    0.02052    0.00371  0.0005109         19        640: 100%|██████████| 119/119 00:32
Class     Images  Instances          P          R      mAP50   mAP50-95: 100%|██████████| 8/8 00:17
all       1000        939      0.804      0.349      0.399      0.214
Epoch    GPU_mem   box_loss   obj_loss   cls_loss  Instances       Size
82/99      13.9G    0.02034    0.00367  0.0004092         35        640: 100%|██████████| 119/119 00:39
Class     Images  Instances          P          R      mAP50   mAP50-95: 100%|██████████| 8/8 00:36
all       1000        939      0.811      0.346      0.402      0.219
Epoch    GPU_mem   box_loss   obj_loss   cls_loss  Instances       Size
83/99      13.9G    0.01999   0.003653  0.0004193         33        640: 100%|██████████| 119/119 00:51
Class     Images  Instances          P          R      mAP50   mAP50-95: 100%|██████████| 8/8 00:24
all       1000        939      0.786       0.36      0.405      0.221
Epoch    GPU_mem   box_loss   obj_loss   cls_loss  Instances       Size
84/99      13.9G    0.01982   0.003656  0.0004301         17        640: 100%|██████████| 119/119 00:49
Class     Images  Instances          P          R      mAP50   mAP50-95: 100%|██████████| 8/8 00:26
all       1000        939      0.786      0.366      0.406      0.219
Epoch    GPU_mem   box_loss   obj_loss   cls_loss  Instances       Size
85/99      13.9G    0.01973   0.003662  0.0004472         20        640: 100%|██████████| 119/119 00:45
Class     Images  Instances          P          R      mAP50   mAP50-95: 100%|██████████| 8/8 00:32
all       1000        939      0.793      0.362      0.406       0.22
Epoch    GPU_mem   box_loss   obj_loss   cls_loss  Instances       Size
86/99      13.9G    0.01947   0.003582  0.0004335         16        640: 100%|██████████| 119/119 00:46
Class     Images  Instances          P          R      mAP50   mAP50-95: 100%|██████████| 8/8 00:27
all       1000        939      0.796      0.352      0.399      0.215
Epoch    GPU_mem   box_loss   obj_loss   cls_loss  Instances       Size
87/99      13.9G    0.01935   0.003565  0.0004415         22        640: 100%|██████████| 119/119 00:48
Class     Images  Instances          P          R      mAP50   mAP50-95: 100%|██████████| 8/8 00:26
all       1000        939      0.803      0.354      0.403      0.217
Epoch    GPU_mem   box_loss   obj_loss   cls_loss  Instances       Size
88/99      13.9G    0.01959   0.003654  0.0003296         27        640: 100%|██████████| 119/119 00:42
Class     Images  Instances          P          R      mAP50   mAP50-95: 100%|██████████| 8/8 00:33
all       1000        939      0.798      0.353      0.403      0.216
Epoch    GPU_mem   box_loss   obj_loss   cls_loss  Instances       Size
89/99      13.9G    0.01922   0.003498  0.0003646         39        640: 100%|██████████| 119/119 00:41
Class     Images  Instances          P          R      mAP50   mAP50-95: 100%|██████████| 8/8 00:29
all       1000        939      0.771      0.373      0.403      0.219
Epoch    GPU_mem   box_loss   obj_loss   cls_loss  Instances       Size
90/99      13.9G    0.01912   0.003514  0.0003345         37        640: 100%|██████████| 119/119 00:48
Class     Images  Instances          P          R      mAP50   mAP50-95: 100%|██████████| 8/8 00:29
all       1000        939      0.788      0.356      0.404      0.218
Epoch    GPU_mem   box_loss   obj_loss   cls_loss  Instances       Size
91/99      13.9G    0.01927   0.003489  0.0004228         19        640: 100%|██████████| 119/119 00:44
Class     Images  Instances          P          R      mAP50   mAP50-95: 100%|██████████| 8/8 00:28
all       1000        939       0.78      0.354      0.401      0.217
Epoch    GPU_mem   box_loss   obj_loss   cls_loss  Instances       Size
92/99      13.9G    0.01875   0.003453  0.0003161         26        640: 100%|██████████| 119/119 00:48
Class     Images  Instances          P          R      mAP50   mAP50-95: 100%|██████████| 8/8 00:23
all       1000        939      0.775      0.361      0.403      0.219
Epoch    GPU_mem   box_loss   obj_loss   cls_loss  Instances       Size
93/99      13.9G    0.01864    0.00343  0.0003963         25        640: 100%|██████████| 119/119 00:48
Class     Images  Instances          P          R      mAP50   mAP50-95: 100%|██████████| 8/8 00:30
all       1000        939      0.812      0.344      0.406      0.219
Epoch    GPU_mem   box_loss   obj_loss   cls_loss  Instances       Size
94/99      13.9G    0.01836   0.003404   0.000301         26        640: 100%|██████████| 119/119 00:43
Class     Images  Instances          P          R      mAP50   mAP50-95: 100%|██████████| 8/8 00:30
all       1000        939      0.804      0.348      0.404      0.219
Epoch    GPU_mem   box_loss   obj_loss   cls_loss  Instances       Size
95/99      13.9G    0.01827   0.003369  0.0002908         21        640: 100%|██████████| 119/119 00:43
Class     Images  Instances          P          R      mAP50   mAP50-95: 100%|██████████| 8/8 00:31
all       1000        939      0.809      0.344      0.403      0.219
Epoch    GPU_mem   box_loss   obj_loss   cls_loss  Instances       Size
96/99      13.9G    0.01823    0.00333  0.0002985         26        640: 100%|██████████| 119/119 00:43
Class     Images  Instances          P          R      mAP50   mAP50-95: 100%|██████████| 8/8 00:32
all       1000        939      0.816      0.339      0.405      0.219
Epoch    GPU_mem   box_loss   obj_loss   cls_loss  Instances       Size
97/99      13.9G      0.018   0.003481  0.0003526         26        640: 100%|██████████| 119/119 00:47
Class     Images  Instances          P          R      mAP50   mAP50-95: 100%|██████████| 8/8 00:29
all       1000        939      0.806      0.347      0.405      0.219
Epoch    GPU_mem   box_loss   obj_loss   cls_loss  Instances       Size
98/99      13.9G    0.01806   0.003404  0.0003676         16        640: 100%|██████████| 119/119 00:55
Class     Images  Instances          P          R      mAP50   mAP50-95: 100%|██████████| 8/8 00:24
all       1000        939      0.801       0.35      0.403      0.218
Epoch    GPU_mem   box_loss   obj_loss   cls_loss  Instances       Size
99/99      13.9G    0.01759   0.003318   0.000339         25        640: 100%|██████████| 119/119 00:51
Class     Images  Instances          P          R      mAP50   mAP50-95: 100%|██████████| 8/8 00:25
all       1000        939      0.801      0.349      0.401      0.218
100 epochs completed in 2.050 hours.
Optimizer stripped from /home/lijinhe/work/YOLO_Retraining/runs/sequences/0814-154038__seq-full-warm__stage0-stage3__yolov5s__s42/tasks/003__stage3__full-warm/backend/yolov5/train/weights/last.pt, 14.4MB
Optimizer stripped from /home/lijinhe/work/YOLO_Retraining/runs/sequences/0814-154038__seq-full-warm__stage0-stage3__yolov5s__s42/tasks/003__stage3__full-warm/backend/yolov5/train/weights/best.pt, 14.4MB
Validating /home/lijinhe/work/YOLO_Retraining/runs/sequences/0814-154038__seq-full-warm__stage0-stage3__yolov5s__s42/tasks/003__stage3__full-warm/backend/yolov5/train/weights/best.pt...
Fusing layers...
Model summary: 157 layers, 7020913 parameters, 0 gradients, 15.8 GFLOPs
Class     Images  Instances          P          R      mAP50   mAP50-95: 100%|██████████| 8/8 00:32
all       1000        939       0.78      0.379      0.443      0.223
large luggage       1000        358      0.603      0.528      0.557      0.279
stroller       1000        413      0.837      0.448      0.623      0.301
wheelchair       1000        155      0.682      0.542      0.584      0.307
flatbed truck       1000         13          1          0    0.00886    0.00446
Results saved to /home/lijinhe/work/YOLO_Retraining/runs/sequences/0814-154038__seq-full-warm__stage0-stage3__yolov5s__s42/tasks/003__stage3__full-warm/backend/yolov5/train
[YOLOv5] compacted progress updates: 25270 -> 203 lines
[YOLOv5] coalesced warning: incomplete JPEG accepted read-only; count=8543; by_source=train=7547, val=996
[YOLOv5] warning example: train: WARNING ⚠️ /home/lijinhe/work/YOLO_Retraining/data/self_improving/images/0720_10/04501_1784522053486381_0.jpg: incomplete JPEG accepted read-only
[YOLOv5] warning example: train: WARNING ⚠️ /home/lijinhe/work/YOLO_Retraining/data/self_improving/images/0720_10/04502_1784522054684382_0.jpg: incomplete JPEG accepted read-only
[YOLOv5] warning example: train: WARNING ⚠️ /home/lijinhe/work/YOLO_Retraining/data/self_improving/images/0720_10/04503_1784522055289383_0.jpg: incomplete JPEG accepted read-only
