train: weights=/home/lijinhe/work/YOLO_Retraining/.third_party/yolov5/yolov5s.pt, cfg=, data=/home/lijinhe/work/YOLO_Retraining/runs/studies/balance_learning_curve_2batch_dedup_contrast/sequences/Balance_LC2B_ordered_tau096_mixed_release_drop_bg__seq-full-cold__stage0-stage7__yolov5s__s42/tasks/004__stage4__full-cold/data/backend_data.yaml, hyp=data/hyps/hyp.scratch-low.yaml, epochs=100, batch_size=64, imgsz=640, rect=False, resume=False, nosave=False, noval=False, noautoanchor=False, noplots=True, evolve=None, bucket=, cache=None, image_weights=False, device=0, multi_scale=False, single_cls=False, optimizer=SGD, sync_bn=False, workers=16, project=/home/lijinhe/work/YOLO_Retraining/runs/studies/balance_learning_curve_2batch_dedup_contrast/sequences/Balance_LC2B_ordered_tau096_mixed_release_drop_bg__seq-full-cold__stage0-stage7__yolov5s__s42/tasks/004__stage4__full-cold/backend/yolov5, name=train, exist_ok=True, quad=False, cos_lr=False, label_smoothing=0.0, patience=100, freeze=[0], save_period=-1, seed=46, local_rank=-1, entity=None, upload_dataset=False, bbox_interval=-1, artifact_alias=latest
github: skipping check (offline), for updates see https://github.com/ultralytics/yolov5
YOLOv5 🚀 v7.0-0-g915bbf29 Python-3.10.20 torch-2.2.2+cu121 CUDA:0 (NVIDIA H100 PCIe, 81090MiB)
hyperparameters: lr0=0.01, lrf=0.01, momentum=0.937, weight_decay=0.0005, warmup_epochs=3.0, warmup_momentum=0.8, warmup_bias_lr=0.1, box=0.05, cls=0.5, cls_pw=1.0, obj=1.0, obj_pw=1.0, iou_t=0.2, anchor_t=4.0, fl_gamma=0.0, hsv_h=0.015, hsv_s=0.7, hsv_v=0.4, degrees=0.0, translate=0.1, scale=0.5, shear=0.0, perspective=0.0, flipud=0.0, fliplr=0.5, mosaic=1.0, mixup=0.0, copy_paste=0.0
ClearML: run 'pip install clearml' to automatically track, visualize and remotely train YOLOv5 🚀 in ClearML
Comet: run 'pip install comet_ml' to automatically track and visualize YOLOv5 🚀 runs in Comet
TensorBoard: Start with 'tensorboard --logdir /home/lijinhe/work/YOLO_Retraining/runs/studies/balance_learning_curve_2batch_dedup_contrast/sequences/Balance_LC2B_ordered_tau096_mixed_release_drop_bg__seq-full-cold__stage0-stage7__yolov5s__s42/tasks/004__stage4__full-cold/backend/yolov5', view at http://localhost:6006/
Overriding model.yaml nc=80 with nc=4
from  n    params  module                                  arguments
0                -1  1      3520  models.common.Conv                      [3, 32, 6, 2, 2]
1                -1  1     18560  models.common.Conv                      [32, 64, 3, 2]
2                -1  1     18816  models.common.C3                        [64, 64, 1]
3                -1  1     73984  models.common.Conv                      [64, 128, 3, 2]
4                -1  2    115712  models.common.C3                        [128, 128, 2]
5                -1  1    295424  models.common.Conv                      [128, 256, 3, 2]
6                -1  3    625152  models.common.C3                        [256, 256, 3]
7                -1  1   1180672  models.common.Conv                      [256, 512, 3, 2]
8                -1  1   1182720  models.common.C3                        [512, 512, 1]
9                -1  1    656896  models.common.SPPF                      [512, 512, 5]
10                -1  1    131584  models.common.Conv                      [512, 256, 1, 1]
11                -1  1         0  torch.nn.modules.upsampling.Upsample    [None, 2, 'nearest']
12           [-1, 6]  1         0  models.common.Concat                    [1]
13                -1  1    361984  models.common.C3                        [512, 256, 1, False]
14                -1  1     33024  models.common.Conv                      [256, 128, 1, 1]
15                -1  1         0  torch.nn.modules.upsampling.Upsample    [None, 2, 'nearest']
16           [-1, 4]  1         0  models.common.Concat                    [1]
17                -1  1     90880  models.common.C3                        [256, 128, 1, False]
18                -1  1    147712  models.common.Conv                      [128, 128, 3, 2]
19          [-1, 14]  1         0  models.common.Concat                    [1]
20                -1  1    296448  models.common.C3                        [256, 256, 1, False]
21                -1  1    590336  models.common.Conv                      [256, 256, 3, 2]
22          [-1, 10]  1         0  models.common.Concat                    [1]
23                -1  1   1182720  models.common.C3                        [512, 512, 1, False]
24      [17, 20, 23]  1     24273  models.yolo.Detect                      [4, [[10, 13, 16, 30, 33, 23], [30, 61, 62, 45, 59, 119], [116, 90, 156, 198, 373, 326]], [128, 256, 512]]
Model summary: 214 layers, 7030417 parameters, 7030417 gradients, 16.0 GFLOPs
Transferred 343/349 items from /home/lijinhe/work/YOLO_Retraining/.third_party/yolov5/yolov5s.pt
AMP: checks passed ✅
optimizer: SGD(lr=0.01) with parameter groups 57 weight(decay=0.0), 60 weight(decay=0.0005), 60 bias
train: Scanning /home/lijinhe/work/YOLO_Retraining/runs/studies/balance_learning_curve_2batch_dedup_contrast/sequences/Balance_LC2B_ordered_tau096_mixed_release_drop_bg__seq-full-cold__stage0-stage7__yolov5s__s42/tasks/004__stage4__full-cold/data/backend_train_images... 1920 images, 101 backgrounds, 0 corrupt: 100%|██████████| 1920/1920 00:07
train: WARNING ⚠️ /home/lijinhe/work/YOLO_Retraining/data/self_improving/images/0720_11/05168_1784523505059766_0.jpg: 2 duplicate labels removed
train: New cache created: /home/lijinhe/work/YOLO_Retraining/runs/studies/balance_learning_curve_2batch_dedup_contrast/sequences/Balance_LC2B_ordered_tau096_mixed_release_drop_bg__seq-full-cold__stage0-stage7__yolov5s__s42/tasks/004__stage4__full-cold/data/backend_train_images.cache
val: Scanning /home/lijinhe/work/YOLO_Retraining/runs/studies/balance_learning_curve_2batch_dedup_contrast/sequences/Balance_LC2B_ordered_tau096_mixed_release_drop_bg__seq-full-cold__stage0-stage7__yolov5s__s42/tasks/004__stage4__full-cold/data/backend_validation_images... 1000 images, 499 backgrounds, 0 corrupt: 100%|██████████| 1000/1000 00:06
val: New cache created: /home/lijinhe/work/YOLO_Retraining/runs/studies/balance_learning_curve_2batch_dedup_contrast/sequences/Balance_LC2B_ordered_tau096_mixed_release_drop_bg__seq-full-cold__stage0-stage7__yolov5s__s42/tasks/004__stage4__full-cold/data/backend_validation_images.cache
AutoAnchor: 5.69 anchors/target, 1.000 Best Possible Recall (BPR). Current anchors are a good fit to dataset ✅
Image sizes 640 train, 640 val
Using 16 dataloader workers
Logging results to /home/lijinhe/work/YOLO_Retraining/runs/studies/balance_learning_curve_2batch_dedup_contrast/sequences/Balance_LC2B_ordered_tau096_mixed_release_drop_bg__seq-full-cold__stage0-stage7__yolov5s__s42/tasks/004__stage4__full-cold/backend/yolov5/train
Starting training for 100 epochs...
Epoch    GPU_mem   box_loss   obj_loss   cls_loss  Instances       Size
0/99      13.9G     0.1029    0.02506    0.03765        159        640: 100%|██████████| 30/30 00:11
Class     Images  Instances          P          R      mAP50   mAP50-95: 100%|██████████| 8/8 00:06
all       1000        641      0.271     0.0402    0.00931    0.00206
Epoch    GPU_mem   box_loss   obj_loss   cls_loss  Instances       Size
1/99      13.9G    0.07636    0.02419    0.02269        161        640: 100%|██████████| 30/30 00:08
Class     Images  Instances          P          R      mAP50   mAP50-95: 100%|██████████| 8/8 00:06
all       1000        641      0.809     0.0482     0.0589     0.0165
Epoch    GPU_mem   box_loss   obj_loss   cls_loss  Instances       Size
2/99      13.9G    0.06986    0.02002    0.01703        168        640: 100%|██████████| 30/30 00:08
Class     Images  Instances          P          R      mAP50   mAP50-95: 100%|██████████| 8/8 00:04
all       1000        641       0.63      0.154      0.111      0.036
Epoch    GPU_mem   box_loss   obj_loss   cls_loss  Instances       Size
3/99      13.9G    0.06289    0.01764    0.01471        133        640: 100%|██████████| 30/30 00:05
Class     Images  Instances          P          R      mAP50   mAP50-95: 100%|██████████| 8/8 00:03
all       1000        641      0.456      0.405      0.262     0.0841
Epoch    GPU_mem   box_loss   obj_loss   cls_loss  Instances       Size
4/99      13.9G    0.05629    0.01704    0.01286        159        640: 100%|██████████| 30/30 00:05
Class     Images  Instances          P          R      mAP50   mAP50-95: 100%|██████████| 8/8 00:03
all       1000        641      0.478      0.356      0.226     0.0875
Epoch    GPU_mem   box_loss   obj_loss   cls_loss  Instances       Size
5/99      13.9G     0.0535    0.01633    0.01117        144        640: 100%|██████████| 30/30 00:08
Class     Images  Instances          P          R      mAP50   mAP50-95: 100%|██████████| 8/8 00:08
all       1000        641      0.655      0.319      0.319      0.143
Epoch    GPU_mem   box_loss   obj_loss   cls_loss  Instances       Size
6/99      13.9G    0.05152    0.01622    0.01043        139        640: 100%|██████████| 30/30 00:07
Class     Images  Instances          P          R      mAP50   mAP50-95: 100%|██████████| 8/8 00:03
all       1000        641      0.553      0.314      0.262      0.103
Epoch    GPU_mem   box_loss   obj_loss   cls_loss  Instances       Size
7/99      13.9G    0.04983    0.01582    0.01024        126        640: 100%|██████████| 30/30 00:05
Class     Images  Instances          P          R      mAP50   mAP50-95: 100%|██████████| 8/8 00:03
all       1000        641      0.716      0.338      0.368      0.176
Epoch    GPU_mem   box_loss   obj_loss   cls_loss  Instances       Size
8/99      13.9G    0.04911     0.0159   0.009681        176        640: 100%|██████████| 30/30 00:06
Class     Images  Instances          P          R      mAP50   mAP50-95: 100%|██████████| 8/8 00:02
all       1000        641      0.746      0.331      0.378      0.162
Epoch    GPU_mem   box_loss   obj_loss   cls_loss  Instances       Size
9/99      13.9G    0.04804    0.01586   0.008785        146        640: 100%|██████████| 30/30 00:08
Class     Images  Instances          P          R      mAP50   mAP50-95: 100%|██████████| 8/8 00:06
all       1000        641      0.674      0.323      0.353       0.15
Epoch    GPU_mem   box_loss   obj_loss   cls_loss  Instances       Size
10/99      13.9G    0.04674    0.01583   0.009069        180        640: 100%|██████████| 30/30 00:07
Class     Images  Instances          P          R      mAP50   mAP50-95: 100%|██████████| 8/8 00:03
all       1000        641       0.67      0.295      0.322      0.134
Epoch    GPU_mem   box_loss   obj_loss   cls_loss  Instances       Size
11/99      13.9G    0.04668    0.01561   0.007942        166        640: 100%|██████████| 30/30 00:05
Class     Images  Instances          P          R      mAP50   mAP50-95: 100%|██████████| 8/8 00:02
all       1000        641      0.768      0.366      0.411      0.199
Epoch    GPU_mem   box_loss   obj_loss   cls_loss  Instances       Size
12/99      13.9G    0.04604    0.01499   0.007607        164        640: 100%|██████████| 30/30 00:05
Class     Images  Instances          P          R      mAP50   mAP50-95: 100%|██████████| 8/8 00:04
all       1000        641      0.699      0.345       0.36       0.16
Epoch    GPU_mem   box_loss   obj_loss   cls_loss  Instances       Size
13/99      13.9G    0.04485    0.01532   0.007677        152        640: 100%|██████████| 30/30 00:06
Class     Images  Instances          P          R      mAP50   mAP50-95: 100%|██████████| 8/8 00:04
all       1000        641      0.789      0.311      0.376      0.158
Epoch    GPU_mem   box_loss   obj_loss   cls_loss  Instances       Size
14/99      13.9G    0.04447    0.01502   0.007361        167        640: 100%|██████████| 30/30 00:08
Class     Images  Instances          P          R      mAP50   mAP50-95: 100%|██████████| 8/8 00:06
all       1000        641      0.609      0.315      0.312      0.155
Epoch    GPU_mem   box_loss   obj_loss   cls_loss  Instances       Size
15/99      13.9G    0.04291    0.01471   0.007003        146        640: 100%|██████████| 30/30 00:09
Class     Images  Instances          P          R      mAP50   mAP50-95: 100%|██████████| 8/8 00:10
all       1000        641      0.722      0.358      0.408      0.203
Epoch    GPU_mem   box_loss   obj_loss   cls_loss  Instances       Size
16/99      13.9G    0.04258    0.01425    0.00631        149        640: 100%|██████████| 30/30 00:05
Class     Images  Instances          P          R      mAP50   mAP50-95: 100%|██████████| 8/8 00:02
all       1000        641       0.69      0.358      0.359      0.144
Epoch    GPU_mem   box_loss   obj_loss   cls_loss  Instances       Size
17/99      13.9G    0.04258    0.01401   0.005538        154        640: 100%|██████████| 30/30 00:06
Class     Images  Instances          P          R      mAP50   mAP50-95: 100%|██████████| 8/8 00:02
all       1000        641      0.723      0.386      0.415       0.19
Epoch    GPU_mem   box_loss   obj_loss   cls_loss  Instances       Size
18/99      13.9G    0.04187    0.01418   0.006039        157        640: 100%|██████████| 30/30 00:07
Class     Images  Instances          P          R      mAP50   mAP50-95: 100%|██████████| 8/8 00:02
all       1000        641      0.799      0.379      0.435      0.226
Epoch    GPU_mem   box_loss   obj_loss   cls_loss  Instances       Size
19/99      13.9G    0.04085     0.0141   0.005936        158        640: 100%|██████████| 30/30 00:18
Class     Images  Instances          P          R      mAP50   mAP50-95: 100%|██████████| 8/8 00:03
all       1000        641      0.748      0.349      0.403        0.2
Epoch    GPU_mem   box_loss   obj_loss   cls_loss  Instances       Size
20/99      13.9G    0.04113     0.0138   0.005587        138        640: 100%|██████████| 30/30 00:05
Class     Images  Instances          P          R      mAP50   mAP50-95: 100%|██████████| 8/8 00:03
all       1000        641      0.741      0.381      0.415      0.197
Epoch    GPU_mem   box_loss   obj_loss   cls_loss  Instances       Size
21/99      13.9G    0.04021    0.01384   0.005388        144        640: 100%|██████████| 30/30 00:06
Class     Images  Instances          P          R      mAP50   mAP50-95: 100%|██████████| 8/8 00:02
all       1000        641      0.785      0.409       0.46      0.233
Epoch    GPU_mem   box_loss   obj_loss   cls_loss  Instances       Size
22/99      13.9G    0.03981    0.01355   0.005067        139        640: 100%|██████████| 30/30 00:08
Class     Images  Instances          P          R      mAP50   mAP50-95: 100%|██████████| 8/8 00:09
all       1000        641      0.782      0.412      0.465      0.227
Epoch    GPU_mem   box_loss   obj_loss   cls_loss  Instances       Size
23/99      13.9G    0.03905    0.01331    0.00487        122        640: 100%|██████████| 30/30 00:08
Class     Images  Instances          P          R      mAP50   mAP50-95: 100%|██████████| 8/8 00:04
all       1000        641      0.804      0.372      0.464      0.229
Epoch    GPU_mem   box_loss   obj_loss   cls_loss  Instances       Size
24/99      13.9G    0.03932    0.01356   0.004804        150        640: 100%|██████████| 30/30 00:05
Class     Images  Instances          P          R      mAP50   mAP50-95: 100%|██████████| 8/8 00:02
all       1000        641      0.755      0.363       0.43      0.216
Epoch    GPU_mem   box_loss   obj_loss   cls_loss  Instances       Size
25/99      13.9G    0.03861    0.01325   0.004572        150        640: 100%|██████████| 30/30 00:06
Class     Images  Instances          P          R      mAP50   mAP50-95: 100%|██████████| 8/8 00:03
all       1000        641      0.734      0.386      0.426      0.218
Epoch    GPU_mem   box_loss   obj_loss   cls_loss  Instances       Size
26/99      13.9G     0.0379    0.01297   0.003499        141        640: 100%|██████████| 30/30 00:07
Class     Images  Instances          P          R      mAP50   mAP50-95: 100%|██████████| 8/8 00:03
all       1000        641      0.774      0.421      0.475       0.23
Epoch    GPU_mem   box_loss   obj_loss   cls_loss  Instances       Size
27/99      13.9G    0.03789    0.01259   0.004458        145        640: 100%|██████████| 30/30 00:08
Class     Images  Instances          P          R      mAP50   mAP50-95: 100%|██████████| 8/8 00:06
all       1000        641      0.809      0.417       0.46      0.226
Epoch    GPU_mem   box_loss   obj_loss   cls_loss  Instances       Size
28/99      13.9G    0.03723    0.01278   0.004069        136        640: 100%|██████████| 30/30 00:08
Class     Images  Instances          P          R      mAP50   mAP50-95: 100%|██████████| 8/8 00:11
all       1000        641      0.808      0.346      0.377      0.182
Epoch    GPU_mem   box_loss   obj_loss   cls_loss  Instances       Size
29/99      13.9G    0.03724    0.01287   0.004106        155        640: 100%|██████████| 30/30 00:05
Class     Images  Instances          P          R      mAP50   mAP50-95: 100%|██████████| 8/8 00:03
all       1000        641      0.805      0.395      0.435      0.223
Epoch    GPU_mem   box_loss   obj_loss   cls_loss  Instances       Size
30/99      13.9G     0.0369    0.01302   0.004229        130        640: 100%|██████████| 30/30 00:06
Class     Images  Instances          P          R      mAP50   mAP50-95: 100%|██████████| 8/8 00:03
all       1000        641      0.755      0.408      0.442       0.24
Epoch    GPU_mem   box_loss   obj_loss   cls_loss  Instances       Size
31/99      13.9G    0.03623    0.01273   0.003834        151        640: 100%|██████████| 30/30 00:08
Class     Images  Instances          P          R      mAP50   mAP50-95: 100%|██████████| 8/8 00:12
all       1000        641      0.724      0.431      0.471       0.25
Epoch    GPU_mem   box_loss   obj_loss   cls_loss  Instances       Size
32/99      13.9G    0.03611    0.01264   0.003647        154        640: 100%|██████████| 30/30 00:07
Class     Images  Instances          P          R      mAP50   mAP50-95: 100%|██████████| 8/8 00:02
all       1000        641      0.778      0.418      0.467      0.243
Epoch    GPU_mem   box_loss   obj_loss   cls_loss  Instances       Size
33/99      13.9G     0.0355    0.01242   0.004394        144        640: 100%|██████████| 30/30 00:05
Class     Images  Instances          P          R      mAP50   mAP50-95: 100%|██████████| 8/8 00:02
all       1000        641      0.758       0.41      0.451      0.242
Epoch    GPU_mem   box_loss   obj_loss   cls_loss  Instances       Size
34/99      13.9G    0.03594     0.0124   0.003613        192        640: 100%|██████████| 30/30 00:08
Class     Images  Instances          P          R      mAP50   mAP50-95: 100%|██████████| 8/8 00:03
all       1000        641      0.772      0.378      0.426        0.2
Epoch    GPU_mem   box_loss   obj_loss   cls_loss  Instances       Size
35/99      13.9G    0.03525    0.01265   0.003678        125        640: 100%|██████████| 30/30 00:08
Class     Images  Instances          P          R      mAP50   mAP50-95: 100%|██████████| 8/8 00:06
all       1000        641      0.808      0.411      0.463      0.225
Epoch    GPU_mem   box_loss   obj_loss   cls_loss  Instances       Size
36/99      13.9G    0.03516    0.01227   0.003662        132        640: 100%|██████████| 30/30 00:08
Class     Images  Instances          P          R      mAP50   mAP50-95: 100%|██████████| 8/8 00:06
all       1000        641      0.776      0.414      0.467      0.242
Epoch    GPU_mem   box_loss   obj_loss   cls_loss  Instances       Size
37/99      13.9G    0.03465    0.01207   0.003327        161        640: 100%|██████████| 30/30 00:08
Class     Images  Instances          P          R      mAP50   mAP50-95: 100%|██████████| 8/8 00:07
all       1000        641      0.802      0.429      0.467       0.24
Epoch    GPU_mem   box_loss   obj_loss   cls_loss  Instances       Size
38/99      13.9G    0.03416    0.01192   0.003438        155        640: 100%|██████████| 30/30 00:05
Class     Images  Instances          P          R      mAP50   mAP50-95: 100%|██████████| 8/8 00:02
all       1000        641       0.72       0.39      0.422        0.2
Epoch    GPU_mem   box_loss   obj_loss   cls_loss  Instances       Size
39/99      13.9G    0.03397    0.01232   0.002945        164        640: 100%|██████████| 30/30 00:06
Class     Images  Instances          P          R      mAP50   mAP50-95: 100%|██████████| 8/8 00:02
all       1000        641      0.794       0.41      0.444       0.23
Epoch    GPU_mem   box_loss   obj_loss   cls_loss  Instances       Size
40/99      13.9G    0.03347    0.01191   0.002382        161        640: 100%|██████████| 30/30 00:09
Class     Images  Instances          P          R      mAP50   mAP50-95: 100%|██████████| 8/8 00:06
all       1000        641       0.84      0.417      0.473      0.252
Epoch    GPU_mem   box_loss   obj_loss   cls_loss  Instances       Size
41/99      13.9G    0.03302    0.01158   0.002683        155        640: 100%|██████████| 30/30 00:12
Class     Images  Instances          P          R      mAP50   mAP50-95: 100%|██████████| 8/8 00:02
all       1000        641      0.824      0.397      0.461      0.235
Epoch    GPU_mem   box_loss   obj_loss   cls_loss  Instances       Size
42/99      13.9G    0.03253    0.01133   0.002781        161        640: 100%|██████████| 30/30 00:06
Class     Images  Instances          P          R      mAP50   mAP50-95: 100%|██████████| 8/8 00:02
all       1000        641        0.8      0.439      0.489      0.248
Epoch    GPU_mem   box_loss   obj_loss   cls_loss  Instances       Size
43/99      13.9G    0.03232    0.01145   0.002647        174        640: 100%|██████████| 30/30 00:06
Class     Images  Instances          P          R      mAP50   mAP50-95: 100%|██████████| 8/8 00:02
all       1000        641      0.816      0.416      0.466      0.245
Epoch    GPU_mem   box_loss   obj_loss   cls_loss  Instances       Size
44/99      13.9G     0.0327    0.01166   0.002918        174        640: 100%|██████████| 30/30 00:14
Class     Images  Instances          P          R      mAP50   mAP50-95: 100%|██████████| 8/8 00:06
all       1000        641       0.77      0.434      0.473      0.249
Epoch    GPU_mem   box_loss   obj_loss   cls_loss  Instances       Size
45/99      13.9G    0.03166    0.01118   0.002753        125        640: 100%|██████████| 30/30 00:05
Class     Images  Instances          P          R      mAP50   mAP50-95: 100%|██████████| 8/8 00:02
all       1000        641      0.742       0.45      0.466      0.238
Epoch    GPU_mem   box_loss   obj_loss   cls_loss  Instances       Size
46/99      13.9G    0.03196    0.01129   0.002593        154        640: 100%|██████████| 30/30 00:06
Class     Images  Instances          P          R      mAP50   mAP50-95: 100%|██████████| 8/8 00:02
all       1000        641      0.758      0.389      0.436       0.24
Epoch    GPU_mem   box_loss   obj_loss   cls_loss  Instances       Size
47/99      13.9G    0.03171    0.01134   0.002581        167        640: 100%|██████████| 30/30 00:09
Class     Images  Instances          P          R      mAP50   mAP50-95: 100%|██████████| 8/8 00:05
all       1000        641       0.73      0.455      0.458       0.23
Epoch    GPU_mem   box_loss   obj_loss   cls_loss  Instances       Size
48/99      13.9G    0.03139    0.01109    0.00232        160        640: 100%|██████████| 30/30 00:07
Class     Images  Instances          P          R      mAP50   mAP50-95: 100%|██████████| 8/8 00:06
all       1000        641      0.792      0.435      0.473      0.261
Epoch    GPU_mem   box_loss   obj_loss   cls_loss  Instances       Size
49/99      13.9G    0.03138    0.01115    0.00275        130        640: 100%|██████████| 30/30 00:07
Class     Images  Instances          P          R      mAP50   mAP50-95: 100%|██████████| 8/8 00:02
all       1000        641      0.792      0.437      0.489      0.262
Epoch    GPU_mem   box_loss   obj_loss   cls_loss  Instances       Size
50/99      13.9G    0.03062    0.01082   0.002174        171        640: 100%|██████████| 30/30 00:05
Class     Images  Instances          P          R      mAP50   mAP50-95: 100%|██████████| 8/8 00:03
all       1000        641      0.739      0.458       0.46      0.245
Epoch    GPU_mem   box_loss   obj_loss   cls_loss  Instances       Size
51/99      13.9G    0.02971    0.01088    0.00233        142        640: 100%|██████████| 30/30 00:07
Class     Images  Instances          P          R      mAP50   mAP50-95: 100%|██████████| 8/8 00:02
all       1000        641      0.822      0.405      0.472      0.258
Epoch    GPU_mem   box_loss   obj_loss   cls_loss  Instances       Size
52/99      13.9G    0.03016    0.01078    0.00198        171        640: 100%|██████████| 30/30 00:05
Class     Images  Instances          P          R      mAP50   mAP50-95: 100%|██████████| 8/8 00:04
all       1000        641      0.848      0.397      0.468       0.26
Epoch    GPU_mem   box_loss   obj_loss   cls_loss  Instances       Size
53/99      13.9G    0.02957     0.0105    0.00199        149        640: 100%|██████████| 30/30 00:08
Class     Images  Instances          P          R      mAP50   mAP50-95: 100%|██████████| 8/8 00:06
all       1000        641       0.82      0.434      0.494      0.279
Epoch    GPU_mem   box_loss   obj_loss   cls_loss  Instances       Size
54/99      13.9G    0.02965    0.01024      0.002        157        640: 100%|██████████| 30/30 00:15
Class     Images  Instances          P          R      mAP50   mAP50-95: 100%|██████████| 8/8 00:06
all       1000        641       0.87       0.41      0.492      0.275
Epoch    GPU_mem   box_loss   obj_loss   cls_loss  Instances       Size
55/99      13.9G    0.02902    0.01027   0.002241        174        640: 100%|██████████| 30/30 00:07
Class     Images  Instances          P          R      mAP50   mAP50-95: 100%|██████████| 8/8 00:02
all       1000        641      0.839      0.427       0.49      0.262
Epoch    GPU_mem   box_loss   obj_loss   cls_loss  Instances       Size
56/99      13.9G    0.02895    0.01052   0.002003        172        640: 100%|██████████| 30/30 00:05
Class     Images  Instances          P          R      mAP50   mAP50-95: 100%|██████████| 8/8 00:02
all       1000        641      0.812      0.437      0.474      0.261
Epoch    GPU_mem   box_loss   obj_loss   cls_loss  Instances       Size
57/99      13.9G    0.02859    0.01018   0.002118        169        640: 100%|██████████| 30/30 00:08
Class     Images  Instances          P          R      mAP50   mAP50-95: 100%|██████████| 8/8 00:06
all       1000        641      0.837      0.424       0.47      0.259
Epoch    GPU_mem   box_loss   obj_loss   cls_loss  Instances       Size
58/99      13.9G     0.0287    0.01029   0.001986        160        640: 100%|██████████| 30/30 00:06
Class     Images  Instances          P          R      mAP50   mAP50-95: 100%|██████████| 8/8 00:05
all       1000        641      0.789      0.481      0.509      0.275
Epoch    GPU_mem   box_loss   obj_loss   cls_loss  Instances       Size
59/99      13.9G    0.02831    0.01013    0.00209        161        640: 100%|██████████| 30/30 00:08
Class     Images  Instances          P          R      mAP50   mAP50-95: 100%|██████████| 8/8 00:05
all       1000        641      0.841       0.45      0.497      0.269
Epoch    GPU_mem   box_loss   obj_loss   cls_loss  Instances       Size
60/99      13.9G    0.02822   0.009886   0.001741        159        640: 100%|██████████| 30/30 00:10
Class     Images  Instances          P          R      mAP50   mAP50-95: 100%|██████████| 8/8 00:10
all       1000        641      0.808      0.456      0.489      0.265
Epoch    GPU_mem   box_loss   obj_loss   cls_loss  Instances       Size
61/99      13.9G    0.02774   0.009941   0.001709        157        640: 100%|██████████| 30/30 00:07
Class     Images  Instances          P          R      mAP50   mAP50-95: 100%|██████████| 8/8 00:05
all       1000        641      0.794      0.448       0.48      0.254
Epoch    GPU_mem   box_loss   obj_loss   cls_loss  Instances       Size
62/99      13.9G    0.02779    0.01021   0.001644        144        640: 100%|██████████| 30/30 00:06
Class     Images  Instances          P          R      mAP50   mAP50-95: 100%|██████████| 8/8 00:02
all       1000        641      0.841       0.42      0.488      0.265
Epoch    GPU_mem   box_loss   obj_loss   cls_loss  Instances       Size
63/99      13.9G      0.027   0.009681   0.001478        138        640: 100%|██████████| 30/30 00:06
Class     Images  Instances          P          R      mAP50   mAP50-95: 100%|██████████| 8/8 00:04
all       1000        641      0.836      0.431      0.493      0.261
Epoch    GPU_mem   box_loss   obj_loss   cls_loss  Instances       Size
64/99      13.9G    0.02726   0.009827   0.001406        138        640: 100%|██████████| 30/30 00:06
Class     Images  Instances          P          R      mAP50   mAP50-95: 100%|██████████| 8/8 00:02
all       1000        641      0.809      0.438      0.485      0.265
Epoch    GPU_mem   box_loss   obj_loss   cls_loss  Instances       Size
65/99      13.9G    0.02706   0.009422   0.001826        132        640: 100%|██████████| 30/30 00:08
Class     Images  Instances          P          R      mAP50   mAP50-95: 100%|██████████| 8/8 00:06
all       1000        641      0.868      0.409      0.482      0.257
Epoch    GPU_mem   box_loss   obj_loss   cls_loss  Instances       Size
66/99      13.9G    0.02738   0.009755   0.001746        131        640: 100%|██████████| 30/30 00:09
Class     Images  Instances          P          R      mAP50   mAP50-95: 100%|██████████| 8/8 00:09
all       1000        641      0.781       0.43      0.477      0.251
Epoch    GPU_mem   box_loss   obj_loss   cls_loss  Instances       Size
67/99      13.9G    0.02647   0.009643   0.001448        142        640: 100%|██████████| 30/30 00:05
Class     Images  Instances          P          R      mAP50   mAP50-95: 100%|██████████| 8/8 00:02
all       1000        641      0.809      0.455      0.503       0.26
Epoch    GPU_mem   box_loss   obj_loss   cls_loss  Instances       Size
68/99      13.9G    0.02666    0.00962   0.001678        144        640: 100%|██████████| 30/30 00:05
Class     Images  Instances          P          R      mAP50   mAP50-95: 100%|██████████| 8/8 00:02
all       1000        641      0.837      0.437      0.509      0.272
Epoch    GPU_mem   box_loss   obj_loss   cls_loss  Instances       Size
69/99      13.9G    0.02599   0.009547   0.001312        131        640: 100%|██████████| 30/30 00:09
Class     Images  Instances          P          R      mAP50   mAP50-95: 100%|██████████| 8/8 00:05
all       1000        641      0.844      0.425      0.487      0.272
Epoch    GPU_mem   box_loss   obj_loss   cls_loss  Instances       Size
70/99      13.9G    0.02618   0.009478   0.001566        145        640: 100%|██████████| 30/30 00:14
Class     Images  Instances          P          R      mAP50   mAP50-95: 100%|██████████| 8/8 00:03
all       1000        641      0.875      0.433      0.515      0.274
Epoch    GPU_mem   box_loss   obj_loss   cls_loss  Instances       Size
71/99      13.9G    0.02569   0.009352   0.001338        145        640: 100%|██████████| 30/30 00:05
Class     Images  Instances          P          R      mAP50   mAP50-95: 100%|██████████| 8/8 00:02
all       1000        641      0.827      0.452      0.506      0.273
Epoch    GPU_mem   box_loss   obj_loss   cls_loss  Instances       Size
72/99      13.9G    0.02544   0.009148    0.00147        150        640: 100%|██████████| 30/30 00:06
Class     Images  Instances          P          R      mAP50   mAP50-95: 100%|██████████| 8/8 00:02
all       1000        641      0.805      0.438      0.495      0.274
Epoch    GPU_mem   box_loss   obj_loss   cls_loss  Instances       Size
73/99      13.9G    0.02535   0.009156   0.001414        161        640: 100%|██████████| 30/30 00:08
Class     Images  Instances          P          R      mAP50   mAP50-95: 100%|██████████| 8/8 00:02
all       1000        641      0.847      0.427      0.513      0.284
Epoch    GPU_mem   box_loss   obj_loss   cls_loss  Instances       Size
74/99      13.9G    0.02516   0.009118    0.00144        134        640: 100%|██████████| 30/30 00:09
Class     Images  Instances          P          R      mAP50   mAP50-95: 100%|██████████| 8/8 00:05
all       1000        641      0.811      0.446        0.5      0.269
Epoch    GPU_mem   box_loss   obj_loss   cls_loss  Instances       Size
75/99      13.9G    0.02478   0.009436   0.001197        173        640: 100%|██████████| 30/30 00:05
Class     Images  Instances          P          R      mAP50   mAP50-95: 100%|██████████| 8/8 00:02
all       1000        641      0.834      0.434      0.498      0.274
Epoch    GPU_mem   box_loss   obj_loss   cls_loss  Instances       Size
76/99      13.9G    0.02499   0.009175    0.00159        141        640: 100%|██████████| 30/30 00:07
Class     Images  Instances          P          R      mAP50   mAP50-95: 100%|██████████| 8/8 00:05
all       1000        641       0.85      0.465      0.516      0.285
Epoch    GPU_mem   box_loss   obj_loss   cls_loss  Instances       Size
77/99      13.9G    0.02476    0.00911   0.001157        151        640: 100%|██████████| 30/30 00:08
Class     Images  Instances          P          R      mAP50   mAP50-95: 100%|██████████| 8/8 00:04
all       1000        641      0.855      0.449      0.506      0.284
Epoch    GPU_mem   box_loss   obj_loss   cls_loss  Instances       Size
78/99      13.9G    0.02426   0.009013    0.00115        147        640: 100%|██████████| 30/30 00:07
Class     Images  Instances          P          R      mAP50   mAP50-95: 100%|██████████| 8/8 00:04
all       1000        641      0.851      0.413      0.482      0.262
Epoch    GPU_mem   box_loss   obj_loss   cls_loss  Instances       Size
79/99      13.9G    0.02452   0.008795   0.001149        163        640: 100%|██████████| 30/30 00:07
Class     Images  Instances          P          R      mAP50   mAP50-95: 100%|██████████| 8/8 00:03
all       1000        641      0.818       0.45      0.493      0.275
Epoch    GPU_mem   box_loss   obj_loss   cls_loss  Instances       Size
80/99      13.9G    0.02402   0.008868   0.001428        161        640: 100%|██████████| 30/30 00:07
Class     Images  Instances          P          R      mAP50   mAP50-95: 100%|██████████| 8/8 00:05
all       1000        641      0.842      0.423       0.49      0.276
Epoch    GPU_mem   box_loss   obj_loss   cls_loss  Instances       Size
81/99      13.9G    0.02378   0.008652  0.0009769        159        640: 100%|██████████| 30/30 00:05
Class     Images  Instances          P          R      mAP50   mAP50-95: 100%|██████████| 8/8 00:02
all       1000        641       0.58      0.439      0.496      0.275
Epoch    GPU_mem   box_loss   obj_loss   cls_loss  Instances       Size
82/99      13.9G    0.02327   0.008701   0.001222        150        640: 100%|██████████| 30/30 00:06
Class     Images  Instances          P          R      mAP50   mAP50-95: 100%|██████████| 8/8 00:03
all       1000        641      0.586      0.446      0.503      0.282
Epoch    GPU_mem   box_loss   obj_loss   cls_loss  Instances       Size
83/99      13.9G    0.02343   0.008773   0.001082        163        640: 100%|██████████| 30/30 00:09
Class     Images  Instances          P          R      mAP50   mAP50-95: 100%|██████████| 8/8 00:12
all       1000        641      0.871      0.416      0.502      0.274
Epoch    GPU_mem   box_loss   obj_loss   cls_loss  Instances       Size
84/99      13.9G    0.02292   0.008577  0.0009283        141        640: 100%|██████████| 30/30 00:08
Class     Images  Instances          P          R      mAP50   mAP50-95: 100%|██████████| 8/8 00:04
all       1000        641      0.592      0.458      0.499      0.273
Epoch    GPU_mem   box_loss   obj_loss   cls_loss  Instances       Size
85/99      13.9G    0.02286    0.00873   0.001021        156        640: 100%|██████████| 30/30 00:05
Class     Images  Instances          P          R      mAP50   mAP50-95: 100%|██████████| 8/8 00:02
all       1000        641      0.607      0.425      0.494      0.277
Epoch    GPU_mem   box_loss   obj_loss   cls_loss  Instances       Size
86/99      13.9G    0.02285   0.008528  0.0008799        158        640: 100%|██████████| 30/30 00:06
Class     Images  Instances          P          R      mAP50   mAP50-95: 100%|██████████| 8/8 00:02
all       1000        641      0.594      0.441       0.51      0.281
Epoch    GPU_mem   box_loss   obj_loss   cls_loss  Instances       Size
87/99      13.9G     0.0224   0.008551  0.0009384        148        640: 100%|██████████| 30/30 00:08
Class     Images  Instances          P          R      mAP50   mAP50-95: 100%|██████████| 8/8 00:02
all       1000        641      0.576      0.473       0.52      0.295
Epoch    GPU_mem   box_loss   obj_loss   cls_loss  Instances       Size
88/99      13.9G    0.02247   0.008437  0.0009776        152        640: 100%|██████████| 30/30 00:09
Class     Images  Instances          P          R      mAP50   mAP50-95: 100%|██████████| 8/8 00:04
all       1000        641      0.557      0.462      0.504      0.286
Epoch    GPU_mem   box_loss   obj_loss   cls_loss  Instances       Size
89/99      13.9G    0.02212    0.00815   0.000891        133        640: 100%|██████████| 30/30 00:06
Class     Images  Instances          P          R      mAP50   mAP50-95: 100%|██████████| 8/8 00:02
all       1000        641      0.603      0.449      0.511      0.288
Epoch    GPU_mem   box_loss   obj_loss   cls_loss  Instances       Size
90/99      13.9G    0.02211   0.008654  0.0008441        162        640: 100%|██████████| 30/30 00:08
Class     Images  Instances          P          R      mAP50   mAP50-95: 100%|██████████| 8/8 00:02
all       1000        641        0.6       0.45      0.509      0.285
Epoch    GPU_mem   box_loss   obj_loss   cls_loss  Instances       Size
91/99      13.9G    0.02195    0.00822   0.001031        153        640: 100%|██████████| 30/30 00:06
Class     Images  Instances          P          R      mAP50   mAP50-95: 100%|██████████| 8/8 00:02
all       1000        641      0.623      0.449      0.512      0.284
Epoch    GPU_mem   box_loss   obj_loss   cls_loss  Instances       Size
92/99      13.9G    0.02175   0.008309  0.0008519        161        640: 100%|██████████| 30/30 00:09
Class     Images  Instances          P          R      mAP50   mAP50-95: 100%|██████████| 8/8 00:05
all       1000        641      0.608       0.45      0.505      0.283
Epoch    GPU_mem   box_loss   obj_loss   cls_loss  Instances       Size
93/99      13.9G     0.0212   0.008228  0.0008859        146        640: 100%|██████████| 30/30 00:14
Class     Images  Instances          P          R      mAP50   mAP50-95: 100%|██████████| 8/8 00:05
all       1000        641      0.608      0.445      0.519      0.293
Epoch    GPU_mem   box_loss   obj_loss   cls_loss  Instances       Size
94/99      13.9G    0.02159   0.008332   0.001034        156        640: 100%|██████████| 30/30 00:05
Class     Images  Instances          P          R      mAP50   mAP50-95: 100%|██████████| 8/8 00:02
all       1000        641      0.602      0.465      0.514      0.291
Epoch    GPU_mem   box_loss   obj_loss   cls_loss  Instances       Size
95/99      13.9G    0.02151   0.008402   0.001031        140        640: 100%|██████████| 30/30 00:07
Class     Images  Instances          P          R      mAP50   mAP50-95: 100%|██████████| 8/8 00:02
all       1000        641      0.618      0.444      0.512       0.29
Epoch    GPU_mem   box_loss   obj_loss   cls_loss  Instances       Size
96/99      13.9G    0.02113   0.008312   0.000729        165        640: 100%|██████████| 30/30 00:09
Class     Images  Instances          P          R      mAP50   mAP50-95: 100%|██████████| 8/8 00:02
all       1000        641      0.631      0.448       0.52      0.295
Epoch    GPU_mem   box_loss   obj_loss   cls_loss  Instances       Size
97/99      13.9G    0.02109   0.008278   0.000903        133        640: 100%|██████████| 30/30 00:09
Class     Images  Instances          P          R      mAP50   mAP50-95: 100%|██████████| 8/8 00:06
all       1000        641      0.616      0.454      0.526      0.297
Epoch    GPU_mem   box_loss   obj_loss   cls_loss  Instances       Size
98/99      13.9G     0.0214   0.008055  0.0009197        156        640: 100%|██████████| 30/30 00:05
Class     Images  Instances          P          R      mAP50   mAP50-95: 100%|██████████| 8/8 00:02
all       1000        641      0.619      0.447       0.52       0.29
Epoch    GPU_mem   box_loss   obj_loss   cls_loss  Instances       Size
99/99      13.9G    0.02124   0.008177    0.00074        151        640: 100%|██████████| 30/30 00:07
Class     Images  Instances          P          R      mAP50   mAP50-95: 100%|██████████| 8/8 00:04
all       1000        641      0.628      0.444      0.525      0.291
100 epochs completed in 0.364 hours.
Optimizer stripped from /home/lijinhe/work/YOLO_Retraining/runs/studies/balance_learning_curve_2batch_dedup_contrast/sequences/Balance_LC2B_ordered_tau096_mixed_release_drop_bg__seq-full-cold__stage0-stage7__yolov5s__s42/tasks/004__stage4__full-cold/backend/yolov5/train/weights/last.pt, 14.4MB
Optimizer stripped from /home/lijinhe/work/YOLO_Retraining/runs/studies/balance_learning_curve_2batch_dedup_contrast/sequences/Balance_LC2B_ordered_tau096_mixed_release_drop_bg__seq-full-cold__stage0-stage7__yolov5s__s42/tasks/004__stage4__full-cold/backend/yolov5/train/weights/best.pt, 14.4MB
Validating /home/lijinhe/work/YOLO_Retraining/runs/studies/balance_learning_curve_2batch_dedup_contrast/sequences/Balance_LC2B_ordered_tau096_mixed_release_drop_bg__seq-full-cold__stage0-stage7__yolov5s__s42/tasks/004__stage4__full-cold/backend/yolov5/train/weights/best.pt...
Fusing layers...
Model summary: 157 layers, 7020913 parameters, 0 gradients, 15.8 GFLOPs
Class     Images  Instances          P          R      mAP50   mAP50-95: 100%|██████████| 8/8 00:02
all       1000        641      0.618      0.454      0.524      0.296
large luggage       1000        410      0.702      0.523      0.566        0.3
stroller       1000        169      0.846      0.617      0.731      0.375
wheelchair       1000         53      0.923      0.675      0.741      0.479
flatbed truck       1000          9          0          0      0.059     0.0294
Results saved to /home/lijinhe/work/YOLO_Retraining/runs/studies/balance_learning_curve_2batch_dedup_contrast/sequences/Balance_LC2B_ordered_tau096_mixed_release_drop_bg__seq-full-cold__stage0-stage7__yolov5s__s42/tasks/004__stage4__full-cold/backend/yolov5/train
terminate called without an active exception
terminate called without an active exception
Exception ignored in: <function _MultiProcessingDataLoaderIter.__del__ at 0x7fa6c6d7e830>
Traceback (most recent call last):
File "/home/lijinhe/miniforge3/envs/yolo-retraining-v5/lib/python3.10/site-packages/torch/utils/data/dataloader.py", line 1479, in __del__
self._shutdown_workers()
File "/home/lijinhe/miniforge3/envs/yolo-retraining-v5/lib/python3.10/site-packages/torch/utils/data/dataloader.py", line 1443, in _shutdown_workers
w.join(timeout=_utils.MP_STATUS_CHECK_INTERVAL)
File "/home/lijinhe/miniforge3/envs/yolo-retraining-v5/lib/python3.10/multiprocessing/process.py", line 149, in join
res = self._popen.wait(timeout)
File "/home/lijinhe/miniforge3/envs/yolo-retraining-v5/lib/python3.10/multiprocessing/popen_fork.py", line 40, in wait
if not wait([self.sentinel], timeout):
File "/home/lijinhe/miniforge3/envs/yolo-retraining-v5/lib/python3.10/multiprocessing/connection.py", line 931, in wait
ready = selector.select(timeout)
File "/home/lijinhe/miniforge3/envs/yolo-retraining-v5/lib/python3.10/selectors.py", line 416, in select
fd_event_list = self._selector.poll(timeout)
File "/home/lijinhe/miniforge3/envs/yolo-retraining-v5/lib/python3.10/site-packages/torch/utils/data/_utils/signal_handling.py", line 66, in handler
_error_if_any_worker_fails()
RuntimeError: DataLoader worker (pid 3105752) is killed by signal: Aborted.
[YOLOv5] compacted progress updates: 7289 -> 203 lines
[YOLOv5] coalesced warning: incomplete JPEG accepted read-only; count=2908; by_source=train=1910, val=998
[YOLOv5] warning example: train: WARNING ⚠️ /home/lijinhe/work/YOLO_Retraining/data/self_improving/images/0720_1/00026_1780988026413145_0.jpg: incomplete JPEG accepted read-only
[YOLOv5] warning example: train: WARNING ⚠️ /home/lijinhe/work/YOLO_Retraining/data/self_improving/images/0720_1/00029_1780988037801366_0.jpg: incomplete JPEG accepted read-only
[YOLOv5] warning example: train: WARNING ⚠️ /home/lijinhe/work/YOLO_Retraining/data/self_improving/images/0720_1/00032_1780988047890368_0.jpg: incomplete JPEG accepted read-only
