train: weights=/home/lijinhe/work/YOLO_Retraining/runs/sequences/0813-165402__seq-full-warm__stage0-stage3__yolov5s__s42/tasks/002__stage2__full-warm/checkpoints/last.pt, cfg=, data=/home/lijinhe/work/YOLO_Retraining/runs/sequences/0813-165402__seq-full-warm__stage0-stage3__yolov5s__s42/tasks/003__stage3__full-warm/data/backend_data.yaml, hyp=data/hyps/hyp.scratch-low.yaml, epochs=100, batch_size=64, imgsz=640, rect=False, resume=False, nosave=False, noval=False, noautoanchor=False, noplots=True, evolve=None, bucket=, cache=None, image_weights=False, device=0, multi_scale=False, single_cls=False, optimizer=SGD, sync_bn=False, workers=8, project=/home/lijinhe/work/YOLO_Retraining/runs/sequences/0813-165402__seq-full-warm__stage0-stage3__yolov5s__s42/tasks/003__stage3__full-warm/backend/yolov5, name=train, exist_ok=True, quad=False, cos_lr=False, label_smoothing=0.0, patience=100, freeze=[0], save_period=-1, seed=45, local_rank=-1, entity=None, upload_dataset=False, bbox_interval=-1, artifact_alias=latest
github: skipping check (offline), for updates see https://github.com/ultralytics/yolov5
YOLOv5 🚀 v7.0-0-g915bbf29 Python-3.10.20 torch-2.2.2+cu121 CUDA:0 (NVIDIA H100 PCIe, 81090MiB)
hyperparameters: lr0=0.01, lrf=0.01, momentum=0.937, weight_decay=0.0005, warmup_epochs=3.0, warmup_momentum=0.8, warmup_bias_lr=0.1, box=0.05, cls=0.5, cls_pw=1.0, obj=1.0, obj_pw=1.0, iou_t=0.2, anchor_t=4.0, fl_gamma=0.0, hsv_h=0.015, hsv_s=0.7, hsv_v=0.4, degrees=0.0, translate=0.1, scale=0.5, shear=0.0, perspective=0.0, flipud=0.0, fliplr=0.5, mosaic=1.0, mixup=0.0, copy_paste=0.0
ClearML: run 'pip install clearml' to automatically track, visualize and remotely train YOLOv5 🚀 in ClearML
Comet: run 'pip install comet_ml' to automatically track and visualize YOLOv5 🚀 runs in Comet
TensorBoard: Start with 'tensorboard --logdir /home/lijinhe/work/YOLO_Retraining/runs/sequences/0813-165402__seq-full-warm__stage0-stage3__yolov5s__s42/tasks/003__stage3__full-warm/backend/yolov5', view at http://localhost:6006/
from  n    params  module                                  arguments
0                -1  1      3520  models.common.Conv                      [3, 32, 6, 2, 2]
1                -1  1     18560  models.common.Conv                      [32, 64, 3, 2]
2                -1  1     18816  models.common.C3                        [64, 64, 1]
3                -1  1     73984  models.common.Conv                      [64, 128, 3, 2]
4                -1  2    115712  models.common.C3                        [128, 128, 2]
5                -1  1    295424  models.common.Conv                      [128, 256, 3, 2]
6                -1  3    625152  models.common.C3                        [256, 256, 3]
7                -1  1   1180672  models.common.Conv                      [256, 512, 3, 2]
8                -1  1   1182720  models.common.C3                        [512, 512, 1]
9                -1  1    656896  models.common.SPPF                      [512, 512, 5]
10                -1  1    131584  models.common.Conv                      [512, 256, 1, 1]
11                -1  1         0  torch.nn.modules.upsampling.Upsample    [None, 2, 'nearest']
12           [-1, 6]  1         0  models.common.Concat                    [1]
13                -1  1    361984  models.common.C3                        [512, 256, 1, False]
14                -1  1     33024  models.common.Conv                      [256, 128, 1, 1]
15                -1  1         0  torch.nn.modules.upsampling.Upsample    [None, 2, 'nearest']
16           [-1, 4]  1         0  models.common.Concat                    [1]
17                -1  1     90880  models.common.C3                        [256, 128, 1, False]
18                -1  1    147712  models.common.Conv                      [128, 128, 3, 2]
19          [-1, 14]  1         0  models.common.Concat                    [1]
20                -1  1    296448  models.common.C3                        [256, 256, 1, False]
21                -1  1    590336  models.common.Conv                      [256, 256, 3, 2]
22          [-1, 10]  1         0  models.common.Concat                    [1]
23                -1  1   1182720  models.common.C3                        [512, 512, 1, False]
24      [17, 20, 23]  1     24273  models.yolo.Detect                      [4, [[10, 13, 16, 30, 33, 23], [30, 61, 62, 45, 59, 119], [116, 90, 156, 198, 373, 326]], [128, 256, 512]]
Model summary: 214 layers, 7030417 parameters, 7030417 gradients, 16.0 GFLOPs
Transferred 349/349 items from /home/lijinhe/work/YOLO_Retraining/runs/sequences/0813-165402__seq-full-warm__stage0-stage3__yolov5s__s42/tasks/002__stage2__full-warm/checkpoints/last.pt
AMP: checks passed ✅
optimizer: SGD(lr=0.01) with parameter groups 57 weight(decay=0.0), 60 weight(decay=0.0005), 60 bias
train: Scanning /home/lijinhe/work/YOLO_Retraining/runs/sequences/0813-165402__seq-full-warm__stage0-stage3__yolov5s__s42/tasks/003__stage3__full-warm/data/backend_train_images... 7573 images, 4196 backgrounds, 0 corrupt: 100%|██████████| 7573/7573 00:26
train: WARNING ⚠️ /home/lijinhe/work/YOLO_Retraining/data/self_improving/images/0720_11/05168_1784523505059766_0.jpg: 2 duplicate labels removed
train: New cache created: /home/lijinhe/work/YOLO_Retraining/runs/sequences/0813-165402__seq-full-warm__stage0-stage3__yolov5s__s42/tasks/003__stage3__full-warm/data/backend_train_images.cache
val: Scanning /home/lijinhe/work/YOLO_Retraining/runs/sequences/0813-165402__seq-full-warm__stage0-stage3__yolov5s__s42/tasks/003__stage3__full-warm/data/backend_validation_images... 1000 images, 297 backgrounds, 0 corrupt: 100%|██████████| 1000/1000 00:03
val: New cache created: /home/lijinhe/work/YOLO_Retraining/runs/sequences/0813-165402__seq-full-warm__stage0-stage3__yolov5s__s42/tasks/003__stage3__full-warm/data/backend_validation_images.cache
AutoAnchor: 5.45 anchors/target, 1.000 Best Possible Recall (BPR). Current anchors are a good fit to dataset ✅
Image sizes 640 train, 640 val
Using 8 dataloader workers
Logging results to /home/lijinhe/work/YOLO_Retraining/runs/sequences/0813-165402__seq-full-warm__stage0-stage3__yolov5s__s42/tasks/003__stage3__full-warm/backend/yolov5/train
Starting training for 100 epochs...
Epoch    GPU_mem   box_loss   obj_loss   cls_loss  Instances       Size
0/99      13.9G    0.02842   0.004063  0.0006725         13        640: 100%|██████████| 119/119 01:31
Class     Images  Instances          P          R      mAP50   mAP50-95: 100%|██████████| 8/8 00:05
all       1000        939       0.53      0.359      0.406      0.212
Epoch    GPU_mem   box_loss   obj_loss   cls_loss  Instances       Size
1/99      13.9G    0.02731   0.004042  0.0006643         27        640: 100%|██████████| 119/119 01:16
Class     Images  Instances          P          R      mAP50   mAP50-95: 100%|██████████| 8/8 00:02
all       1000        939      0.463      0.385      0.403      0.198
Epoch    GPU_mem   box_loss   obj_loss   cls_loss  Instances       Size
2/99      13.9G    0.02655   0.004332   0.000833         19        640: 100%|██████████| 119/119 01:27
Class     Images  Instances          P          R      mAP50   mAP50-95: 100%|██████████| 8/8 00:07
all       1000        939      0.721      0.317      0.358      0.162
Epoch    GPU_mem   box_loss   obj_loss   cls_loss  Instances       Size
3/99      13.9G    0.03072   0.005642   0.002333         27        640: 100%|██████████| 119/119 01:21
Class     Images  Instances          P          R      mAP50   mAP50-95: 100%|██████████| 8/8 00:03
all       1000        939      0.443      0.291      0.307      0.141
Epoch    GPU_mem   box_loss   obj_loss   cls_loss  Instances       Size
4/99      13.9G    0.03392   0.006292   0.003192         24        640: 100%|██████████| 119/119 01:34
Class     Images  Instances          P          R      mAP50   mAP50-95: 100%|██████████| 8/8 00:05
all       1000        939      0.615      0.254      0.238      0.105
Epoch    GPU_mem   box_loss   obj_loss   cls_loss  Instances       Size
5/99      13.9G    0.03397   0.006078   0.002937         29        640: 100%|██████████| 119/119 01:33
Class     Images  Instances          P          R      mAP50   mAP50-95: 100%|██████████| 8/8 00:07
all       1000        939        0.7      0.286      0.318      0.137
Epoch    GPU_mem   box_loss   obj_loss   cls_loss  Instances       Size
6/99      13.9G    0.03291   0.006064    0.00235         16        640: 100%|██████████| 119/119 01:16
Class     Images  Instances          P          R      mAP50   mAP50-95: 100%|██████████| 8/8 00:04
all       1000        939      0.693      0.286      0.314      0.141
Epoch    GPU_mem   box_loss   obj_loss   cls_loss  Instances       Size
7/99      13.9G    0.03238   0.005798   0.002499         16        640: 100%|██████████| 119/119 01:33
Class     Images  Instances          P          R      mAP50   mAP50-95: 100%|██████████| 8/8 00:03
all       1000        939      0.683      0.303      0.327      0.149
Epoch    GPU_mem   box_loss   obj_loss   cls_loss  Instances       Size
8/99      13.9G    0.03122   0.005547    0.00154         14        640: 100%|██████████| 119/119 00:55
Class     Images  Instances          P          R      mAP50   mAP50-95: 100%|██████████| 8/8 00:03
all       1000        939      0.707      0.324       0.35      0.166
Epoch    GPU_mem   box_loss   obj_loss   cls_loss  Instances       Size
9/99      13.9G    0.03085   0.005479   0.001664         26        640: 100%|██████████| 119/119 00:57
Class     Images  Instances          P          R      mAP50   mAP50-95: 100%|██████████| 8/8 00:07
all       1000        939      0.696      0.349      0.383      0.188
Epoch    GPU_mem   box_loss   obj_loss   cls_loss  Instances       Size
10/99      13.9G    0.03095   0.005488   0.001847         23        640: 100%|██████████| 119/119 00:53
Class     Images  Instances          P          R      mAP50   mAP50-95: 100%|██████████| 8/8 00:07
all       1000        939      0.676      0.339      0.357      0.173
Epoch    GPU_mem   box_loss   obj_loss   cls_loss  Instances       Size
11/99      13.9G    0.03083   0.005416   0.001654         13        640: 100%|██████████| 119/119 00:55
Class     Images  Instances          P          R      mAP50   mAP50-95: 100%|██████████| 8/8 00:06
all       1000        939      0.702      0.322      0.341      0.166
Epoch    GPU_mem   box_loss   obj_loss   cls_loss  Instances       Size
12/99      13.9G    0.03057   0.005471   0.001818         12        640: 100%|██████████| 119/119 00:54
Class     Images  Instances          P          R      mAP50   mAP50-95: 100%|██████████| 8/8 00:06
all       1000        939      0.744      0.273      0.307      0.151
Epoch    GPU_mem   box_loss   obj_loss   cls_loss  Instances       Size
13/99      13.9G    0.03052   0.005368   0.001713         23        640: 100%|██████████| 119/119 00:58
Class     Images  Instances          P          R      mAP50   mAP50-95: 100%|██████████| 8/8 00:03
all       1000        939      0.742      0.333      0.358      0.173
Epoch    GPU_mem   box_loss   obj_loss   cls_loss  Instances       Size
14/99      13.9G    0.02994   0.005369   0.001685         18        640: 100%|██████████| 119/119 00:52
Class     Images  Instances          P          R      mAP50   mAP50-95: 100%|██████████| 8/8 00:13
all       1000        939      0.663      0.349      0.354      0.177
Epoch    GPU_mem   box_loss   obj_loss   cls_loss  Instances       Size
15/99      13.9G    0.02971   0.005231    0.00167         21        640: 100%|██████████| 119/119 00:50
Class     Images  Instances          P          R      mAP50   mAP50-95: 100%|██████████| 8/8 00:05
all       1000        939      0.664      0.291      0.311       0.14
Epoch    GPU_mem   box_loss   obj_loss   cls_loss  Instances       Size
16/99      13.9G     0.0297   0.005162    0.00151         30        640: 100%|██████████| 119/119 00:55
Class     Images  Instances          P          R      mAP50   mAP50-95: 100%|██████████| 8/8 00:03
all       1000        939      0.688      0.371      0.378      0.192
Epoch    GPU_mem   box_loss   obj_loss   cls_loss  Instances       Size
17/99      13.9G    0.02963   0.005103   0.001482         15        640: 100%|██████████| 119/119 00:54
Class     Images  Instances          P          R      mAP50   mAP50-95: 100%|██████████| 8/8 00:06
all       1000        939      0.731      0.321      0.367      0.177
Epoch    GPU_mem   box_loss   obj_loss   cls_loss  Instances       Size
18/99      13.9G    0.02879   0.005204   0.001386         25        640: 100%|██████████| 119/119 01:01
Class     Images  Instances          P          R      mAP50   mAP50-95: 100%|██████████| 8/8 00:05
all       1000        939      0.758      0.324      0.361      0.177
Epoch    GPU_mem   box_loss   obj_loss   cls_loss  Instances       Size
19/99      13.9G    0.02899   0.005061   0.001544         32        640: 100%|██████████| 119/119 00:53
Class     Images  Instances          P          R      mAP50   mAP50-95: 100%|██████████| 8/8 00:11
all       1000        939      0.451      0.351      0.365       0.18
Epoch    GPU_mem   box_loss   obj_loss   cls_loss  Instances       Size
20/99      13.9G    0.02793   0.004806    0.00115         33        640: 100%|██████████| 119/119 00:56
Class     Images  Instances          P          R      mAP50   mAP50-95: 100%|██████████| 8/8 00:07
all       1000        939      0.727      0.357      0.394      0.198
Epoch    GPU_mem   box_loss   obj_loss   cls_loss  Instances       Size
21/99      13.9G    0.02763   0.004867   0.001078         27        640: 100%|██████████| 119/119 00:55
Class     Images  Instances          P          R      mAP50   mAP50-95: 100%|██████████| 8/8 00:03
all       1000        939       0.76      0.316      0.371      0.164
Epoch    GPU_mem   box_loss   obj_loss   cls_loss  Instances       Size
22/99      13.9G    0.02719   0.004725   0.001053         20        640: 100%|██████████| 119/119 00:58
Class     Images  Instances          P          R      mAP50   mAP50-95: 100%|██████████| 8/8 00:04
all       1000        939      0.751       0.34      0.384      0.194
Epoch    GPU_mem   box_loss   obj_loss   cls_loss  Instances       Size
23/99      13.9G    0.02701   0.004605   0.001104         27        640: 100%|██████████| 119/119 00:55
Class     Images  Instances          P          R      mAP50   mAP50-95: 100%|██████████| 8/8 00:03
all       1000        939      0.505      0.356      0.393      0.193
Epoch    GPU_mem   box_loss   obj_loss   cls_loss  Instances       Size
24/99      13.9G    0.02662   0.004589   0.001016         21        640: 100%|██████████| 119/119 00:52
Class     Images  Instances          P          R      mAP50   mAP50-95: 100%|██████████| 8/8 00:06
all       1000        939      0.722      0.349      0.373      0.175
Epoch    GPU_mem   box_loss   obj_loss   cls_loss  Instances       Size
25/99      13.9G    0.02717   0.004766   0.001486         21        640: 100%|██████████| 119/119 00:47
Class     Images  Instances          P          R      mAP50   mAP50-95: 100%|██████████| 8/8 00:08
all       1000        939      0.731      0.338      0.373       0.18
Epoch    GPU_mem   box_loss   obj_loss   cls_loss  Instances       Size
26/99      13.9G    0.02728   0.004785   0.001157         15        640: 100%|██████████| 119/119 00:51
Class     Images  Instances          P          R      mAP50   mAP50-95: 100%|██████████| 8/8 00:03
all       1000        939      0.764      0.339      0.382       0.19
Epoch    GPU_mem   box_loss   obj_loss   cls_loss  Instances       Size
27/99      13.9G    0.02682   0.004727   0.001043         24        640: 100%|██████████| 119/119 00:53
Class     Images  Instances          P          R      mAP50   mAP50-95: 100%|██████████| 8/8 00:03
all       1000        939      0.737      0.312      0.366      0.179
Epoch    GPU_mem   box_loss   obj_loss   cls_loss  Instances       Size
28/99      13.9G    0.02651   0.004606  0.0009023         21        640: 100%|██████████| 119/119 00:59
Class     Images  Instances          P          R      mAP50   mAP50-95: 100%|██████████| 8/8 00:03
all       1000        939      0.757      0.293      0.362      0.179
Epoch    GPU_mem   box_loss   obj_loss   cls_loss  Instances       Size
29/99      13.9G    0.02619   0.004631   0.001236         22        640: 100%|██████████| 119/119 00:53
Class     Images  Instances          P          R      mAP50   mAP50-95: 100%|██████████| 8/8 00:03
all       1000        939      0.761       0.35      0.399        0.2
Epoch    GPU_mem   box_loss   obj_loss   cls_loss  Instances       Size
30/99      13.9G    0.02638   0.004604   0.001044         28        640: 100%|██████████| 119/119 00:55
Class     Images  Instances          P          R      mAP50   mAP50-95: 100%|██████████| 8/8 00:04
all       1000        939      0.467      0.332      0.358      0.172
Epoch    GPU_mem   box_loss   obj_loss   cls_loss  Instances       Size
31/99      13.9G      0.026   0.004514  0.0008886         20        640: 100%|██████████| 119/119 00:52
Class     Images  Instances          P          R      mAP50   mAP50-95: 100%|██████████| 8/8 00:04
all       1000        939      0.746      0.339       0.38      0.197
Epoch    GPU_mem   box_loss   obj_loss   cls_loss  Instances       Size
32/99      13.9G    0.02547   0.004417  0.0009872         17        640: 100%|██████████| 119/119 00:53
Class     Images  Instances          P          R      mAP50   mAP50-95: 100%|██████████| 8/8 00:06
all       1000        939      0.791      0.331      0.378      0.186
Epoch    GPU_mem   box_loss   obj_loss   cls_loss  Instances       Size
33/99      13.9G    0.02554   0.004548   0.001154         24        640: 100%|██████████| 119/119 00:53
Class     Images  Instances          P          R      mAP50   mAP50-95: 100%|██████████| 8/8 00:03
all       1000        939      0.767      0.377      0.422       0.21
Epoch    GPU_mem   box_loss   obj_loss   cls_loss  Instances       Size
34/99      13.9G    0.02568   0.004419   0.001074         27        640: 100%|██████████| 119/119 00:51
Class     Images  Instances          P          R      mAP50   mAP50-95: 100%|██████████| 8/8 00:04
all       1000        939      0.744      0.356      0.395      0.195
Epoch    GPU_mem   box_loss   obj_loss   cls_loss  Instances       Size
35/99      13.9G    0.02543   0.004366  0.0008969         18        640: 100%|██████████| 119/119 00:54
Class     Images  Instances          P          R      mAP50   mAP50-95: 100%|██████████| 8/8 00:03
all       1000        939      0.754      0.361      0.408      0.208
Epoch    GPU_mem   box_loss   obj_loss   cls_loss  Instances       Size
36/99      13.9G     0.0251   0.004366  0.0009467         16        640: 100%|██████████| 119/119 00:52
Class     Images  Instances          P          R      mAP50   mAP50-95: 100%|██████████| 8/8 00:13
all       1000        939      0.771      0.343      0.394      0.203
Epoch    GPU_mem   box_loss   obj_loss   cls_loss  Instances       Size
37/99      13.9G    0.02464   0.004306  0.0006886         19        640: 100%|██████████| 119/119 00:54
Class     Images  Instances          P          R      mAP50   mAP50-95: 100%|██████████| 8/8 00:06
all       1000        939      0.741      0.339      0.381      0.193
Epoch    GPU_mem   box_loss   obj_loss   cls_loss  Instances       Size
38/99      13.9G    0.02441   0.004205  0.0007841         22        640: 100%|██████████| 119/119 00:59
Class     Images  Instances          P          R      mAP50   mAP50-95: 100%|██████████| 8/8 00:03
all       1000        939      0.785      0.356      0.415      0.205
Epoch    GPU_mem   box_loss   obj_loss   cls_loss  Instances       Size
39/99      13.9G    0.02464   0.004227    0.00093         27        640: 100%|██████████| 119/119 00:52
Class     Images  Instances          P          R      mAP50   mAP50-95: 100%|██████████| 8/8 00:03
all       1000        939      0.771      0.362      0.404      0.206
Epoch    GPU_mem   box_loss   obj_loss   cls_loss  Instances       Size
40/99      13.9G    0.02447   0.004281  0.0007139         25        640: 100%|██████████| 119/119 00:51
Class     Images  Instances          P          R      mAP50   mAP50-95: 100%|██████████| 8/8 00:03
all       1000        939      0.775      0.368      0.405      0.217
Epoch    GPU_mem   box_loss   obj_loss   cls_loss  Instances       Size
41/99      13.9G    0.02372    0.00414    0.00075         26        640: 100%|██████████| 119/119 00:52
Class     Images  Instances          P          R      mAP50   mAP50-95: 100%|██████████| 8/8 00:09
all       1000        939      0.737      0.362      0.399      0.206
Epoch    GPU_mem   box_loss   obj_loss   cls_loss  Instances       Size
42/99      13.9G    0.02353   0.004127  0.0007226         19        640: 100%|██████████| 119/119 00:48
Class     Images  Instances          P          R      mAP50   mAP50-95: 100%|██████████| 8/8 00:08
all       1000        939      0.808      0.356       0.42      0.217
Epoch    GPU_mem   box_loss   obj_loss   cls_loss  Instances       Size
43/99      13.9G    0.02355   0.004106  0.0007942         17        640: 100%|██████████| 119/119 00:53
Class     Images  Instances          P          R      mAP50   mAP50-95: 100%|██████████| 8/8 00:03
all       1000        939      0.748      0.372      0.402       0.21
Epoch    GPU_mem   box_loss   obj_loss   cls_loss  Instances       Size
44/99      13.9G    0.02372   0.004166  0.0007959         16        640: 100%|██████████| 119/119 00:56
Class     Images  Instances          P          R      mAP50   mAP50-95: 100%|██████████| 8/8 00:05
all       1000        939      0.744      0.345      0.388      0.207
Epoch    GPU_mem   box_loss   obj_loss   cls_loss  Instances       Size
45/99      13.9G    0.02392   0.004208  0.0009474         19        640: 100%|██████████| 119/119 00:47
Class     Images  Instances          P          R      mAP50   mAP50-95: 100%|██████████| 8/8 00:03
all       1000        939      0.828      0.288      0.367      0.194
Epoch    GPU_mem   box_loss   obj_loss   cls_loss  Instances       Size
46/99      13.9G     0.0235   0.004065  0.0009274         23        640: 100%|██████████| 119/119 00:52
Class     Images  Instances          P          R      mAP50   mAP50-95: 100%|██████████| 8/8 00:03
all       1000        939      0.783      0.332      0.383      0.191
Epoch    GPU_mem   box_loss   obj_loss   cls_loss  Instances       Size
47/99      13.9G     0.0234   0.004075  0.0006267         19        640: 100%|██████████| 119/119 00:54
Class     Images  Instances          P          R      mAP50   mAP50-95: 100%|██████████| 8/8 00:06
all       1000        939      0.737      0.369      0.411      0.215
Epoch    GPU_mem   box_loss   obj_loss   cls_loss  Instances       Size
48/99      13.9G    0.02301   0.004104  0.0008151         21        640: 100%|██████████| 119/119 00:53
Class     Images  Instances          P          R      mAP50   mAP50-95: 100%|██████████| 8/8 00:03
all       1000        939      0.746      0.362      0.403      0.208
Epoch    GPU_mem   box_loss   obj_loss   cls_loss  Instances       Size
49/99      13.9G    0.02288   0.003999  0.0007254         18        640: 100%|██████████| 119/119 00:52
Class     Images  Instances          P          R      mAP50   mAP50-95: 100%|██████████| 8/8 00:05
all       1000        939      0.752      0.332      0.373       0.19
Epoch    GPU_mem   box_loss   obj_loss   cls_loss  Instances       Size
50/99      13.9G    0.02286   0.003992   0.000579         15        640: 100%|██████████| 119/119 00:52
Class     Images  Instances          P          R      mAP50   mAP50-95: 100%|██████████| 8/8 00:03
all       1000        939      0.797      0.349      0.407      0.211
Epoch    GPU_mem   box_loss   obj_loss   cls_loss  Instances       Size
51/99      13.9G    0.02204   0.003928  0.0005821         28        640: 100%|██████████| 119/119 00:53
Class     Images  Instances          P          R      mAP50   mAP50-95: 100%|██████████| 8/8 00:03
all       1000        939      0.795      0.354      0.414      0.224
Epoch    GPU_mem   box_loss   obj_loss   cls_loss  Instances       Size
52/99      13.9G    0.02233   0.003954  0.0007466         26        640: 100%|██████████| 119/119 00:57
Class     Images  Instances          P          R      mAP50   mAP50-95: 100%|██████████| 8/8 00:03
all       1000        939      0.784      0.338      0.396      0.207
Epoch    GPU_mem   box_loss   obj_loss   cls_loss  Instances       Size
53/99      13.9G    0.02201   0.003831  0.0005698         15        640: 100%|██████████| 119/119 00:52
Class     Images  Instances          P          R      mAP50   mAP50-95: 100%|██████████| 8/8 00:03
all       1000        939      0.804      0.363      0.412      0.217
Epoch    GPU_mem   box_loss   obj_loss   cls_loss  Instances       Size
54/99      13.9G     0.0221   0.003904   0.000678         27        640: 100%|██████████| 119/119 00:45
Class     Images  Instances          P          R      mAP50   mAP50-95: 100%|██████████| 8/8 00:03
all       1000        939       0.78      0.383      0.416       0.22
Epoch    GPU_mem   box_loss   obj_loss   cls_loss  Instances       Size
55/99      13.9G    0.02193   0.003834  0.0005679         29        640: 100%|██████████| 119/119 00:59
Class     Images  Instances          P          R      mAP50   mAP50-95: 100%|██████████| 8/8 00:06
all       1000        939      0.781      0.342      0.394      0.214
Epoch    GPU_mem   box_loss   obj_loss   cls_loss  Instances       Size
56/99      13.9G     0.0219   0.003881   0.000741         25        640: 100%|██████████| 119/119 01:00
Class     Images  Instances          P          R      mAP50   mAP50-95: 100%|██████████| 8/8 00:03
all       1000        939      0.777       0.37      0.422      0.226
Epoch    GPU_mem   box_loss   obj_loss   cls_loss  Instances       Size
57/99      13.9G    0.02165   0.003842  0.0005799         30        640: 100%|██████████| 119/119 00:51
Class     Images  Instances          P          R      mAP50   mAP50-95: 100%|██████████| 8/8 00:04
all       1000        939      0.737      0.382      0.399      0.208
Epoch    GPU_mem   box_loss   obj_loss   cls_loss  Instances       Size
58/99      13.9G    0.02135   0.003864  0.0005774         19        640: 100%|██████████| 119/119 00:50
Class     Images  Instances          P          R      mAP50   mAP50-95: 100%|██████████| 8/8 00:06
all       1000        939      0.779      0.371      0.418      0.222
Epoch    GPU_mem   box_loss   obj_loss   cls_loss  Instances       Size
59/99      13.9G    0.02111   0.003739   0.000501         27        640: 100%|██████████| 119/119 00:50
Class     Images  Instances          P          R      mAP50   mAP50-95: 100%|██████████| 8/8 00:03
all       1000        939      0.777      0.364      0.401      0.218
Epoch    GPU_mem   box_loss   obj_loss   cls_loss  Instances       Size
60/99      13.9G    0.02074   0.003698  0.0005614         23        640: 100%|██████████| 119/119 00:56
Class     Images  Instances          P          R      mAP50   mAP50-95: 100%|██████████| 8/8 00:02
all       1000        939      0.776      0.354      0.407      0.222
Epoch    GPU_mem   box_loss   obj_loss   cls_loss  Instances       Size
61/99      13.9G    0.02081   0.003682  0.0005767         29        640: 100%|██████████| 119/119 00:57
Class     Images  Instances          P          R      mAP50   mAP50-95: 100%|██████████| 8/8 00:03
all       1000        939      0.772      0.377      0.419      0.228
Epoch    GPU_mem   box_loss   obj_loss   cls_loss  Instances       Size
62/99      13.9G     0.0207   0.003659  0.0005723         20        640: 100%|██████████| 119/119 00:52
Class     Images  Instances          P          R      mAP50   mAP50-95: 100%|██████████| 8/8 00:06
all       1000        939      0.774      0.368       0.42      0.228
Epoch    GPU_mem   box_loss   obj_loss   cls_loss  Instances       Size
63/99      13.9G    0.02067   0.003655  0.0005067         27        640: 100%|██████████| 119/119 00:49
Class     Images  Instances          P          R      mAP50   mAP50-95: 100%|██████████| 8/8 00:03
all       1000        939      0.794      0.367      0.416      0.222
Epoch    GPU_mem   box_loss   obj_loss   cls_loss  Instances       Size
64/99      13.9G    0.02033    0.00366  0.0004784         22        640: 100%|██████████| 119/119 00:55
Class     Images  Instances          P          R      mAP50   mAP50-95: 100%|██████████| 8/8 00:03
all       1000        939      0.527       0.38      0.416      0.224
Epoch    GPU_mem   box_loss   obj_loss   cls_loss  Instances       Size
65/99      13.9G    0.02032   0.003594  0.0005456         16        640: 100%|██████████| 119/119 00:51
Class     Images  Instances          P          R      mAP50   mAP50-95: 100%|██████████| 8/8 00:07
all       1000        939      0.787       0.37      0.414      0.226
Epoch    GPU_mem   box_loss   obj_loss   cls_loss  Instances       Size
66/99      13.9G    0.02011   0.003643  0.0004553         25        640: 100%|██████████| 119/119 00:56
Class     Images  Instances          P          R      mAP50   mAP50-95: 100%|██████████| 8/8 00:03
all       1000        939      0.796      0.367      0.417      0.223
Epoch    GPU_mem   box_loss   obj_loss   cls_loss  Instances       Size
67/99      13.9G    0.02004   0.003497  0.0003976         15        640: 100%|██████████| 119/119 00:53
Class     Images  Instances          P          R      mAP50   mAP50-95: 100%|██████████| 8/8 00:03
all       1000        939        0.8      0.359      0.411      0.223
Epoch    GPU_mem   box_loss   obj_loss   cls_loss  Instances       Size
68/99      13.9G     0.0197   0.003519  0.0003711         24        640: 100%|██████████| 119/119 00:57
Class     Images  Instances          P          R      mAP50   mAP50-95: 100%|██████████| 8/8 00:03
all       1000        939      0.778      0.375      0.417      0.224
Epoch    GPU_mem   box_loss   obj_loss   cls_loss  Instances       Size
69/99      13.9G    0.01973   0.003469  0.0004401         26        640: 100%|██████████| 119/119 01:00
Class     Images  Instances          P          R      mAP50   mAP50-95: 100%|██████████| 8/8 00:04
all       1000        939      0.768      0.378      0.416      0.226
Epoch    GPU_mem   box_loss   obj_loss   cls_loss  Instances       Size
70/99      13.9G    0.01926   0.003473  0.0004052         19        640: 100%|██████████| 119/119 00:50
Class     Images  Instances          P          R      mAP50   mAP50-95: 100%|██████████| 8/8 00:03
all       1000        939      0.782      0.369      0.412      0.225
Epoch    GPU_mem   box_loss   obj_loss   cls_loss  Instances       Size
71/99      13.9G    0.01943   0.003516   0.000496         28        640: 100%|██████████| 119/119 01:01
Class     Images  Instances          P          R      mAP50   mAP50-95: 100%|██████████| 8/8 00:07
all       1000        939      0.778      0.375      0.417      0.228
Epoch    GPU_mem   box_loss   obj_loss   cls_loss  Instances       Size
72/99      13.9G    0.01945   0.003498   0.000481         19        640: 100%|██████████| 119/119 00:53
Class     Images  Instances          P          R      mAP50   mAP50-95: 100%|██████████| 8/8 00:03
all       1000        939       0.78      0.369      0.415      0.226
Epoch    GPU_mem   box_loss   obj_loss   cls_loss  Instances       Size
73/99      13.9G    0.01903   0.003368  0.0003933         20        640: 100%|██████████| 119/119 00:52
Class     Images  Instances          P          R      mAP50   mAP50-95: 100%|██████████| 8/8 00:03
all       1000        939       0.78      0.353      0.413      0.223
Epoch    GPU_mem   box_loss   obj_loss   cls_loss  Instances       Size
74/99      13.9G    0.01886    0.00338  0.0004118         14        640: 100%|██████████| 119/119 00:50
Class     Images  Instances          P          R      mAP50   mAP50-95: 100%|██████████| 8/8 00:05
all       1000        939      0.782      0.361      0.411      0.219
Epoch    GPU_mem   box_loss   obj_loss   cls_loss  Instances       Size
75/99      13.9G    0.01882   0.003343  0.0004098         19        640: 100%|██████████| 119/119 00:53
Class     Images  Instances          P          R      mAP50   mAP50-95: 100%|██████████| 8/8 00:03
all       1000        939      0.773      0.363       0.41       0.22
Epoch    GPU_mem   box_loss   obj_loss   cls_loss  Instances       Size
76/99      13.9G    0.01846   0.003315  0.0003851         14        640: 100%|██████████| 119/119 00:57
Class     Images  Instances          P          R      mAP50   mAP50-95: 100%|██████████| 8/8 00:02
all       1000        939      0.781      0.357      0.407      0.214
Epoch    GPU_mem   box_loss   obj_loss   cls_loss  Instances       Size
77/99      13.9G    0.01837   0.003319  0.0003985         23        640: 100%|██████████| 119/119 00:50
Class     Images  Instances          P          R      mAP50   mAP50-95: 100%|██████████| 8/8 00:03
all       1000        939      0.784      0.363      0.408      0.217
Epoch    GPU_mem   box_loss   obj_loss   cls_loss  Instances       Size
78/99      13.9G    0.01847   0.003369  0.0004213          5        640: 100%|██████████| 119/119 00:52
Class     Images  Instances          P          R      mAP50   mAP50-95: 100%|██████████| 8/8 00:03
all       1000        939      0.794      0.367      0.414      0.221
Epoch    GPU_mem   box_loss   obj_loss   cls_loss  Instances       Size
79/99      13.9G    0.01844   0.003371  0.0004532         21        640: 100%|██████████| 119/119 00:49
Class     Images  Instances          P          R      mAP50   mAP50-95: 100%|██████████| 8/8 00:03
all       1000        939      0.816      0.354      0.409      0.219
Epoch    GPU_mem   box_loss   obj_loss   cls_loss  Instances       Size
80/99      13.9G    0.01829   0.003334  0.0003973         30        640: 100%|██████████| 119/119 00:54
Class     Images  Instances          P          R      mAP50   mAP50-95: 100%|██████████| 8/8 00:03
all       1000        939      0.813      0.361      0.409       0.22
Epoch    GPU_mem   box_loss   obj_loss   cls_loss  Instances       Size
81/99      13.9G    0.01776   0.003308  0.0003522         15        640: 100%|██████████| 119/119 00:56
Class     Images  Instances          P          R      mAP50   mAP50-95: 100%|██████████| 8/8 00:03
all       1000        939      0.808      0.352      0.404      0.219
Epoch    GPU_mem   box_loss   obj_loss   cls_loss  Instances       Size
82/99      13.9G     0.0179   0.003271  0.0004004         26        640: 100%|██████████| 119/119 00:53
Class     Images  Instances          P          R      mAP50   mAP50-95: 100%|██████████| 8/8 00:03
all       1000        939      0.802      0.355      0.408       0.22
Epoch    GPU_mem   box_loss   obj_loss   cls_loss  Instances       Size
83/99      13.9G    0.01762   0.003253   0.000356         21        640: 100%|██████████| 119/119 00:49
Class     Images  Instances          P          R      mAP50   mAP50-95: 100%|██████████| 8/8 00:03
all       1000        939      0.762      0.364      0.406      0.219
Epoch    GPU_mem   box_loss   obj_loss   cls_loss  Instances       Size
84/99      13.9G    0.01766   0.003198  0.0003314         17        640: 100%|██████████| 119/119 00:49
Class     Images  Instances          P          R      mAP50   mAP50-95: 100%|██████████| 8/8 00:03
all       1000        939      0.784      0.356      0.405      0.218
Epoch    GPU_mem   box_loss   obj_loss   cls_loss  Instances       Size
85/99      13.9G    0.01739   0.003218  0.0003689         18        640: 100%|██████████| 119/119 00:52
Class     Images  Instances          P          R      mAP50   mAP50-95: 100%|██████████| 8/8 00:03
all       1000        939      0.801      0.355      0.408      0.219
Epoch    GPU_mem   box_loss   obj_loss   cls_loss  Instances       Size
86/99      13.9G     0.0173    0.00321  0.0003336         27        640: 100%|██████████| 119/119 00:50
Class     Images  Instances          P          R      mAP50   mAP50-95: 100%|██████████| 8/8 00:05
all       1000        939      0.776      0.361      0.405      0.217
Epoch    GPU_mem   box_loss   obj_loss   cls_loss  Instances       Size
87/99      13.9G    0.01703   0.003101  0.0004024         14        640: 100%|██████████| 119/119 00:50
Class     Images  Instances          P          R      mAP50   mAP50-95: 100%|██████████| 8/8 00:03
all       1000        939      0.785      0.359      0.403      0.218
Epoch    GPU_mem   box_loss   obj_loss   cls_loss  Instances       Size
88/99      13.9G    0.01672   0.003145  0.0003282         24        640: 100%|██████████| 119/119 00:53
Class     Images  Instances          P          R      mAP50   mAP50-95: 100%|██████████| 8/8 00:02
all       1000        939      0.804      0.361      0.409       0.22
Epoch    GPU_mem   box_loss   obj_loss   cls_loss  Instances       Size
89/99      13.9G    0.01692   0.003085   0.000282         34        640: 100%|██████████| 119/119 00:53
Class     Images  Instances          P          R      mAP50   mAP50-95: 100%|██████████| 8/8 00:03
all       1000        939      0.798      0.367       0.41      0.221
Epoch    GPU_mem   box_loss   obj_loss   cls_loss  Instances       Size
90/99      13.9G    0.01667   0.003156  0.0003137         30        640: 100%|██████████| 119/119 00:54
Class     Images  Instances          P          R      mAP50   mAP50-95: 100%|██████████| 8/8 00:03
all       1000        939      0.792      0.365      0.408      0.222
Epoch    GPU_mem   box_loss   obj_loss   cls_loss  Instances       Size
91/99      13.9G    0.01652   0.003029  0.0003032         14        640: 100%|██████████| 119/119 00:51
Class     Images  Instances          P          R      mAP50   mAP50-95: 100%|██████████| 8/8 00:02
all       1000        939      0.797      0.369      0.408      0.222
Epoch    GPU_mem   box_loss   obj_loss   cls_loss  Instances       Size
92/99      13.9G    0.01617   0.003107  0.0003095         17        640: 100%|██████████| 119/119 00:55
Class     Images  Instances          P          R      mAP50   mAP50-95: 100%|██████████| 8/8 00:04
all       1000        939      0.808      0.368      0.409      0.222
Epoch    GPU_mem   box_loss   obj_loss   cls_loss  Instances       Size
93/99      13.9G     0.0163   0.003024  0.0003429         29        640: 100%|██████████| 119/119 00:56
Class     Images  Instances          P          R      mAP50   mAP50-95: 100%|██████████| 8/8 00:04
all       1000        939        0.8      0.363      0.408       0.22
Epoch    GPU_mem   box_loss   obj_loss   cls_loss  Instances       Size
94/99      13.9G    0.01609   0.002974  0.0002777         23        640: 100%|██████████| 119/119 00:53
Class     Images  Instances          P          R      mAP50   mAP50-95: 100%|██████████| 8/8 00:02
all       1000        939      0.816      0.355      0.408       0.22
Epoch    GPU_mem   box_loss   obj_loss   cls_loss  Instances       Size
95/99      13.9G    0.01604   0.003007  0.0003173         25        640: 100%|██████████| 119/119 00:56
Class     Images  Instances          P          R      mAP50   mAP50-95: 100%|██████████| 8/8 00:03
all       1000        939      0.814      0.355      0.406       0.22
Epoch    GPU_mem   box_loss   obj_loss   cls_loss  Instances       Size
96/99      13.9G    0.01579   0.002947  0.0002042         14        640: 100%|██████████| 119/119 00:50
Class     Images  Instances          P          R      mAP50   mAP50-95: 100%|██████████| 8/8 00:02
all       1000        939      0.818      0.356      0.409       0.22
Epoch    GPU_mem   box_loss   obj_loss   cls_loss  Instances       Size
97/99      13.9G    0.01599   0.002983  0.0002955         18        640: 100%|██████████| 119/119 00:51
Class     Images  Instances          P          R      mAP50   mAP50-95: 100%|██████████| 8/8 00:02
all       1000        939      0.815      0.358       0.41      0.222
Epoch    GPU_mem   box_loss   obj_loss   cls_loss  Instances       Size
98/99      13.9G    0.01572   0.003002  0.0002546         28        640: 100%|██████████| 119/119 00:50
Class     Images  Instances          P          R      mAP50   mAP50-95: 100%|██████████| 8/8 00:04
all       1000        939      0.813      0.362      0.411      0.222
Epoch    GPU_mem   box_loss   obj_loss   cls_loss  Instances       Size
99/99      13.9G    0.01542   0.002941   0.000251         32        640: 100%|██████████| 119/119 00:55
Class     Images  Instances          P          R      mAP50   mAP50-95: 100%|██████████| 8/8 00:02
all       1000        939      0.799      0.366      0.412      0.222
100 epochs completed in 1.712 hours.
Optimizer stripped from /home/lijinhe/work/YOLO_Retraining/runs/sequences/0813-165402__seq-full-warm__stage0-stage3__yolov5s__s42/tasks/003__stage3__full-warm/backend/yolov5/train/weights/last.pt, 14.4MB
Optimizer stripped from /home/lijinhe/work/YOLO_Retraining/runs/sequences/0813-165402__seq-full-warm__stage0-stage3__yolov5s__s42/tasks/003__stage3__full-warm/backend/yolov5/train/weights/best.pt, 14.4MB
Validating /home/lijinhe/work/YOLO_Retraining/runs/sequences/0813-165402__seq-full-warm__stage0-stage3__yolov5s__s42/tasks/003__stage3__full-warm/backend/yolov5/train/weights/best.pt...
Fusing layers...
Model summary: 157 layers, 7020913 parameters, 0 gradients, 15.8 GFLOPs
Class     Images  Instances          P          R      mAP50   mAP50-95: 100%|██████████| 8/8 00:03
all       1000        939      0.778      0.375      0.418      0.228
large luggage       1000        358      0.562      0.578      0.566      0.291
stroller       1000        413      0.723      0.516      0.583      0.302
wheelchair       1000        155      0.829      0.406      0.508      0.313
flatbed truck       1000         13          1          0     0.0137    0.00533
Results saved to /home/lijinhe/work/YOLO_Retraining/runs/sequences/0813-165402__seq-full-warm__stage0-stage3__yolov5s__s42/tasks/003__stage3__full-warm/backend/yolov5/train
[YOLOv5] compacted progress updates: 25287 -> 203 lines
[YOLOv5] coalesced warning: incomplete JPEG accepted read-only; count=8543; by_source=train=7547, val=996
[YOLOv5] warning example: train: WARNING ⚠️ /home/lijinhe/work/YOLO_Retraining/data/self_improving/images/0720_10/04501_1784522053486381_0.jpg: incomplete JPEG accepted read-only
[YOLOv5] warning example: train: WARNING ⚠️ /home/lijinhe/work/YOLO_Retraining/data/self_improving/images/0720_10/04502_1784522054684382_0.jpg: incomplete JPEG accepted read-only
[YOLOv5] warning example: train: WARNING ⚠️ /home/lijinhe/work/YOLO_Retraining/data/self_improving/images/0720_10/04503_1784522055289383_0.jpg: incomplete JPEG accepted read-only
