train: weights=/home/lijinhe/work/YOLO_Retraining/runs/sequences/B640__seq-pred-positive__current-warm__stage0-stage3__yolov5s__s42/tasks/001__stage1__pred-positive__current-warm/checkpoints/best.pt, cfg=, data=/home/lijinhe/work/YOLO_Retraining/runs/sequences/B640__seq-pred-positive__current-warm__stage0-stage3__yolov5s__s42/tasks/002__stage2__pred-positive__current-warm/data/backend_data.yaml, hyp=data/hyps/hyp.scratch-low.yaml, epochs=100, batch_size=64, imgsz=640, rect=False, resume=False, nosave=False, noval=False, noautoanchor=False, noplots=True, evolve=None, bucket=, cache=None, image_weights=False, device=0, multi_scale=False, single_cls=False, optimizer=SGD, sync_bn=False, workers=16, project=/home/lijinhe/work/YOLO_Retraining/runs/sequences/B640__seq-pred-positive__current-warm__stage0-stage3__yolov5s__s42/tasks/002__stage2__pred-positive__current-warm/backend/yolov5, name=train, exist_ok=True, quad=False, cos_lr=False, label_smoothing=0.0, patience=100, freeze=[0], save_period=-1, seed=44, local_rank=-1, entity=None, upload_dataset=False, bbox_interval=-1, artifact_alias=latest
github: skipping check (offline), for updates see https://github.com/ultralytics/yolov5
YOLOv5 🚀 v7.0-0-g915bbf29 Python-3.10.20 torch-2.2.2+cu121 CUDA:0 (NVIDIA H100 PCIe, 81090MiB)
hyperparameters: lr0=0.01, lrf=0.01, momentum=0.937, weight_decay=0.0005, warmup_epochs=3.0, warmup_momentum=0.8, warmup_bias_lr=0.1, box=0.05, cls=0.5, cls_pw=1.0, obj=1.0, obj_pw=1.0, iou_t=0.2, anchor_t=4.0, fl_gamma=0.0, hsv_h=0.015, hsv_s=0.7, hsv_v=0.4, degrees=0.0, translate=0.1, scale=0.5, shear=0.0, perspective=0.0, flipud=0.0, fliplr=0.5, mosaic=1.0, mixup=0.0, copy_paste=0.0
ClearML: run 'pip install clearml' to automatically track, visualize and remotely train YOLOv5 🚀 in ClearML
Comet: run 'pip install comet_ml' to automatically track and visualize YOLOv5 🚀 runs in Comet
TensorBoard: Start with 'tensorboard --logdir /home/lijinhe/work/YOLO_Retraining/runs/sequences/B640__seq-pred-positive__current-warm__stage0-stage3__yolov5s__s42/tasks/002__stage2__pred-positive__current-warm/backend/yolov5', view at http://localhost:6006/
from  n    params  module                                  arguments
0                -1  1      3520  models.common.Conv                      [3, 32, 6, 2, 2]
1                -1  1     18560  models.common.Conv                      [32, 64, 3, 2]
2                -1  1     18816  models.common.C3                        [64, 64, 1]
3                -1  1     73984  models.common.Conv                      [64, 128, 3, 2]
4                -1  2    115712  models.common.C3                        [128, 128, 2]
5                -1  1    295424  models.common.Conv                      [128, 256, 3, 2]
6                -1  3    625152  models.common.C3                        [256, 256, 3]
7                -1  1   1180672  models.common.Conv                      [256, 512, 3, 2]
8                -1  1   1182720  models.common.C3                        [512, 512, 1]
9                -1  1    656896  models.common.SPPF                      [512, 512, 5]
10                -1  1    131584  models.common.Conv                      [512, 256, 1, 1]
11                -1  1         0  torch.nn.modules.upsampling.Upsample    [None, 2, 'nearest']
12           [-1, 6]  1         0  models.common.Concat                    [1]
13                -1  1    361984  models.common.C3                        [512, 256, 1, False]
14                -1  1     33024  models.common.Conv                      [256, 128, 1, 1]
15                -1  1         0  torch.nn.modules.upsampling.Upsample    [None, 2, 'nearest']
16           [-1, 4]  1         0  models.common.Concat                    [1]
17                -1  1     90880  models.common.C3                        [256, 128, 1, False]
18                -1  1    147712  models.common.Conv                      [128, 128, 3, 2]
19          [-1, 14]  1         0  models.common.Concat                    [1]
20                -1  1    296448  models.common.C3                        [256, 256, 1, False]
21                -1  1    590336  models.common.Conv                      [256, 256, 3, 2]
22          [-1, 10]  1         0  models.common.Concat                    [1]
23                -1  1   1182720  models.common.C3                        [512, 512, 1, False]
24      [17, 20, 23]  1     24273  models.yolo.Detect                      [4, [[10, 13, 16, 30, 33, 23], [30, 61, 62, 45, 59, 119], [116, 90, 156, 198, 373, 326]], [128, 256, 512]]
Model summary: 214 layers, 7030417 parameters, 7030417 gradients, 16.0 GFLOPs
Transferred 349/349 items from /home/lijinhe/work/YOLO_Retraining/runs/sequences/B640__seq-pred-positive__current-warm__stage0-stage3__yolov5s__s42/tasks/001__stage1__pred-positive__current-warm/checkpoints/best.pt
AMP: checks passed ✅
optimizer: SGD(lr=0.01) with parameter groups 57 weight(decay=0.0), 60 weight(decay=0.0005), 60 bias
train: Scanning /home/lijinhe/work/YOLO_Retraining/runs/sequences/B640__seq-pred-positive__current-warm__stage0-stage3__yolov5s__s42/tasks/002__stage2__pred-positive__current-warm/data/backend_train_images... 281 images, 50 backgrounds, 0 corrupt: 100%|██████████| 281/281 00:01
train: New cache created: /home/lijinhe/work/YOLO_Retraining/runs/sequences/B640__seq-pred-positive__current-warm__stage0-stage3__yolov5s__s42/tasks/002__stage2__pred-positive__current-warm/data/backend_train_images.cache
val: Scanning /home/lijinhe/work/YOLO_Retraining/runs/sequences/B640__seq-pred-positive__current-warm__stage0-stage3__yolov5s__s42/tasks/002__stage2__pred-positive__current-warm/data/backend_validation_images... 1000 images, 499 backgrounds, 0 corrupt: 100%|██████████| 1000/1000 00:03
val: New cache created: /home/lijinhe/work/YOLO_Retraining/runs/sequences/B640__seq-pred-positive__current-warm__stage0-stage3__yolov5s__s42/tasks/002__stage2__pred-positive__current-warm/data/backend_validation_images.cache
AutoAnchor: 5.20 anchors/target, 1.000 Best Possible Recall (BPR). Current anchors are a good fit to dataset ✅
Image sizes 640 train, 640 val
Using 16 dataloader workers
Logging results to /home/lijinhe/work/YOLO_Retraining/runs/sequences/B640__seq-pred-positive__current-warm__stage0-stage3__yolov5s__s42/tasks/002__stage2__pred-positive__current-warm/backend/yolov5/train
Starting training for 100 epochs...
Epoch    GPU_mem   box_loss   obj_loss   cls_loss  Instances       Size
0/99      13.9G    0.03782    0.01155   0.005882         38        640: 100%|██████████| 5/5 00:09
Class     Images  Instances          P          R      mAP50   mAP50-95: 100%|██████████| 8/8 00:07
all       1000        641      0.876      0.452      0.549      0.306
Epoch    GPU_mem   box_loss   obj_loss   cls_loss  Instances       Size
1/99      13.9G    0.03922    0.01193   0.006639         52        640: 100%|██████████| 5/5 00:00
Class     Images  Instances          P          R      mAP50   mAP50-95: 100%|██████████| 8/8 00:03
all       1000        641      0.846      0.463      0.534      0.297
Epoch    GPU_mem   box_loss   obj_loss   cls_loss  Instances       Size
2/99      13.9G    0.03515    0.01105   0.004547         46        640: 100%|██████████| 5/5 00:00
Class     Images  Instances          P          R      mAP50   mAP50-95: 100%|██████████| 8/8 00:03
all       1000        641      0.849      0.459      0.532      0.301
Epoch    GPU_mem   box_loss   obj_loss   cls_loss  Instances       Size
3/99      13.9G    0.03558     0.0107   0.002083         50        640: 100%|██████████| 5/5 00:00
Class     Images  Instances          P          R      mAP50   mAP50-95: 100%|██████████| 8/8 00:04
all       1000        641      0.804      0.477       0.52      0.287
Epoch    GPU_mem   box_loss   obj_loss   cls_loss  Instances       Size
4/99      13.9G    0.03619   0.009651   0.002507         49        640: 100%|██████████| 5/5 00:01
Class     Images  Instances          P          R      mAP50   mAP50-95: 100%|██████████| 8/8 00:07
all       1000        641      0.809      0.463      0.517      0.277
Epoch    GPU_mem   box_loss   obj_loss   cls_loss  Instances       Size
5/99      13.9G    0.03694   0.009486   0.004442         50        640: 100%|██████████| 5/5 00:01
Class     Images  Instances          P          R      mAP50   mAP50-95: 100%|██████████| 8/8 00:07
all       1000        641      0.578      0.451      0.519      0.288
Epoch    GPU_mem   box_loss   obj_loss   cls_loss  Instances       Size
6/99      13.9G    0.03471   0.009488   0.002317         44        640: 100%|██████████| 5/5 00:01
Class     Images  Instances          P          R      mAP50   mAP50-95: 100%|██████████| 8/8 00:04
all       1000        641      0.561      0.471      0.518      0.276
Epoch    GPU_mem   box_loss   obj_loss   cls_loss  Instances       Size
7/99      13.9G    0.03185    0.00836   0.001785         46        640: 100%|██████████| 5/5 00:00
Class     Images  Instances          P          R      mAP50   mAP50-95: 100%|██████████| 8/8 00:03
all       1000        641      0.553      0.473       0.51      0.275
Epoch    GPU_mem   box_loss   obj_loss   cls_loss  Instances       Size
8/99      13.9G    0.03297   0.008548   0.002498         47        640: 100%|██████████| 5/5 00:01
Class     Images  Instances          P          R      mAP50   mAP50-95: 100%|██████████| 8/8 00:03
all       1000        641      0.584      0.446      0.504      0.277
Epoch    GPU_mem   box_loss   obj_loss   cls_loss  Instances       Size
9/99      13.9G    0.03211   0.008275   0.001126         53        640: 100%|██████████| 5/5 00:00
Class     Images  Instances          P          R      mAP50   mAP50-95: 100%|██████████| 8/8 00:04
all       1000        641      0.583      0.442      0.498      0.277
Epoch    GPU_mem   box_loss   obj_loss   cls_loss  Instances       Size
10/99      13.9G    0.03105   0.008609   0.001265         40        640: 100%|██████████| 5/5 00:00
Class     Images  Instances          P          R      mAP50   mAP50-95: 100%|██████████| 8/8 00:03
all       1000        641       0.56      0.446      0.492      0.276
Epoch    GPU_mem   box_loss   obj_loss   cls_loss  Instances       Size
11/99      13.9G    0.03338   0.008212  0.0008974         46        640: 100%|██████████| 5/5 00:00
Class     Images  Instances          P          R      mAP50   mAP50-95: 100%|██████████| 8/8 00:03
all       1000        641      0.615       0.39      0.479      0.265
Epoch    GPU_mem   box_loss   obj_loss   cls_loss  Instances       Size
12/99      13.9G    0.03228   0.008382   0.001045         63        640: 100%|██████████| 5/5 00:00
Class     Images  Instances          P          R      mAP50   mAP50-95: 100%|██████████| 8/8 00:03
all       1000        641      0.607      0.383      0.462      0.245
Epoch    GPU_mem   box_loss   obj_loss   cls_loss  Instances       Size
13/99      13.9G    0.03017   0.007582   0.001295         44        640: 100%|██████████| 5/5 00:01
Class     Images  Instances          P          R      mAP50   mAP50-95: 100%|██████████| 8/8 00:07
all       1000        641      0.603      0.389      0.464       0.25
Epoch    GPU_mem   box_loss   obj_loss   cls_loss  Instances       Size
14/99      13.9G    0.03163   0.007885  0.0009137         55        640: 100%|██████████| 5/5 00:01
Class     Images  Instances          P          R      mAP50   mAP50-95: 100%|██████████| 8/8 00:03
all       1000        641      0.627       0.38      0.462      0.242
Epoch    GPU_mem   box_loss   obj_loss   cls_loss  Instances       Size
15/99      13.9G    0.03028   0.007512   0.000843         46        640: 100%|██████████| 5/5 00:00
Class     Images  Instances          P          R      mAP50   mAP50-95: 100%|██████████| 8/8 00:03
all       1000        641       0.62      0.381       0.45      0.236
Epoch    GPU_mem   box_loss   obj_loss   cls_loss  Instances       Size
16/99      13.9G    0.03004   0.007266  0.0006822         38        640: 100%|██████████| 5/5 00:00
Class     Images  Instances          P          R      mAP50   mAP50-95: 100%|██████████| 8/8 00:03
all       1000        641      0.605      0.386      0.451      0.244
Epoch    GPU_mem   box_loss   obj_loss   cls_loss  Instances       Size
17/99      13.9G    0.02943   0.007327   0.001532         39        640: 100%|██████████| 5/5 00:00
Class     Images  Instances          P          R      mAP50   mAP50-95: 100%|██████████| 8/8 00:03
all       1000        641      0.574      0.374      0.444      0.231
Epoch    GPU_mem   box_loss   obj_loss   cls_loss  Instances       Size
18/99      13.9G    0.03085   0.006971  0.0009177         49        640: 100%|██████████| 5/5 00:00
Class     Images  Instances          P          R      mAP50   mAP50-95: 100%|██████████| 8/8 00:03
all       1000        641      0.544      0.456       0.44       0.23
Epoch    GPU_mem   box_loss   obj_loss   cls_loss  Instances       Size
19/99      13.9G    0.02854   0.007131  0.0009027         46        640: 100%|██████████| 5/5 00:00
Class     Images  Instances          P          R      mAP50   mAP50-95: 100%|██████████| 8/8 00:03
all       1000        641      0.587      0.358      0.433      0.228
Epoch    GPU_mem   box_loss   obj_loss   cls_loss  Instances       Size
20/99      13.9G    0.03032   0.007519  0.0008947         60        640: 100%|██████████| 5/5 00:00
Class     Images  Instances          P          R      mAP50   mAP50-95: 100%|██████████| 8/8 00:03
all       1000        641      0.544      0.373      0.414      0.211
Epoch    GPU_mem   box_loss   obj_loss   cls_loss  Instances       Size
21/99      13.9G    0.02864   0.006663    0.00103         50        640: 100%|██████████| 5/5 00:01
Class     Images  Instances          P          R      mAP50   mAP50-95: 100%|██████████| 8/8 00:07
all       1000        641       0.58       0.36       0.41      0.207
Epoch    GPU_mem   box_loss   obj_loss   cls_loss  Instances       Size
22/99      13.9G    0.02933   0.007057  0.0009863         46        640: 100%|██████████| 5/5 00:01
Class     Images  Instances          P          R      mAP50   mAP50-95: 100%|██████████| 8/8 00:03
all       1000        641      0.834      0.356       0.42      0.206
Epoch    GPU_mem   box_loss   obj_loss   cls_loss  Instances       Size
23/99      13.9G    0.02812   0.007009   0.001178         58        640: 100%|██████████| 5/5 00:00
Class     Images  Instances          P          R      mAP50   mAP50-95: 100%|██████████| 8/8 00:03
all       1000        641       0.56      0.361       0.41      0.205
Epoch    GPU_mem   box_loss   obj_loss   cls_loss  Instances       Size
24/99      13.9G    0.02806   0.006677  0.0008765         58        640: 100%|██████████| 5/5 00:00
Class     Images  Instances          P          R      mAP50   mAP50-95: 100%|██████████| 8/8 00:03
all       1000        641      0.569      0.344      0.391      0.199
Epoch    GPU_mem   box_loss   obj_loss   cls_loss  Instances       Size
25/99      13.9G    0.02725   0.006614  0.0007943         48        640: 100%|██████████| 5/5 00:00
Class     Images  Instances          P          R      mAP50   mAP50-95: 100%|██████████| 8/8 00:03
all       1000        641      0.809      0.363      0.403        0.2
Epoch    GPU_mem   box_loss   obj_loss   cls_loss  Instances       Size
26/99      13.9G    0.02759   0.006638  0.0009323         49        640: 100%|██████████| 5/5 00:00
Class     Images  Instances          P          R      mAP50   mAP50-95: 100%|██████████| 8/8 00:03
all       1000        641      0.825      0.355        0.4      0.205
Epoch    GPU_mem   box_loss   obj_loss   cls_loss  Instances       Size
27/99      13.9G    0.02673   0.006278   0.001033         31        640: 100%|██████████| 5/5 00:00
Class     Images  Instances          P          R      mAP50   mAP50-95: 100%|██████████| 8/8 00:03
all       1000        641      0.578      0.344      0.404      0.212
Epoch    GPU_mem   box_loss   obj_loss   cls_loss  Instances       Size
28/99      13.9G    0.02548   0.006172  0.0007523         50        640: 100%|██████████| 5/5 00:00
Class     Images  Instances          P          R      mAP50   mAP50-95: 100%|██████████| 8/8 00:04
all       1000        641      0.568      0.356      0.397       0.21
Epoch    GPU_mem   box_loss   obj_loss   cls_loss  Instances       Size
29/99      13.9G    0.02614   0.006509  0.0008498         54        640: 100%|██████████| 5/5 00:01
Class     Images  Instances          P          R      mAP50   mAP50-95: 100%|██████████| 8/8 00:06
all       1000        641      0.525      0.374      0.393      0.201
Epoch    GPU_mem   box_loss   obj_loss   cls_loss  Instances       Size
30/99      13.9G    0.02516   0.006451  0.0007678         42        640: 100%|██████████| 5/5 00:01
Class     Images  Instances          P          R      mAP50   mAP50-95: 100%|██████████| 8/8 00:03
all       1000        641      0.642      0.337       0.42      0.201
Epoch    GPU_mem   box_loss   obj_loss   cls_loss  Instances       Size
31/99      13.9G    0.02632     0.0058  0.0006726         35        640: 100%|██████████| 5/5 00:00
Class     Images  Instances          P          R      mAP50   mAP50-95: 100%|██████████| 8/8 00:03
all       1000        641      0.574      0.331       0.39        0.2
Epoch    GPU_mem   box_loss   obj_loss   cls_loss  Instances       Size
32/99      13.9G     0.0257   0.006166  0.0008098         43        640: 100%|██████████| 5/5 00:00
Class     Images  Instances          P          R      mAP50   mAP50-95: 100%|██████████| 8/8 00:03
all       1000        641        0.6      0.318      0.381      0.196
Epoch    GPU_mem   box_loss   obj_loss   cls_loss  Instances       Size
33/99      13.9G    0.02511   0.006312  0.0006934         55        640: 100%|██████████| 5/5 00:00
Class     Images  Instances          P          R      mAP50   mAP50-95: 100%|██████████| 8/8 00:03
all       1000        641       0.63      0.347      0.401      0.198
Epoch    GPU_mem   box_loss   obj_loss   cls_loss  Instances       Size
34/99      13.9G    0.02479   0.005429   0.000659         36        640: 100%|██████████| 5/5 00:00
Class     Images  Instances          P          R      mAP50   mAP50-95: 100%|██████████| 8/8 00:03
all       1000        641      0.554      0.347      0.401      0.204
Epoch    GPU_mem   box_loss   obj_loss   cls_loss  Instances       Size
35/99      13.9G    0.02205   0.005945   0.001287         44        640: 100%|██████████| 5/5 00:00
Class     Images  Instances          P          R      mAP50   mAP50-95: 100%|██████████| 8/8 00:02
all       1000        641      0.612      0.367      0.399        0.2
Epoch    GPU_mem   box_loss   obj_loss   cls_loss  Instances       Size
36/99      13.9G    0.02416   0.005886   0.000782         40        640: 100%|██████████| 5/5 00:00
Class     Images  Instances          P          R      mAP50   mAP50-95: 100%|██████████| 8/8 00:03
all       1000        641      0.564      0.369      0.393      0.193
Epoch    GPU_mem   box_loss   obj_loss   cls_loss  Instances       Size
37/99      13.9G    0.02313   0.006031  0.0007454         47        640: 100%|██████████| 5/5 00:00
Class     Images  Instances          P          R      mAP50   mAP50-95: 100%|██████████| 8/8 00:04
all       1000        641      0.523      0.376      0.387      0.194
Epoch    GPU_mem   box_loss   obj_loss   cls_loss  Instances       Size
38/99      13.9G     0.0232   0.006118  0.0006308         57        640: 100%|██████████| 5/5 00:01
Class     Images  Instances          P          R      mAP50   mAP50-95: 100%|██████████| 8/8 00:03
all       1000        641      0.602      0.303      0.382      0.194
Epoch    GPU_mem   box_loss   obj_loss   cls_loss  Instances       Size
39/99      13.9G    0.02333   0.005704  0.0007908         39        640: 100%|██████████| 5/5 00:00
Class     Images  Instances          P          R      mAP50   mAP50-95: 100%|██████████| 8/8 00:02
all       1000        641      0.599      0.304      0.378      0.189
Epoch    GPU_mem   box_loss   obj_loss   cls_loss  Instances       Size
40/99      13.9G    0.02247   0.005625  0.0006963         42        640: 100%|██████████| 5/5 00:00
Class     Images  Instances          P          R      mAP50   mAP50-95: 100%|██████████| 8/8 00:02
all       1000        641      0.573      0.313      0.375      0.193
Epoch    GPU_mem   box_loss   obj_loss   cls_loss  Instances       Size
41/99      13.9G    0.02235   0.005694  0.0006972         51        640: 100%|██████████| 5/5 00:00
Class     Images  Instances          P          R      mAP50   mAP50-95: 100%|██████████| 8/8 00:02
all       1000        641      0.602      0.306       0.38      0.195
Epoch    GPU_mem   box_loss   obj_loss   cls_loss  Instances       Size
42/99      13.9G    0.02234   0.006041   0.000796         49        640: 100%|██████████| 5/5 00:00
Class     Images  Instances          P          R      mAP50   mAP50-95: 100%|██████████| 8/8 00:02
all       1000        641       0.52      0.383      0.394      0.201
Epoch    GPU_mem   box_loss   obj_loss   cls_loss  Instances       Size
43/99      13.9G    0.02175   0.006125  0.0006718         54        640: 100%|██████████| 5/5 00:00
Class     Images  Instances          P          R      mAP50   mAP50-95: 100%|██████████| 8/8 00:02
all       1000        641       0.61      0.327      0.407       0.21
Epoch    GPU_mem   box_loss   obj_loss   cls_loss  Instances       Size
44/99      13.9G    0.02214   0.005837  0.0007206         52        640: 100%|██████████| 5/5 00:00
Class     Images  Instances          P          R      mAP50   mAP50-95: 100%|██████████| 8/8 00:02
all       1000        641      0.554      0.388      0.418      0.217
Epoch    GPU_mem   box_loss   obj_loss   cls_loss  Instances       Size
45/99      13.9G    0.02169    0.00588   0.001096         48        640: 100%|██████████| 5/5 00:00
Class     Images  Instances          P          R      mAP50   mAP50-95: 100%|██████████| 8/8 00:02
all       1000        641      0.588      0.374      0.418      0.213
Epoch    GPU_mem   box_loss   obj_loss   cls_loss  Instances       Size
46/99      13.9G      0.022   0.005885  0.0009276         55        640: 100%|██████████| 5/5 00:00
Class     Images  Instances          P          R      mAP50   mAP50-95: 100%|██████████| 8/8 00:03
all       1000        641      0.514      0.361      0.416      0.215
Epoch    GPU_mem   box_loss   obj_loss   cls_loss  Instances       Size
47/99      13.9G    0.02194   0.005738   0.000645         45        640: 100%|██████████| 5/5 00:01
Class     Images  Instances          P          R      mAP50   mAP50-95: 100%|██████████| 8/8 00:03
all       1000        641      0.588      0.385      0.429      0.224
Epoch    GPU_mem   box_loss   obj_loss   cls_loss  Instances       Size
48/99      13.9G    0.02066   0.005651   0.001166         42        640: 100%|██████████| 5/5 00:00
Class     Images  Instances          P          R      mAP50   mAP50-95: 100%|██████████| 8/8 00:02
all       1000        641      0.562      0.397      0.427      0.219
Epoch    GPU_mem   box_loss   obj_loss   cls_loss  Instances       Size
49/99      13.9G    0.02012   0.005228  0.0008141         62        640: 100%|██████████| 5/5 00:00
Class     Images  Instances          P          R      mAP50   mAP50-95: 100%|██████████| 8/8 00:03
all       1000        641      0.525      0.366      0.421      0.212
Epoch    GPU_mem   box_loss   obj_loss   cls_loss  Instances       Size
50/99      13.9G    0.02181   0.005733  0.0007202         37        640: 100%|██████████| 5/5 00:00
Class     Images  Instances          P          R      mAP50   mAP50-95: 100%|██████████| 8/8 00:03
all       1000        641      0.521      0.376      0.422      0.215
Epoch    GPU_mem   box_loss   obj_loss   cls_loss  Instances       Size
51/99      13.9G    0.02102   0.005536  0.0006615         52        640: 100%|██████████| 5/5 00:00
Class     Images  Instances          P          R      mAP50   mAP50-95: 100%|██████████| 8/8 00:03
all       1000        641      0.517      0.361      0.417      0.205
Epoch    GPU_mem   box_loss   obj_loss   cls_loss  Instances       Size
52/99      13.9G    0.02001   0.005715  0.0005101         49        640: 100%|██████████| 5/5 00:00
Class     Images  Instances          P          R      mAP50   mAP50-95: 100%|██████████| 8/8 00:03
all       1000        641      0.521      0.361      0.409      0.205
Epoch    GPU_mem   box_loss   obj_loss   cls_loss  Instances       Size
53/99      13.9G    0.02118   0.005634  0.0007017         51        640: 100%|██████████| 5/5 00:00
Class     Images  Instances          P          R      mAP50   mAP50-95: 100%|██████████| 8/8 00:03
all       1000        641      0.516      0.363      0.406      0.207
Epoch    GPU_mem   box_loss   obj_loss   cls_loss  Instances       Size
54/99      13.9G    0.02021   0.005498  0.0007386         38        640: 100%|██████████| 5/5 00:00
Class     Images  Instances          P          R      mAP50   mAP50-95: 100%|██████████| 8/8 00:05
all       1000        641      0.539      0.366      0.409      0.211
Epoch    GPU_mem   box_loss   obj_loss   cls_loss  Instances       Size
55/99      13.9G    0.02094   0.005131  0.0009509         52        640: 100%|██████████| 5/5 00:01
Class     Images  Instances          P          R      mAP50   mAP50-95: 100%|██████████| 8/8 00:06
all       1000        641      0.486      0.371      0.396      0.205
Epoch    GPU_mem   box_loss   obj_loss   cls_loss  Instances       Size
56/99      13.9G    0.02024   0.005701  0.0008638         53        640: 100%|██████████| 5/5 00:01
Class     Images  Instances          P          R      mAP50   mAP50-95: 100%|██████████| 8/8 00:03
all       1000        641      0.499      0.369      0.406      0.207
Epoch    GPU_mem   box_loss   obj_loss   cls_loss  Instances       Size
57/99      13.9G    0.01964   0.005452  0.0006874         52        640: 100%|██████████| 5/5 00:00
Class     Images  Instances          P          R      mAP50   mAP50-95: 100%|██████████| 8/8 00:03
all       1000        641      0.485      0.365        0.4      0.209
Epoch    GPU_mem   box_loss   obj_loss   cls_loss  Instances       Size
58/99      13.9G    0.01866    0.00444  0.0004919         44        640: 100%|██████████| 5/5 00:00
Class     Images  Instances          P          R      mAP50   mAP50-95: 100%|██████████| 8/8 00:03
all       1000        641       0.51      0.344      0.393      0.205
Epoch    GPU_mem   box_loss   obj_loss   cls_loss  Instances       Size
59/99      13.9G    0.02011    0.00543  0.0005887         41        640: 100%|██████████| 5/5 00:00
Class     Images  Instances          P          R      mAP50   mAP50-95: 100%|██████████| 8/8 00:03
all       1000        641      0.515       0.35      0.397      0.204
Epoch    GPU_mem   box_loss   obj_loss   cls_loss  Instances       Size
60/99      13.9G    0.02022   0.005741   0.000465         52        640: 100%|██████████| 5/5 00:00
Class     Images  Instances          P          R      mAP50   mAP50-95: 100%|██████████| 8/8 00:03
all       1000        641      0.597      0.366      0.414      0.208
Epoch    GPU_mem   box_loss   obj_loss   cls_loss  Instances       Size
61/99      13.9G    0.01914   0.005081  0.0004866         45        640: 100%|██████████| 5/5 00:00
Class     Images  Instances          P          R      mAP50   mAP50-95: 100%|██████████| 8/8 00:03
all       1000        641      0.558      0.371      0.407      0.212
Epoch    GPU_mem   box_loss   obj_loss   cls_loss  Instances       Size
62/99      13.9G    0.02004   0.005069  0.0005514         39        640: 100%|██████████| 5/5 00:00
Class     Images  Instances          P          R      mAP50   mAP50-95: 100%|██████████| 8/8 00:02
all       1000        641       0.51      0.385      0.404      0.208
Epoch    GPU_mem   box_loss   obj_loss   cls_loss  Instances       Size
63/99      13.9G    0.01834    0.00514  0.0006332         46        640: 100%|██████████| 5/5 00:00
Class     Images  Instances          P          R      mAP50   mAP50-95: 100%|██████████| 8/8 00:04
all       1000        641      0.505      0.344      0.389      0.198
Epoch    GPU_mem   box_loss   obj_loss   cls_loss  Instances       Size
64/99      13.9G    0.01774   0.005089  0.0005315         51        640: 100%|██████████| 5/5 00:01
Class     Images  Instances          P          R      mAP50   mAP50-95: 100%|██████████| 8/8 00:04
all       1000        641      0.517       0.35      0.392      0.195
Epoch    GPU_mem   box_loss   obj_loss   cls_loss  Instances       Size
65/99      13.9G    0.01809   0.004802  0.0008992         44        640: 100%|██████████| 5/5 00:00
Class     Images  Instances          P          R      mAP50   mAP50-95: 100%|██████████| 8/8 00:02
all       1000        641      0.529      0.344      0.398        0.2
Epoch    GPU_mem   box_loss   obj_loss   cls_loss  Instances       Size
66/99      13.9G     0.0173   0.005097  0.0004549         65        640: 100%|██████████| 5/5 00:00
Class     Images  Instances          P          R      mAP50   mAP50-95: 100%|██████████| 8/8 00:02
all       1000        641      0.506      0.342      0.394      0.199
Epoch    GPU_mem   box_loss   obj_loss   cls_loss  Instances       Size
67/99      13.9G    0.01921   0.005133  0.0004933         52        640: 100%|██████████| 5/5 00:00
Class     Images  Instances          P          R      mAP50   mAP50-95: 100%|██████████| 8/8 00:02
all       1000        641      0.537      0.373      0.393      0.202
Epoch    GPU_mem   box_loss   obj_loss   cls_loss  Instances       Size
68/99      13.9G    0.01678   0.005324  0.0005564         43        640: 100%|██████████| 5/5 00:00
Class     Images  Instances          P          R      mAP50   mAP50-95: 100%|██████████| 8/8 00:02
all       1000        641      0.547      0.371      0.394      0.202
Epoch    GPU_mem   box_loss   obj_loss   cls_loss  Instances       Size
69/99      13.9G    0.01714   0.004824  0.0005344         49        640: 100%|██████████| 5/5 00:00
Class     Images  Instances          P          R      mAP50   mAP50-95: 100%|██████████| 8/8 00:03
all       1000        641      0.543      0.377      0.395      0.204
Epoch    GPU_mem   box_loss   obj_loss   cls_loss  Instances       Size
70/99      13.9G    0.01698   0.005208  0.0004302         62        640: 100%|██████████| 5/5 00:00
Class     Images  Instances          P          R      mAP50   mAP50-95: 100%|██████████| 8/8 00:03
all       1000        641      0.497      0.347      0.389        0.2
Epoch    GPU_mem   box_loss   obj_loss   cls_loss  Instances       Size
71/99      13.9G    0.01665   0.004495  0.0004559         37        640: 100%|██████████| 5/5 00:01
Class     Images  Instances          P          R      mAP50   mAP50-95: 100%|██████████| 8/8 00:04
all       1000        641      0.531      0.332      0.392      0.199
Epoch    GPU_mem   box_loss   obj_loss   cls_loss  Instances       Size
72/99      13.9G    0.01654   0.004944  0.0003688         43        640: 100%|██████████| 5/5 00:01
Class     Images  Instances          P          R      mAP50   mAP50-95: 100%|██████████| 8/8 00:06
all       1000        641      0.498      0.349      0.394      0.199
Epoch    GPU_mem   box_loss   obj_loss   cls_loss  Instances       Size
73/99      13.9G      0.017   0.005141   0.000375         56        640: 100%|██████████| 5/5 00:01
Class     Images  Instances          P          R      mAP50   mAP50-95: 100%|██████████| 8/8 00:03
all       1000        641      0.516      0.382      0.398      0.202
Epoch    GPU_mem   box_loss   obj_loss   cls_loss  Instances       Size
74/99      13.9G    0.01652   0.004512  0.0003765         37        640: 100%|██████████| 5/5 00:00
Class     Images  Instances          P          R      mAP50   mAP50-95: 100%|██████████| 8/8 00:03
all       1000        641      0.509      0.352      0.398      0.202
Epoch    GPU_mem   box_loss   obj_loss   cls_loss  Instances       Size
75/99      13.9G    0.01736   0.005103  0.0003814         53        640: 100%|██████████| 5/5 00:00
Class     Images  Instances          P          R      mAP50   mAP50-95: 100%|██████████| 8/8 00:03
all       1000        641      0.516      0.342        0.4      0.199
Epoch    GPU_mem   box_loss   obj_loss   cls_loss  Instances       Size
76/99      13.9G    0.01636   0.004893  0.0003608         43        640: 100%|██████████| 5/5 00:00
Class     Images  Instances          P          R      mAP50   mAP50-95: 100%|██████████| 8/8 00:03
all       1000        641      0.549      0.368      0.398      0.196
Epoch    GPU_mem   box_loss   obj_loss   cls_loss  Instances       Size
77/99      13.9G    0.01592   0.004751  0.0003405         57        640: 100%|██████████| 5/5 00:00
Class     Images  Instances          P          R      mAP50   mAP50-95: 100%|██████████| 8/8 00:03
all       1000        641      0.527      0.333      0.386      0.188
Epoch    GPU_mem   box_loss   obj_loss   cls_loss  Instances       Size
78/99      13.9G    0.01577   0.004699  0.0004888         53        640: 100%|██████████| 5/5 00:00
Class     Images  Instances          P          R      mAP50   mAP50-95: 100%|██████████| 8/8 00:03
all       1000        641      0.539      0.365      0.385      0.191
Epoch    GPU_mem   box_loss   obj_loss   cls_loss  Instances       Size
79/99      13.9G     0.0159   0.004564  0.0002763         49        640: 100%|██████████| 5/5 00:00
Class     Images  Instances          P          R      mAP50   mAP50-95: 100%|██████████| 8/8 00:03
all       1000        641      0.554      0.355       0.38      0.192
Epoch    GPU_mem   box_loss   obj_loss   cls_loss  Instances       Size
80/99      13.9G    0.01609   0.004803  0.0003506         46        640: 100%|██████████| 5/5 00:00
Class     Images  Instances          P          R      mAP50   mAP50-95: 100%|██████████| 8/8 00:05
all       1000        641      0.545      0.371      0.391      0.196
Epoch    GPU_mem   box_loss   obj_loss   cls_loss  Instances       Size
81/99      13.9G    0.01512   0.004647  0.0002763         39        640: 100%|██████████| 5/5 00:01
Class     Images  Instances          P          R      mAP50   mAP50-95: 100%|██████████| 8/8 00:05
all       1000        641      0.552      0.359      0.393      0.198
Epoch    GPU_mem   box_loss   obj_loss   cls_loss  Instances       Size
82/99      13.9G    0.01602    0.00494  0.0003481         41        640: 100%|██████████| 5/5 00:00
Class     Images  Instances          P          R      mAP50   mAP50-95: 100%|██████████| 8/8 00:02
all       1000        641      0.597      0.353      0.395        0.2
Epoch    GPU_mem   box_loss   obj_loss   cls_loss  Instances       Size
83/99      13.9G    0.01627   0.004785  0.0003072         54        640: 100%|██████████| 5/5 00:00
Class     Images  Instances          P          R      mAP50   mAP50-95: 100%|██████████| 8/8 00:02
all       1000        641      0.624      0.348      0.397      0.201
Epoch    GPU_mem   box_loss   obj_loss   cls_loss  Instances       Size
84/99      13.9G    0.01586   0.004878  0.0003973         42        640: 100%|██████████| 5/5 00:00
Class     Images  Instances          P          R      mAP50   mAP50-95: 100%|██████████| 8/8 00:02
all       1000        641      0.639      0.344      0.397      0.204
Epoch    GPU_mem   box_loss   obj_loss   cls_loss  Instances       Size
85/99      13.9G    0.01518    0.00494  0.0002972         55        640: 100%|██████████| 5/5 00:00
Class     Images  Instances          P          R      mAP50   mAP50-95: 100%|██████████| 8/8 00:02
all       1000        641      0.614      0.344      0.397      0.201
Epoch    GPU_mem   box_loss   obj_loss   cls_loss  Instances       Size
86/99      13.9G    0.01465   0.004453  0.0002696         51        640: 100%|██████████| 5/5 00:00
Class     Images  Instances          P          R      mAP50   mAP50-95: 100%|██████████| 8/8 00:02
all       1000        641      0.632      0.341      0.398      0.204
Epoch    GPU_mem   box_loss   obj_loss   cls_loss  Instances       Size
87/99      13.9G     0.0147   0.004629  0.0004539         49        640: 100%|██████████| 5/5 00:00
Class     Images  Instances          P          R      mAP50   mAP50-95: 100%|██████████| 8/8 00:02
all       1000        641      0.631      0.345      0.401      0.203
Epoch    GPU_mem   box_loss   obj_loss   cls_loss  Instances       Size
88/99      13.9G    0.01531   0.004521  0.0002736         40        640: 100%|██████████| 5/5 00:00
Class     Images  Instances          P          R      mAP50   mAP50-95: 100%|██████████| 8/8 00:03
all       1000        641      0.604      0.341      0.395        0.2
Epoch    GPU_mem   box_loss   obj_loss   cls_loss  Instances       Size
89/99      13.9G    0.01552   0.004808  0.0002404         50        640: 100%|██████████| 5/5 00:00
Class     Images  Instances          P          R      mAP50   mAP50-95: 100%|██████████| 8/8 00:04
all       1000        641      0.607      0.339      0.391      0.194
Epoch    GPU_mem   box_loss   obj_loss   cls_loss  Instances       Size
90/99      13.9G    0.01494   0.004696  0.0002264         68        640: 100%|██████████| 5/5 00:01
Class     Images  Instances          P          R      mAP50   mAP50-95: 100%|██████████| 8/8 00:05
all       1000        641      0.592      0.345      0.391      0.194
Epoch    GPU_mem   box_loss   obj_loss   cls_loss  Instances       Size
91/99      13.9G     0.0156   0.004529  0.0002061         41        640: 100%|██████████| 5/5 00:01
Class     Images  Instances          P          R      mAP50   mAP50-95: 100%|██████████| 8/8 00:05
all       1000        641      0.594      0.344      0.393      0.195
Epoch    GPU_mem   box_loss   obj_loss   cls_loss  Instances       Size
92/99      13.9G    0.01409   0.004195  0.0001894         37        640: 100%|██████████| 5/5 00:01
Class     Images  Instances          P          R      mAP50   mAP50-95: 100%|██████████| 8/8 00:04
all       1000        641      0.586      0.347       0.39      0.196
Epoch    GPU_mem   box_loss   obj_loss   cls_loss  Instances       Size
93/99      13.9G    0.01378   0.004631  0.0002557         41        640: 100%|██████████| 5/5 00:00
Class     Images  Instances          P          R      mAP50   mAP50-95: 100%|██████████| 8/8 00:02
all       1000        641      0.585      0.349       0.39      0.197
Epoch    GPU_mem   box_loss   obj_loss   cls_loss  Instances       Size
94/99      13.9G    0.01499   0.004772  0.0005039         52        640: 100%|██████████| 5/5 00:00
Class     Images  Instances          P          R      mAP50   mAP50-95: 100%|██████████| 8/8 00:02
all       1000        641      0.575      0.352      0.394      0.198
Epoch    GPU_mem   box_loss   obj_loss   cls_loss  Instances       Size
95/99      13.9G    0.01358   0.004391   0.000234         50        640: 100%|██████████| 5/5 00:00
Class     Images  Instances          P          R      mAP50   mAP50-95: 100%|██████████| 8/8 00:02
all       1000        641      0.586      0.356      0.398      0.201
Epoch    GPU_mem   box_loss   obj_loss   cls_loss  Instances       Size
96/99      13.9G    0.01453    0.00485  0.0002355         57        640: 100%|██████████| 5/5 00:00
Class     Images  Instances          P          R      mAP50   mAP50-95: 100%|██████████| 8/8 00:03
all       1000        641      0.576      0.358      0.399      0.203
Epoch    GPU_mem   box_loss   obj_loss   cls_loss  Instances       Size
97/99      13.9G    0.01357   0.004182  0.0002211         46        640: 100%|██████████| 5/5 00:00
Class     Images  Instances          P          R      mAP50   mAP50-95: 100%|██████████| 8/8 00:03
all       1000        641      0.546      0.362      0.398      0.203
Epoch    GPU_mem   box_loss   obj_loss   cls_loss  Instances       Size
98/99      13.9G    0.01467   0.004464   0.000151         38        640: 100%|██████████| 5/5 00:00
Class     Images  Instances          P          R      mAP50   mAP50-95: 100%|██████████| 8/8 00:03
all       1000        641      0.536      0.372      0.398      0.201
Epoch    GPU_mem   box_loss   obj_loss   cls_loss  Instances       Size
99/99      13.9G    0.01431   0.004871   0.000214         54        640: 100%|██████████| 5/5 00:00
Class     Images  Instances          P          R      mAP50   mAP50-95: 100%|██████████| 8/8 00:03
all       1000        641      0.535      0.368      0.396      0.201
100 epochs completed in 0.151 hours.
Optimizer stripped from /home/lijinhe/work/YOLO_Retraining/runs/sequences/B640__seq-pred-positive__current-warm__stage0-stage3__yolov5s__s42/tasks/002__stage2__pred-positive__current-warm/backend/yolov5/train/weights/last.pt, 14.4MB
Optimizer stripped from /home/lijinhe/work/YOLO_Retraining/runs/sequences/B640__seq-pred-positive__current-warm__stage0-stage3__yolov5s__s42/tasks/002__stage2__pred-positive__current-warm/backend/yolov5/train/weights/best.pt, 14.4MB
Validating /home/lijinhe/work/YOLO_Retraining/runs/sequences/B640__seq-pred-positive__current-warm__stage0-stage3__yolov5s__s42/tasks/002__stage2__pred-positive__current-warm/backend/yolov5/train/weights/best.pt...
Fusing layers...
Model summary: 157 layers, 7020913 parameters, 0 gradients, 15.8 GFLOPs
Class     Images  Instances          P          R      mAP50   mAP50-95: 100%|██████████| 8/8 00:07
all       1000        641      0.876      0.453       0.55      0.306
large luggage       1000        410        0.7      0.484      0.569      0.282
stroller       1000        169      0.858      0.669      0.771      0.411
wheelchair       1000         53      0.946      0.659      0.783      0.487
flatbed truck       1000          9          1          0     0.0754     0.0424
Results saved to /home/lijinhe/work/YOLO_Retraining/runs/sequences/B640__seq-pred-positive__current-warm__stage0-stage3__yolov5s__s42/tasks/002__stage2__pred-positive__current-warm/backend/yolov5/train
[YOLOv5] compacted progress updates: 2259 -> 203 lines
[YOLOv5] coalesced warning: incomplete JPEG accepted read-only; count=1279; by_source=train=281, val=998
[YOLOv5] warning example: train: WARNING ⚠️ /home/lijinhe/work/YOLO_Retraining/data/self_improving/images/0720_14/06513_1784526356019507_0.jpg: incomplete JPEG accepted read-only
[YOLOv5] warning example: train: WARNING ⚠️ /home/lijinhe/work/YOLO_Retraining/data/self_improving/images/0720_14/06532_1784526396406100_0.jpg: incomplete JPEG accepted read-only
[YOLOv5] warning example: train: WARNING ⚠️ /home/lijinhe/work/YOLO_Retraining/data/self_improving/images/0720_14/06533_1784526396608101_0.jpg: incomplete JPEG accepted read-only
