train: weights=/home/lijinhe/work/YOLO_Retraining/.third_party/yolov5/yolov5s.pt, cfg=, data=/home/lijinhe/work/YOLO_Retraining/runs/studies/0907_stroller_window10_learning_curve/experiment/sequence/StrollerWindow10Tau099_SplitS41__seq-full-cold__stage0-stage7__yolov5s__s42/tasks/001__stage1__full-cold/data/backend_data.yaml, hyp=data/hyps/hyp.scratch-low.yaml, epochs=100, batch_size=64, imgsz=640, rect=False, resume=False, nosave=False, noval=False, noautoanchor=False, noplots=True, evolve=None, bucket=, cache=None, image_weights=False, device=0, multi_scale=False, single_cls=False, optimizer=SGD, sync_bn=False, workers=16, project=/home/lijinhe/work/YOLO_Retraining/runs/studies/0907_stroller_window10_learning_curve/experiment/sequence/StrollerWindow10Tau099_SplitS41__seq-full-cold__stage0-stage7__yolov5s__s42/tasks/001__stage1__full-cold/backend/yolov5, name=train, exist_ok=True, quad=False, cos_lr=False, label_smoothing=0.0, patience=100, freeze=[0], save_period=-1, seed=43, local_rank=-1, entity=None, upload_dataset=False, bbox_interval=-1, artifact_alias=latest
github: skipping check (offline), for updates see https://github.com/ultralytics/yolov5
YOLOv5 🚀 v7.0-0-g915bbf29 Python-3.10.20 torch-2.2.2+cu121 CUDA:0 (NVIDIA H100 PCIe, 81090MiB)
hyperparameters: lr0=0.01, lrf=0.01, momentum=0.937, weight_decay=0.0005, warmup_epochs=3.0, warmup_momentum=0.8, warmup_bias_lr=0.1, box=0.05, cls=0.5, cls_pw=1.0, obj=1.0, obj_pw=1.0, iou_t=0.2, anchor_t=4.0, fl_gamma=0.0, hsv_h=0.015, hsv_s=0.7, hsv_v=0.4, degrees=0.0, translate=0.1, scale=0.5, shear=0.0, perspective=0.0, flipud=0.0, fliplr=0.5, mosaic=1.0, mixup=0.0, copy_paste=0.0
ClearML: run 'pip install clearml' to automatically track, visualize and remotely train YOLOv5 🚀 in ClearML
Comet: run 'pip install comet_ml' to automatically track and visualize YOLOv5 🚀 runs in Comet
TensorBoard: Start with 'tensorboard --logdir /home/lijinhe/work/YOLO_Retraining/runs/studies/0907_stroller_window10_learning_curve/experiment/sequence/StrollerWindow10Tau099_SplitS41__seq-full-cold__stage0-stage7__yolov5s__s42/tasks/001__stage1__full-cold/backend/yolov5', view at http://localhost:6006/
Overriding model.yaml nc=80 with nc=4
from  n    params  module                                  arguments
0                -1  1      3520  models.common.Conv                      [3, 32, 6, 2, 2]
1                -1  1     18560  models.common.Conv                      [32, 64, 3, 2]
2                -1  1     18816  models.common.C3                        [64, 64, 1]
3                -1  1     73984  models.common.Conv                      [64, 128, 3, 2]
4                -1  2    115712  models.common.C3                        [128, 128, 2]
5                -1  1    295424  models.common.Conv                      [128, 256, 3, 2]
6                -1  3    625152  models.common.C3                        [256, 256, 3]
7                -1  1   1180672  models.common.Conv                      [256, 512, 3, 2]
8                -1  1   1182720  models.common.C3                        [512, 512, 1]
9                -1  1    656896  models.common.SPPF                      [512, 512, 5]
10                -1  1    131584  models.common.Conv                      [512, 256, 1, 1]
11                -1  1         0  torch.nn.modules.upsampling.Upsample    [None, 2, 'nearest']
12           [-1, 6]  1         0  models.common.Concat                    [1]
13                -1  1    361984  models.common.C3                        [512, 256, 1, False]
14                -1  1     33024  models.common.Conv                      [256, 128, 1, 1]
15                -1  1         0  torch.nn.modules.upsampling.Upsample    [None, 2, 'nearest']
16           [-1, 4]  1         0  models.common.Concat                    [1]
17                -1  1     90880  models.common.C3                        [256, 128, 1, False]
18                -1  1    147712  models.common.Conv                      [128, 128, 3, 2]
19          [-1, 14]  1         0  models.common.Concat                    [1]
20                -1  1    296448  models.common.C3                        [256, 256, 1, False]
21                -1  1    590336  models.common.Conv                      [256, 256, 3, 2]
22          [-1, 10]  1         0  models.common.Concat                    [1]
23                -1  1   1182720  models.common.C3                        [512, 512, 1, False]
24      [17, 20, 23]  1     24273  models.yolo.Detect                      [4, [[10, 13, 16, 30, 33, 23], [30, 61, 62, 45, 59, 119], [116, 90, 156, 198, 373, 326]], [128, 256, 512]]
Model summary: 214 layers, 7030417 parameters, 7030417 gradients, 16.0 GFLOPs
Transferred 343/349 items from /home/lijinhe/work/YOLO_Retraining/.third_party/yolov5/yolov5s.pt
AMP: checks passed ✅
optimizer: SGD(lr=0.01) with parameter groups 57 weight(decay=0.0), 60 weight(decay=0.0005), 60 bias
train: Scanning /home/lijinhe/work/YOLO_Retraining/runs/studies/0907_stroller_window10_learning_curve/experiment/sequence/StrollerWindow10Tau099_SplitS41__seq-full-cold__stage0-stage7__yolov5s__s42/tasks/001__stage1__full-cold/data/backend_train_images... 161 images, 0 backgrounds, 0 corrupt: 100%|██████████| 161/161 00:04
train: New cache created: /home/lijinhe/work/YOLO_Retraining/runs/studies/0907_stroller_window10_learning_curve/experiment/sequence/StrollerWindow10Tau099_SplitS41__seq-full-cold__stage0-stage7__yolov5s__s42/tasks/001__stage1__full-cold/data/backend_train_images.cache
val: Scanning /home/lijinhe/work/YOLO_Retraining/runs/studies/0907_stroller_window10_learning_curve/experiment/sequence/StrollerWindow10Tau099_SplitS41__seq-full-cold__stage0-stage7__yolov5s__s42/tasks/001__stage1__full-cold/data/backend_validation_images... 80 images, 0 backgrounds, 0 corrupt: 100%|██████████| 80/80 00:03
val: New cache created: /home/lijinhe/work/YOLO_Retraining/runs/studies/0907_stroller_window10_learning_curve/experiment/sequence/StrollerWindow10Tau099_SplitS41__seq-full-cold__stage0-stage7__yolov5s__s42/tasks/001__stage1__full-cold/data/backend_validation_images.cache
AutoAnchor: 6.15 anchors/target, 1.000 Best Possible Recall (BPR). Current anchors are a good fit to dataset ✅
Image sizes 640 train, 640 val
Using 16 dataloader workers
Logging results to /home/lijinhe/work/YOLO_Retraining/runs/studies/0907_stroller_window10_learning_curve/experiment/sequence/StrollerWindow10Tau099_SplitS41__seq-full-cold__stage0-stage7__yolov5s__s42/tasks/001__stage1__full-cold/backend/yolov5/train
Starting training for 100 epochs...
Epoch    GPU_mem   box_loss   obj_loss   cls_loss  Instances       Size
0/99      13.9G     0.1235    0.02708     0.0531         59        640: 100%|██████████| 3/3 00:14
Class     Images  Instances          P          R      mAP50   mAP50-95: 100%|██████████| 1/1 00:01
all         80         88   0.000114     0.0114   0.000339   3.39e-05
Epoch    GPU_mem   box_loss   obj_loss   cls_loss  Instances       Size
1/99      13.9G     0.1211     0.0266    0.05002         65        640: 100%|██████████| 3/3 00:00
Class     Images  Instances          P          R      mAP50   mAP50-95: 100%|██████████| 1/1 00:00
all         80         88   0.000842      0.102   0.000549   0.000118
Epoch    GPU_mem   box_loss   obj_loss   cls_loss  Instances       Size
2/99      13.9G     0.1144    0.02546    0.04342         59        640: 100%|██████████| 3/3 00:00
Class     Images  Instances          P          R      mAP50   mAP50-95: 100%|██████████| 1/1 00:00
all         80         88    0.00204      0.318    0.00435   0.000713
Epoch    GPU_mem   box_loss   obj_loss   cls_loss  Instances       Size
3/99      13.9G     0.1081    0.02571    0.03399         61        640: 100%|██████████| 3/3 00:00
Class     Images  Instances          P          R      mAP50   mAP50-95: 100%|██████████| 1/1 00:00
all         80         88    0.00295      0.545     0.0245    0.00436
Epoch    GPU_mem   box_loss   obj_loss   cls_loss  Instances       Size
4/99      13.9G     0.1025    0.02486    0.02519         65        640: 100%|██████████| 3/3 00:00
Class     Images  Instances          P          R      mAP50   mAP50-95: 100%|██████████| 1/1 00:00
all         80         88     0.0402      0.352     0.0448    0.00951
Epoch    GPU_mem   box_loss   obj_loss   cls_loss  Instances       Size
5/99      13.9G    0.09584    0.02558    0.01762         60        640: 100%|██████████| 3/3 00:00
Class     Images  Instances          P          R      mAP50   mAP50-95: 100%|██████████| 1/1 00:00
all         80         88      0.012      0.227     0.0114    0.00219
Epoch    GPU_mem   box_loss   obj_loss   cls_loss  Instances       Size
6/99      13.9G    0.09049    0.02392    0.01323         57        640: 100%|██████████| 3/3 00:00
Class     Images  Instances          P          R      mAP50   mAP50-95: 100%|██████████| 1/1 00:00
all         80         88     0.0714      0.364       0.07     0.0171
Epoch    GPU_mem   box_loss   obj_loss   cls_loss  Instances       Size
7/99      13.9G    0.08784    0.02527   0.009927         57        640: 100%|██████████| 3/3 00:00
Class     Images  Instances          P          R      mAP50   mAP50-95: 100%|██████████| 1/1 00:00
all         80         88     0.0221      0.193     0.0164    0.00298
Epoch    GPU_mem   box_loss   obj_loss   cls_loss  Instances       Size
8/99      13.9G     0.0852    0.02643   0.007825         66        640: 100%|██████████| 3/3 00:00
Class     Images  Instances          P          R      mAP50   mAP50-95: 100%|██████████| 1/1 00:00
all         80         88     0.0235      0.205     0.0242    0.00456
Epoch    GPU_mem   box_loss   obj_loss   cls_loss  Instances       Size
9/99      13.9G    0.08061     0.0262   0.006258         63        640: 100%|██████████| 3/3 00:00
Class     Images  Instances          P          R      mAP50   mAP50-95: 100%|██████████| 1/1 00:00
all         80         88     0.0355      0.205     0.0263     0.0051
Epoch    GPU_mem   box_loss   obj_loss   cls_loss  Instances       Size
10/99      13.9G    0.08005    0.02593   0.005236         69        640: 100%|██████████| 3/3 00:00
Class     Images  Instances          P          R      mAP50   mAP50-95: 100%|██████████| 1/1 00:00
all         80         88     0.0371      0.205     0.0323    0.00571
Epoch    GPU_mem   box_loss   obj_loss   cls_loss  Instances       Size
11/99      13.9G    0.07607     0.0253   0.004637         65        640: 100%|██████████| 3/3 00:00
Class     Images  Instances          P          R      mAP50   mAP50-95: 100%|██████████| 1/1 00:00
all         80         88     0.0877      0.409     0.0781     0.0181
Epoch    GPU_mem   box_loss   obj_loss   cls_loss  Instances       Size
12/99      13.9G    0.07245    0.02442   0.004079         56        640: 100%|██████████| 3/3 00:00
Class     Images  Instances          P          R      mAP50   mAP50-95: 100%|██████████| 1/1 00:00
all         80         88      0.189      0.261      0.117     0.0256
Epoch    GPU_mem   box_loss   obj_loss   cls_loss  Instances       Size
13/99      13.9G    0.07537    0.02448   0.003601         67        640: 100%|██████████| 3/3 00:00
Class     Images  Instances          P          R      mAP50   mAP50-95: 100%|██████████| 1/1 00:00
all         80         88      0.379      0.477      0.331     0.0796
Epoch    GPU_mem   box_loss   obj_loss   cls_loss  Instances       Size
14/99      13.9G    0.07015     0.0239   0.003386         67        640: 100%|██████████| 3/3 00:00
Class     Images  Instances          P          R      mAP50   mAP50-95: 100%|██████████| 1/1 00:00
all         80         88      0.294      0.205      0.121     0.0181
Epoch    GPU_mem   box_loss   obj_loss   cls_loss  Instances       Size
15/99      13.9G    0.07257    0.02285   0.003356         70        640: 100%|██████████| 3/3 00:00
Class     Images  Instances          P          R      mAP50   mAP50-95: 100%|██████████| 1/1 00:00
all         80         88      0.163       0.17      0.116      0.018
Epoch    GPU_mem   box_loss   obj_loss   cls_loss  Instances       Size
16/99      13.9G    0.07386    0.02304   0.003146         72        640: 100%|██████████| 3/3 00:00
Class     Images  Instances          P          R      mAP50   mAP50-95: 100%|██████████| 1/1 00:00
all         80         88      0.571      0.432      0.467      0.109
Epoch    GPU_mem   box_loss   obj_loss   cls_loss  Instances       Size
17/99      13.9G    0.06961    0.02071   0.003143         62        640: 100%|██████████| 3/3 00:00
Class     Images  Instances          P          R      mAP50   mAP50-95: 100%|██████████| 1/1 00:00
all         80         88       0.16       0.17      0.125     0.0254
Epoch    GPU_mem   box_loss   obj_loss   cls_loss  Instances       Size
18/99      13.9G     0.0714    0.02059   0.003038         57        640: 100%|██████████| 3/3 00:00
Class     Images  Instances          P          R      mAP50   mAP50-95: 100%|██████████| 1/1 00:00
all         80         88      0.497      0.477      0.519      0.174
Epoch    GPU_mem   box_loss   obj_loss   cls_loss  Instances       Size
19/99      13.9G    0.06767    0.01959   0.002996         54        640: 100%|██████████| 3/3 00:00
Class     Images  Instances          P          R      mAP50   mAP50-95: 100%|██████████| 1/1 00:00
all         80         88      0.447      0.432      0.433       0.13
Epoch    GPU_mem   box_loss   obj_loss   cls_loss  Instances       Size
20/99      13.9G    0.06827    0.02067   0.002996         69        640: 100%|██████████| 3/3 00:00
Class     Images  Instances          P          R      mAP50   mAP50-95: 100%|██████████| 1/1 00:00
all         80         88      0.445      0.443      0.412      0.142
Epoch    GPU_mem   box_loss   obj_loss   cls_loss  Instances       Size
21/99      13.9G    0.06554    0.02161   0.003108         62        640: 100%|██████████| 3/3 00:00
Class     Images  Instances          P          R      mAP50   mAP50-95: 100%|██████████| 1/1 00:00
all         80         88      0.429       0.42      0.367      0.104
Epoch    GPU_mem   box_loss   obj_loss   cls_loss  Instances       Size
22/99      13.9G    0.06554     0.0193   0.003115         66        640: 100%|██████████| 3/3 00:00
Class     Images  Instances          P          R      mAP50   mAP50-95: 100%|██████████| 1/1 00:00
all         80         88      0.338      0.398      0.268     0.0749
Epoch    GPU_mem   box_loss   obj_loss   cls_loss  Instances       Size
23/99      13.9G    0.06692     0.0198   0.002916         68        640: 100%|██████████| 3/3 00:00
Class     Images  Instances          P          R      mAP50   mAP50-95: 100%|██████████| 1/1 00:00
all         80         88      0.485      0.364      0.387      0.113
Epoch    GPU_mem   box_loss   obj_loss   cls_loss  Instances       Size
24/99      13.9G    0.06453    0.01887    0.00316         59        640: 100%|██████████| 3/3 00:00
Class     Images  Instances          P          R      mAP50   mAP50-95: 100%|██████████| 1/1 00:00
all         80         88      0.347      0.409      0.323      0.124
Epoch    GPU_mem   box_loss   obj_loss   cls_loss  Instances       Size
25/99      13.9G    0.06585    0.01855   0.003086         65        640: 100%|██████████| 3/3 00:00
Class     Images  Instances          P          R      mAP50   mAP50-95: 100%|██████████| 1/1 00:00
all         80         88      0.357      0.386      0.339     0.0915
Epoch    GPU_mem   box_loss   obj_loss   cls_loss  Instances       Size
26/99      13.9G    0.06295    0.01861   0.003204         64        640: 100%|██████████| 3/3 00:00
Class     Images  Instances          P          R      mAP50   mAP50-95: 100%|██████████| 1/1 00:00
all         80         88      0.328       0.42      0.318      0.103
Epoch    GPU_mem   box_loss   obj_loss   cls_loss  Instances       Size
27/99      13.9G    0.06024    0.01759   0.002954         61        640: 100%|██████████| 3/3 00:00
Class     Images  Instances          P          R      mAP50   mAP50-95: 100%|██████████| 1/1 00:00
all         80         88      0.375      0.443      0.369      0.103
Epoch    GPU_mem   box_loss   obj_loss   cls_loss  Instances       Size
28/99      13.9G    0.06042    0.01671    0.00317         55        640: 100%|██████████| 3/3 00:00
Class     Images  Instances          P          R      mAP50   mAP50-95: 100%|██████████| 1/1 00:00
all         80         88      0.247      0.515      0.279     0.0992
Epoch    GPU_mem   box_loss   obj_loss   cls_loss  Instances       Size
29/99      13.9G    0.06355    0.01709   0.002771         58        640: 100%|██████████| 3/3 00:00
Class     Images  Instances          P          R      mAP50   mAP50-95: 100%|██████████| 1/1 00:00
all         80         88      0.462      0.534      0.454      0.139
Epoch    GPU_mem   box_loss   obj_loss   cls_loss  Instances       Size
30/99      13.9G    0.05689    0.01692    0.00269         64        640: 100%|██████████| 3/3 00:00
Class     Images  Instances          P          R      mAP50   mAP50-95: 100%|██████████| 1/1 00:00
all         80         88      0.264      0.545      0.262     0.0742
Epoch    GPU_mem   box_loss   obj_loss   cls_loss  Instances       Size
31/99      13.9G    0.06065    0.01726   0.002561         68        640: 100%|██████████| 3/3 00:00
Class     Images  Instances          P          R      mAP50   mAP50-95: 100%|██████████| 1/1 00:00
all         80         88      0.469      0.477      0.421      0.133
Epoch    GPU_mem   box_loss   obj_loss   cls_loss  Instances       Size
32/99      13.9G    0.06165    0.01443   0.002638         58        640: 100%|██████████| 3/3 00:00
Class     Images  Instances          P          R      mAP50   mAP50-95: 100%|██████████| 1/1 00:00
all         80         88      0.475      0.534      0.486      0.175
Epoch    GPU_mem   box_loss   obj_loss   cls_loss  Instances       Size
33/99      13.9G     0.0562    0.01523   0.002795         59        640: 100%|██████████| 3/3 00:00
Class     Images  Instances          P          R      mAP50   mAP50-95: 100%|██████████| 1/1 00:00
all         80         88      0.579      0.568      0.545       0.17
Epoch    GPU_mem   box_loss   obj_loss   cls_loss  Instances       Size
34/99      13.9G    0.05592    0.01497    0.00283         60        640: 100%|██████████| 3/3 00:00
Class     Images  Instances          P          R      mAP50   mAP50-95: 100%|██████████| 1/1 00:00
all         80         88      0.465      0.534       0.45      0.164
Epoch    GPU_mem   box_loss   obj_loss   cls_loss  Instances       Size
35/99      13.9G    0.05492    0.01572   0.002786         68        640: 100%|██████████| 3/3 00:00
Class     Images  Instances          P          R      mAP50   mAP50-95: 100%|██████████| 1/1 00:00
all         80         88      0.527      0.591      0.536        0.2
Epoch    GPU_mem   box_loss   obj_loss   cls_loss  Instances       Size
36/99      13.9G    0.05133    0.01366    0.00269         53        640: 100%|██████████| 3/3 00:00
Class     Images  Instances          P          R      mAP50   mAP50-95: 100%|██████████| 1/1 00:00
all         80         88      0.477      0.466      0.457      0.174
Epoch    GPU_mem   box_loss   obj_loss   cls_loss  Instances       Size
37/99      13.9G     0.0523    0.01452   0.002496         71        640: 100%|██████████| 3/3 00:00
Class     Images  Instances          P          R      mAP50   mAP50-95: 100%|██████████| 1/1 00:00
all         80         88      0.607      0.568      0.526      0.177
Epoch    GPU_mem   box_loss   obj_loss   cls_loss  Instances       Size
38/99      13.9G    0.05218    0.01308   0.002452         58        640: 100%|██████████| 3/3 00:00
Class     Images  Instances          P          R      mAP50   mAP50-95: 100%|██████████| 1/1 00:00
all         80         88      0.495      0.557      0.504      0.192
Epoch    GPU_mem   box_loss   obj_loss   cls_loss  Instances       Size
39/99      13.9G    0.04969    0.01271   0.002496         65        640: 100%|██████████| 3/3 00:00
Class     Images  Instances          P          R      mAP50   mAP50-95: 100%|██████████| 1/1 00:00
all         80         88      0.731      0.568       0.63      0.223
Epoch    GPU_mem   box_loss   obj_loss   cls_loss  Instances       Size
40/99      13.9G    0.04721    0.01243   0.002338         58        640: 100%|██████████| 3/3 00:00
Class     Images  Instances          P          R      mAP50   mAP50-95: 100%|██████████| 1/1 00:00
all         80         88      0.531      0.578      0.482      0.186
Epoch    GPU_mem   box_loss   obj_loss   cls_loss  Instances       Size
41/99      13.9G    0.05034    0.01319   0.002168         61        640: 100%|██████████| 3/3 00:00
Class     Images  Instances          P          R      mAP50   mAP50-95: 100%|██████████| 1/1 00:00
all         80         88      0.743      0.693      0.732      0.301
Epoch    GPU_mem   box_loss   obj_loss   cls_loss  Instances       Size
42/99      13.9G    0.04495    0.01285   0.002131         70        640: 100%|██████████| 3/3 00:00
Class     Images  Instances          P          R      mAP50   mAP50-95: 100%|██████████| 1/1 00:00
all         80         88      0.487      0.591      0.508      0.179
Epoch    GPU_mem   box_loss   obj_loss   cls_loss  Instances       Size
43/99      13.9G    0.04737    0.01195   0.002033         62        640: 100%|██████████| 3/3 00:00
Class     Images  Instances          P          R      mAP50   mAP50-95: 100%|██████████| 1/1 00:00
all         80         88      0.722      0.682       0.67      0.253
Epoch    GPU_mem   box_loss   obj_loss   cls_loss  Instances       Size
44/99      13.9G    0.04298    0.01235   0.002048         74        640: 100%|██████████| 3/3 00:00
Class     Images  Instances          P          R      mAP50   mAP50-95: 100%|██████████| 1/1 00:00
all         80         88      0.601      0.667      0.609      0.226
Epoch    GPU_mem   box_loss   obj_loss   cls_loss  Instances       Size
45/99      13.9G    0.04451    0.01197    0.00188         66        640: 100%|██████████| 3/3 00:00
Class     Images  Instances          P          R      mAP50   mAP50-95: 100%|██████████| 1/1 00:00
all         80         88      0.651      0.722      0.669      0.247
Epoch    GPU_mem   box_loss   obj_loss   cls_loss  Instances       Size
46/99      13.9G    0.04237    0.01142    0.00197         67        640: 100%|██████████| 3/3 00:00
Class     Images  Instances          P          R      mAP50   mAP50-95: 100%|██████████| 1/1 00:00
all         80         88      0.718      0.705      0.736      0.313
Epoch    GPU_mem   box_loss   obj_loss   cls_loss  Instances       Size
47/99      13.9G    0.04328    0.01179   0.001946         64        640: 100%|██████████| 3/3 00:00
Class     Images  Instances          P          R      mAP50   mAP50-95: 100%|██████████| 1/1 00:00
all         80         88      0.552      0.682       0.57       0.23
Epoch    GPU_mem   box_loss   obj_loss   cls_loss  Instances       Size
48/99      13.9G    0.04195     0.0119   0.002015         60        640: 100%|██████████| 3/3 00:00
Class     Images  Instances          P          R      mAP50   mAP50-95: 100%|██████████| 1/1 00:00
all         80         88      0.737      0.797      0.752       0.32
Epoch    GPU_mem   box_loss   obj_loss   cls_loss  Instances       Size
49/99      13.9G    0.04126    0.01179   0.001844         64        640: 100%|██████████| 3/3 00:00
Class     Images  Instances          P          R      mAP50   mAP50-95: 100%|██████████| 1/1 00:00
all         80         88      0.686      0.693      0.733      0.276
Epoch    GPU_mem   box_loss   obj_loss   cls_loss  Instances       Size
50/99      13.9G    0.04075    0.01074   0.001812         69        640: 100%|██████████| 3/3 00:00
Class     Images  Instances          P          R      mAP50   mAP50-95: 100%|██████████| 1/1 00:00
all         80         88      0.785      0.739      0.797       0.35
Epoch    GPU_mem   box_loss   obj_loss   cls_loss  Instances       Size
51/99      13.9G    0.04087    0.01085   0.001867         58        640: 100%|██████████| 3/3 00:00
Class     Images  Instances          P          R      mAP50   mAP50-95: 100%|██████████| 1/1 00:00
all         80         88      0.616      0.716      0.642      0.277
Epoch    GPU_mem   box_loss   obj_loss   cls_loss  Instances       Size
52/99      13.9G    0.03921    0.01079   0.001763         75        640: 100%|██████████| 3/3 00:00
Class     Images  Instances          P          R      mAP50   mAP50-95: 100%|██████████| 1/1 00:00
all         80         88      0.684      0.739      0.745      0.306
Epoch    GPU_mem   box_loss   obj_loss   cls_loss  Instances       Size
53/99      13.9G     0.0375    0.01037   0.001657         58        640: 100%|██████████| 3/3 00:00
Class     Images  Instances          P          R      mAP50   mAP50-95: 100%|██████████| 1/1 00:00
all         80         88      0.861      0.648      0.768      0.346
Epoch    GPU_mem   box_loss   obj_loss   cls_loss  Instances       Size
54/99      13.9G    0.03823    0.01044    0.00161         65        640: 100%|██████████| 3/3 00:00
Class     Images  Instances          P          R      mAP50   mAP50-95: 100%|██████████| 1/1 00:00
all         80         88      0.833      0.735      0.809      0.341
Epoch    GPU_mem   box_loss   obj_loss   cls_loss  Instances       Size
55/99      13.9G    0.03715    0.01006   0.001568         62        640: 100%|██████████| 3/3 00:00
Class     Images  Instances          P          R      mAP50   mAP50-95: 100%|██████████| 1/1 00:00
all         80         88       0.84      0.682      0.769      0.344
Epoch    GPU_mem   box_loss   obj_loss   cls_loss  Instances       Size
56/99      13.9G     0.0377    0.01083   0.001565         49        640: 100%|██████████| 3/3 00:00
Class     Images  Instances          P          R      mAP50   mAP50-95: 100%|██████████| 1/1 00:00
all         80         88      0.837      0.759      0.817      0.359
Epoch    GPU_mem   box_loss   obj_loss   cls_loss  Instances       Size
57/99      13.9G    0.03637     0.0101   0.001506         62        640: 100%|██████████| 3/3 00:00
Class     Images  Instances          P          R      mAP50   mAP50-95: 100%|██████████| 1/1 00:00
all         80         88      0.798      0.727      0.781      0.345
Epoch    GPU_mem   box_loss   obj_loss   cls_loss  Instances       Size
58/99      13.9G    0.03668    0.00994   0.001531         64        640: 100%|██████████| 3/3 00:00
Class     Images  Instances          P          R      mAP50   mAP50-95: 100%|██████████| 1/1 00:00
all         80         88      0.831      0.784      0.811      0.354
Epoch    GPU_mem   box_loss   obj_loss   cls_loss  Instances       Size
59/99      13.9G    0.03406    0.01003   0.001495         63        640: 100%|██████████| 3/3 00:00
Class     Images  Instances          P          R      mAP50   mAP50-95: 100%|██████████| 1/1 00:00
all         80         88      0.848      0.696      0.799      0.348
Epoch    GPU_mem   box_loss   obj_loss   cls_loss  Instances       Size
60/99      13.9G    0.03453   0.009166   0.001457         58        640: 100%|██████████| 3/3 00:00
Class     Images  Instances          P          R      mAP50   mAP50-95: 100%|██████████| 1/1 00:00
all         80         88      0.891      0.743      0.824      0.359
Epoch    GPU_mem   box_loss   obj_loss   cls_loss  Instances       Size
61/99      13.9G    0.03326   0.009613   0.001379         55        640: 100%|██████████| 3/3 00:00
Class     Images  Instances          P          R      mAP50   mAP50-95: 100%|██████████| 1/1 00:00
all         80         88      0.857       0.75      0.811      0.359
Epoch    GPU_mem   box_loss   obj_loss   cls_loss  Instances       Size
62/99      13.9G    0.03354   0.009034    0.00134         57        640: 100%|██████████| 3/3 00:00
Class     Images  Instances          P          R      mAP50   mAP50-95: 100%|██████████| 1/1 00:00
all         80         88      0.899      0.773      0.825      0.383
Epoch    GPU_mem   box_loss   obj_loss   cls_loss  Instances       Size
63/99      13.9G    0.03408   0.009463   0.001294         68        640: 100%|██████████| 3/3 00:00
Class     Images  Instances          P          R      mAP50   mAP50-95: 100%|██████████| 1/1 00:00
all         80         88      0.871      0.682       0.79      0.327
Epoch    GPU_mem   box_loss   obj_loss   cls_loss  Instances       Size
64/99      13.9G    0.03462   0.008954   0.001271         63        640: 100%|██████████| 3/3 00:00
Class     Images  Instances          P          R      mAP50   mAP50-95: 100%|██████████| 1/1 00:00
all         80         88      0.856      0.773      0.824      0.365
Epoch    GPU_mem   box_loss   obj_loss   cls_loss  Instances       Size
65/99      13.9G    0.03063   0.009076   0.001279         56        640: 100%|██████████| 3/3 00:00
Class     Images  Instances          P          R      mAP50   mAP50-95: 100%|██████████| 1/1 00:00
all         80         88      0.862      0.707      0.809      0.359
Epoch    GPU_mem   box_loss   obj_loss   cls_loss  Instances       Size
66/99      13.9G    0.03185   0.009493   0.001194         71        640: 100%|██████████| 3/3 00:00
Class     Images  Instances          P          R      mAP50   mAP50-95: 100%|██████████| 1/1 00:00
all         80         88      0.847      0.784      0.831      0.387
Epoch    GPU_mem   box_loss   obj_loss   cls_loss  Instances       Size
67/99      13.9G    0.03327   0.009713   0.001168         63        640: 100%|██████████| 3/3 00:00
Class     Images  Instances          P          R      mAP50   mAP50-95: 100%|██████████| 1/1 00:00
all         80         88      0.872      0.773       0.82      0.373
Epoch    GPU_mem   box_loss   obj_loss   cls_loss  Instances       Size
68/99      13.9G    0.03059   0.008887   0.001217         63        640: 100%|██████████| 3/3 00:00
Class     Images  Instances          P          R      mAP50   mAP50-95: 100%|██████████| 1/1 00:00
all         80         88      0.892      0.749      0.815       0.36
Epoch    GPU_mem   box_loss   obj_loss   cls_loss  Instances       Size
69/99      13.9G    0.03141   0.009076   0.001249         60        640: 100%|██████████| 3/3 00:00
Class     Images  Instances          P          R      mAP50   mAP50-95: 100%|██████████| 1/1 00:00
all         80         88      0.879      0.742      0.815      0.384
Epoch    GPU_mem   box_loss   obj_loss   cls_loss  Instances       Size
70/99      13.9G    0.03198   0.009535   0.001223         61        640: 100%|██████████| 3/3 00:00
Class     Images  Instances          P          R      mAP50   mAP50-95: 100%|██████████| 1/1 00:00
all         80         88      0.855       0.74      0.803      0.352
Epoch    GPU_mem   box_loss   obj_loss   cls_loss  Instances       Size
71/99      13.9G     0.0299    0.00934   0.001181         70        640: 100%|██████████| 3/3 00:00
Class     Images  Instances          P          R      mAP50   mAP50-95: 100%|██████████| 1/1 00:00
all         80         88      0.829      0.771      0.798      0.383
Epoch    GPU_mem   box_loss   obj_loss   cls_loss  Instances       Size
72/99      13.9G    0.02892   0.008864   0.001166         58        640: 100%|██████████| 3/3 00:00
Class     Images  Instances          P          R      mAP50   mAP50-95: 100%|██████████| 1/1 00:00
all         80         88      0.839      0.771      0.815      0.382
Epoch    GPU_mem   box_loss   obj_loss   cls_loss  Instances       Size
73/99      13.9G    0.02817   0.008839    0.00116         65        640: 100%|██████████| 3/3 00:00
Class     Images  Instances          P          R      mAP50   mAP50-95: 100%|██████████| 1/1 00:00
all         80         88      0.868      0.773      0.816      0.396
Epoch    GPU_mem   box_loss   obj_loss   cls_loss  Instances       Size
74/99      13.9G    0.02906   0.008536   0.001122         69        640: 100%|██████████| 3/3 00:00
Class     Images  Instances          P          R      mAP50   mAP50-95: 100%|██████████| 1/1 00:00
all         80         88      0.859      0.759      0.803       0.37
Epoch    GPU_mem   box_loss   obj_loss   cls_loss  Instances       Size
75/99      13.9G    0.02764   0.009014   0.001164         64        640: 100%|██████████| 3/3 00:00
Class     Images  Instances          P          R      mAP50   mAP50-95: 100%|██████████| 1/1 00:00
all         80         88      0.842      0.787      0.818       0.39
Epoch    GPU_mem   box_loss   obj_loss   cls_loss  Instances       Size
76/99      13.9G    0.02865   0.008137   0.001067         51        640: 100%|██████████| 3/3 00:00
Class     Images  Instances          P          R      mAP50   mAP50-95: 100%|██████████| 1/1 00:00
all         80         88      0.843      0.795      0.807       0.36
Epoch    GPU_mem   box_loss   obj_loss   cls_loss  Instances       Size
77/99      13.9G    0.02582   0.008438   0.001048         63        640: 100%|██████████| 3/3 00:00
Class     Images  Instances          P          R      mAP50   mAP50-95: 100%|██████████| 1/1 00:00
all         80         88      0.827      0.807      0.801      0.382
Epoch    GPU_mem   box_loss   obj_loss   cls_loss  Instances       Size
78/99      13.9G    0.02622   0.008918   0.001001         68        640: 100%|██████████| 3/3 00:00
Class     Images  Instances          P          R      mAP50   mAP50-95: 100%|██████████| 1/1 00:00
all         80         88       0.82       0.75      0.792      0.351
Epoch    GPU_mem   box_loss   obj_loss   cls_loss  Instances       Size
79/99      13.9G    0.02708   0.008575  0.0009688         54        640: 100%|██████████| 3/3 00:00
Class     Images  Instances          P          R      mAP50   mAP50-95: 100%|██████████| 1/1 00:00
all         80         88      0.837      0.758      0.802      0.389
Epoch    GPU_mem   box_loss   obj_loss   cls_loss  Instances       Size
80/99      13.9G    0.02594   0.008794  0.0008814         71        640: 100%|██████████| 3/3 00:00
Class     Images  Instances          P          R      mAP50   mAP50-95: 100%|██████████| 1/1 00:00
all         80         88      0.832      0.734      0.777      0.361
Epoch    GPU_mem   box_loss   obj_loss   cls_loss  Instances       Size
81/99      13.9G    0.02626   0.008887  0.0009201         68        640: 100%|██████████| 3/3 00:00
Class     Images  Instances          P          R      mAP50   mAP50-95: 100%|██████████| 1/1 00:00
all         80         88      0.867      0.742      0.787      0.374
Epoch    GPU_mem   box_loss   obj_loss   cls_loss  Instances       Size
82/99      13.9G      0.024   0.008174  0.0008445         66        640: 100%|██████████| 3/3 00:00
Class     Images  Instances          P          R      mAP50   mAP50-95: 100%|██████████| 1/1 00:00
all         80         88      0.885      0.703      0.785      0.379
Epoch    GPU_mem   box_loss   obj_loss   cls_loss  Instances       Size
83/99      13.9G    0.02473   0.008072  0.0008601         62        640: 100%|██████████| 3/3 00:00
Class     Images  Instances          P          R      mAP50   mAP50-95: 100%|██████████| 1/1 00:00
all         80         88      0.813      0.741      0.791      0.367
Epoch    GPU_mem   box_loss   obj_loss   cls_loss  Instances       Size
84/99      13.9G    0.02456   0.007454  0.0008148         52        640: 100%|██████████| 3/3 00:00
Class     Images  Instances          P          R      mAP50   mAP50-95: 100%|██████████| 1/1 00:00
all         80         88      0.857      0.784      0.811      0.393
Epoch    GPU_mem   box_loss   obj_loss   cls_loss  Instances       Size
85/99      13.9G    0.02503   0.008037  0.0007979         54        640: 100%|██████████| 3/3 00:00
Class     Images  Instances          P          R      mAP50   mAP50-95: 100%|██████████| 1/1 00:00
all         80         88      0.829      0.771        0.8      0.372
Epoch    GPU_mem   box_loss   obj_loss   cls_loss  Instances       Size
86/99      13.9G    0.02341   0.008192  0.0007888         65        640: 100%|██████████| 3/3 00:00
Class     Images  Instances          P          R      mAP50   mAP50-95: 100%|██████████| 1/1 00:00
all         80         88      0.855      0.761      0.804      0.388
Epoch    GPU_mem   box_loss   obj_loss   cls_loss  Instances       Size
87/99      13.9G    0.02351   0.007527  0.0007544         56        640: 100%|██████████| 3/3 00:00
Class     Images  Instances          P          R      mAP50   mAP50-95: 100%|██████████| 1/1 00:00
all         80         88      0.815      0.795       0.82      0.406
Epoch    GPU_mem   box_loss   obj_loss   cls_loss  Instances       Size
88/99      13.9G    0.02379   0.007803  0.0007481         52        640: 100%|██████████| 3/3 00:00
Class     Images  Instances          P          R      mAP50   mAP50-95: 100%|██████████| 1/1 00:00
all         80         88      0.872      0.773      0.824      0.393
Epoch    GPU_mem   box_loss   obj_loss   cls_loss  Instances       Size
89/99      13.9G    0.02345    0.00823  0.0006822         77        640: 100%|██████████| 3/3 00:00
Class     Images  Instances          P          R      mAP50   mAP50-95: 100%|██████████| 1/1 00:00
all         80         88      0.829      0.774      0.813      0.378
Epoch    GPU_mem   box_loss   obj_loss   cls_loss  Instances       Size
90/99      13.9G    0.02287   0.007689  0.0006834         61        640: 100%|██████████| 3/3 00:00
Class     Images  Instances          P          R      mAP50   mAP50-95: 100%|██████████| 1/1 00:00
all         80         88      0.839      0.769      0.812      0.375
Epoch    GPU_mem   box_loss   obj_loss   cls_loss  Instances       Size
91/99      13.9G    0.02279   0.008098  0.0006595         70        640: 100%|██████████| 3/3 00:00
Class     Images  Instances          P          R      mAP50   mAP50-95: 100%|██████████| 1/1 00:00
all         80         88      0.854        0.8      0.825       0.39
Epoch    GPU_mem   box_loss   obj_loss   cls_loss  Instances       Size
92/99      13.9G    0.02285   0.007756  0.0006433         66        640: 100%|██████████| 3/3 00:00
Class     Images  Instances          P          R      mAP50   mAP50-95: 100%|██████████| 1/1 00:00
all         80         88       0.85      0.761      0.802      0.361
Epoch    GPU_mem   box_loss   obj_loss   cls_loss  Instances       Size
93/99      13.9G    0.02315   0.007961  0.0006374         51        640: 100%|██████████| 3/3 00:00
Class     Images  Instances          P          R      mAP50   mAP50-95: 100%|██████████| 1/1 00:00
all         80         88       0.86      0.784      0.823      0.393
Epoch    GPU_mem   box_loss   obj_loss   cls_loss  Instances       Size
94/99      13.9G    0.02139   0.007816  0.0006243         62        640: 100%|██████████| 3/3 00:00
Class     Images  Instances          P          R      mAP50   mAP50-95: 100%|██████████| 1/1 00:00
all         80         88      0.884      0.783      0.819      0.387
Epoch    GPU_mem   box_loss   obj_loss   cls_loss  Instances       Size
95/99      13.9G    0.02163   0.007256  0.0005864         50        640: 100%|██████████| 3/3 00:00
Class     Images  Instances          P          R      mAP50   mAP50-95: 100%|██████████| 1/1 00:00
all         80         88      0.873      0.784      0.821      0.393
Epoch    GPU_mem   box_loss   obj_loss   cls_loss  Instances       Size
96/99      13.9G    0.02278   0.008042  0.0005993         54        640: 100%|██████████| 3/3 00:00
Class     Images  Instances          P          R      mAP50   mAP50-95: 100%|██████████| 1/1 00:00
all         80         88      0.866      0.784      0.819      0.394
Epoch    GPU_mem   box_loss   obj_loss   cls_loss  Instances       Size
97/99      13.9G    0.02192   0.007619  0.0005881         60        640: 100%|██████████| 3/3 00:00
Class     Images  Instances          P          R      mAP50   mAP50-95: 100%|██████████| 1/1 00:00
all         80         88      0.859      0.784      0.817      0.388
Epoch    GPU_mem   box_loss   obj_loss   cls_loss  Instances       Size
98/99      13.9G    0.02023    0.00771  0.0005725         71        640: 100%|██████████| 3/3 00:00
Class     Images  Instances          P          R      mAP50   mAP50-95: 100%|██████████| 1/1 00:00
all         80         88       0.86      0.784      0.816      0.383
Epoch    GPU_mem   box_loss   obj_loss   cls_loss  Instances       Size
99/99      13.9G    0.02048   0.007472  0.0005641         65        640: 100%|██████████| 3/3 00:00
Class     Images  Instances          P          R      mAP50   mAP50-95: 100%|██████████| 1/1 00:00
all         80         88      0.873      0.773      0.815       0.39
100 epochs completed in 0.048 hours.
Optimizer stripped from /home/lijinhe/work/YOLO_Retraining/runs/studies/0907_stroller_window10_learning_curve/experiment/sequence/StrollerWindow10Tau099_SplitS41__seq-full-cold__stage0-stage7__yolov5s__s42/tasks/001__stage1__full-cold/backend/yolov5/train/weights/last.pt, 14.4MB
Optimizer stripped from /home/lijinhe/work/YOLO_Retraining/runs/studies/0907_stroller_window10_learning_curve/experiment/sequence/StrollerWindow10Tau099_SplitS41__seq-full-cold__stage0-stage7__yolov5s__s42/tasks/001__stage1__full-cold/backend/yolov5/train/weights/best.pt, 14.4MB
Validating /home/lijinhe/work/YOLO_Retraining/runs/studies/0907_stroller_window10_learning_curve/experiment/sequence/StrollerWindow10Tau099_SplitS41__seq-full-cold__stage0-stage7__yolov5s__s42/tasks/001__stage1__full-cold/backend/yolov5/train/weights/best.pt...
Fusing layers...
Model summary: 157 layers, 7020913 parameters, 0 gradients, 15.8 GFLOPs
Class     Images  Instances          P          R      mAP50   mAP50-95: 100%|██████████| 1/1 00:00
all         80         88      0.846      0.784      0.831      0.387
stroller         80         88      0.846      0.784      0.831      0.387
Results saved to /home/lijinhe/work/YOLO_Retraining/runs/studies/0907_stroller_window10_learning_curve/experiment/sequence/StrollerWindow10Tau099_SplitS41__seq-full-cold__stage0-stage7__yolov5s__s42/tasks/001__stage1__full-cold/backend/yolov5/train
terminate called without an active exception
Exception ignored in: <function _MultiProcessingDataLoaderIter.__del__ at 0x7f064277e830>
Traceback (most recent call last):
File "/home/lijinhe/miniforge3/envs/yolo-retraining-v5/lib/python3.10/site-packages/torch/utils/data/dataloader.py", line 1479, in __del__
self._shutdown_workers()
File "/home/lijinhe/miniforge3/envs/yolo-retraining-v5/lib/python3.10/site-packages/torch/utils/data/dataloader.py", line 1443, in _shutdown_workers
w.join(timeout=_utils.MP_STATUS_CHECK_INTERVAL)
File "/home/lijinhe/miniforge3/envs/yolo-retraining-v5/lib/python3.10/multiprocessing/process.py", line 149, in join
res = self._popen.wait(timeout)
File "/home/lijinhe/miniforge3/envs/yolo-retraining-v5/lib/python3.10/multiprocessing/popen_fork.py", line 40, in wait
if not wait([self.sentinel], timeout):
File "/home/lijinhe/miniforge3/envs/yolo-retraining-v5/lib/python3.10/multiprocessing/connection.py", line 931, in wait
ready = selector.select(timeout)
File "/home/lijinhe/miniforge3/envs/yolo-retraining-v5/lib/python3.10/selectors.py", line 416, in select
fd_event_list = self._selector.poll(timeout)
File "/home/lijinhe/miniforge3/envs/yolo-retraining-v5/lib/python3.10/site-packages/torch/utils/data/_utils/signal_handling.py", line 66, in handler
_error_if_any_worker_fails()
RuntimeError: DataLoader worker (pid 1838390) is killed by signal: Aborted.
terminate called without an active exception
Exception ignored in: <function _MultiProcessingDataLoaderIter.__del__ at 0x7f064277e830>
Traceback (most recent call last):
File "/home/lijinhe/miniforge3/envs/yolo-retraining-v5/lib/python3.10/site-packages/torch/utils/data/dataloader.py", line 1479, in __del__
self._shutdown_workers()
File "/home/lijinhe/miniforge3/envs/yolo-retraining-v5/lib/python3.10/site-packages/torch/utils/data/dataloader.py", line 1443, in _shutdown_workers
w.join(timeout=_utils.MP_STATUS_CHECK_INTERVAL)
File "/home/lijinhe/miniforge3/envs/yolo-retraining-v5/lib/python3.10/multiprocessing/process.py", line 149, in join
res = self._popen.wait(timeout)
File "/home/lijinhe/miniforge3/envs/yolo-retraining-v5/lib/python3.10/multiprocessing/popen_fork.py", line 40, in wait
if not wait([self.sentinel], timeout):
File "/home/lijinhe/miniforge3/envs/yolo-retraining-v5/lib/python3.10/multiprocessing/connection.py", line 931, in wait
ready = selector.select(timeout)
File "/home/lijinhe/miniforge3/envs/yolo-retraining-v5/lib/python3.10/selectors.py", line 416, in select
fd_event_list = self._selector.poll(timeout)
File "/home/lijinhe/miniforge3/envs/yolo-retraining-v5/lib/python3.10/site-packages/torch/utils/data/_utils/signal_handling.py", line 66, in handler
_error_if_any_worker_fails()
RuntimeError: DataLoader worker (pid 1840110) is killed by signal: Aborted.
[YOLOv5] compacted progress updates: 1118 -> 203 lines
[YOLOv5] coalesced warning: incomplete JPEG accepted read-only; count=226; by_source=train=151, val=75
[YOLOv5] warning example: train: WARNING ⚠️ /home/lijinhe/work/YOLO_Retraining/data/stroller/images/00143_1780988430957444_0.jpg: incomplete JPEG accepted read-only
[YOLOv5] warning example: train: WARNING ⚠️ /home/lijinhe/work/YOLO_Retraining/data/stroller/images/00883_1783290258090340_0.jpg: incomplete JPEG accepted read-only
[YOLOv5] warning example: train: WARNING ⚠️ /home/lijinhe/work/YOLO_Retraining/data/stroller/images/00888_1783303273638066_0.jpg: incomplete JPEG accepted read-only
