train: weights=/home/lijinhe/work/YOLO_Retraining/runs/sequences/B640__seq-positive-only__current-warm__stage0-stage3__yolov5s__s42/tasks/001__stage1__positive-only__current-warm/checkpoints/best.pt, cfg=, data=/home/lijinhe/work/YOLO_Retraining/runs/sequences/B640__seq-positive-only__current-warm__stage0-stage3__yolov5s__s42/tasks/002__stage2__positive-only__current-warm/data/backend_data.yaml, hyp=data/hyps/hyp.scratch-low.yaml, epochs=100, batch_size=64, imgsz=640, rect=False, resume=False, nosave=False, noval=False, noautoanchor=False, noplots=True, evolve=None, bucket=, cache=None, image_weights=False, device=0, multi_scale=False, single_cls=False, optimizer=SGD, sync_bn=False, workers=16, project=/home/lijinhe/work/YOLO_Retraining/runs/sequences/B640__seq-positive-only__current-warm__stage0-stage3__yolov5s__s42/tasks/002__stage2__positive-only__current-warm/backend/yolov5, name=train, exist_ok=True, quad=False, cos_lr=False, label_smoothing=0.0, patience=100, freeze=[0], save_period=-1, seed=44, local_rank=-1, entity=None, upload_dataset=False, bbox_interval=-1, artifact_alias=latest
github: skipping check (offline), for updates see https://github.com/ultralytics/yolov5
YOLOv5 🚀 v7.0-0-g915bbf29 Python-3.10.20 torch-2.2.2+cu121 CUDA:0 (NVIDIA H100 PCIe, 81090MiB)
hyperparameters: lr0=0.01, lrf=0.01, momentum=0.937, weight_decay=0.0005, warmup_epochs=3.0, warmup_momentum=0.8, warmup_bias_lr=0.1, box=0.05, cls=0.5, cls_pw=1.0, obj=1.0, obj_pw=1.0, iou_t=0.2, anchor_t=4.0, fl_gamma=0.0, hsv_h=0.015, hsv_s=0.7, hsv_v=0.4, degrees=0.0, translate=0.1, scale=0.5, shear=0.0, perspective=0.0, flipud=0.0, fliplr=0.5, mosaic=1.0, mixup=0.0, copy_paste=0.0
ClearML: run 'pip install clearml' to automatically track, visualize and remotely train YOLOv5 🚀 in ClearML
Comet: run 'pip install comet_ml' to automatically track and visualize YOLOv5 🚀 runs in Comet
TensorBoard: Start with 'tensorboard --logdir /home/lijinhe/work/YOLO_Retraining/runs/sequences/B640__seq-positive-only__current-warm__stage0-stage3__yolov5s__s42/tasks/002__stage2__positive-only__current-warm/backend/yolov5', view at http://localhost:6006/
from  n    params  module                                  arguments
0                -1  1      3520  models.common.Conv                      [3, 32, 6, 2, 2]
1                -1  1     18560  models.common.Conv                      [32, 64, 3, 2]
2                -1  1     18816  models.common.C3                        [64, 64, 1]
3                -1  1     73984  models.common.Conv                      [64, 128, 3, 2]
4                -1  2    115712  models.common.C3                        [128, 128, 2]
5                -1  1    295424  models.common.Conv                      [128, 256, 3, 2]
6                -1  3    625152  models.common.C3                        [256, 256, 3]
7                -1  1   1180672  models.common.Conv                      [256, 512, 3, 2]
8                -1  1   1182720  models.common.C3                        [512, 512, 1]
9                -1  1    656896  models.common.SPPF                      [512, 512, 5]
10                -1  1    131584  models.common.Conv                      [512, 256, 1, 1]
11                -1  1         0  torch.nn.modules.upsampling.Upsample    [None, 2, 'nearest']
12           [-1, 6]  1         0  models.common.Concat                    [1]
13                -1  1    361984  models.common.C3                        [512, 256, 1, False]
14                -1  1     33024  models.common.Conv                      [256, 128, 1, 1]
15                -1  1         0  torch.nn.modules.upsampling.Upsample    [None, 2, 'nearest']
16           [-1, 4]  1         0  models.common.Concat                    [1]
17                -1  1     90880  models.common.C3                        [256, 128, 1, False]
18                -1  1    147712  models.common.Conv                      [128, 128, 3, 2]
19          [-1, 14]  1         0  models.common.Concat                    [1]
20                -1  1    296448  models.common.C3                        [256, 256, 1, False]
21                -1  1    590336  models.common.Conv                      [256, 256, 3, 2]
22          [-1, 10]  1         0  models.common.Concat                    [1]
23                -1  1   1182720  models.common.C3                        [512, 512, 1, False]
24      [17, 20, 23]  1     24273  models.yolo.Detect                      [4, [[10, 13, 16, 30, 33, 23], [30, 61, 62, 45, 59, 119], [116, 90, 156, 198, 373, 326]], [128, 256, 512]]
Model summary: 214 layers, 7030417 parameters, 7030417 gradients, 16.0 GFLOPs
Transferred 349/349 items from /home/lijinhe/work/YOLO_Retraining/runs/sequences/B640__seq-positive-only__current-warm__stage0-stage3__yolov5s__s42/tasks/001__stage1__positive-only__current-warm/checkpoints/best.pt
AMP: checks passed ✅
optimizer: SGD(lr=0.01) with parameter groups 57 weight(decay=0.0), 60 weight(decay=0.0005), 60 bias
train: Scanning /home/lijinhe/work/YOLO_Retraining/runs/sequences/B640__seq-positive-only__current-warm__stage0-stage3__yolov5s__s42/tasks/002__stage2__positive-only__current-warm/data/backend_train_images... 308 images, 0 backgrounds, 0 corrupt: 100%|██████████| 308/308 00:01
train: New cache created: /home/lijinhe/work/YOLO_Retraining/runs/sequences/B640__seq-positive-only__current-warm__stage0-stage3__yolov5s__s42/tasks/002__stage2__positive-only__current-warm/data/backend_train_images.cache
val: Scanning /home/lijinhe/work/YOLO_Retraining/runs/sequences/B640__seq-positive-only__current-warm__stage0-stage3__yolov5s__s42/tasks/002__stage2__positive-only__current-warm/data/backend_validation_images... 1000 images, 499 backgrounds, 0 corrupt: 100%|██████████| 1000/1000 00:03
val: New cache created: /home/lijinhe/work/YOLO_Retraining/runs/sequences/B640__seq-positive-only__current-warm__stage0-stage3__yolov5s__s42/tasks/002__stage2__positive-only__current-warm/data/backend_validation_images.cache
AutoAnchor: 4.96 anchors/target, 1.000 Best Possible Recall (BPR). Current anchors are a good fit to dataset ✅
Image sizes 640 train, 640 val
Using 16 dataloader workers
Logging results to /home/lijinhe/work/YOLO_Retraining/runs/sequences/B640__seq-positive-only__current-warm__stage0-stage3__yolov5s__s42/tasks/002__stage2__positive-only__current-warm/backend/yolov5/train
Starting training for 100 epochs...
Epoch    GPU_mem   box_loss   obj_loss   cls_loss  Instances       Size
0/99      13.9G    0.04213    0.01462   0.005841        113        640: 100%|██████████| 5/5 00:07
Class     Images  Instances          P          R      mAP50   mAP50-95: 100%|██████████| 8/8 00:10
all       1000        641      0.578      0.478      0.542      0.293
Epoch    GPU_mem   box_loss   obj_loss   cls_loss  Instances       Size
1/99      13.9G    0.04177    0.01386   0.006434        105        640: 100%|██████████| 5/5 00:00
Class     Images  Instances          P          R      mAP50   mAP50-95: 100%|██████████| 8/8 00:03
all       1000        641      0.858      0.454      0.537      0.296
Epoch    GPU_mem   box_loss   obj_loss   cls_loss  Instances       Size
2/99      13.9G    0.04047    0.01284   0.007243        109        640: 100%|██████████| 5/5 00:00
Class     Images  Instances          P          R      mAP50   mAP50-95: 100%|██████████| 8/8 00:04
all       1000        641      0.834      0.464      0.528      0.296
Epoch    GPU_mem   box_loss   obj_loss   cls_loss  Instances       Size
3/99      13.9G    0.03731    0.01127   0.003104        100        640: 100%|██████████| 5/5 00:01
Class     Images  Instances          P          R      mAP50   mAP50-95: 100%|██████████| 8/8 00:05
all       1000        641      0.824      0.452      0.518      0.281
Epoch    GPU_mem   box_loss   obj_loss   cls_loss  Instances       Size
4/99      13.9G    0.03798    0.01094   0.002385        127        640: 100%|██████████| 5/5 00:00
Class     Images  Instances          P          R      mAP50   mAP50-95: 100%|██████████| 8/8 00:03
all       1000        641      0.819      0.451      0.511      0.266
Epoch    GPU_mem   box_loss   obj_loss   cls_loss  Instances       Size
5/99      13.9G    0.03841    0.01016   0.004378        108        640: 100%|██████████| 5/5 00:00
Class     Images  Instances          P          R      mAP50   mAP50-95: 100%|██████████| 8/8 00:03
all       1000        641      0.821      0.455      0.512      0.263
Epoch    GPU_mem   box_loss   obj_loss   cls_loss  Instances       Size
6/99      13.9G     0.0378     0.0105    0.00258        111        640: 100%|██████████| 5/5 00:00
Class     Images  Instances          P          R      mAP50   mAP50-95: 100%|██████████| 8/8 00:03
all       1000        641      0.835      0.434      0.516      0.279
Epoch    GPU_mem   box_loss   obj_loss   cls_loss  Instances       Size
7/99      13.9G      0.037    0.01057   0.002751        124        640: 100%|██████████| 5/5 00:00
Class     Images  Instances          P          R      mAP50   mAP50-95: 100%|██████████| 8/8 00:03
all       1000        641      0.817      0.441      0.515      0.289
Epoch    GPU_mem   box_loss   obj_loss   cls_loss  Instances       Size
8/99      13.9G    0.03548   0.009541   0.002787        116        640: 100%|██████████| 5/5 00:00
Class     Images  Instances          P          R      mAP50   mAP50-95: 100%|██████████| 8/8 00:03
all       1000        641      0.815      0.441      0.506      0.272
Epoch    GPU_mem   box_loss   obj_loss   cls_loss  Instances       Size
9/99      13.9G    0.03441   0.009627   0.002149        119        640: 100%|██████████| 5/5 00:00
Class     Images  Instances          P          R      mAP50   mAP50-95: 100%|██████████| 8/8 00:03
all       1000        641      0.825      0.423      0.486      0.264
Epoch    GPU_mem   box_loss   obj_loss   cls_loss  Instances       Size
10/99      13.9G    0.03539   0.009709   0.002506        105        640: 100%|██████████| 5/5 00:00
Class     Images  Instances          P          R      mAP50   mAP50-95: 100%|██████████| 8/8 00:05
all       1000        641      0.819      0.416      0.481      0.257
Epoch    GPU_mem   box_loss   obj_loss   cls_loss  Instances       Size
11/99      13.9G    0.03396   0.009205   0.001936        124        640: 100%|██████████| 5/5 00:01
Class     Images  Instances          P          R      mAP50   mAP50-95: 100%|██████████| 8/8 00:05
all       1000        641      0.545      0.417      0.483      0.252
Epoch    GPU_mem   box_loss   obj_loss   cls_loss  Instances       Size
12/99      13.9G    0.03361   0.008406   0.001341        123        640: 100%|██████████| 5/5 00:01
Class     Images  Instances          P          R      mAP50   mAP50-95: 100%|██████████| 8/8 00:03
all       1000        641       0.84      0.397      0.477      0.241
Epoch    GPU_mem   box_loss   obj_loss   cls_loss  Instances       Size
13/99      13.9G    0.03361   0.008786   0.002206        108        640: 100%|██████████| 5/5 00:00
Class     Images  Instances          P          R      mAP50   mAP50-95: 100%|██████████| 8/8 00:02
all       1000        641      0.528      0.485      0.495      0.262
Epoch    GPU_mem   box_loss   obj_loss   cls_loss  Instances       Size
14/99      13.9G    0.03465   0.008276   0.002044         96        640: 100%|██████████| 5/5 00:00
Class     Images  Instances          P          R      mAP50   mAP50-95: 100%|██████████| 8/8 00:02
all       1000        641      0.601      0.396      0.483      0.248
Epoch    GPU_mem   box_loss   obj_loss   cls_loss  Instances       Size
15/99      13.9G    0.03349   0.009411   0.001467        118        640: 100%|██████████| 5/5 00:00
Class     Images  Instances          P          R      mAP50   mAP50-95: 100%|██████████| 8/8 00:02
all       1000        641      0.683      0.405      0.491       0.26
Epoch    GPU_mem   box_loss   obj_loss   cls_loss  Instances       Size
16/99      13.9G    0.03397   0.008393   0.001153        126        640: 100%|██████████| 5/5 00:00
Class     Images  Instances          P          R      mAP50   mAP50-95: 100%|██████████| 8/8 00:02
all       1000        641      0.583      0.466      0.476      0.249
Epoch    GPU_mem   box_loss   obj_loss   cls_loss  Instances       Size
17/99      13.9G    0.03122   0.008866   0.001697        127        640: 100%|██████████| 5/5 00:00
Class     Images  Instances          P          R      mAP50   mAP50-95: 100%|██████████| 8/8 00:02
all       1000        641      0.552      0.477      0.469      0.228
Epoch    GPU_mem   box_loss   obj_loss   cls_loss  Instances       Size
18/99      13.9G    0.03198   0.007781   0.001193         96        640: 100%|██████████| 5/5 00:00
Class     Images  Instances          P          R      mAP50   mAP50-95: 100%|██████████| 8/8 00:02
all       1000        641      0.506      0.476      0.454      0.246
Epoch    GPU_mem   box_loss   obj_loss   cls_loss  Instances       Size
19/99      13.9G    0.03172   0.007883   0.001137         93        640: 100%|██████████| 5/5 00:00
Class     Images  Instances          P          R      mAP50   mAP50-95: 100%|██████████| 8/8 00:02
all       1000        641      0.455      0.454      0.441      0.212
Epoch    GPU_mem   box_loss   obj_loss   cls_loss  Instances       Size
20/99      13.9G    0.03124   0.007926   0.001184        107        640: 100%|██████████| 5/5 00:01
Class     Images  Instances          P          R      mAP50   mAP50-95: 100%|██████████| 8/8 00:04
all       1000        641      0.563      0.397      0.446      0.223
Epoch    GPU_mem   box_loss   obj_loss   cls_loss  Instances       Size
21/99      13.9G    0.03146   0.007562   0.001009        113        640: 100%|██████████| 5/5 00:00
Class     Images  Instances          P          R      mAP50   mAP50-95: 100%|██████████| 8/8 00:02
all       1000        641      0.466      0.488      0.445      0.218
Epoch    GPU_mem   box_loss   obj_loss   cls_loss  Instances       Size
22/99      13.9G    0.03073   0.008087   0.001393        121        640: 100%|██████████| 5/5 00:00
Class     Images  Instances          P          R      mAP50   mAP50-95: 100%|██████████| 8/8 00:02
all       1000        641      0.467      0.496      0.451      0.223
Epoch    GPU_mem   box_loss   obj_loss   cls_loss  Instances       Size
23/99      13.9G     0.0291   0.007694   0.001508        103        640: 100%|██████████| 5/5 00:00
Class     Images  Instances          P          R      mAP50   mAP50-95: 100%|██████████| 8/8 00:02
all       1000        641      0.543      0.459      0.438      0.205
Epoch    GPU_mem   box_loss   obj_loss   cls_loss  Instances       Size
24/99      13.9G    0.02851   0.007533   0.001133        113        640: 100%|██████████| 5/5 00:00
Class     Images  Instances          P          R      mAP50   mAP50-95: 100%|██████████| 8/8 00:02
all       1000        641      0.466      0.475      0.438      0.223
Epoch    GPU_mem   box_loss   obj_loss   cls_loss  Instances       Size
25/99      13.9G     0.0284   0.007647   0.001063        122        640: 100%|██████████| 5/5 00:00
Class     Images  Instances          P          R      mAP50   mAP50-95: 100%|██████████| 8/8 00:03
all       1000        641      0.594      0.329      0.415      0.212
Epoch    GPU_mem   box_loss   obj_loss   cls_loss  Instances       Size
26/99      13.9G    0.02873   0.007543     0.0011        125        640: 100%|██████████| 5/5 00:00
Class     Images  Instances          P          R      mAP50   mAP50-95: 100%|██████████| 8/8 00:03
all       1000        641      0.486      0.347      0.395      0.202
Epoch    GPU_mem   box_loss   obj_loss   cls_loss  Instances       Size
27/99      13.9G    0.02824   0.007205   0.001311         98        640: 100%|██████████| 5/5 00:01
Class     Images  Instances          P          R      mAP50   mAP50-95: 100%|██████████| 8/8 00:03
all       1000        641      0.509      0.305      0.374      0.199
Epoch    GPU_mem   box_loss   obj_loss   cls_loss  Instances       Size
28/99      13.9G    0.02708   0.006939   0.001344        117        640: 100%|██████████| 5/5 00:01
Class     Images  Instances          P          R      mAP50   mAP50-95: 100%|██████████| 8/8 00:06
all       1000        641      0.504      0.345      0.388      0.196
Epoch    GPU_mem   box_loss   obj_loss   cls_loss  Instances       Size
29/99      13.9G    0.02747    0.00663  0.0009932        104        640: 100%|██████████| 5/5 00:00
Class     Images  Instances          P          R      mAP50   mAP50-95: 100%|██████████| 8/8 00:03
all       1000        641      0.505      0.417      0.367      0.175
Epoch    GPU_mem   box_loss   obj_loss   cls_loss  Instances       Size
30/99      13.9G    0.02868     0.0069  0.0009145         95        640: 100%|██████████| 5/5 00:00
Class     Images  Instances          P          R      mAP50   mAP50-95: 100%|██████████| 8/8 00:03
all       1000        641      0.552      0.407      0.393      0.188
Epoch    GPU_mem   box_loss   obj_loss   cls_loss  Instances       Size
31/99      13.9G    0.02683   0.007057   0.001052        117        640: 100%|██████████| 5/5 00:00
Class     Images  Instances          P          R      mAP50   mAP50-95: 100%|██████████| 8/8 00:03
all       1000        641      0.543      0.377      0.379      0.188
Epoch    GPU_mem   box_loss   obj_loss   cls_loss  Instances       Size
32/99      13.9G    0.02466   0.006483   0.001444        103        640: 100%|██████████| 5/5 00:00
Class     Images  Instances          P          R      mAP50   mAP50-95: 100%|██████████| 8/8 00:03
all       1000        641      0.552      0.384      0.392      0.196
Epoch    GPU_mem   box_loss   obj_loss   cls_loss  Instances       Size
33/99      13.9G     0.0262   0.006822  0.0009413        107        640: 100%|██████████| 5/5 00:00
Class     Images  Instances          P          R      mAP50   mAP50-95: 100%|██████████| 8/8 00:03
all       1000        641       0.55      0.327      0.382      0.198
Epoch    GPU_mem   box_loss   obj_loss   cls_loss  Instances       Size
34/99      13.9G    0.02702   0.007219  0.0007064        122        640: 100%|██████████| 5/5 00:00
Class     Images  Instances          P          R      mAP50   mAP50-95: 100%|██████████| 8/8 00:03
all       1000        641      0.525      0.373      0.399        0.2
Epoch    GPU_mem   box_loss   obj_loss   cls_loss  Instances       Size
35/99      13.9G    0.02502   0.006747  0.0007526        122        640: 100%|██████████| 5/5 00:00
Class     Images  Instances          P          R      mAP50   mAP50-95: 100%|██████████| 8/8 00:03
all       1000        641      0.461      0.355      0.397      0.199
Epoch    GPU_mem   box_loss   obj_loss   cls_loss  Instances       Size
36/99      13.9G    0.02475   0.006749  0.0007211        123        640: 100%|██████████| 5/5 00:00
Class     Images  Instances          P          R      mAP50   mAP50-95: 100%|██████████| 8/8 00:04
all       1000        641      0.587      0.298      0.384      0.187
Epoch    GPU_mem   box_loss   obj_loss   cls_loss  Instances       Size
37/99      13.9G    0.02529   0.006783   0.001059        106        640: 100%|██████████| 5/5 00:00
Class     Images  Instances          P          R      mAP50   mAP50-95: 100%|██████████| 8/8 00:02
all       1000        641      0.449      0.332      0.376      0.191
Epoch    GPU_mem   box_loss   obj_loss   cls_loss  Instances       Size
38/99      13.9G    0.02539    0.00659   0.001048        111        640: 100%|██████████| 5/5 00:00
Class     Images  Instances          P          R      mAP50   mAP50-95: 100%|██████████| 8/8 00:02
all       1000        641      0.505      0.314      0.384      0.188
Epoch    GPU_mem   box_loss   obj_loss   cls_loss  Instances       Size
39/99      13.9G     0.0246   0.006609  0.0007703        104        640: 100%|██████████| 5/5 00:00
Class     Images  Instances          P          R      mAP50   mAP50-95: 100%|██████████| 8/8 00:02
all       1000        641      0.481      0.355      0.405      0.193
Epoch    GPU_mem   box_loss   obj_loss   cls_loss  Instances       Size
40/99      13.9G    0.02361   0.006534   0.001073        122        640: 100%|██████████| 5/5 00:00
Class     Images  Instances          P          R      mAP50   mAP50-95: 100%|██████████| 8/8 00:02
all       1000        641      0.494      0.343      0.396      0.195
Epoch    GPU_mem   box_loss   obj_loss   cls_loss  Instances       Size
41/99      13.9G    0.02454   0.006338      0.001        105        640: 100%|██████████| 5/5 00:00
Class     Images  Instances          P          R      mAP50   mAP50-95: 100%|██████████| 8/8 00:02
all       1000        641      0.837      0.319      0.395      0.196
Epoch    GPU_mem   box_loss   obj_loss   cls_loss  Instances       Size
42/99      13.9G    0.02397   0.006504  0.0008781        113        640: 100%|██████████| 5/5 00:00
Class     Images  Instances          P          R      mAP50   mAP50-95: 100%|██████████| 8/8 00:02
all       1000        641      0.559      0.326      0.398      0.196
Epoch    GPU_mem   box_loss   obj_loss   cls_loss  Instances       Size
43/99      13.9G    0.02303   0.006587  0.0008936        124        640: 100%|██████████| 5/5 00:00
Class     Images  Instances          P          R      mAP50   mAP50-95: 100%|██████████| 8/8 00:02
all       1000        641       0.51      0.347      0.388      0.185
Epoch    GPU_mem   box_loss   obj_loss   cls_loss  Instances       Size
44/99      13.9G    0.02402   0.006498  0.0009291        127        640: 100%|██████████| 5/5 00:00
Class     Images  Instances          P          R      mAP50   mAP50-95: 100%|██████████| 8/8 00:03
all       1000        641      0.562      0.323      0.396      0.191
Epoch    GPU_mem   box_loss   obj_loss   cls_loss  Instances       Size
45/99      13.9G    0.02258   0.006295  0.0007475        115        640: 100%|██████████| 5/5 00:01
Class     Images  Instances          P          R      mAP50   mAP50-95: 100%|██████████| 8/8 00:03
all       1000        641      0.545      0.333      0.392      0.185
Epoch    GPU_mem   box_loss   obj_loss   cls_loss  Instances       Size
46/99      13.9G    0.02359   0.006343  0.0007128        106        640: 100%|██████████| 5/5 00:00
Class     Images  Instances          P          R      mAP50   mAP50-95: 100%|██████████| 8/8 00:02
all       1000        641      0.529       0.33       0.39      0.196
Epoch    GPU_mem   box_loss   obj_loss   cls_loss  Instances       Size
47/99      13.9G    0.02274   0.006247  0.0008113        112        640: 100%|██████████| 5/5 00:00
Class     Images  Instances          P          R      mAP50   mAP50-95: 100%|██████████| 8/8 00:02
all       1000        641      0.528      0.334      0.387      0.201
Epoch    GPU_mem   box_loss   obj_loss   cls_loss  Instances       Size
48/99      13.9G    0.02204   0.006301  0.0006647        103        640: 100%|██████████| 5/5 00:00
Class     Images  Instances          P          R      mAP50   mAP50-95: 100%|██████████| 8/8 00:02
all       1000        641      0.516      0.336      0.388      0.198
Epoch    GPU_mem   box_loss   obj_loss   cls_loss  Instances       Size
49/99      13.9G    0.02232   0.006091   0.000632        107        640: 100%|██████████| 5/5 00:00
Class     Images  Instances          P          R      mAP50   mAP50-95: 100%|██████████| 8/8 00:02
all       1000        641      0.483      0.384      0.394      0.199
Epoch    GPU_mem   box_loss   obj_loss   cls_loss  Instances       Size
50/99      13.9G    0.02145   0.005973  0.0007171        121        640: 100%|██████████| 5/5 00:00
Class     Images  Instances          P          R      mAP50   mAP50-95: 100%|██████████| 8/8 00:02
all       1000        641      0.552      0.323      0.385      0.198
Epoch    GPU_mem   box_loss   obj_loss   cls_loss  Instances       Size
51/99      13.9G    0.02212   0.005934   0.001102         96        640: 100%|██████████| 5/5 00:01
Class     Images  Instances          P          R      mAP50   mAP50-95: 100%|██████████| 8/8 00:02
all       1000        641      0.496      0.347      0.383      0.196
Epoch    GPU_mem   box_loss   obj_loss   cls_loss  Instances       Size
52/99      13.9G    0.02202   0.006026  0.0005695        121        640: 100%|██████████| 5/5 00:00
Class     Images  Instances          P          R      mAP50   mAP50-95: 100%|██████████| 8/8 00:02
all       1000        641      0.505      0.376      0.389      0.202
Epoch    GPU_mem   box_loss   obj_loss   cls_loss  Instances       Size
53/99      13.9G    0.02182   0.006306  0.0005396        129        640: 100%|██████████| 5/5 00:00
Class     Images  Instances          P          R      mAP50   mAP50-95: 100%|██████████| 8/8 00:02
all       1000        641      0.508      0.368      0.379      0.184
Epoch    GPU_mem   box_loss   obj_loss   cls_loss  Instances       Size
54/99      13.9G    0.02054   0.006411  0.0005874         94        640: 100%|██████████| 5/5 00:01
Class     Images  Instances          P          R      mAP50   mAP50-95: 100%|██████████| 8/8 00:03
all       1000        641      0.553      0.296      0.367      0.181
Epoch    GPU_mem   box_loss   obj_loss   cls_loss  Instances       Size
55/99      13.9G    0.02099   0.006289  0.0006272        118        640: 100%|██████████| 5/5 00:00
Class     Images  Instances          P          R      mAP50   mAP50-95: 100%|██████████| 8/8 00:02
all       1000        641      0.464      0.366      0.374      0.191
Epoch    GPU_mem   box_loss   obj_loss   cls_loss  Instances       Size
56/99      13.9G    0.02094   0.005907  0.0007583        107        640: 100%|██████████| 5/5 00:00
Class     Images  Instances          P          R      mAP50   mAP50-95: 100%|██████████| 8/8 00:02
all       1000        641      0.448      0.349      0.374      0.187
Epoch    GPU_mem   box_loss   obj_loss   cls_loss  Instances       Size
57/99      13.9G    0.02062   0.006522  0.0007373        123        640: 100%|██████████| 5/5 00:00
Class     Images  Instances          P          R      mAP50   mAP50-95: 100%|██████████| 8/8 00:02
all       1000        641      0.485      0.337      0.371      0.184
Epoch    GPU_mem   box_loss   obj_loss   cls_loss  Instances       Size
58/99      13.9G       0.02   0.006055  0.0006392        120        640: 100%|██████████| 5/5 00:00
Class     Images  Instances          P          R      mAP50   mAP50-95: 100%|██████████| 8/8 00:02
all       1000        641      0.514      0.329      0.367      0.181
Epoch    GPU_mem   box_loss   obj_loss   cls_loss  Instances       Size
59/99      13.9G    0.02061   0.005714  0.0006674        117        640: 100%|██████████| 5/5 00:00
Class     Images  Instances          P          R      mAP50   mAP50-95: 100%|██████████| 8/8 00:02
all       1000        641      0.513      0.319      0.363      0.176
Epoch    GPU_mem   box_loss   obj_loss   cls_loss  Instances       Size
60/99      13.9G    0.02079   0.006243   0.001231        108        640: 100%|██████████| 5/5 00:00
Class     Images  Instances          P          R      mAP50   mAP50-95: 100%|██████████| 8/8 00:02
all       1000        641      0.454       0.34      0.358      0.177
Epoch    GPU_mem   box_loss   obj_loss   cls_loss  Instances       Size
61/99      13.9G    0.01948   0.005671  0.0006479        117        640: 100%|██████████| 5/5 00:00
Class     Images  Instances          P          R      mAP50   mAP50-95: 100%|██████████| 8/8 00:02
all       1000        641      0.454       0.34      0.362      0.178
Epoch    GPU_mem   box_loss   obj_loss   cls_loss  Instances       Size
62/99      13.9G    0.01953    0.00581  0.0005285        105        640: 100%|██████████| 5/5 00:00
Class     Images  Instances          P          R      mAP50   mAP50-95: 100%|██████████| 8/8 00:04
all       1000        641      0.444      0.343      0.367      0.183
Epoch    GPU_mem   box_loss   obj_loss   cls_loss  Instances       Size
63/99      13.9G    0.01938   0.006386  0.0005865        131        640: 100%|██████████| 5/5 00:01
Class     Images  Instances          P          R      mAP50   mAP50-95: 100%|██████████| 8/8 00:03
all       1000        641      0.509      0.354      0.366      0.184
Epoch    GPU_mem   box_loss   obj_loss   cls_loss  Instances       Size
64/99      13.9G    0.01909   0.005897  0.0004706        103        640: 100%|██████████| 5/5 00:00
Class     Images  Instances          P          R      mAP50   mAP50-95: 100%|██████████| 8/8 00:02
all       1000        641      0.587      0.327      0.374      0.186
Epoch    GPU_mem   box_loss   obj_loss   cls_loss  Instances       Size
65/99      13.9G    0.01837   0.005569  0.0006448         88        640: 100%|██████████| 5/5 00:00
Class     Images  Instances          P          R      mAP50   mAP50-95: 100%|██████████| 8/8 00:02
all       1000        641      0.437      0.356      0.366      0.184
Epoch    GPU_mem   box_loss   obj_loss   cls_loss  Instances       Size
66/99      13.9G    0.01863   0.005631  0.0004225        107        640: 100%|██████████| 5/5 00:00
Class     Images  Instances          P          R      mAP50   mAP50-95: 100%|██████████| 8/8 00:02
all       1000        641      0.526       0.35      0.364      0.174
Epoch    GPU_mem   box_loss   obj_loss   cls_loss  Instances       Size
67/99      13.9G    0.01909   0.005577  0.0004711         93        640: 100%|██████████| 5/5 00:00
Class     Images  Instances          P          R      mAP50   mAP50-95: 100%|██████████| 8/8 00:02
all       1000        641      0.487      0.399      0.366      0.176
Epoch    GPU_mem   box_loss   obj_loss   cls_loss  Instances       Size
68/99      13.9G    0.01918   0.005472   0.000431        109        640: 100%|██████████| 5/5 00:00
Class     Images  Instances          P          R      mAP50   mAP50-95: 100%|██████████| 8/8 00:02
all       1000        641      0.447       0.41      0.385      0.186
Epoch    GPU_mem   box_loss   obj_loss   cls_loss  Instances       Size
69/99      13.9G    0.01845   0.005505  0.0004913        121        640: 100%|██████████| 5/5 00:00
Class     Images  Instances          P          R      mAP50   mAP50-95: 100%|██████████| 8/8 00:02
all       1000        641      0.458      0.366       0.39      0.191
Epoch    GPU_mem   box_loss   obj_loss   cls_loss  Instances       Size
70/99      13.9G    0.01877   0.005538  0.0004697        128        640: 100%|██████████| 5/5 00:00
Class     Images  Instances          P          R      mAP50   mAP50-95: 100%|██████████| 8/8 00:02
all       1000        641      0.476      0.359      0.386      0.187
Epoch    GPU_mem   box_loss   obj_loss   cls_loss  Instances       Size
71/99      13.9G    0.01837   0.005528  0.0004899         98        640: 100%|██████████| 5/5 00:00
Class     Images  Instances          P          R      mAP50   mAP50-95: 100%|██████████| 8/8 00:05
all       1000        641      0.489      0.349      0.382      0.186
Epoch    GPU_mem   box_loss   obj_loss   cls_loss  Instances       Size
72/99      13.9G    0.01905   0.005689  0.0004307        105        640: 100%|██████████| 5/5 00:01
Class     Images  Instances          P          R      mAP50   mAP50-95: 100%|██████████| 8/8 00:05
all       1000        641      0.507      0.329      0.372      0.181
Epoch    GPU_mem   box_loss   obj_loss   cls_loss  Instances       Size
73/99      13.9G    0.01879   0.005551  0.0005782        117        640: 100%|██████████| 5/5 00:01
Class     Images  Instances          P          R      mAP50   mAP50-95: 100%|██████████| 8/8 00:02
all       1000        641      0.478       0.34      0.373      0.183
Epoch    GPU_mem   box_loss   obj_loss   cls_loss  Instances       Size
74/99      13.9G    0.01755   0.005497  0.0003999        113        640: 100%|██████████| 5/5 00:00
Class     Images  Instances          P          R      mAP50   mAP50-95: 100%|██████████| 8/8 00:02
all       1000        641      0.456      0.375      0.376      0.185
Epoch    GPU_mem   box_loss   obj_loss   cls_loss  Instances       Size
75/99      13.9G    0.01759    0.00563  0.0003466        114        640: 100%|██████████| 5/5 00:00
Class     Images  Instances          P          R      mAP50   mAP50-95: 100%|██████████| 8/8 00:02
all       1000        641      0.467       0.37       0.37      0.182
Epoch    GPU_mem   box_loss   obj_loss   cls_loss  Instances       Size
76/99      13.9G    0.01696   0.005631  0.0003585        111        640: 100%|██████████| 5/5 00:00
Class     Images  Instances          P          R      mAP50   mAP50-95: 100%|██████████| 8/8 00:02
all       1000        641      0.465      0.374      0.375      0.189
Epoch    GPU_mem   box_loss   obj_loss   cls_loss  Instances       Size
77/99      13.9G    0.01711   0.005365  0.0003159        121        640: 100%|██████████| 5/5 00:00
Class     Images  Instances          P          R      mAP50   mAP50-95: 100%|██████████| 8/8 00:02
all       1000        641      0.444      0.384       0.38       0.19
Epoch    GPU_mem   box_loss   obj_loss   cls_loss  Instances       Size
78/99      13.9G    0.01636   0.005506  0.0003361         99        640: 100%|██████████| 5/5 00:00
Class     Images  Instances          P          R      mAP50   mAP50-95: 100%|██████████| 8/8 00:02
all       1000        641      0.465      0.385      0.381      0.187
Epoch    GPU_mem   box_loss   obj_loss   cls_loss  Instances       Size
79/99      13.9G    0.01721   0.005451   0.000343        109        640: 100%|██████████| 5/5 00:00
Class     Images  Instances          P          R      mAP50   mAP50-95: 100%|██████████| 8/8 00:02
all       1000        641      0.476      0.388       0.38       0.19
Epoch    GPU_mem   box_loss   obj_loss   cls_loss  Instances       Size
80/99      13.9G    0.01727   0.005181  0.0003623        128        640: 100%|██████████| 5/5 00:00
Class     Images  Instances          P          R      mAP50   mAP50-95: 100%|██████████| 8/8 00:02
all       1000        641      0.473      0.388       0.38      0.185
Epoch    GPU_mem   box_loss   obj_loss   cls_loss  Instances       Size
81/99      13.9G    0.01719    0.00571  0.0003199         82        640: 100%|██████████| 5/5 00:00
Class     Images  Instances          P          R      mAP50   mAP50-95: 100%|██████████| 8/8 00:04
all       1000        641       0.47       0.39      0.381      0.188
Epoch    GPU_mem   box_loss   obj_loss   cls_loss  Instances       Size
82/99      13.9G    0.01677   0.005333  0.0005387        109        640: 100%|██████████| 5/5 00:01
Class     Images  Instances          P          R      mAP50   mAP50-95: 100%|██████████| 8/8 00:02
all       1000        641      0.492      0.361      0.382      0.191
Epoch    GPU_mem   box_loss   obj_loss   cls_loss  Instances       Size
83/99      13.9G    0.01628    0.00556  0.0002435        106        640: 100%|██████████| 5/5 00:00
Class     Images  Instances          P          R      mAP50   mAP50-95: 100%|██████████| 8/8 00:02
all       1000        641      0.496      0.345      0.385      0.191
Epoch    GPU_mem   box_loss   obj_loss   cls_loss  Instances       Size
84/99      13.9G    0.01738   0.005348  0.0003781        105        640: 100%|██████████| 5/5 00:00
Class     Images  Instances          P          R      mAP50   mAP50-95: 100%|██████████| 8/8 00:02
all       1000        641      0.492      0.351      0.385      0.188
Epoch    GPU_mem   box_loss   obj_loss   cls_loss  Instances       Size
85/99      13.9G    0.01646   0.005002  0.0002403        110        640: 100%|██████████| 5/5 00:00
Class     Images  Instances          P          R      mAP50   mAP50-95: 100%|██████████| 8/8 00:02
all       1000        641      0.502       0.35      0.388      0.188
Epoch    GPU_mem   box_loss   obj_loss   cls_loss  Instances       Size
86/99      13.9G    0.01625   0.005299  0.0002431        115        640: 100%|██████████| 5/5 00:00
Class     Images  Instances          P          R      mAP50   mAP50-95: 100%|██████████| 8/8 00:02
all       1000        641      0.493      0.351      0.384      0.185
Epoch    GPU_mem   box_loss   obj_loss   cls_loss  Instances       Size
87/99      13.9G    0.01595   0.005614  0.0002717        121        640: 100%|██████████| 5/5 00:00
Class     Images  Instances          P          R      mAP50   mAP50-95: 100%|██████████| 8/8 00:02
all       1000        641      0.488      0.352      0.383      0.188
Epoch    GPU_mem   box_loss   obj_loss   cls_loss  Instances       Size
88/99      13.9G    0.01589   0.004817  0.0002552         92        640: 100%|██████████| 5/5 00:00
Class     Images  Instances          P          R      mAP50   mAP50-95: 100%|██████████| 8/8 00:02
all       1000        641       0.49      0.352      0.384      0.191
Epoch    GPU_mem   box_loss   obj_loss   cls_loss  Instances       Size
89/99      13.9G    0.01579   0.005463  0.0002377        118        640: 100%|██████████| 5/5 00:00
Class     Images  Instances          P          R      mAP50   mAP50-95: 100%|██████████| 8/8 00:02
all       1000        641      0.492      0.342       0.38       0.19
Epoch    GPU_mem   box_loss   obj_loss   cls_loss  Instances       Size
90/99      13.9G    0.01598   0.004991  0.0002173         95        640: 100%|██████████| 5/5 00:00
Class     Images  Instances          P          R      mAP50   mAP50-95: 100%|██████████| 8/8 00:04
all       1000        641      0.489      0.348       0.38       0.19
Epoch    GPU_mem   box_loss   obj_loss   cls_loss  Instances       Size
91/99      13.9G    0.01575   0.005485  0.0002625        126        640: 100%|██████████| 5/5 00:01
Class     Images  Instances          P          R      mAP50   mAP50-95: 100%|██████████| 8/8 00:03
all       1000        641      0.499      0.338       0.38      0.193
Epoch    GPU_mem   box_loss   obj_loss   cls_loss  Instances       Size
92/99      13.9G    0.01582    0.00557  0.0003085        117        640: 100%|██████████| 5/5 00:00
Class     Images  Instances          P          R      mAP50   mAP50-95: 100%|██████████| 8/8 00:02
all       1000        641      0.495      0.344      0.382      0.195
Epoch    GPU_mem   box_loss   obj_loss   cls_loss  Instances       Size
93/99      13.9G    0.01565   0.005441  0.0002867        120        640: 100%|██████████| 5/5 00:00
Class     Images  Instances          P          R      mAP50   mAP50-95: 100%|██████████| 8/8 00:02
all       1000        641      0.497      0.346      0.384      0.197
Epoch    GPU_mem   box_loss   obj_loss   cls_loss  Instances       Size
94/99      13.9G    0.01495   0.005054  0.0001922        117        640: 100%|██████████| 5/5 00:00
Class     Images  Instances          P          R      mAP50   mAP50-95: 100%|██████████| 8/8 00:02
all       1000        641      0.498      0.346      0.384      0.197
Epoch    GPU_mem   box_loss   obj_loss   cls_loss  Instances       Size
95/99      13.9G    0.01581   0.004955  0.0003673        113        640: 100%|██████████| 5/5 00:00
Class     Images  Instances          P          R      mAP50   mAP50-95: 100%|██████████| 8/8 00:02
all       1000        641      0.492      0.347      0.385      0.195
Epoch    GPU_mem   box_loss   obj_loss   cls_loss  Instances       Size
96/99      13.9G    0.01546   0.005213  0.0004435        115        640: 100%|██████████| 5/5 00:00
Class     Images  Instances          P          R      mAP50   mAP50-95: 100%|██████████| 8/8 00:02
all       1000        641       0.49      0.343      0.384      0.194
Epoch    GPU_mem   box_loss   obj_loss   cls_loss  Instances       Size
97/99      13.9G    0.01558   0.005119  0.0002826        111        640: 100%|██████████| 5/5 00:00
Class     Images  Instances          P          R      mAP50   mAP50-95: 100%|██████████| 8/8 00:02
all       1000        641      0.491      0.345      0.384      0.193
Epoch    GPU_mem   box_loss   obj_loss   cls_loss  Instances       Size
98/99      13.9G    0.01519   0.005098  0.0003071        132        640: 100%|██████████| 5/5 00:00
Class     Images  Instances          P          R      mAP50   mAP50-95: 100%|██████████| 8/8 00:02
all       1000        641      0.489      0.343      0.383      0.195
Epoch    GPU_mem   box_loss   obj_loss   cls_loss  Instances       Size
99/99      13.9G    0.01561   0.005182  0.0002904        109        640: 100%|██████████| 5/5 00:00
Class     Images  Instances          P          R      mAP50   mAP50-95: 100%|██████████| 8/8 00:04
all       1000        641      0.486      0.345      0.383      0.196
100 epochs completed in 0.132 hours.
Optimizer stripped from /home/lijinhe/work/YOLO_Retraining/runs/sequences/B640__seq-positive-only__current-warm__stage0-stage3__yolov5s__s42/tasks/002__stage2__positive-only__current-warm/backend/yolov5/train/weights/last.pt, 14.4MB
Optimizer stripped from /home/lijinhe/work/YOLO_Retraining/runs/sequences/B640__seq-positive-only__current-warm__stage0-stage3__yolov5s__s42/tasks/002__stage2__positive-only__current-warm/backend/yolov5/train/weights/best.pt, 14.4MB
Validating /home/lijinhe/work/YOLO_Retraining/runs/sequences/B640__seq-positive-only__current-warm__stage0-stage3__yolov5s__s42/tasks/002__stage2__positive-only__current-warm/backend/yolov5/train/weights/best.pt...
Fusing layers...
Model summary: 157 layers, 7020913 parameters, 0 gradients, 15.8 GFLOPs
Class     Images  Instances          P          R      mAP50   mAP50-95: 100%|██████████| 8/8 00:03
all       1000        641      0.577      0.478      0.541      0.293
large luggage       1000        410      0.599      0.564      0.569      0.276
stroller       1000        169      0.843      0.669      0.753      0.391
wheelchair       1000         53      0.868      0.679      0.775       0.47
flatbed truck       1000          9          0          0     0.0687     0.0367
Results saved to /home/lijinhe/work/YOLO_Retraining/runs/sequences/B640__seq-positive-only__current-warm__stage0-stage3__yolov5s__s42/tasks/002__stage2__positive-only__current-warm/backend/yolov5/train
[YOLOv5] compacted progress updates: 2258 -> 203 lines
[YOLOv5] coalesced warning: incomplete JPEG accepted read-only; count=1306; by_source=train=308, val=998
[YOLOv5] warning example: train: WARNING ⚠️ /home/lijinhe/work/YOLO_Retraining/data/self_improving/images/0720_14/06513_1784526356019507_0.jpg: incomplete JPEG accepted read-only
[YOLOv5] warning example: train: WARNING ⚠️ /home/lijinhe/work/YOLO_Retraining/data/self_improving/images/0720_14/06550_1784526431696527_0.jpg: incomplete JPEG accepted read-only
[YOLOv5] warning example: train: WARNING ⚠️ /home/lijinhe/work/YOLO_Retraining/data/self_improving/images/0720_14/06590_1784526517378124_0.jpg: incomplete JPEG accepted read-only
