train: weights=/home/lijinhe/work/YOLO_Retraining/.third_party/yolov5/yolov5s.pt, cfg=, data=/home/lijinhe/work/YOLO_Retraining/runs/studies/global_dedup_tau099_learning_curve/sequences/GlobalDedupTau099_PostSplit__seq-full-cold__stage0-stage7__yolov5s__s42/tasks/002__stage2__full-cold/data/backend_data.yaml, hyp=data/hyps/hyp.scratch-low.yaml, epochs=100, batch_size=64, imgsz=640, rect=False, resume=False, nosave=False, noval=False, noautoanchor=False, noplots=True, evolve=None, bucket=, cache=None, image_weights=False, device=0, multi_scale=False, single_cls=False, optimizer=SGD, sync_bn=False, workers=16, project=/home/lijinhe/work/YOLO_Retraining/runs/studies/global_dedup_tau099_learning_curve/sequences/GlobalDedupTau099_PostSplit__seq-full-cold__stage0-stage7__yolov5s__s42/tasks/002__stage2__full-cold/backend/yolov5, name=train, exist_ok=True, quad=False, cos_lr=False, label_smoothing=0.0, patience=100, freeze=[0], save_period=-1, seed=44, local_rank=-1, entity=None, upload_dataset=False, bbox_interval=-1, artifact_alias=latest
github: skipping check (offline), for updates see https://github.com/ultralytics/yolov5
YOLOv5 🚀 v7.0-0-g915bbf29 Python-3.10.20 torch-2.2.2+cu121 CUDA:0 (NVIDIA H100 PCIe, 81090MiB)
hyperparameters: lr0=0.01, lrf=0.01, momentum=0.937, weight_decay=0.0005, warmup_epochs=3.0, warmup_momentum=0.8, warmup_bias_lr=0.1, box=0.05, cls=0.5, cls_pw=1.0, obj=1.0, obj_pw=1.0, iou_t=0.2, anchor_t=4.0, fl_gamma=0.0, hsv_h=0.015, hsv_s=0.7, hsv_v=0.4, degrees=0.0, translate=0.1, scale=0.5, shear=0.0, perspective=0.0, flipud=0.0, fliplr=0.5, mosaic=1.0, mixup=0.0, copy_paste=0.0
ClearML: run 'pip install clearml' to automatically track, visualize and remotely train YOLOv5 🚀 in ClearML
Comet: run 'pip install comet_ml' to automatically track and visualize YOLOv5 🚀 runs in Comet
TensorBoard: Start with 'tensorboard --logdir /home/lijinhe/work/YOLO_Retraining/runs/studies/global_dedup_tau099_learning_curve/sequences/GlobalDedupTau099_PostSplit__seq-full-cold__stage0-stage7__yolov5s__s42/tasks/002__stage2__full-cold/backend/yolov5', view at http://localhost:6006/
Overriding model.yaml nc=80 with nc=4
from  n    params  module                                  arguments
0                -1  1      3520  models.common.Conv                      [3, 32, 6, 2, 2]
1                -1  1     18560  models.common.Conv                      [32, 64, 3, 2]
2                -1  1     18816  models.common.C3                        [64, 64, 1]
3                -1  1     73984  models.common.Conv                      [64, 128, 3, 2]
4                -1  2    115712  models.common.C3                        [128, 128, 2]
5                -1  1    295424  models.common.Conv                      [128, 256, 3, 2]
6                -1  3    625152  models.common.C3                        [256, 256, 3]
7                -1  1   1180672  models.common.Conv                      [256, 512, 3, 2]
8                -1  1   1182720  models.common.C3                        [512, 512, 1]
9                -1  1    656896  models.common.SPPF                      [512, 512, 5]
10                -1  1    131584  models.common.Conv                      [512, 256, 1, 1]
11                -1  1         0  torch.nn.modules.upsampling.Upsample    [None, 2, 'nearest']
12           [-1, 6]  1         0  models.common.Concat                    [1]
13                -1  1    361984  models.common.C3                        [512, 256, 1, False]
14                -1  1     33024  models.common.Conv                      [256, 128, 1, 1]
15                -1  1         0  torch.nn.modules.upsampling.Upsample    [None, 2, 'nearest']
16           [-1, 4]  1         0  models.common.Concat                    [1]
17                -1  1     90880  models.common.C3                        [256, 128, 1, False]
18                -1  1    147712  models.common.Conv                      [128, 128, 3, 2]
19          [-1, 14]  1         0  models.common.Concat                    [1]
20                -1  1    296448  models.common.C3                        [256, 256, 1, False]
21                -1  1    590336  models.common.Conv                      [256, 256, 3, 2]
22          [-1, 10]  1         0  models.common.Concat                    [1]
23                -1  1   1182720  models.common.C3                        [512, 512, 1, False]
24      [17, 20, 23]  1     24273  models.yolo.Detect                      [4, [[10, 13, 16, 30, 33, 23], [30, 61, 62, 45, 59, 119], [116, 90, 156, 198, 373, 326]], [128, 256, 512]]
Model summary: 214 layers, 7030417 parameters, 7030417 gradients, 16.0 GFLOPs
Transferred 343/349 items from /home/lijinhe/work/YOLO_Retraining/.third_party/yolov5/yolov5s.pt
AMP: checks passed ✅
optimizer: SGD(lr=0.01) with parameter groups 57 weight(decay=0.0), 60 weight(decay=0.0005), 60 bias
train: Scanning /home/lijinhe/work/YOLO_Retraining/runs/studies/global_dedup_tau099_learning_curve/sequences/GlobalDedupTau099_PostSplit__seq-full-cold__stage0-stage7__yolov5s__s42/tasks/002__stage2__full-cold/data/backend_train_images... 1844 images, 912 backgrounds, 0 corrupt: 100%|██████████| 1844/1844 00:08
train: New cache created: /home/lijinhe/work/YOLO_Retraining/runs/studies/global_dedup_tau099_learning_curve/sequences/GlobalDedupTau099_PostSplit__seq-full-cold__stage0-stage7__yolov5s__s42/tasks/002__stage2__full-cold/data/backend_train_images.cache
val: Scanning /home/lijinhe/work/YOLO_Retraining/runs/studies/global_dedup_tau099_learning_curve/sequences/GlobalDedupTau099_PostSplit__seq-full-cold__stage0-stage7__yolov5s__s42/tasks/002__stage2__full-cold/data/backend_validation_images... 1000 images, 514 backgrounds, 0 corrupt: 100%|██████████| 1000/1000 00:07
val: WARNING ⚠️ /home/lijinhe/work/YOLO_Retraining/data/self_improving/images/0720_11/05168_1784523505059766_0.jpg: 2 duplicate labels removed
val: New cache created: /home/lijinhe/work/YOLO_Retraining/runs/studies/global_dedup_tau099_learning_curve/sequences/GlobalDedupTau099_PostSplit__seq-full-cold__stage0-stage7__yolov5s__s42/tasks/002__stage2__full-cold/data/backend_validation_images.cache
AutoAnchor: 5.59 anchors/target, 1.000 Best Possible Recall (BPR). Current anchors are a good fit to dataset ✅
Image sizes 640 train, 640 val
Using 16 dataloader workers
Logging results to /home/lijinhe/work/YOLO_Retraining/runs/studies/global_dedup_tau099_learning_curve/sequences/GlobalDedupTau099_PostSplit__seq-full-cold__stage0-stage7__yolov5s__s42/tasks/002__stage2__full-cold/backend/yolov5/train
Starting training for 100 epochs...
Epoch    GPU_mem   box_loss   obj_loss   cls_loss  Instances       Size
0/99      13.9G     0.1056    0.01997     0.0424         67        640: 100%|██████████| 29/29 00:12
Class     Images  Instances          P          R      mAP50   mAP50-95: 100%|██████████| 8/8 00:07
all       1000        677    0.00069      0.283     0.0014   0.000302
Epoch    GPU_mem   box_loss   obj_loss   cls_loss  Instances       Size
1/99      13.9G    0.07811    0.01636    0.02386         75        640: 100%|██████████| 29/29 00:08
Class     Images  Instances          P          R      mAP50   mAP50-95: 100%|██████████| 8/8 00:05
all       1000        677    0.00366      0.573     0.0811     0.0269
Epoch    GPU_mem   box_loss   obj_loss   cls_loss  Instances       Size
2/99      13.9G    0.06825    0.01403    0.01901         81        640: 100%|██████████| 29/29 00:06
Class     Images  Instances          P          R      mAP50   mAP50-95: 100%|██████████| 8/8 00:03
all       1000        677      0.631      0.117      0.082     0.0197
Epoch    GPU_mem   box_loss   obj_loss   cls_loss  Instances       Size
3/99      13.9G    0.06368    0.01242    0.01657         83        640: 100%|██████████| 29/29 00:06
Class     Images  Instances          P          R      mAP50   mAP50-95: 100%|██████████| 8/8 00:05
all       1000        677      0.419      0.264      0.174     0.0655
Epoch    GPU_mem   box_loss   obj_loss   cls_loss  Instances       Size
4/99      13.9G    0.05997    0.01147    0.01404         55        640: 100%|██████████| 29/29 00:07
Class     Images  Instances          P          R      mAP50   mAP50-95: 100%|██████████| 8/8 00:04
all       1000        677      0.502      0.341       0.21     0.0928
Epoch    GPU_mem   box_loss   obj_loss   cls_loss  Instances       Size
5/99      13.9G    0.05783    0.01099    0.01396         69        640: 100%|██████████| 29/29 00:05
Class     Images  Instances          P          R      mAP50   mAP50-95: 100%|██████████| 8/8 00:03
all       1000        677      0.539      0.256      0.226     0.0843
Epoch    GPU_mem   box_loss   obj_loss   cls_loss  Instances       Size
6/99      13.9G    0.05656    0.01076    0.01297         65        640: 100%|██████████| 29/29 00:04
Class     Images  Instances          P          R      mAP50   mAP50-95: 100%|██████████| 8/8 00:03
all       1000        677      0.617      0.194      0.205     0.0798
Epoch    GPU_mem   box_loss   obj_loss   cls_loss  Instances       Size
7/99      13.9G    0.05571     0.0108      0.012         80        640: 100%|██████████| 29/29 00:08
Class     Images  Instances          P          R      mAP50   mAP50-95: 100%|██████████| 8/8 00:05
all       1000        677      0.556      0.253      0.233     0.0881
Epoch    GPU_mem   box_loss   obj_loss   cls_loss  Instances       Size
8/99      13.9G    0.05421    0.01069    0.01157         73        640: 100%|██████████| 29/29 00:05
Class     Images  Instances          P          R      mAP50   mAP50-95: 100%|██████████| 8/8 00:03
all       1000        677      0.616       0.28      0.249     0.0995
Epoch    GPU_mem   box_loss   obj_loss   cls_loss  Instances       Size
9/99      13.9G    0.05345    0.01042    0.01061         57        640: 100%|██████████| 29/29 00:06
Class     Images  Instances          P          R      mAP50   mAP50-95: 100%|██████████| 8/8 00:03
all       1000        677       0.61      0.272       0.28      0.118
Epoch    GPU_mem   box_loss   obj_loss   cls_loss  Instances       Size
10/99      13.9G    0.05174    0.01017    0.01074         61        640: 100%|██████████| 29/29 00:11
Class     Images  Instances          P          R      mAP50   mAP50-95: 100%|██████████| 8/8 00:04
all       1000        677      0.729      0.251      0.287      0.131
Epoch    GPU_mem   box_loss   obj_loss   cls_loss  Instances       Size
11/99      13.9G    0.05132     0.0099    0.01041         67        640: 100%|██████████| 29/29 00:09
Class     Images  Instances          P          R      mAP50   mAP50-95: 100%|██████████| 8/8 00:03
all       1000        677       0.65      0.263      0.293      0.126
Epoch    GPU_mem   box_loss   obj_loss   cls_loss  Instances       Size
12/99      13.9G    0.05084   0.009762   0.008348         75        640: 100%|██████████| 29/29 00:09
Class     Images  Instances          P          R      mAP50   mAP50-95: 100%|██████████| 8/8 00:03
all       1000        677      0.629      0.266      0.268      0.111
Epoch    GPU_mem   box_loss   obj_loss   cls_loss  Instances       Size
13/99      13.9G    0.04959   0.009707    0.00948         71        640: 100%|██████████| 29/29 00:08
Class     Images  Instances          P          R      mAP50   mAP50-95: 100%|██████████| 8/8 00:03
all       1000        677      0.692      0.316      0.344      0.152
Epoch    GPU_mem   box_loss   obj_loss   cls_loss  Instances       Size
14/99      13.9G    0.04962   0.009414   0.008173         64        640: 100%|██████████| 29/29 00:12
Class     Images  Instances          P          R      mAP50   mAP50-95: 100%|██████████| 8/8 00:03
all       1000        677      0.647      0.313      0.337      0.148
Epoch    GPU_mem   box_loss   obj_loss   cls_loss  Instances       Size
15/99      13.9G    0.04767   0.009664   0.008903         75        640: 100%|██████████| 29/29 00:11
Class     Images  Instances          P          R      mAP50   mAP50-95: 100%|██████████| 8/8 00:03
all       1000        677      0.784      0.332      0.388      0.163
Epoch    GPU_mem   box_loss   obj_loss   cls_loss  Instances       Size
16/99      13.9G    0.04851   0.009635   0.009057         54        640: 100%|██████████| 29/29 00:12
Class     Images  Instances          P          R      mAP50   mAP50-95: 100%|██████████| 8/8 00:04
all       1000        677       0.68      0.331      0.365      0.158
Epoch    GPU_mem   box_loss   obj_loss   cls_loss  Instances       Size
17/99      13.9G    0.04586   0.009422   0.007183         63        640: 100%|██████████| 29/29 00:09
Class     Images  Instances          P          R      mAP50   mAP50-95: 100%|██████████| 8/8 00:05
all       1000        677      0.627      0.319      0.336      0.159
Epoch    GPU_mem   box_loss   obj_loss   cls_loss  Instances       Size
18/99      13.9G    0.04558   0.009186   0.007234         51        640: 100%|██████████| 29/29 00:07
Class     Images  Instances          P          R      mAP50   mAP50-95: 100%|██████████| 8/8 00:02
all       1000        677      0.734      0.306      0.346      0.143
Epoch    GPU_mem   box_loss   obj_loss   cls_loss  Instances       Size
19/99      13.9G    0.04604   0.008965   0.006697         60        640: 100%|██████████| 29/29 00:10
Class     Images  Instances          P          R      mAP50   mAP50-95: 100%|██████████| 8/8 00:02
all       1000        677      0.725      0.315      0.345      0.157
Epoch    GPU_mem   box_loss   obj_loss   cls_loss  Instances       Size
20/99      13.9G    0.04609   0.009285   0.006577         61        640: 100%|██████████| 29/29 00:13
Class     Images  Instances          P          R      mAP50   mAP50-95: 100%|██████████| 8/8 00:05
all       1000        677      0.744      0.343      0.368      0.175
Epoch    GPU_mem   box_loss   obj_loss   cls_loss  Instances       Size
21/99      13.9G    0.04516   0.009092   0.006946         60        640: 100%|██████████| 29/29 00:08
Class     Images  Instances          P          R      mAP50   mAP50-95: 100%|██████████| 8/8 00:03
all       1000        677      0.704      0.356       0.38      0.176
Epoch    GPU_mem   box_loss   obj_loss   cls_loss  Instances       Size
22/99      13.9G     0.0444   0.008879   0.007219         69        640: 100%|██████████| 29/29 00:13
Class     Images  Instances          P          R      mAP50   mAP50-95: 100%|██████████| 8/8 00:03
all       1000        677      0.694      0.333      0.361      0.181
Epoch    GPU_mem   box_loss   obj_loss   cls_loss  Instances       Size
23/99      13.9G    0.04344   0.008732   0.006859         57        640: 100%|██████████| 29/29 00:11
Class     Images  Instances          P          R      mAP50   mAP50-95: 100%|██████████| 8/8 00:06
all       1000        677      0.689       0.31      0.334      0.159
Epoch    GPU_mem   box_loss   obj_loss   cls_loss  Instances       Size
24/99      13.9G    0.04279   0.009048   0.004758         67        640: 100%|██████████| 29/29 00:07
Class     Images  Instances          P          R      mAP50   mAP50-95: 100%|██████████| 8/8 00:02
all       1000        677      0.793      0.335      0.386      0.191
Epoch    GPU_mem   box_loss   obj_loss   cls_loss  Instances       Size
25/99      13.9G    0.04273   0.008434   0.005302         68        640: 100%|██████████| 29/29 00:14
Class     Images  Instances          P          R      mAP50   mAP50-95: 100%|██████████| 8/8 00:02
all       1000        677      0.752      0.346      0.388      0.175
Epoch    GPU_mem   box_loss   obj_loss   cls_loss  Instances       Size
26/99      13.9G    0.04195    0.00815   0.005148         66        640: 100%|██████████| 29/29 00:16
Class     Images  Instances          P          R      mAP50   mAP50-95: 100%|██████████| 8/8 00:03
all       1000        677      0.795      0.324       0.39      0.184
Epoch    GPU_mem   box_loss   obj_loss   cls_loss  Instances       Size
27/99      13.9G    0.04157    0.00853   0.004759         79        640: 100%|██████████| 29/29 00:15
Class     Images  Instances          P          R      mAP50   mAP50-95: 100%|██████████| 8/8 00:02
all       1000        677       0.74      0.382      0.411      0.184
Epoch    GPU_mem   box_loss   obj_loss   cls_loss  Instances       Size
28/99      13.9G    0.04207   0.008781   0.004808         67        640: 100%|██████████| 29/29 00:09
Class     Images  Instances          P          R      mAP50   mAP50-95: 100%|██████████| 8/8 00:06
all       1000        677      0.765      0.297       0.34      0.164
Epoch    GPU_mem   box_loss   obj_loss   cls_loss  Instances       Size
29/99      13.9G    0.04112    0.00828   0.005016         63        640: 100%|██████████| 29/29 00:07
Class     Images  Instances          P          R      mAP50   mAP50-95: 100%|██████████| 8/8 00:04
all       1000        677      0.691      0.368      0.395      0.188
Epoch    GPU_mem   box_loss   obj_loss   cls_loss  Instances       Size
30/99      13.9G    0.03976   0.008424   0.004746         68        640: 100%|██████████| 29/29 00:07
Class     Images  Instances          P          R      mAP50   mAP50-95: 100%|██████████| 8/8 00:02
all       1000        677      0.762      0.412      0.424      0.212
Epoch    GPU_mem   box_loss   obj_loss   cls_loss  Instances       Size
31/99      13.9G    0.03981   0.008208   0.004731         70        640: 100%|██████████| 29/29 00:11
Class     Images  Instances          P          R      mAP50   mAP50-95: 100%|██████████| 8/8 00:02
all       1000        677      0.714      0.345      0.383      0.185
Epoch    GPU_mem   box_loss   obj_loss   cls_loss  Instances       Size
32/99      13.9G    0.03982   0.008132   0.004612         70        640: 100%|██████████| 29/29 00:11
Class     Images  Instances          P          R      mAP50   mAP50-95: 100%|██████████| 8/8 00:04
all       1000        677      0.726      0.323      0.374      0.186
Epoch    GPU_mem   box_loss   obj_loss   cls_loss  Instances       Size
33/99      13.9G    0.03851   0.007888   0.004632         63        640: 100%|██████████| 29/29 00:08
Class     Images  Instances          P          R      mAP50   mAP50-95: 100%|██████████| 8/8 00:06
all       1000        677      0.731      0.412      0.451      0.217
Epoch    GPU_mem   box_loss   obj_loss   cls_loss  Instances       Size
34/99      13.9G    0.03888   0.007886   0.004134         59        640: 100%|██████████| 29/29 00:06
Class     Images  Instances          P          R      mAP50   mAP50-95: 100%|██████████| 8/8 00:02
all       1000        677      0.733      0.409      0.441      0.214
Epoch    GPU_mem   box_loss   obj_loss   cls_loss  Instances       Size
35/99      13.9G    0.03839   0.007743   0.004486         54        640: 100%|██████████| 29/29 00:05
Class     Images  Instances          P          R      mAP50   mAP50-95: 100%|██████████| 8/8 00:02
all       1000        677       0.78      0.396      0.456      0.211
Epoch    GPU_mem   box_loss   obj_loss   cls_loss  Instances       Size
36/99      13.9G    0.03817   0.007495   0.003185         51        640: 100%|██████████| 29/29 00:08
Class     Images  Instances          P          R      mAP50   mAP50-95: 100%|██████████| 8/8 00:02
all       1000        677      0.826      0.381      0.443      0.216
Epoch    GPU_mem   box_loss   obj_loss   cls_loss  Instances       Size
37/99      13.9G    0.03747   0.007648   0.003405         67        640: 100%|██████████| 29/29 00:11
Class     Images  Instances          P          R      mAP50   mAP50-95: 100%|██████████| 8/8 00:04
all       1000        677      0.722      0.394       0.42      0.206
Epoch    GPU_mem   box_loss   obj_loss   cls_loss  Instances       Size
38/99      13.9G    0.03707   0.007513   0.003399         69        640: 100%|██████████| 29/29 00:06
Class     Images  Instances          P          R      mAP50   mAP50-95: 100%|██████████| 8/8 00:02
all       1000        677      0.745      0.344      0.375      0.184
Epoch    GPU_mem   box_loss   obj_loss   cls_loss  Instances       Size
39/99      13.9G    0.03608   0.007312   0.003239         60        640: 100%|██████████| 29/29 00:09
Class     Images  Instances          P          R      mAP50   mAP50-95: 100%|██████████| 8/8 00:02
all       1000        677      0.771      0.409      0.458      0.225
Epoch    GPU_mem   box_loss   obj_loss   cls_loss  Instances       Size
40/99      13.9G    0.03606    0.00766   0.003572         66        640: 100%|██████████| 29/29 00:07
Class     Images  Instances          P          R      mAP50   mAP50-95: 100%|██████████| 8/8 00:06
all       1000        677      0.798      0.403       0.45      0.215
Epoch    GPU_mem   box_loss   obj_loss   cls_loss  Instances       Size
41/99      13.9G    0.03564   0.007525   0.003167         71        640: 100%|██████████| 29/29 00:08
Class     Images  Instances          P          R      mAP50   mAP50-95: 100%|██████████| 8/8 00:03
all       1000        677      0.731      0.428      0.429       0.21
Epoch    GPU_mem   box_loss   obj_loss   cls_loss  Instances       Size
42/99      13.9G    0.03529   0.007217   0.003317         80        640: 100%|██████████| 29/29 00:04
Class     Images  Instances          P          R      mAP50   mAP50-95: 100%|██████████| 8/8 00:02
all       1000        677      0.736      0.389      0.431      0.212
Epoch    GPU_mem   box_loss   obj_loss   cls_loss  Instances       Size
43/99      13.9G    0.03537   0.007135   0.003307         67        640: 100%|██████████| 29/29 00:05
Class     Images  Instances          P          R      mAP50   mAP50-95: 100%|██████████| 8/8 00:02
all       1000        677      0.785      0.354      0.414      0.196
Epoch    GPU_mem   box_loss   obj_loss   cls_loss  Instances       Size
44/99      13.9G    0.03529   0.007336   0.002939         76        640: 100%|██████████| 29/29 00:07
Class     Images  Instances          P          R      mAP50   mAP50-95: 100%|██████████| 8/8 00:03
all       1000        677      0.752      0.403      0.435      0.227
Epoch    GPU_mem   box_loss   obj_loss   cls_loss  Instances       Size
45/99      13.9G     0.0348   0.007111   0.003027         56        640: 100%|██████████| 29/29 00:07
Class     Images  Instances          P          R      mAP50   mAP50-95: 100%|██████████| 8/8 00:06
all       1000        677      0.755      0.395      0.423      0.213
Epoch    GPU_mem   box_loss   obj_loss   cls_loss  Instances       Size
46/99      13.9G    0.03446   0.006977   0.003308         47        640: 100%|██████████| 29/29 00:08
Class     Images  Instances          P          R      mAP50   mAP50-95: 100%|██████████| 8/8 00:04
all       1000        677       0.82      0.386      0.454      0.233
Epoch    GPU_mem   box_loss   obj_loss   cls_loss  Instances       Size
47/99      13.9G    0.03409   0.006686   0.002221         66        640: 100%|██████████| 29/29 00:05
Class     Images  Instances          P          R      mAP50   mAP50-95: 100%|██████████| 8/8 00:03
all       1000        677      0.762      0.387      0.424      0.212
Epoch    GPU_mem   box_loss   obj_loss   cls_loss  Instances       Size
48/99      13.9G    0.03392   0.007035   0.002747         68        640: 100%|██████████| 29/29 00:05
Class     Images  Instances          P          R      mAP50   mAP50-95: 100%|██████████| 8/8 00:02
all       1000        677       0.78      0.405      0.438      0.225
Epoch    GPU_mem   box_loss   obj_loss   cls_loss  Instances       Size
49/99      13.9G    0.03343   0.006867   0.002986         55        640: 100%|██████████| 29/29 00:07
Class     Images  Instances          P          R      mAP50   mAP50-95: 100%|██████████| 8/8 00:02
all       1000        677      0.808      0.406       0.46      0.246
Epoch    GPU_mem   box_loss   obj_loss   cls_loss  Instances       Size
50/99      13.9G    0.03285   0.007097   0.002971         64        640: 100%|██████████| 29/29 00:07
Class     Images  Instances          P          R      mAP50   mAP50-95: 100%|██████████| 8/8 00:07
all       1000        677      0.841      0.392      0.471      0.248
Epoch    GPU_mem   box_loss   obj_loss   cls_loss  Instances       Size
51/99      13.9G    0.03224   0.006388   0.002005         66        640: 100%|██████████| 29/29 00:06
Class     Images  Instances          P          R      mAP50   mAP50-95: 100%|██████████| 8/8 00:02
all       1000        677       0.75      0.411      0.445      0.228
Epoch    GPU_mem   box_loss   obj_loss   cls_loss  Instances       Size
52/99      13.9G    0.03254    0.00643   0.002154         54        640: 100%|██████████| 29/29 00:05
Class     Images  Instances          P          R      mAP50   mAP50-95: 100%|██████████| 8/8 00:02
all       1000        677      0.789      0.404      0.449      0.217
Epoch    GPU_mem   box_loss   obj_loss   cls_loss  Instances       Size
53/99      13.9G     0.0315   0.006721   0.002672         69        640: 100%|██████████| 29/29 00:08
Class     Images  Instances          P          R      mAP50   mAP50-95: 100%|██████████| 8/8 00:02
all       1000        677      0.854      0.392      0.465      0.237
Epoch    GPU_mem   box_loss   obj_loss   cls_loss  Instances       Size
54/99      13.9G    0.03196   0.006403   0.001986         62        640: 100%|██████████| 29/29 00:08
Class     Images  Instances          P          R      mAP50   mAP50-95: 100%|██████████| 8/8 00:05
all       1000        677      0.771       0.41      0.454      0.237
Epoch    GPU_mem   box_loss   obj_loss   cls_loss  Instances       Size
55/99      13.9G    0.03153   0.006581   0.002362         65        640: 100%|██████████| 29/29 00:05
Class     Images  Instances          P          R      mAP50   mAP50-95: 100%|██████████| 8/8 00:02
all       1000        677       0.79      0.375      0.424      0.215
Epoch    GPU_mem   box_loss   obj_loss   cls_loss  Instances       Size
56/99      13.9G    0.03085   0.006432   0.002456         54        640: 100%|██████████| 29/29 00:05
Class     Images  Instances          P          R      mAP50   mAP50-95: 100%|██████████| 8/8 00:03
all       1000        677      0.749      0.429      0.472      0.232
Epoch    GPU_mem   box_loss   obj_loss   cls_loss  Instances       Size
57/99      13.9G    0.03062   0.006438   0.002281         64        640: 100%|██████████| 29/29 00:07
Class     Images  Instances          P          R      mAP50   mAP50-95: 100%|██████████| 8/8 00:03
all       1000        677      0.789      0.419      0.457      0.246
Epoch    GPU_mem   box_loss   obj_loss   cls_loss  Instances       Size
58/99      13.9G    0.03096   0.006431   0.002375         57        640: 100%|██████████| 29/29 00:08
Class     Images  Instances          P          R      mAP50   mAP50-95: 100%|██████████| 8/8 00:04
all       1000        677      0.796      0.417       0.46      0.242
Epoch    GPU_mem   box_loss   obj_loss   cls_loss  Instances       Size
59/99      13.9G    0.03024   0.006128   0.002061         77        640: 100%|██████████| 29/29 00:05
Class     Images  Instances          P          R      mAP50   mAP50-95: 100%|██████████| 8/8 00:02
all       1000        677      0.806      0.415      0.482      0.253
Epoch    GPU_mem   box_loss   obj_loss   cls_loss  Instances       Size
60/99      13.9G       0.03   0.005914   0.002049         70        640: 100%|██████████| 29/29 00:06
Class     Images  Instances          P          R      mAP50   mAP50-95: 100%|██████████| 8/8 00:02
all       1000        677      0.817      0.419      0.475      0.259
Epoch    GPU_mem   box_loss   obj_loss   cls_loss  Instances       Size
61/99      13.9G    0.02929   0.006377   0.001867         74        640: 100%|██████████| 29/29 00:05
Class     Images  Instances          P          R      mAP50   mAP50-95: 100%|██████████| 8/8 00:02
all       1000        677      0.876      0.396      0.473      0.247
Epoch    GPU_mem   box_loss   obj_loss   cls_loss  Instances       Size
62/99      13.9G    0.02926   0.006101   0.001623         93        640: 100%|██████████| 29/29 00:06
Class     Images  Instances          P          R      mAP50   mAP50-95: 100%|██████████| 8/8 00:06
all       1000        677      0.767       0.45      0.466      0.254
Epoch    GPU_mem   box_loss   obj_loss   cls_loss  Instances       Size
63/99      13.9G    0.02973   0.005804   0.001268         63        640: 100%|██████████| 29/29 00:06
Class     Images  Instances          P          R      mAP50   mAP50-95: 100%|██████████| 8/8 00:02
all       1000        677      0.795      0.417      0.468      0.254
Epoch    GPU_mem   box_loss   obj_loss   cls_loss  Instances       Size
64/99      13.9G    0.02808   0.006173   0.001502         61        640: 100%|██████████| 29/29 00:05
Class     Images  Instances          P          R      mAP50   mAP50-95: 100%|██████████| 8/8 00:02
all       1000        677        0.8      0.441      0.494      0.271
Epoch    GPU_mem   box_loss   obj_loss   cls_loss  Instances       Size
65/99      13.9G    0.02819   0.006059   0.001724         69        640: 100%|██████████| 29/29 00:09
Class     Images  Instances          P          R      mAP50   mAP50-95: 100%|██████████| 8/8 00:02
all       1000        677      0.824      0.427      0.495      0.266
Epoch    GPU_mem   box_loss   obj_loss   cls_loss  Instances       Size
66/99      13.9G     0.0282   0.005662   0.001725         62        640: 100%|██████████| 29/29 00:08
Class     Images  Instances          P          R      mAP50   mAP50-95: 100%|██████████| 8/8 00:05
all       1000        677      0.724      0.443       0.46       0.25
Epoch    GPU_mem   box_loss   obj_loss   cls_loss  Instances       Size
67/99      13.9G    0.02812   0.005858   0.001591         57        640: 100%|██████████| 29/29 00:09
Class     Images  Instances          P          R      mAP50   mAP50-95: 100%|██████████| 8/8 00:05
all       1000        677      0.793      0.414      0.472      0.252
Epoch    GPU_mem   box_loss   obj_loss   cls_loss  Instances       Size
68/99      13.9G    0.02779   0.006072   0.001817         63        640: 100%|██████████| 29/29 00:08
Class     Images  Instances          P          R      mAP50   mAP50-95: 100%|██████████| 8/8 00:02
all       1000        677       0.84      0.422      0.486      0.263
Epoch    GPU_mem   box_loss   obj_loss   cls_loss  Instances       Size
69/99      13.9G    0.02769   0.005991   0.001872         62        640: 100%|██████████| 29/29 00:06
Class     Images  Instances          P          R      mAP50   mAP50-95: 100%|██████████| 8/8 00:03
all       1000        677        0.8       0.42      0.469      0.257
Epoch    GPU_mem   box_loss   obj_loss   cls_loss  Instances       Size
70/99      13.9G    0.02697   0.005569   0.001321         79        640: 100%|██████████| 29/29 00:10
Class     Images  Instances          P          R      mAP50   mAP50-95: 100%|██████████| 8/8 00:02
all       1000        677      0.844       0.43      0.499      0.274
Epoch    GPU_mem   box_loss   obj_loss   cls_loss  Instances       Size
71/99      13.9G    0.02711   0.005699   0.001429         63        640: 100%|██████████| 29/29 00:10
Class     Images  Instances          P          R      mAP50   mAP50-95: 100%|██████████| 8/8 00:02
all       1000        677      0.836      0.447      0.499      0.272
Epoch    GPU_mem   box_loss   obj_loss   cls_loss  Instances       Size
72/99      13.9G    0.02708    0.00554   0.001497         61        640: 100%|██████████| 29/29 00:06
Class     Images  Instances          P          R      mAP50   mAP50-95: 100%|██████████| 8/8 00:02
all       1000        677      0.802      0.432      0.473      0.267
Epoch    GPU_mem   box_loss   obj_loss   cls_loss  Instances       Size
73/99      13.9G    0.02635   0.005455   0.001539         74        640: 100%|██████████| 29/29 00:11
Class     Images  Instances          P          R      mAP50   mAP50-95: 100%|██████████| 8/8 00:02
all       1000        677      0.813      0.432      0.468       0.27
Epoch    GPU_mem   box_loss   obj_loss   cls_loss  Instances       Size
74/99      13.9G    0.02633   0.005442   0.001342         57        640: 100%|██████████| 29/29 00:14
Class     Images  Instances          P          R      mAP50   mAP50-95: 100%|██████████| 8/8 00:04
all       1000        677      0.791      0.459       0.49      0.269
Epoch    GPU_mem   box_loss   obj_loss   cls_loss  Instances       Size
75/99      13.9G      0.026   0.005292   0.001333         66        640: 100%|██████████| 29/29 00:11
Class     Images  Instances          P          R      mAP50   mAP50-95: 100%|██████████| 8/8 00:03
all       1000        677      0.806       0.43      0.472       0.26
Epoch    GPU_mem   box_loss   obj_loss   cls_loss  Instances       Size
76/99      13.9G    0.02542   0.005414    0.00122         57        640: 100%|██████████| 29/29 00:11
Class     Images  Instances          P          R      mAP50   mAP50-95: 100%|██████████| 8/8 00:05
all       1000        677      0.522       0.46      0.488      0.269
Epoch    GPU_mem   box_loss   obj_loss   cls_loss  Instances       Size
77/99      13.9G    0.02509   0.005423    0.00121         56        640: 100%|██████████| 29/29 00:08
Class     Images  Instances          P          R      mAP50   mAP50-95: 100%|██████████| 8/8 00:02
all       1000        677      0.801      0.465      0.489      0.269
Epoch    GPU_mem   box_loss   obj_loss   cls_loss  Instances       Size
78/99      13.9G    0.02538    0.00536   0.001309         52        640: 100%|██████████| 29/29 00:06
Class     Images  Instances          P          R      mAP50   mAP50-95: 100%|██████████| 8/8 00:03
all       1000        677      0.813      0.426      0.474      0.257
Epoch    GPU_mem   box_loss   obj_loss   cls_loss  Instances       Size
79/99      13.9G    0.02499   0.005403    0.00127         55        640: 100%|██████████| 29/29 00:11
Class     Images  Instances          P          R      mAP50   mAP50-95: 100%|██████████| 8/8 00:02
all       1000        677      0.798      0.414      0.463      0.252
Epoch    GPU_mem   box_loss   obj_loss   cls_loss  Instances       Size
80/99      13.9G    0.02478   0.005319   0.001248         81        640: 100%|██████████| 29/29 00:11
Class     Images  Instances          P          R      mAP50   mAP50-95: 100%|██████████| 8/8 00:02
all       1000        677      0.806      0.428      0.475      0.257
Epoch    GPU_mem   box_loss   obj_loss   cls_loss  Instances       Size
81/99      13.9G    0.02421   0.005238   0.001061         77        640: 100%|██████████| 29/29 00:10
Class     Images  Instances          P          R      mAP50   mAP50-95: 100%|██████████| 8/8 00:03
all       1000        677       0.81      0.432      0.476      0.262
Epoch    GPU_mem   box_loss   obj_loss   cls_loss  Instances       Size
82/99      13.9G    0.02461   0.005114   0.001375         75        640: 100%|██████████| 29/29 00:05
Class     Images  Instances          P          R      mAP50   mAP50-95: 100%|██████████| 8/8 00:03
all       1000        677      0.836      0.446      0.495      0.273
Epoch    GPU_mem   box_loss   obj_loss   cls_loss  Instances       Size
83/99      13.9G    0.02356   0.005207   0.001408         70        640: 100%|██████████| 29/29 00:10
Class     Images  Instances          P          R      mAP50   mAP50-95: 100%|██████████| 8/8 00:08
all       1000        677       0.83      0.439      0.495      0.278
Epoch    GPU_mem   box_loss   obj_loss   cls_loss  Instances       Size
84/99      13.9G    0.02385   0.004896   0.001258         73        640: 100%|██████████| 29/29 00:06
Class     Images  Instances          P          R      mAP50   mAP50-95: 100%|██████████| 8/8 00:03
all       1000        677      0.805      0.461      0.484      0.264
Epoch    GPU_mem   box_loss   obj_loss   cls_loss  Instances       Size
85/99      13.9G    0.02329   0.004965  0.0009104         82        640: 100%|██████████| 29/29 00:07
Class     Images  Instances          P          R      mAP50   mAP50-95: 100%|██████████| 8/8 00:02
all       1000        677      0.804       0.46      0.486      0.269
Epoch    GPU_mem   box_loss   obj_loss   cls_loss  Instances       Size
86/99      13.9G    0.02323   0.005087   0.000982         77        640: 100%|██████████| 29/29 00:11
Class     Images  Instances          P          R      mAP50   mAP50-95: 100%|██████████| 8/8 00:03
all       1000        677      0.828      0.432       0.48      0.262
Epoch    GPU_mem   box_loss   obj_loss   cls_loss  Instances       Size
87/99      13.9G    0.02214   0.005135  0.0009867         70        640: 100%|██████████| 29/29 00:10
Class     Images  Instances          P          R      mAP50   mAP50-95: 100%|██████████| 8/8 00:04
all       1000        677      0.802      0.459      0.488       0.26
Epoch    GPU_mem   box_loss   obj_loss   cls_loss  Instances       Size
88/99      13.9G    0.02278   0.004791  0.0007212         67        640: 100%|██████████| 29/29 00:09
Class     Images  Instances          P          R      mAP50   mAP50-95: 100%|██████████| 8/8 00:10
all       1000        677      0.791      0.455      0.483      0.262
Epoch    GPU_mem   box_loss   obj_loss   cls_loss  Instances       Size
89/99      13.9G    0.02245   0.005023  0.0008832         58        640: 100%|██████████| 29/29 00:06
Class     Images  Instances          P          R      mAP50   mAP50-95: 100%|██████████| 8/8 00:02
all       1000        677      0.806      0.449      0.481      0.263
Epoch    GPU_mem   box_loss   obj_loss   cls_loss  Instances       Size
90/99      13.9G    0.02215   0.004886  0.0007464         70        640: 100%|██████████| 29/29 00:07
Class     Images  Instances          P          R      mAP50   mAP50-95: 100%|██████████| 8/8 00:03
all       1000        677      0.802      0.474      0.499      0.267
Epoch    GPU_mem   box_loss   obj_loss   cls_loss  Instances       Size
91/99      13.9G    0.02247   0.005054  0.0007564         70        640: 100%|██████████| 29/29 00:10
Class     Images  Instances          P          R      mAP50   mAP50-95: 100%|██████████| 8/8 00:02
all       1000        677      0.809      0.449      0.497      0.273
Epoch    GPU_mem   box_loss   obj_loss   cls_loss  Instances       Size
92/99      13.9G    0.02186   0.004747   0.001041         70        640: 100%|██████████| 29/29 00:08
Class     Images  Instances          P          R      mAP50   mAP50-95: 100%|██████████| 8/8 00:08
all       1000        677      0.863      0.438      0.503      0.277
Epoch    GPU_mem   box_loss   obj_loss   cls_loss  Instances       Size
93/99      13.9G    0.02239   0.005046  0.0008522         70        640: 100%|██████████| 29/29 00:07
Class     Images  Instances          P          R      mAP50   mAP50-95: 100%|██████████| 8/8 00:04
all       1000        677      0.876       0.42      0.499      0.277
Epoch    GPU_mem   box_loss   obj_loss   cls_loss  Instances       Size
94/99      13.9G    0.02139   0.004841  0.0008097         56        640: 100%|██████████| 29/29 00:05
Class     Images  Instances          P          R      mAP50   mAP50-95: 100%|██████████| 8/8 00:02
all       1000        677      0.514      0.466      0.496      0.274
Epoch    GPU_mem   box_loss   obj_loss   cls_loss  Instances       Size
95/99      13.9G    0.02123   0.004581  0.0007823         55        640: 100%|██████████| 29/29 00:08
Class     Images  Instances          P          R      mAP50   mAP50-95: 100%|██████████| 8/8 00:03
all       1000        677      0.822      0.441      0.495      0.273
Epoch    GPU_mem   box_loss   obj_loss   cls_loss  Instances       Size
96/99      13.9G     0.0211   0.004745   0.001126         85        640: 100%|██████████| 29/29 00:11
Class     Images  Instances          P          R      mAP50   mAP50-95: 100%|██████████| 8/8 00:05
all       1000        677      0.832      0.441      0.496      0.274
Epoch    GPU_mem   box_loss   obj_loss   cls_loss  Instances       Size
97/99      13.9G    0.02084   0.004705  0.0006633         61        640: 100%|██████████| 29/29 00:08
Class     Images  Instances          P          R      mAP50   mAP50-95: 100%|██████████| 8/8 00:03
all       1000        677      0.836      0.437      0.495      0.275
Epoch    GPU_mem   box_loss   obj_loss   cls_loss  Instances       Size
98/99      13.9G    0.02112   0.004774  0.0008445         54        640: 100%|██████████| 29/29 00:06
Class     Images  Instances          P          R      mAP50   mAP50-95: 100%|██████████| 8/8 00:03
all       1000        677      0.842      0.444      0.498      0.283
Epoch    GPU_mem   box_loss   obj_loss   cls_loss  Instances       Size
99/99      13.9G    0.02126   0.004844  0.0009631         73        640: 100%|██████████| 29/29 00:13
Class     Images  Instances          P          R      mAP50   mAP50-95: 100%|██████████| 8/8 00:07
all       1000        677      0.856      0.433      0.495      0.276
100 epochs completed in 0.372 hours.
Optimizer stripped from /home/lijinhe/work/YOLO_Retraining/runs/studies/global_dedup_tau099_learning_curve/sequences/GlobalDedupTau099_PostSplit__seq-full-cold__stage0-stage7__yolov5s__s42/tasks/002__stage2__full-cold/backend/yolov5/train/weights/last.pt, 14.4MB
Optimizer stripped from /home/lijinhe/work/YOLO_Retraining/runs/studies/global_dedup_tau099_learning_curve/sequences/GlobalDedupTau099_PostSplit__seq-full-cold__stage0-stage7__yolov5s__s42/tasks/002__stage2__full-cold/backend/yolov5/train/weights/best.pt, 14.4MB
Validating /home/lijinhe/work/YOLO_Retraining/runs/studies/global_dedup_tau099_learning_curve/sequences/GlobalDedupTau099_PostSplit__seq-full-cold__stage0-stage7__yolov5s__s42/tasks/002__stage2__full-cold/backend/yolov5/train/weights/best.pt...
Fusing layers...
Model summary: 157 layers, 7020913 parameters, 0 gradients, 15.8 GFLOPs
Class     Images  Instances          P          R      mAP50   mAP50-95: 100%|██████████| 8/8 00:10
all       1000        677      0.861      0.438      0.503      0.277
large luggage       1000        455      0.808      0.529      0.616      0.317
stroller       1000        175      0.822      0.503      0.601      0.309
wheelchair       1000         43      0.814      0.721      0.787       0.48
flatbed truck       1000          4          1          0    0.00786    0.00135
Results saved to /home/lijinhe/work/YOLO_Retraining/runs/studies/global_dedup_tau099_learning_curve/sequences/GlobalDedupTau099_PostSplit__seq-full-cold__stage0-stage7__yolov5s__s42/tasks/002__stage2__full-cold/backend/yolov5/train
terminate called without an active exception
terminate called without an active exception
Exception ignored in: <function _MultiProcessingDataLoaderIter.__del__ at 0x7f601ab76830>
Traceback (most recent call last):
File "/home/lijinhe/miniforge3/envs/yolo-retraining-v5/lib/python3.10/site-packages/torch/utils/data/dataloader.py", line 1479, in __del__
self._shutdown_workers()
File "/home/lijinhe/miniforge3/envs/yolo-retraining-v5/lib/python3.10/site-packages/torch/utils/data/dataloader.py", line 1443, in _shutdown_workers
w.join(timeout=_utils.MP_STATUS_CHECK_INTERVAL)
File "/home/lijinhe/miniforge3/envs/yolo-retraining-v5/lib/python3.10/multiprocessing/process.py", line 149, in join
res = self._popen.wait(timeout)
File "/home/lijinhe/miniforge3/envs/yolo-retraining-v5/lib/python3.10/multiprocessing/popen_fork.py", line 40, in wait
if not wait([self.sentinel], timeout):
File "/home/lijinhe/miniforge3/envs/yolo-retraining-v5/lib/python3.10/multiprocessing/connection.py", line 931, in wait
ready = selector.select(timeout)
File "/home/lijinhe/miniforge3/envs/yolo-retraining-v5/lib/python3.10/selectors.py", line 416, in select
fd_event_list = self._selector.poll(timeout)
File "/home/lijinhe/miniforge3/envs/yolo-retraining-v5/lib/python3.10/site-packages/torch/utils/data/_utils/signal_handling.py", line 66, in handler
_error_if_any_worker_fails()
RuntimeError: DataLoader worker (pid 2516094) is killed by signal: Aborted.
[YOLOv5] compacted progress updates: 7089 -> 203 lines
[YOLOv5] coalesced warning: incomplete JPEG accepted read-only; count=2758; by_source=train=1798, val=960
[YOLOv5] warning example: train: WARNING ⚠️ /home/lijinhe/work/YOLO_Retraining/data/self_improving/images/0720_1/00003_1780987872391333_0.jpg: incomplete JPEG accepted read-only
[YOLOv5] warning example: train: WARNING ⚠️ /home/lijinhe/work/YOLO_Retraining/data/self_improving/images/0720_1/00011_1780987954154349_0.jpg: incomplete JPEG accepted read-only
[YOLOv5] warning example: train: WARNING ⚠️ /home/lijinhe/work/YOLO_Retraining/data/self_improving/images/0720_1/00019_1780987994484357_0.jpg: incomplete JPEG accepted read-only
