train: weights=/home/lijinhe/work/YOLO_Retraining/runs/sequences/0814-003437__seq-random-replay__stage0-stage3__yolov5s__s42/tasks/001__stage1__random-replay/checkpoints/last.pt, cfg=, data=/home/lijinhe/work/YOLO_Retraining/runs/sequences/0814-003437__seq-random-replay__stage0-stage3__yolov5s__s42/tasks/002__stage2__random-replay/data/backend_data.yaml, hyp=data/hyps/hyp.scratch-low.yaml, epochs=100, batch_size=64, imgsz=640, rect=False, resume=False, nosave=False, noval=False, noautoanchor=False, noplots=True, evolve=None, bucket=, cache=None, image_weights=False, device=0, multi_scale=False, single_cls=False, optimizer=SGD, sync_bn=False, workers=8, project=/home/lijinhe/work/YOLO_Retraining/runs/sequences/0814-003437__seq-random-replay__stage0-stage3__yolov5s__s42/tasks/002__stage2__random-replay/backend/yolov5, name=train, exist_ok=True, quad=False, cos_lr=False, label_smoothing=0.0, patience=100, freeze=[0], save_period=-1, seed=44, local_rank=-1, entity=None, upload_dataset=False, bbox_interval=-1, artifact_alias=latest
github: skipping check (offline), for updates see https://github.com/ultralytics/yolov5
YOLOv5 🚀 v7.0-0-g915bbf29 Python-3.10.20 torch-2.2.2+cu121 CUDA:0 (NVIDIA H100 PCIe, 81090MiB)
hyperparameters: lr0=0.01, lrf=0.01, momentum=0.937, weight_decay=0.0005, warmup_epochs=3.0, warmup_momentum=0.8, warmup_bias_lr=0.1, box=0.05, cls=0.5, cls_pw=1.0, obj=1.0, obj_pw=1.0, iou_t=0.2, anchor_t=4.0, fl_gamma=0.0, hsv_h=0.015, hsv_s=0.7, hsv_v=0.4, degrees=0.0, translate=0.1, scale=0.5, shear=0.0, perspective=0.0, flipud=0.0, fliplr=0.5, mosaic=1.0, mixup=0.0, copy_paste=0.0
ClearML: run 'pip install clearml' to automatically track, visualize and remotely train YOLOv5 🚀 in ClearML
Comet: run 'pip install comet_ml' to automatically track and visualize YOLOv5 🚀 runs in Comet
TensorBoard: Start with 'tensorboard --logdir /home/lijinhe/work/YOLO_Retraining/runs/sequences/0814-003437__seq-random-replay__stage0-stage3__yolov5s__s42/tasks/002__stage2__random-replay/backend/yolov5', view at http://localhost:6006/
from  n    params  module                                  arguments
0                -1  1      3520  models.common.Conv                      [3, 32, 6, 2, 2]
1                -1  1     18560  models.common.Conv                      [32, 64, 3, 2]
2                -1  1     18816  models.common.C3                        [64, 64, 1]
3                -1  1     73984  models.common.Conv                      [64, 128, 3, 2]
4                -1  2    115712  models.common.C3                        [128, 128, 2]
5                -1  1    295424  models.common.Conv                      [128, 256, 3, 2]
6                -1  3    625152  models.common.C3                        [256, 256, 3]
7                -1  1   1180672  models.common.Conv                      [256, 512, 3, 2]
8                -1  1   1182720  models.common.C3                        [512, 512, 1]
9                -1  1    656896  models.common.SPPF                      [512, 512, 5]
10                -1  1    131584  models.common.Conv                      [512, 256, 1, 1]
11                -1  1         0  torch.nn.modules.upsampling.Upsample    [None, 2, 'nearest']
12           [-1, 6]  1         0  models.common.Concat                    [1]
13                -1  1    361984  models.common.C3                        [512, 256, 1, False]
14                -1  1     33024  models.common.Conv                      [256, 128, 1, 1]
15                -1  1         0  torch.nn.modules.upsampling.Upsample    [None, 2, 'nearest']
16           [-1, 4]  1         0  models.common.Concat                    [1]
17                -1  1     90880  models.common.C3                        [256, 128, 1, False]
18                -1  1    147712  models.common.Conv                      [128, 128, 3, 2]
19          [-1, 14]  1         0  models.common.Concat                    [1]
20                -1  1    296448  models.common.C3                        [256, 256, 1, False]
21                -1  1    590336  models.common.Conv                      [256, 256, 3, 2]
22          [-1, 10]  1         0  models.common.Concat                    [1]
23                -1  1   1182720  models.common.C3                        [512, 512, 1, False]
24      [17, 20, 23]  1     24273  models.yolo.Detect                      [4, [[10, 13, 16, 30, 33, 23], [30, 61, 62, 45, 59, 119], [116, 90, 156, 198, 373, 326]], [128, 256, 512]]
Model summary: 214 layers, 7030417 parameters, 7030417 gradients, 16.0 GFLOPs
Transferred 349/349 items from /home/lijinhe/work/YOLO_Retraining/runs/sequences/0814-003437__seq-random-replay__stage0-stage3__yolov5s__s42/tasks/001__stage1__random-replay/checkpoints/last.pt
AMP: checks passed ✅
optimizer: SGD(lr=0.01) with parameter groups 57 weight(decay=0.0), 60 weight(decay=0.0005), 60 bias
train: Scanning /home/lijinhe/work/YOLO_Retraining/runs/sequences/0814-003437__seq-random-replay__stage0-stage3__yolov5s__s42/tasks/002__stage2__random-replay/data/backend_train_images... 1500 images, 918 backgrounds, 0 corrupt: 100%|██████████| 1500/1500 00:05
train: New cache created: /home/lijinhe/work/YOLO_Retraining/runs/sequences/0814-003437__seq-random-replay__stage0-stage3__yolov5s__s42/tasks/002__stage2__random-replay/data/backend_train_images.cache
val: Scanning /home/lijinhe/work/YOLO_Retraining/runs/sequences/0814-003437__seq-random-replay__stage0-stage3__yolov5s__s42/tasks/002__stage2__random-replay/data/backend_validation_images... 1000 images, 297 backgrounds, 0 corrupt: 100%|██████████| 1000/1000 00:03
val: New cache created: /home/lijinhe/work/YOLO_Retraining/runs/sequences/0814-003437__seq-random-replay__stage0-stage3__yolov5s__s42/tasks/002__stage2__random-replay/data/backend_validation_images.cache
AutoAnchor: 5.25 anchors/target, 0.999 Best Possible Recall (BPR). Current anchors are a good fit to dataset ✅
Image sizes 640 train, 640 val
Using 8 dataloader workers
Logging results to /home/lijinhe/work/YOLO_Retraining/runs/sequences/0814-003437__seq-random-replay__stage0-stage3__yolov5s__s42/tasks/002__stage2__random-replay/backend/yolov5/train
Starting training for 100 epochs...
Epoch    GPU_mem   box_loss   obj_loss   cls_loss  Instances       Size
0/99      13.9G    0.04244   0.007107   0.006004         31        640: 100%|██████████| 24/24 00:18
Class     Images  Instances          P          R      mAP50   mAP50-95: 100%|██████████| 8/8 00:03
all       1000        939      0.716      0.343      0.382      0.188
Epoch    GPU_mem   box_loss   obj_loss   cls_loss  Instances       Size
1/99      13.9G    0.03932   0.005751    0.00281         21        640: 100%|██████████| 24/24 00:15
Class     Images  Instances          P          R      mAP50   mAP50-95: 100%|██████████| 8/8 00:03
all       1000        939      0.701       0.34      0.379      0.176
Epoch    GPU_mem   box_loss   obj_loss   cls_loss  Instances       Size
2/99      13.9G    0.03766   0.005498   0.002129         23        640: 100%|██████████| 24/24 00:18
Class     Images  Instances          P          R      mAP50   mAP50-95: 100%|██████████| 8/8 00:03
all       1000        939      0.641      0.345      0.344      0.161
Epoch    GPU_mem   box_loss   obj_loss   cls_loss  Instances       Size
3/99      13.9G    0.03603   0.004963   0.003304         19        640: 100%|██████████| 24/24 00:17
Class     Images  Instances          P          R      mAP50   mAP50-95: 100%|██████████| 8/8 00:08
all       1000        939       0.63      0.293      0.301      0.133
Epoch    GPU_mem   box_loss   obj_loss   cls_loss  Instances       Size
4/99      13.9G    0.03737   0.005136   0.001915         26        640: 100%|██████████| 24/24 00:10
Class     Images  Instances          P          R      mAP50   mAP50-95: 100%|██████████| 8/8 00:03
all       1000        939      0.336      0.274      0.251      0.114
Epoch    GPU_mem   box_loss   obj_loss   cls_loss  Instances       Size
5/99      13.9G    0.03626   0.005384   0.002492         31        640: 100%|██████████| 24/24 00:17
Class     Images  Instances          P          R      mAP50   mAP50-95: 100%|██████████| 8/8 00:08
all       1000        939      0.461      0.238      0.286      0.114
Epoch    GPU_mem   box_loss   obj_loss   cls_loss  Instances       Size
6/99      13.9G    0.03547   0.005166   0.002613         23        640: 100%|██████████| 24/24 00:12
Class     Images  Instances          P          R      mAP50   mAP50-95: 100%|██████████| 8/8 00:03
all       1000        939      0.364      0.248      0.257      0.106
Epoch    GPU_mem   box_loss   obj_loss   cls_loss  Instances       Size
7/99      13.9G    0.03472   0.005144   0.001976         29        640: 100%|██████████| 24/24 00:17
Class     Images  Instances          P          R      mAP50   mAP50-95: 100%|██████████| 8/8 00:03
all       1000        939      0.377      0.272      0.271      0.102
Epoch    GPU_mem   box_loss   obj_loss   cls_loss  Instances       Size
8/99      13.9G     0.0352   0.005276   0.001882         27        640: 100%|██████████| 24/24 00:16
Class     Images  Instances          P          R      mAP50   mAP50-95: 100%|██████████| 8/8 00:03
all       1000        939      0.635      0.201      0.225      0.097
Epoch    GPU_mem   box_loss   obj_loss   cls_loss  Instances       Size
9/99      13.9G    0.03474   0.004888   0.002121         16        640: 100%|██████████| 24/24 00:17
Class     Images  Instances          P          R      mAP50   mAP50-95: 100%|██████████| 8/8 00:03
all       1000        939      0.426      0.204       0.23     0.0963
Epoch    GPU_mem   box_loss   obj_loss   cls_loss  Instances       Size
10/99      13.9G    0.03448   0.005196   0.001819         21        640: 100%|██████████| 24/24 00:17
Class     Images  Instances          P          R      mAP50   mAP50-95: 100%|██████████| 8/8 00:03
all       1000        939      0.584      0.219      0.217     0.0913
Epoch    GPU_mem   box_loss   obj_loss   cls_loss  Instances       Size
11/99      13.9G    0.03329    0.00496   0.001455         32        640: 100%|██████████| 24/24 00:17
Class     Images  Instances          P          R      mAP50   mAP50-95: 100%|██████████| 8/8 00:03
all       1000        939      0.663      0.261      0.283      0.119
Epoch    GPU_mem   box_loss   obj_loss   cls_loss  Instances       Size
12/99      13.9G    0.03224   0.004841     0.0012         35        640: 100%|██████████| 24/24 00:14
Class     Images  Instances          P          R      mAP50   mAP50-95: 100%|██████████| 8/8 00:07
all       1000        939      0.644      0.242      0.269      0.118
Epoch    GPU_mem   box_loss   obj_loss   cls_loss  Instances       Size
13/99      13.9G     0.0325   0.004485   0.001187         28        640: 100%|██████████| 24/24 00:12
Class     Images  Instances          P          R      mAP50   mAP50-95: 100%|██████████| 8/8 00:03
all       1000        939      0.709      0.236      0.283      0.115
Epoch    GPU_mem   box_loss   obj_loss   cls_loss  Instances       Size
14/99      13.9G    0.03035   0.004366   0.001595         30        640: 100%|██████████| 24/24 00:18
Class     Images  Instances          P          R      mAP50   mAP50-95: 100%|██████████| 8/8 00:03
all       1000        939      0.284      0.238      0.222     0.0954
Epoch    GPU_mem   box_loss   obj_loss   cls_loss  Instances       Size
15/99      13.9G    0.03055    0.00422   0.001115         21        640: 100%|██████████| 24/24 00:17
Class     Images  Instances          P          R      mAP50   mAP50-95: 100%|██████████| 8/8 00:03
all       1000        939      0.699      0.208      0.259      0.112
Epoch    GPU_mem   box_loss   obj_loss   cls_loss  Instances       Size
16/99      13.9G    0.03067   0.004201   0.001263         21        640: 100%|██████████| 24/24 00:17
Class     Images  Instances          P          R      mAP50   mAP50-95: 100%|██████████| 8/8 00:03
all       1000        939      0.639      0.201      0.218     0.0935
Epoch    GPU_mem   box_loss   obj_loss   cls_loss  Instances       Size
17/99      13.9G    0.03131    0.00431   0.001211         28        640: 100%|██████████| 24/24 00:14
Class     Images  Instances          P          R      mAP50   mAP50-95: 100%|██████████| 8/8 00:03
all       1000        939      0.602      0.181       0.21     0.0852
Epoch    GPU_mem   box_loss   obj_loss   cls_loss  Instances       Size
18/99      13.9G    0.02994   0.004546   0.001294         25        640: 100%|██████████| 24/24 00:14
Class     Images  Instances          P          R      mAP50   mAP50-95: 100%|██████████| 8/8 00:03
all       1000        939      0.332      0.222       0.22     0.0957
Epoch    GPU_mem   box_loss   obj_loss   cls_loss  Instances       Size
19/99      13.9G    0.02917   0.004209  0.0008675         32        640: 100%|██████████| 24/24 00:17
Class     Images  Instances          P          R      mAP50   mAP50-95: 100%|██████████| 8/8 00:05
all       1000        939      0.372      0.251       0.26        0.1
Epoch    GPU_mem   box_loss   obj_loss   cls_loss  Instances       Size
20/99      13.9G    0.02858    0.00398   0.001443         18        640: 100%|██████████| 24/24 00:12
Class     Images  Instances          P          R      mAP50   mAP50-95: 100%|██████████| 8/8 00:06
all       1000        939      0.706      0.214       0.25      0.107
Epoch    GPU_mem   box_loss   obj_loss   cls_loss  Instances       Size
21/99      13.9G    0.02928    0.00418  0.0008133         14        640: 100%|██████████| 24/24 00:12
Class     Images  Instances          P          R      mAP50   mAP50-95: 100%|██████████| 8/8 00:03
all       1000        939       0.74      0.203      0.258      0.112
Epoch    GPU_mem   box_loss   obj_loss   cls_loss  Instances       Size
22/99      13.9G    0.02875   0.003956  0.0007741         24        640: 100%|██████████| 24/24 00:17
Class     Images  Instances          P          R      mAP50   mAP50-95: 100%|██████████| 8/8 00:05
all       1000        939      0.641       0.23      0.244     0.0998
Epoch    GPU_mem   box_loss   obj_loss   cls_loss  Instances       Size
23/99      13.9G    0.02953   0.004054   0.001485         33        640: 100%|██████████| 24/24 00:14
Class     Images  Instances          P          R      mAP50   mAP50-95: 100%|██████████| 8/8 00:03
all       1000        939      0.579      0.282      0.264      0.116
Epoch    GPU_mem   box_loss   obj_loss   cls_loss  Instances       Size
24/99      13.9G     0.0286   0.003995     0.0013         16        640: 100%|██████████| 24/24 00:17
Class     Images  Instances          P          R      mAP50   mAP50-95: 100%|██████████| 8/8 00:03
all       1000        939      0.631      0.283      0.291       0.12
Epoch    GPU_mem   box_loss   obj_loss   cls_loss  Instances       Size
25/99      13.9G    0.02754   0.003827  0.0008934         20        640: 100%|██████████| 24/24 00:17
Class     Images  Instances          P          R      mAP50   mAP50-95: 100%|██████████| 8/8 00:03
all       1000        939      0.625      0.287        0.3      0.133
Epoch    GPU_mem   box_loss   obj_loss   cls_loss  Instances       Size
26/99      13.9G     0.0279    0.00387  0.0005928         24        640: 100%|██████████| 24/24 00:17
Class     Images  Instances          P          R      mAP50   mAP50-95: 100%|██████████| 8/8 00:03
all       1000        939        0.7      0.245       0.28      0.116
Epoch    GPU_mem   box_loss   obj_loss   cls_loss  Instances       Size
27/99      13.9G    0.02667   0.003837  0.0005428         28        640: 100%|██████████| 24/24 00:17
Class     Images  Instances          P          R      mAP50   mAP50-95: 100%|██████████| 8/8 00:03
all       1000        939      0.678      0.261      0.319      0.146
Epoch    GPU_mem   box_loss   obj_loss   cls_loss  Instances       Size
28/99      13.9G    0.02728   0.003679  0.0009878         26        640: 100%|██████████| 24/24 00:17
Class     Images  Instances          P          R      mAP50   mAP50-95: 100%|██████████| 8/8 00:03
all       1000        939      0.335      0.281      0.296      0.136
Epoch    GPU_mem   box_loss   obj_loss   cls_loss  Instances       Size
29/99      13.9G    0.02627   0.003626  0.0008628         24        640: 100%|██████████| 24/24 00:17
Class     Images  Instances          P          R      mAP50   mAP50-95: 100%|██████████| 8/8 00:06
all       1000        939      0.659       0.27       0.29      0.119
Epoch    GPU_mem   box_loss   obj_loss   cls_loss  Instances       Size
30/99      13.9G    0.02586   0.003806  0.0007977         18        640: 100%|██████████| 24/24 00:14
Class     Images  Instances          P          R      mAP50   mAP50-95: 100%|██████████| 8/8 00:03
all       1000        939      0.654      0.269      0.304      0.132
Epoch    GPU_mem   box_loss   obj_loss   cls_loss  Instances       Size
31/99      13.9G    0.02595   0.003736  0.0006799         17        640: 100%|██████████| 24/24 00:17
Class     Images  Instances          P          R      mAP50   mAP50-95: 100%|██████████| 8/8 00:03
all       1000        939      0.387      0.296      0.297      0.131
Epoch    GPU_mem   box_loss   obj_loss   cls_loss  Instances       Size
32/99      13.9G    0.02641   0.003719  0.0007447         25        640: 100%|██████████| 24/24 00:16
Class     Images  Instances          P          R      mAP50   mAP50-95: 100%|██████████| 8/8 00:03
all       1000        939      0.404      0.244      0.267      0.125
Epoch    GPU_mem   box_loss   obj_loss   cls_loss  Instances       Size
33/99      13.9G    0.02536   0.003441  0.0008082         24        640: 100%|██████████| 24/24 00:17
Class     Images  Instances          P          R      mAP50   mAP50-95: 100%|██████████| 8/8 00:03
all       1000        939      0.511       0.19      0.263      0.121
Epoch    GPU_mem   box_loss   obj_loss   cls_loss  Instances       Size
34/99      13.9G    0.02536   0.003454  0.0005573         28        640: 100%|██████████| 24/24 00:16
Class     Images  Instances          P          R      mAP50   mAP50-95: 100%|██████████| 8/8 00:03
all       1000        939      0.466      0.228      0.269      0.118
Epoch    GPU_mem   box_loss   obj_loss   cls_loss  Instances       Size
35/99      13.9G    0.02418   0.003373  0.0005286         20        640: 100%|██████████| 24/24 00:17
Class     Images  Instances          P          R      mAP50   mAP50-95: 100%|██████████| 8/8 00:02
all       1000        939      0.436      0.229      0.274       0.12
Epoch    GPU_mem   box_loss   obj_loss   cls_loss  Instances       Size
36/99      13.9G    0.02468   0.003404  0.0007206         22        640: 100%|██████████| 24/24 00:17
Class     Images  Instances          P          R      mAP50   mAP50-95: 100%|██████████| 8/8 00:05
all       1000        939        0.4      0.254      0.293      0.131
Epoch    GPU_mem   box_loss   obj_loss   cls_loss  Instances       Size
37/99      13.9G    0.02479   0.003398  0.0006203         20        640: 100%|██████████| 24/24 00:11
Class     Images  Instances          P          R      mAP50   mAP50-95: 100%|██████████| 8/8 00:03
all       1000        939      0.682      0.264      0.289      0.129
Epoch    GPU_mem   box_loss   obj_loss   cls_loss  Instances       Size
38/99      13.9G    0.02418   0.003273  0.0007135         38        640: 100%|██████████| 24/24 00:17
Class     Images  Instances          P          R      mAP50   mAP50-95: 100%|██████████| 8/8 00:07
all       1000        939      0.643      0.289      0.299      0.138
Epoch    GPU_mem   box_loss   obj_loss   cls_loss  Instances       Size
39/99      13.9G    0.02366   0.003233  0.0006365         29        640: 100%|██████████| 24/24 00:12
Class     Images  Instances          P          R      mAP50   mAP50-95: 100%|██████████| 8/8 00:02
all       1000        939      0.647       0.27      0.294      0.134
Epoch    GPU_mem   box_loss   obj_loss   cls_loss  Instances       Size
40/99      13.9G    0.02377   0.003362  0.0007483         23        640: 100%|██████████| 24/24 00:17
Class     Images  Instances          P          R      mAP50   mAP50-95: 100%|██████████| 8/8 00:04
all       1000        939      0.445       0.27      0.311      0.147
Epoch    GPU_mem   box_loss   obj_loss   cls_loss  Instances       Size
41/99      13.9G    0.02441   0.003402  0.0006804         39        640: 100%|██████████| 24/24 00:15
Class     Images  Instances          P          R      mAP50   mAP50-95: 100%|██████████| 8/8 00:03
all       1000        939      0.713      0.252      0.294      0.134
Epoch    GPU_mem   box_loss   obj_loss   cls_loss  Instances       Size
42/99      13.9G    0.02391   0.003118   0.001295         19        640: 100%|██████████| 24/24 00:17
Class     Images  Instances          P          R      mAP50   mAP50-95: 100%|██████████| 8/8 00:03
all       1000        939      0.699      0.257      0.283      0.131
Epoch    GPU_mem   box_loss   obj_loss   cls_loss  Instances       Size
43/99      13.9G    0.02386   0.003366   0.000662         27        640: 100%|██████████| 24/24 00:16
Class     Images  Instances          P          R      mAP50   mAP50-95: 100%|██████████| 8/8 00:03
all       1000        939      0.736      0.261      0.314      0.154
Epoch    GPU_mem   box_loss   obj_loss   cls_loss  Instances       Size
44/99      13.9G    0.02345   0.003228  0.0006497         29        640: 100%|██████████| 24/24 00:14
Class     Images  Instances          P          R      mAP50   mAP50-95: 100%|██████████| 8/8 00:02
all       1000        939      0.738      0.245      0.299      0.144
Epoch    GPU_mem   box_loss   obj_loss   cls_loss  Instances       Size
45/99      13.9G    0.02336   0.003387  0.0007384         30        640: 100%|██████████| 24/24 00:18
Class     Images  Instances          P          R      mAP50   mAP50-95: 100%|██████████| 8/8 00:05
all       1000        939      0.644      0.263      0.302      0.142
Epoch    GPU_mem   box_loss   obj_loss   cls_loss  Instances       Size
46/99      13.9G    0.02249   0.003042  0.0004942         26        640: 100%|██████████| 24/24 00:12
Class     Images  Instances          P          R      mAP50   mAP50-95: 100%|██████████| 8/8 00:02
all       1000        939      0.649      0.268        0.3      0.143
Epoch    GPU_mem   box_loss   obj_loss   cls_loss  Instances       Size
47/99      13.9G    0.02215   0.003424  0.0005088         21        640: 100%|██████████| 24/24 00:17
Class     Images  Instances          P          R      mAP50   mAP50-95: 100%|██████████| 8/8 00:07
all       1000        939      0.705      0.254      0.299      0.138
Epoch    GPU_mem   box_loss   obj_loss   cls_loss  Instances       Size
48/99      13.9G    0.02197   0.003248  0.0004642         25        640: 100%|██████████| 24/24 00:11
Class     Images  Instances          P          R      mAP50   mAP50-95: 100%|██████████| 8/8 00:03
all       1000        939       0.68      0.263      0.292       0.13
Epoch    GPU_mem   box_loss   obj_loss   cls_loss  Instances       Size
49/99      13.9G     0.0229   0.003049  0.0005808         31        640: 100%|██████████| 24/24 00:15
Class     Images  Instances          P          R      mAP50   mAP50-95: 100%|██████████| 8/8 00:04
all       1000        939      0.706      0.243      0.275      0.122
Epoch    GPU_mem   box_loss   obj_loss   cls_loss  Instances       Size
50/99      13.9G    0.02222   0.003154  0.0005169         23        640: 100%|██████████| 24/24 00:10
Class     Images  Instances          P          R      mAP50   mAP50-95: 100%|██████████| 8/8 00:02
all       1000        939      0.688      0.254      0.291      0.127
Epoch    GPU_mem   box_loss   obj_loss   cls_loss  Instances       Size
51/99      13.9G    0.02149    0.00296   0.000484         33        640: 100%|██████████| 24/24 00:17
Class     Images  Instances          P          R      mAP50   mAP50-95: 100%|██████████| 8/8 00:05
all       1000        939      0.673      0.265      0.297      0.133
Epoch    GPU_mem   box_loss   obj_loss   cls_loss  Instances       Size
52/99      13.9G     0.0215   0.002881  0.0003732         27        640: 100%|██████████| 24/24 00:14
Class     Images  Instances          P          R      mAP50   mAP50-95: 100%|██████████| 8/8 00:03
all       1000        939      0.708      0.261      0.296      0.139
Epoch    GPU_mem   box_loss   obj_loss   cls_loss  Instances       Size
53/99      13.9G    0.02153   0.003005  0.0005795         23        640: 100%|██████████| 24/24 00:16
Class     Images  Instances          P          R      mAP50   mAP50-95: 100%|██████████| 8/8 00:03
all       1000        939      0.688      0.255      0.293      0.133
Epoch    GPU_mem   box_loss   obj_loss   cls_loss  Instances       Size
54/99      13.9G    0.02075   0.002987  0.0004618         30        640: 100%|██████████| 24/24 00:16
Class     Images  Instances          P          R      mAP50   mAP50-95: 100%|██████████| 8/8 00:02
all       1000        939       0.69      0.262      0.302      0.143
Epoch    GPU_mem   box_loss   obj_loss   cls_loss  Instances       Size
55/99      13.9G    0.02131   0.002931   0.000564         15        640: 100%|██████████| 24/24 00:17
Class     Images  Instances          P          R      mAP50   mAP50-95: 100%|██████████| 8/8 00:05
all       1000        939       0.68      0.257      0.299      0.148
Epoch    GPU_mem   box_loss   obj_loss   cls_loss  Instances       Size
56/99      13.9G    0.02034   0.002928  0.0006782         30        640: 100%|██████████| 24/24 00:13
Class     Images  Instances          P          R      mAP50   mAP50-95: 100%|██████████| 8/8 00:02
all       1000        939      0.715      0.262      0.307      0.139
Epoch    GPU_mem   box_loss   obj_loss   cls_loss  Instances       Size
57/99      13.9G    0.02086     0.0029  0.0004522         37        640: 100%|██████████| 24/24 00:13
Class     Images  Instances          P          R      mAP50   mAP50-95: 100%|██████████| 8/8 00:02
all       1000        939      0.649      0.265      0.284      0.123
Epoch    GPU_mem   box_loss   obj_loss   cls_loss  Instances       Size
58/99      13.9G    0.02012   0.003011  0.0005397         33        640: 100%|██████████| 24/24 00:17
Class     Images  Instances          P          R      mAP50   mAP50-95: 100%|██████████| 8/8 00:02
all       1000        939       0.67      0.264      0.303      0.138
Epoch    GPU_mem   box_loss   obj_loss   cls_loss  Instances       Size
59/99      13.9G    0.02033   0.002994  0.0005068         34        640: 100%|██████████| 24/24 00:17
Class     Images  Instances          P          R      mAP50   mAP50-95: 100%|██████████| 8/8 00:04
all       1000        939      0.709      0.249      0.299      0.127
Epoch    GPU_mem   box_loss   obj_loss   cls_loss  Instances       Size
60/99      13.9G    0.01982   0.003107  0.0005485         30        640: 100%|██████████| 24/24 00:15
Class     Images  Instances          P          R      mAP50   mAP50-95: 100%|██████████| 8/8 00:03
all       1000        939      0.678      0.268      0.308       0.14
Epoch    GPU_mem   box_loss   obj_loss   cls_loss  Instances       Size
61/99      13.9G    0.01974   0.002837  0.0004309         21        640: 100%|██████████| 24/24 00:17
Class     Images  Instances          P          R      mAP50   mAP50-95: 100%|██████████| 8/8 00:03
all       1000        939      0.699      0.265      0.306      0.138
Epoch    GPU_mem   box_loss   obj_loss   cls_loss  Instances       Size
62/99      13.9G    0.01936   0.002982  0.0004342         37        640: 100%|██████████| 24/24 00:16
Class     Images  Instances          P          R      mAP50   mAP50-95: 100%|██████████| 8/8 00:03
all       1000        939      0.675      0.273      0.304      0.138
Epoch    GPU_mem   box_loss   obj_loss   cls_loss  Instances       Size
63/99      13.9G     0.0196   0.002966   0.000418         30        640: 100%|██████████| 24/24 00:16
Class     Images  Instances          P          R      mAP50   mAP50-95: 100%|██████████| 8/8 00:03
all       1000        939      0.664      0.287      0.311      0.143
Epoch    GPU_mem   box_loss   obj_loss   cls_loss  Instances       Size
64/99      13.9G    0.01914   0.002838  0.0002916         28        640: 100%|██████████| 24/24 00:17
Class     Images  Instances          P          R      mAP50   mAP50-95: 100%|██████████| 8/8 00:03
all       1000        939      0.702      0.265      0.307      0.143
Epoch    GPU_mem   box_loss   obj_loss   cls_loss  Instances       Size
65/99      13.9G    0.01892   0.002629  0.0004769         26        640: 100%|██████████| 24/24 00:16
Class     Images  Instances          P          R      mAP50   mAP50-95: 100%|██████████| 8/8 00:02
all       1000        939       0.69      0.246      0.289      0.134
Epoch    GPU_mem   box_loss   obj_loss   cls_loss  Instances       Size
66/99      13.9G    0.01891   0.002591  0.0003194         15        640: 100%|██████████| 24/24 00:17
Class     Images  Instances          P          R      mAP50   mAP50-95: 100%|██████████| 8/8 00:04
all       1000        939       0.67      0.259      0.296      0.132
Epoch    GPU_mem   box_loss   obj_loss   cls_loss  Instances       Size
67/99      13.9G    0.01903   0.002764  0.0003365         24        640: 100%|██████████| 24/24 00:15
Class     Images  Instances          P          R      mAP50   mAP50-95: 100%|██████████| 8/8 00:05
all       1000        939      0.666      0.257      0.298      0.137
Epoch    GPU_mem   box_loss   obj_loss   cls_loss  Instances       Size
68/99      13.9G    0.01901   0.002713  0.0004885         17        640: 100%|██████████| 24/24 00:15
Class     Images  Instances          P          R      mAP50   mAP50-95: 100%|██████████| 8/8 00:04
all       1000        939      0.683      0.252       0.29       0.13
Epoch    GPU_mem   box_loss   obj_loss   cls_loss  Instances       Size
69/99      13.9G    0.01884   0.002639  0.0003017         31        640: 100%|██████████| 24/24 00:12
Class     Images  Instances          P          R      mAP50   mAP50-95: 100%|██████████| 8/8 00:04
all       1000        939      0.649      0.262      0.283      0.129
Epoch    GPU_mem   box_loss   obj_loss   cls_loss  Instances       Size
70/99      13.9G    0.01872   0.002867  0.0004143         30        640: 100%|██████████| 24/24 00:11
Class     Images  Instances          P          R      mAP50   mAP50-95: 100%|██████████| 8/8 00:02
all       1000        939      0.675      0.276      0.309      0.145
Epoch    GPU_mem   box_loss   obj_loss   cls_loss  Instances       Size
71/99      13.9G    0.01814   0.002823  0.0003307         24        640: 100%|██████████| 24/24 00:16
Class     Images  Instances          P          R      mAP50   mAP50-95: 100%|██████████| 8/8 00:02
all       1000        939      0.689      0.255      0.292      0.139
Epoch    GPU_mem   box_loss   obj_loss   cls_loss  Instances       Size
72/99      13.9G    0.01821   0.002574  0.0003147         25        640: 100%|██████████| 24/24 00:17
Class     Images  Instances          P          R      mAP50   mAP50-95: 100%|██████████| 8/8 00:03
all       1000        939      0.664      0.259      0.295      0.144
Epoch    GPU_mem   box_loss   obj_loss   cls_loss  Instances       Size
73/99      13.9G    0.01777   0.002672  0.0003484         20        640: 100%|██████████| 24/24 00:16
Class     Images  Instances          P          R      mAP50   mAP50-95: 100%|██████████| 8/8 00:02
all       1000        939      0.709      0.258      0.296      0.139
Epoch    GPU_mem   box_loss   obj_loss   cls_loss  Instances       Size
74/99      13.9G    0.01825   0.002622  0.0005395         31        640: 100%|██████████| 24/24 00:15
Class     Images  Instances          P          R      mAP50   mAP50-95: 100%|██████████| 8/8 00:04
all       1000        939       0.69      0.257      0.302      0.149
Epoch    GPU_mem   box_loss   obj_loss   cls_loss  Instances       Size
75/99      13.9G    0.01746   0.002555  0.0003046         21        640: 100%|██████████| 24/24 00:10
Class     Images  Instances          P          R      mAP50   mAP50-95: 100%|██████████| 8/8 00:02
all       1000        939      0.664      0.275      0.304      0.146
Epoch    GPU_mem   box_loss   obj_loss   cls_loss  Instances       Size
76/99      13.9G    0.01764   0.002684   0.000347         29        640: 100%|██████████| 24/24 00:16
Class     Images  Instances          P          R      mAP50   mAP50-95: 100%|██████████| 8/8 00:03
all       1000        939      0.418      0.276      0.304      0.142
Epoch    GPU_mem   box_loss   obj_loss   cls_loss  Instances       Size
77/99      13.9G     0.0176   0.002578  0.0002553         20        640: 100%|██████████| 24/24 00:18
Class     Images  Instances          P          R      mAP50   mAP50-95: 100%|██████████| 8/8 00:02
all       1000        939      0.663      0.285      0.305      0.138
Epoch    GPU_mem   box_loss   obj_loss   cls_loss  Instances       Size
78/99      13.9G    0.01749   0.002625  0.0003216         17        640: 100%|██████████| 24/24 00:17
Class     Images  Instances          P          R      mAP50   mAP50-95: 100%|██████████| 8/8 00:04
all       1000        939      0.678      0.286      0.311      0.144
Epoch    GPU_mem   box_loss   obj_loss   cls_loss  Instances       Size
79/99      13.9G    0.01655   0.002543  0.0002529         29        640: 100%|██████████| 24/24 00:14
Class     Images  Instances          P          R      mAP50   mAP50-95: 100%|██████████| 8/8 00:02
all       1000        939      0.706      0.278      0.307      0.144
Epoch    GPU_mem   box_loss   obj_loss   cls_loss  Instances       Size
80/99      13.9G    0.01764   0.002669  0.0003478         24        640: 100%|██████████| 24/24 00:17
Class     Images  Instances          P          R      mAP50   mAP50-95: 100%|██████████| 8/8 00:06
all       1000        939      0.688      0.269      0.303      0.139
Epoch    GPU_mem   box_loss   obj_loss   cls_loss  Instances       Size
81/99      13.9G    0.01667   0.002607  0.0003058         37        640: 100%|██████████| 24/24 00:12
Class     Images  Instances          P          R      mAP50   mAP50-95: 100%|██████████| 8/8 00:02
all       1000        939      0.701      0.268      0.298      0.137
Epoch    GPU_mem   box_loss   obj_loss   cls_loss  Instances       Size
82/99      13.9G    0.01698   0.002626  0.0003328         21        640: 100%|██████████| 24/24 00:16
Class     Images  Instances          P          R      mAP50   mAP50-95: 100%|██████████| 8/8 00:05
all       1000        939      0.684      0.282      0.308      0.144
Epoch    GPU_mem   box_loss   obj_loss   cls_loss  Instances       Size
83/99      13.9G    0.01628   0.002477   0.000263         24        640: 100%|██████████| 24/24 00:13
Class     Images  Instances          P          R      mAP50   mAP50-95: 100%|██████████| 8/8 00:02
all       1000        939      0.429      0.264      0.301      0.142
Epoch    GPU_mem   box_loss   obj_loss   cls_loss  Instances       Size
84/99      13.9G    0.01675   0.002407  0.0003008         15        640: 100%|██████████| 24/24 00:15
Class     Images  Instances          P          R      mAP50   mAP50-95: 100%|██████████| 8/8 00:04
all       1000        939      0.699      0.254      0.303      0.146
Epoch    GPU_mem   box_loss   obj_loss   cls_loss  Instances       Size
85/99      13.9G    0.01587   0.002338  0.0002916         25        640: 100%|██████████| 24/24 00:13
Class     Images  Instances          P          R      mAP50   mAP50-95: 100%|██████████| 8/8 00:02
all       1000        939      0.705      0.243      0.295      0.147
Epoch    GPU_mem   box_loss   obj_loss   cls_loss  Instances       Size
86/99      13.9G    0.01608   0.002409  0.0003048         24        640: 100%|██████████| 24/24 00:16
Class     Images  Instances          P          R      mAP50   mAP50-95: 100%|██████████| 8/8 00:03
all       1000        939      0.688       0.26      0.299       0.14
Epoch    GPU_mem   box_loss   obj_loss   cls_loss  Instances       Size
87/99      13.9G     0.0159   0.002731  0.0002832         39        640: 100%|██████████| 24/24 00:16
Class     Images  Instances          P          R      mAP50   mAP50-95: 100%|██████████| 8/8 00:02
all       1000        939      0.421      0.262      0.291      0.142
Epoch    GPU_mem   box_loss   obj_loss   cls_loss  Instances       Size
88/99      13.9G    0.01664   0.002587  0.0004124         25        640: 100%|██████████| 24/24 00:17
Class     Images  Instances          P          R      mAP50   mAP50-95: 100%|██████████| 8/8 00:05
all       1000        939      0.453      0.271      0.302       0.14
Epoch    GPU_mem   box_loss   obj_loss   cls_loss  Instances       Size
89/99      13.9G    0.01542   0.002512  0.0002004         21        640: 100%|██████████| 24/24 00:14
Class     Images  Instances          P          R      mAP50   mAP50-95: 100%|██████████| 8/8 00:02
all       1000        939      0.413      0.265      0.296      0.135
Epoch    GPU_mem   box_loss   obj_loss   cls_loss  Instances       Size
90/99      13.9G     0.0159   0.002433  0.0002091         29        640: 100%|██████████| 24/24 00:15
Class     Images  Instances          P          R      mAP50   mAP50-95: 100%|██████████| 8/8 00:04
all       1000        939      0.433      0.268      0.294      0.135
Epoch    GPU_mem   box_loss   obj_loss   cls_loss  Instances       Size
91/99      13.9G    0.01535   0.002354  0.0002119         23        640: 100%|██████████| 24/24 00:13
Class     Images  Instances          P          R      mAP50   mAP50-95: 100%|██████████| 8/8 00:02
all       1000        939      0.437       0.27        0.3       0.14
Epoch    GPU_mem   box_loss   obj_loss   cls_loss  Instances       Size
92/99      13.9G    0.01483    0.00224  0.0001912         35        640: 100%|██████████| 24/24 00:17
Class     Images  Instances          P          R      mAP50   mAP50-95: 100%|██████████| 8/8 00:02
all       1000        939      0.435      0.265        0.3      0.141
Epoch    GPU_mem   box_loss   obj_loss   cls_loss  Instances       Size
93/99      13.9G    0.01532   0.002475  0.0002072         35        640: 100%|██████████| 24/24 00:18
Class     Images  Instances          P          R      mAP50   mAP50-95: 100%|██████████| 8/8 00:02
all       1000        939      0.438      0.268      0.304      0.142
Epoch    GPU_mem   box_loss   obj_loss   cls_loss  Instances       Size
94/99      13.9G    0.01488   0.002379  0.0003818         28        640: 100%|██████████| 24/24 00:17
Class     Images  Instances          P          R      mAP50   mAP50-95: 100%|██████████| 8/8 00:05
all       1000        939      0.431      0.268      0.303      0.142
Epoch    GPU_mem   box_loss   obj_loss   cls_loss  Instances       Size
95/99      13.9G    0.01498    0.00236  0.0002304         17        640: 100%|██████████| 24/24 00:14
Class     Images  Instances          P          R      mAP50   mAP50-95: 100%|██████████| 8/8 00:02
all       1000        939      0.689      0.272      0.305      0.143
Epoch    GPU_mem   box_loss   obj_loss   cls_loss  Instances       Size
96/99      13.9G    0.01522   0.002427  0.0002002         20        640: 100%|██████████| 24/24 00:16
Class     Images  Instances          P          R      mAP50   mAP50-95: 100%|██████████| 8/8 00:02
all       1000        939      0.681      0.265      0.302       0.14
Epoch    GPU_mem   box_loss   obj_loss   cls_loss  Instances       Size
97/99      13.9G    0.01483   0.002331  0.0002651         19        640: 100%|██████████| 24/24 00:17
Class     Images  Instances          P          R      mAP50   mAP50-95: 100%|██████████| 8/8 00:04
all       1000        939      0.686      0.264      0.302      0.141
Epoch    GPU_mem   box_loss   obj_loss   cls_loss  Instances       Size
98/99      13.9G    0.01478   0.002434   0.000223         25        640: 100%|██████████| 24/24 00:15
Class     Images  Instances          P          R      mAP50   mAP50-95: 100%|██████████| 8/8 00:05
all       1000        939      0.677      0.262      0.301      0.142
Epoch    GPU_mem   box_loss   obj_loss   cls_loss  Instances       Size
99/99      13.9G    0.01476   0.002348  0.0003165         25        640: 100%|██████████| 24/24 00:14
Class     Images  Instances          P          R      mAP50   mAP50-95: 100%|██████████| 8/8 00:02
all       1000        939      0.671       0.26      0.299       0.14
100 epochs completed in 0.562 hours.
Optimizer stripped from /home/lijinhe/work/YOLO_Retraining/runs/sequences/0814-003437__seq-random-replay__stage0-stage3__yolov5s__s42/tasks/002__stage2__random-replay/backend/yolov5/train/weights/last.pt, 14.4MB
Optimizer stripped from /home/lijinhe/work/YOLO_Retraining/runs/sequences/0814-003437__seq-random-replay__stage0-stage3__yolov5s__s42/tasks/002__stage2__random-replay/backend/yolov5/train/weights/best.pt, 14.4MB
Validating /home/lijinhe/work/YOLO_Retraining/runs/sequences/0814-003437__seq-random-replay__stage0-stage3__yolov5s__s42/tasks/002__stage2__random-replay/backend/yolov5/train/weights/best.pt...
Fusing layers...
Model summary: 157 layers, 7020913 parameters, 0 gradients, 15.8 GFLOPs
Class     Images  Instances          P          R      mAP50   mAP50-95: 100%|██████████| 8/8 00:03
all       1000        939      0.717      0.343      0.382      0.188
large luggage       1000        358      0.299      0.659      0.532      0.255
stroller       1000        413      0.719      0.492      0.562      0.265
wheelchair       1000        155      0.851      0.221      0.424      0.228
flatbed truck       1000         13          1          0    0.00972    0.00581
Results saved to /home/lijinhe/work/YOLO_Retraining/runs/sequences/0814-003437__seq-random-replay__stage0-stage3__yolov5s__s42/tasks/002__stage2__random-replay/backend/yolov5/train
[YOLOv5] compacted progress updates: 6098 -> 203 lines
[YOLOv5] coalesced warning: incomplete JPEG accepted read-only; count=2496; by_source=train=1500, val=996
[YOLOv5] warning example: train: WARNING ⚠️ /home/lijinhe/work/YOLO_Retraining/data/self_improving/images/0720_10/04508_1784522068530385_0.jpg: incomplete JPEG accepted read-only
[YOLOv5] warning example: train: WARNING ⚠️ /home/lijinhe/work/YOLO_Retraining/data/self_improving/images/0720_10/04530_1784522115166398_0.jpg: incomplete JPEG accepted read-only
[YOLOv5] warning example: train: WARNING ⚠️ /home/lijinhe/work/YOLO_Retraining/data/self_improving/images/0720_10/04531_1784522115773399_0.jpg: incomplete JPEG accepted read-only
