train: weights=/home/lijinhe/work/YOLO_Retraining/runs/sequences/0814-214925__seq-current-only__stage0-stage3__yolov5s__s42/tasks/001__stage1__current-only/checkpoints/best.pt, cfg=, data=/home/lijinhe/work/YOLO_Retraining/runs/sequences/0814-214925__seq-current-only__stage0-stage3__yolov5s__s42/tasks/002__stage2__current-only/data/backend_data.yaml, hyp=data/hyps/hyp.scratch-low.yaml, epochs=100, batch_size=64, imgsz=640, rect=False, resume=False, nosave=False, noval=False, noautoanchor=False, noplots=True, evolve=None, bucket=, cache=None, image_weights=False, device=0, multi_scale=False, single_cls=False, optimizer=SGD, sync_bn=False, workers=16, project=/home/lijinhe/work/YOLO_Retraining/runs/sequences/0814-214925__seq-current-only__stage0-stage3__yolov5s__s42/tasks/002__stage2__current-only/backend/yolov5, name=train, exist_ok=True, quad=False, cos_lr=False, label_smoothing=0.0, patience=100, freeze=[0], save_period=-1, seed=44, local_rank=-1, entity=None, upload_dataset=False, bbox_interval=-1, artifact_alias=latest
github: skipping check (offline), for updates see https://github.com/ultralytics/yolov5
YOLOv5 🚀 v7.0-0-g915bbf29 Python-3.10.20 torch-2.2.2+cu121 CUDA:0 (NVIDIA H100 PCIe, 81090MiB)
hyperparameters: lr0=0.01, lrf=0.01, momentum=0.937, weight_decay=0.0005, warmup_epochs=3.0, warmup_momentum=0.8, warmup_bias_lr=0.1, box=0.05, cls=0.5, cls_pw=1.0, obj=1.0, obj_pw=1.0, iou_t=0.2, anchor_t=4.0, fl_gamma=0.0, hsv_h=0.015, hsv_s=0.7, hsv_v=0.4, degrees=0.0, translate=0.1, scale=0.5, shear=0.0, perspective=0.0, flipud=0.0, fliplr=0.5, mosaic=1.0, mixup=0.0, copy_paste=0.0
ClearML: run 'pip install clearml' to automatically track, visualize and remotely train YOLOv5 🚀 in ClearML
Comet: run 'pip install comet_ml' to automatically track and visualize YOLOv5 🚀 runs in Comet
TensorBoard: Start with 'tensorboard --logdir /home/lijinhe/work/YOLO_Retraining/runs/sequences/0814-214925__seq-current-only__stage0-stage3__yolov5s__s42/tasks/002__stage2__current-only/backend/yolov5', view at http://localhost:6006/
from  n    params  module                                  arguments
0                -1  1      3520  models.common.Conv                      [3, 32, 6, 2, 2]
1                -1  1     18560  models.common.Conv                      [32, 64, 3, 2]
2                -1  1     18816  models.common.C3                        [64, 64, 1]
3                -1  1     73984  models.common.Conv                      [64, 128, 3, 2]
4                -1  2    115712  models.common.C3                        [128, 128, 2]
5                -1  1    295424  models.common.Conv                      [128, 256, 3, 2]
6                -1  3    625152  models.common.C3                        [256, 256, 3]
7                -1  1   1180672  models.common.Conv                      [256, 512, 3, 2]
8                -1  1   1182720  models.common.C3                        [512, 512, 1]
9                -1  1    656896  models.common.SPPF                      [512, 512, 5]
10                -1  1    131584  models.common.Conv                      [512, 256, 1, 1]
11                -1  1         0  torch.nn.modules.upsampling.Upsample    [None, 2, 'nearest']
12           [-1, 6]  1         0  models.common.Concat                    [1]
13                -1  1    361984  models.common.C3                        [512, 256, 1, False]
14                -1  1     33024  models.common.Conv                      [256, 128, 1, 1]
15                -1  1         0  torch.nn.modules.upsampling.Upsample    [None, 2, 'nearest']
16           [-1, 4]  1         0  models.common.Concat                    [1]
17                -1  1     90880  models.common.C3                        [256, 128, 1, False]
18                -1  1    147712  models.common.Conv                      [128, 128, 3, 2]
19          [-1, 14]  1         0  models.common.Concat                    [1]
20                -1  1    296448  models.common.C3                        [256, 256, 1, False]
21                -1  1    590336  models.common.Conv                      [256, 256, 3, 2]
22          [-1, 10]  1         0  models.common.Concat                    [1]
23                -1  1   1182720  models.common.C3                        [512, 512, 1, False]
24      [17, 20, 23]  1     24273  models.yolo.Detect                      [4, [[10, 13, 16, 30, 33, 23], [30, 61, 62, 45, 59, 119], [116, 90, 156, 198, 373, 326]], [128, 256, 512]]
Model summary: 214 layers, 7030417 parameters, 7030417 gradients, 16.0 GFLOPs
Transferred 349/349 items from /home/lijinhe/work/YOLO_Retraining/runs/sequences/0814-214925__seq-current-only__stage0-stage3__yolov5s__s42/tasks/001__stage1__current-only/checkpoints/best.pt
AMP: checks passed ✅
optimizer: SGD(lr=0.01) with parameter groups 57 weight(decay=0.0), 60 weight(decay=0.0005), 60 bias
train: Scanning /home/lijinhe/work/YOLO_Retraining/runs/sequences/0814-214925__seq-current-only__stage0-stage3__yolov5s__s42/tasks/002__stage2__current-only/data/backend_train_images... 1000 images, 637 backgrounds, 0 corrupt: 100%|██████████| 1000/1000 00:02
train: New cache created: /home/lijinhe/work/YOLO_Retraining/runs/sequences/0814-214925__seq-current-only__stage0-stage3__yolov5s__s42/tasks/002__stage2__current-only/data/backend_train_images.cache
val: Scanning /home/lijinhe/work/YOLO_Retraining/runs/sequences/0814-214925__seq-current-only__stage0-stage3__yolov5s__s42/tasks/002__stage2__current-only/data/backend_validation_images... 1000 images, 297 backgrounds, 0 corrupt: 100%|██████████| 1000/1000 00:02
val: New cache created: /home/lijinhe/work/YOLO_Retraining/runs/sequences/0814-214925__seq-current-only__stage0-stage3__yolov5s__s42/tasks/002__stage2__current-only/data/backend_validation_images.cache
AutoAnchor: 5.12 anchors/target, 1.000 Best Possible Recall (BPR). Current anchors are a good fit to dataset ✅
Image sizes 640 train, 640 val
Using 16 dataloader workers
Logging results to /home/lijinhe/work/YOLO_Retraining/runs/sequences/0814-214925__seq-current-only__stage0-stage3__yolov5s__s42/tasks/002__stage2__current-only/backend/yolov5/train
Starting training for 100 epochs...
Epoch    GPU_mem   box_loss   obj_loss   cls_loss  Instances       Size
0/99      13.9G    0.04601   0.005468   0.005619         30        640: 100%|██████████| 16/16 00:20
Class     Images  Instances          P          R      mAP50   mAP50-95: 100%|██████████| 8/8 00:30
all       1000        939      0.776      0.409      0.463      0.229
Epoch    GPU_mem   box_loss   obj_loss   cls_loss  Instances       Size
1/99      13.9G    0.04453   0.005204   0.004404         37        640: 100%|██████████| 16/16 00:04
Class     Images  Instances          P          R      mAP50   mAP50-95: 100%|██████████| 8/8 00:31
all       1000        939      0.755      0.399      0.444      0.216
Epoch    GPU_mem   box_loss   obj_loss   cls_loss  Instances       Size
2/99      13.9G    0.04013   0.004793   0.002111         35        640: 100%|██████████| 16/16 00:05
Class     Images  Instances          P          R      mAP50   mAP50-95: 100%|██████████| 8/8 00:23
all       1000        939      0.764      0.383      0.448      0.213
Epoch    GPU_mem   box_loss   obj_loss   cls_loss  Instances       Size
3/99      13.9G      0.038   0.004464   0.001368         42        640: 100%|██████████| 16/16 00:05
Class     Images  Instances          P          R      mAP50   mAP50-95: 100%|██████████| 8/8 00:28
all       1000        939       0.78      0.345      0.404      0.192
Epoch    GPU_mem   box_loss   obj_loss   cls_loss  Instances       Size
4/99      13.9G    0.03811   0.004447   0.002049         29        640: 100%|██████████| 16/16 00:03
Class     Images  Instances          P          R      mAP50   mAP50-95: 100%|██████████| 8/8 00:29
all       1000        939      0.723      0.302      0.352      0.152
Epoch    GPU_mem   box_loss   obj_loss   cls_loss  Instances       Size
5/99      13.9G     0.0361   0.004404   0.001484         22        640: 100%|██████████| 16/16 00:05
Class     Images  Instances          P          R      mAP50   mAP50-95: 100%|██████████| 8/8 00:21
all       1000        939      0.713      0.311      0.343      0.147
Epoch    GPU_mem   box_loss   obj_loss   cls_loss  Instances       Size
6/99      13.9G    0.03743   0.003887   0.002793         26        640: 100%|██████████| 16/16 00:05
Class     Images  Instances          P          R      mAP50   mAP50-95: 100%|██████████| 8/8 00:26
all       1000        939      0.622      0.261      0.279      0.114
Epoch    GPU_mem   box_loss   obj_loss   cls_loss  Instances       Size
7/99      13.9G    0.03525   0.004662   0.001841         41        640: 100%|██████████| 16/16 00:05
Class     Images  Instances          P          R      mAP50   mAP50-95: 100%|██████████| 8/8 00:23
all       1000        939      0.652      0.293      0.272      0.109
Epoch    GPU_mem   box_loss   obj_loss   cls_loss  Instances       Size
8/99      13.9G    0.03601   0.004201   0.001591         26        640: 100%|██████████| 16/16 00:06
Class     Images  Instances          P          R      mAP50   mAP50-95: 100%|██████████| 8/8 00:24
all       1000        939      0.731      0.175      0.248        0.1
Epoch    GPU_mem   box_loss   obj_loss   cls_loss  Instances       Size
9/99      13.9G    0.03591   0.004142   0.002487         30        640: 100%|██████████| 16/16 00:05
Class     Images  Instances          P          R      mAP50   mAP50-95: 100%|██████████| 8/8 00:31
all       1000        939      0.757       0.15      0.212     0.0886
Epoch    GPU_mem   box_loss   obj_loss   cls_loss  Instances       Size
10/99      13.9G    0.03498   0.004281   0.001836         30        640: 100%|██████████| 16/16 00:04
Class     Images  Instances          P          R      mAP50   mAP50-95: 100%|██████████| 8/8 00:24
all       1000        939      0.743      0.208      0.268      0.113
Epoch    GPU_mem   box_loss   obj_loss   cls_loss  Instances       Size
11/99      13.9G    0.03348     0.0044   0.001371         34        640: 100%|██████████| 16/16 00:05
Class     Images  Instances          P          R      mAP50   mAP50-95: 100%|██████████| 8/8 00:26
all       1000        939      0.753      0.173      0.249      0.103
Epoch    GPU_mem   box_loss   obj_loss   cls_loss  Instances       Size
12/99      13.9G    0.03285   0.003716   0.001216         32        640: 100%|██████████| 16/16 00:03
Class     Images  Instances          P          R      mAP50   mAP50-95: 100%|██████████| 8/8 00:31
all       1000        939       0.77       0.16       0.23     0.0889
Epoch    GPU_mem   box_loss   obj_loss   cls_loss  Instances       Size
13/99      13.9G    0.03391   0.003701  0.0009469         33        640: 100%|██████████| 16/16 00:05
Class     Images  Instances          P          R      mAP50   mAP50-95: 100%|██████████| 8/8 00:20
all       1000        939      0.765      0.136      0.177     0.0681
Epoch    GPU_mem   box_loss   obj_loss   cls_loss  Instances       Size
14/99      13.9G    0.03181     0.0039   0.001502         31        640: 100%|██████████| 16/16 00:05
Class     Images  Instances          P          R      mAP50   mAP50-95: 100%|██████████| 8/8 00:29
all       1000        939      0.774      0.164      0.213     0.0895
Epoch    GPU_mem   box_loss   obj_loss   cls_loss  Instances       Size
15/99      13.9G    0.03131   0.003629   0.001007         34        640: 100%|██████████| 16/16 00:03
Class     Images  Instances          P          R      mAP50   mAP50-95: 100%|██████████| 8/8 00:28
all       1000        939      0.515      0.182      0.228     0.0974
Epoch    GPU_mem   box_loss   obj_loss   cls_loss  Instances       Size
16/99      13.9G    0.03114   0.003694  0.0007745         27        640: 100%|██████████| 16/16 00:05
Class     Images  Instances          P          R      mAP50   mAP50-95: 100%|██████████| 8/8 00:21
all       1000        939      0.779      0.195      0.273      0.114
Epoch    GPU_mem   box_loss   obj_loss   cls_loss  Instances       Size
17/99      13.9G    0.03015   0.003821  0.0008164         29        640: 100%|██████████| 16/16 00:05
Class     Images  Instances          P          R      mAP50   mAP50-95: 100%|██████████| 8/8 00:31
all       1000        939      0.792      0.191      0.283      0.123
Epoch    GPU_mem   box_loss   obj_loss   cls_loss  Instances       Size
18/99      13.9G    0.03026   0.003343   0.001124         24        640: 100%|██████████| 16/16 00:03
Class     Images  Instances          P          R      mAP50   mAP50-95: 100%|██████████| 8/8 00:26
all       1000        939      0.797      0.175      0.243      0.107
Epoch    GPU_mem   box_loss   obj_loss   cls_loss  Instances       Size
19/99      13.9G    0.02941   0.003571    0.00104         33        640: 100%|██████████| 16/16 00:05
Class     Images  Instances          P          R      mAP50   mAP50-95: 100%|██████████| 8/8 00:23
all       1000        939      0.791       0.17      0.235      0.109
Epoch    GPU_mem   box_loss   obj_loss   cls_loss  Instances       Size
20/99      13.9G    0.02906   0.003385  0.0008129         42        640: 100%|██████████| 16/16 00:04
Class     Images  Instances          P          R      mAP50   mAP50-95: 100%|██████████| 8/8 00:32
all       1000        939      0.785      0.173      0.258      0.119
Epoch    GPU_mem   box_loss   obj_loss   cls_loss  Instances       Size
21/99      13.9G    0.02777   0.003445  0.0007681         21        640: 100%|██████████| 16/16 00:04
Class     Images  Instances          P          R      mAP50   mAP50-95: 100%|██████████| 8/8 00:25
all       1000        939       0.79      0.166      0.223     0.0965
Epoch    GPU_mem   box_loss   obj_loss   cls_loss  Instances       Size
22/99      13.9G    0.02912   0.003184  0.0007969         31        640: 100%|██████████| 16/16 00:05
Class     Images  Instances          P          R      mAP50   mAP50-95: 100%|██████████| 8/8 00:24
all       1000        939      0.531      0.182      0.229     0.0932
Epoch    GPU_mem   box_loss   obj_loss   cls_loss  Instances       Size
23/99      13.9G    0.02774   0.003504   0.001183         22        640: 100%|██████████| 16/16 00:03
Class     Images  Instances          P          R      mAP50   mAP50-95: 100%|██████████| 8/8 00:33
all       1000        939       0.51      0.196      0.262      0.115
Epoch    GPU_mem   box_loss   obj_loss   cls_loss  Instances       Size
24/99      13.9G    0.02732   0.003376  0.0006701         17        640: 100%|██████████| 16/16 00:03
Class     Images  Instances          P          R      mAP50   mAP50-95: 100%|██████████| 8/8 00:21
all       1000        939      0.746      0.151      0.203     0.0921
Epoch    GPU_mem   box_loss   obj_loss   cls_loss  Instances       Size
25/99      13.9G    0.02748    0.00332   0.001145         35        640: 100%|██████████| 16/16 00:05
Class     Images  Instances          P          R      mAP50   mAP50-95: 100%|██████████| 8/8 00:27
all       1000        939      0.757      0.166      0.225     0.0947
Epoch    GPU_mem   box_loss   obj_loss   cls_loss  Instances       Size
26/99      13.9G    0.02714   0.002989  0.0006691         29        640: 100%|██████████| 16/16 00:03
Class     Images  Instances          P          R      mAP50   mAP50-95: 100%|██████████| 8/8 00:24
all       1000        939      0.749      0.165      0.186     0.0751
Epoch    GPU_mem   box_loss   obj_loss   cls_loss  Instances       Size
27/99      13.9G    0.02737   0.003188  0.0008378         37        640: 100%|██████████| 16/16 00:07
Class     Images  Instances          P          R      mAP50   mAP50-95: 100%|██████████| 8/8 00:19
all       1000        939      0.776      0.171      0.214     0.0909
Epoch    GPU_mem   box_loss   obj_loss   cls_loss  Instances       Size
28/99      13.9G    0.02639    0.00292  0.0009026         41        640: 100%|██████████| 16/16 00:07
Class     Images  Instances          P          R      mAP50   mAP50-95: 100%|██████████| 8/8 00:28
all       1000        939      0.735      0.185      0.232      0.106
Epoch    GPU_mem   box_loss   obj_loss   cls_loss  Instances       Size
29/99      13.9G     0.0257   0.002883  0.0006807         31        640: 100%|██████████| 16/16 00:05
Class     Images  Instances          P          R      mAP50   mAP50-95: 100%|██████████| 8/8 00:21
all       1000        939      0.786      0.168      0.216     0.0829
Epoch    GPU_mem   box_loss   obj_loss   cls_loss  Instances       Size
30/99      13.9G    0.02644   0.003079  0.0005974         42        640: 100%|██████████| 16/16 00:06
Class     Images  Instances          P          R      mAP50   mAP50-95: 100%|██████████| 8/8 00:25
all       1000        939      0.788      0.168      0.196     0.0782
Epoch    GPU_mem   box_loss   obj_loss   cls_loss  Instances       Size
31/99      13.9G    0.02728   0.002816  0.0007359         32        640: 100%|██████████| 16/16 00:04
Class     Images  Instances          P          R      mAP50   mAP50-95: 100%|██████████| 8/8 00:29
all       1000        939      0.782      0.168      0.208     0.0843
Epoch    GPU_mem   box_loss   obj_loss   cls_loss  Instances       Size
32/99      13.9G    0.02526   0.003086   0.001085         23        640: 100%|██████████| 16/16 00:05
Class     Images  Instances          P          R      mAP50   mAP50-95: 100%|██████████| 8/8 00:18
all       1000        939      0.499      0.131      0.151     0.0648
Epoch    GPU_mem   box_loss   obj_loss   cls_loss  Instances       Size
33/99      13.9G    0.02452   0.003033  0.0009434         43        640: 100%|██████████| 16/16 00:05
Class     Images  Instances          P          R      mAP50   mAP50-95: 100%|██████████| 8/8 00:29
all       1000        939      0.525      0.169      0.225      0.101
Epoch    GPU_mem   box_loss   obj_loss   cls_loss  Instances       Size
34/99      13.9G    0.02508   0.003057   0.001012         28        640: 100%|██████████| 16/16 00:03
Class     Images  Instances          P          R      mAP50   mAP50-95: 100%|██████████| 8/8 00:25
all       1000        939      0.558       0.16      0.225      0.107
Epoch    GPU_mem   box_loss   obj_loss   cls_loss  Instances       Size
35/99      13.9G    0.02498     0.0029  0.0006472         31        640: 100%|██████████| 16/16 00:05
Class     Images  Instances          P          R      mAP50   mAP50-95: 100%|██████████| 8/8 00:23
all       1000        939      0.505      0.185      0.252      0.117
Epoch    GPU_mem   box_loss   obj_loss   cls_loss  Instances       Size
36/99      13.9G    0.02361   0.002866  0.0005024         20        640: 100%|██████████| 16/16 00:03
Class     Images  Instances          P          R      mAP50   mAP50-95: 100%|██████████| 8/8 00:18
all       1000        939      0.547       0.18      0.252      0.114
Epoch    GPU_mem   box_loss   obj_loss   cls_loss  Instances       Size
37/99      13.9G     0.0241   0.002846  0.0007202         28        640: 100%|██████████| 16/16 00:03
Class     Images  Instances          P          R      mAP50   mAP50-95: 100%|██████████| 8/8 00:12
all       1000        939      0.465      0.187      0.239      0.104
Epoch    GPU_mem   box_loss   obj_loss   cls_loss  Instances       Size
38/99      13.9G    0.02301   0.002803  0.0005335         38        640: 100%|██████████| 16/16 00:03
Class     Images  Instances          P          R      mAP50   mAP50-95: 100%|██████████| 8/8 00:15
all       1000        939      0.511      0.186      0.247       0.11
Epoch    GPU_mem   box_loss   obj_loss   cls_loss  Instances       Size
39/99      13.9G    0.02341   0.002884  0.0005375         35        640: 100%|██████████| 16/16 00:03
Class     Images  Instances          P          R      mAP50   mAP50-95: 100%|██████████| 8/8 00:17
all       1000        939      0.476      0.188      0.244      0.111
Epoch    GPU_mem   box_loss   obj_loss   cls_loss  Instances       Size
40/99      13.9G    0.02302   0.002579  0.0006189         31        640: 100%|██████████| 16/16 00:04
Class     Images  Instances          P          R      mAP50   mAP50-95: 100%|██████████| 8/8 00:12
all       1000        939      0.467      0.215       0.26       0.12
Epoch    GPU_mem   box_loss   obj_loss   cls_loss  Instances       Size
41/99      13.9G    0.02404   0.002943  0.0006317         30        640: 100%|██████████| 16/16 00:03
Class     Images  Instances          P          R      mAP50   mAP50-95: 100%|██████████| 8/8 00:12
all       1000        939      0.547       0.17      0.255      0.116
Epoch    GPU_mem   box_loss   obj_loss   cls_loss  Instances       Size
42/99      13.9G    0.02277   0.002682  0.0006974         28        640: 100%|██████████| 16/16 00:03
Class     Images  Instances          P          R      mAP50   mAP50-95: 100%|██████████| 8/8 00:15
all       1000        939      0.468       0.22      0.267      0.125
Epoch    GPU_mem   box_loss   obj_loss   cls_loss  Instances       Size
43/99      13.9G     0.0227   0.002773   0.000878         36        640: 100%|██████████| 16/16 00:04
Class     Images  Instances          P          R      mAP50   mAP50-95: 100%|██████████| 8/8 00:24
all       1000        939      0.541      0.171      0.237      0.107
Epoch    GPU_mem   box_loss   obj_loss   cls_loss  Instances       Size
44/99      13.9G    0.02228   0.002722  0.0004527         38        640: 100%|██████████| 16/16 00:03
Class     Images  Instances          P          R      mAP50   mAP50-95: 100%|██████████| 8/8 00:26
all       1000        939      0.542      0.177      0.238      0.105
Epoch    GPU_mem   box_loss   obj_loss   cls_loss  Instances       Size
45/99      13.9G    0.02291   0.002611  0.0007276         39        640: 100%|██████████| 16/16 00:03
Class     Images  Instances          P          R      mAP50   mAP50-95: 100%|██████████| 8/8 00:23
all       1000        939      0.526      0.166      0.221     0.0998
Epoch    GPU_mem   box_loss   obj_loss   cls_loss  Instances       Size
46/99      13.9G    0.02171   0.002688  0.0004961         26        640: 100%|██████████| 16/16 00:05
Class     Images  Instances          P          R      mAP50   mAP50-95: 100%|██████████| 8/8 00:21
all       1000        939      0.506      0.215      0.281      0.132
Epoch    GPU_mem   box_loss   obj_loss   cls_loss  Instances       Size
47/99      13.9G    0.02251   0.002642   0.000506         31        640: 100%|██████████| 16/16 00:05
Class     Images  Instances          P          R      mAP50   mAP50-95: 100%|██████████| 8/8 00:21
all       1000        939      0.468      0.204      0.256      0.123
Epoch    GPU_mem   box_loss   obj_loss   cls_loss  Instances       Size
48/99      13.9G    0.02207   0.002676  0.0005416         42        640: 100%|██████████| 16/16 00:05
Class     Images  Instances          P          R      mAP50   mAP50-95: 100%|██████████| 8/8 00:21
all       1000        939      0.427      0.203      0.255      0.115
Epoch    GPU_mem   box_loss   obj_loss   cls_loss  Instances       Size
49/99      13.9G    0.02101   0.002627  0.0005493         32        640: 100%|██████████| 16/16 00:06
Class     Images  Instances          P          R      mAP50   mAP50-95: 100%|██████████| 8/8 00:19
all       1000        939       0.46      0.205      0.233      0.106
Epoch    GPU_mem   box_loss   obj_loss   cls_loss  Instances       Size
50/99      13.9G    0.02172   0.002637  0.0004998         32        640: 100%|██████████| 16/16 00:06
Class     Images  Instances          P          R      mAP50   mAP50-95: 100%|██████████| 8/8 00:21
all       1000        939       0.55      0.189       0.25       0.11
Epoch    GPU_mem   box_loss   obj_loss   cls_loss  Instances       Size
51/99      13.9G    0.02228   0.002748  0.0005134         31        640: 100%|██████████| 16/16 00:04
Class     Images  Instances          P          R      mAP50   mAP50-95: 100%|██████████| 8/8 00:25
all       1000        939      0.551      0.176      0.244      0.106
Epoch    GPU_mem   box_loss   obj_loss   cls_loss  Instances       Size
52/99      13.9G    0.02154   0.002497  0.0004575         26        640: 100%|██████████| 16/16 00:04
Class     Images  Instances          P          R      mAP50   mAP50-95: 100%|██████████| 8/8 00:25
all       1000        939      0.551      0.163      0.235     0.0951
Epoch    GPU_mem   box_loss   obj_loss   cls_loss  Instances       Size
53/99      13.9G    0.02053   0.002333  0.0004939         17        640: 100%|██████████| 16/16 00:05
Class     Images  Instances          P          R      mAP50   mAP50-95: 100%|██████████| 8/8 00:17
all       1000        939      0.495      0.203      0.255      0.113
Epoch    GPU_mem   box_loss   obj_loss   cls_loss  Instances       Size
54/99      13.9G    0.02128   0.002669   0.000439         31        640: 100%|██████████| 16/16 00:05
Class     Images  Instances          P          R      mAP50   mAP50-95: 100%|██████████| 8/8 00:24
all       1000        939      0.504        0.2      0.265       0.12
Epoch    GPU_mem   box_loss   obj_loss   cls_loss  Instances       Size
55/99      13.9G    0.02089    0.00276  0.0005079         41        640: 100%|██████████| 16/16 00:04
Class     Images  Instances          P          R      mAP50   mAP50-95: 100%|██████████| 8/8 00:26
all       1000        939      0.534      0.188      0.251      0.114
Epoch    GPU_mem   box_loss   obj_loss   cls_loss  Instances       Size
56/99      13.9G    0.02014   0.002576  0.0004121         31        640: 100%|██████████| 16/16 00:03
Class     Images  Instances          P          R      mAP50   mAP50-95: 100%|██████████| 8/8 00:23
all       1000        939      0.469      0.206      0.258      0.118
Epoch    GPU_mem   box_loss   obj_loss   cls_loss  Instances       Size
57/99      13.9G    0.02015   0.002456  0.0005109         29        640: 100%|██████████| 16/16 00:05
Class     Images  Instances          P          R      mAP50   mAP50-95: 100%|██████████| 8/8 00:19
all       1000        939      0.506      0.199      0.264      0.118
Epoch    GPU_mem   box_loss   obj_loss   cls_loss  Instances       Size
58/99      13.9G    0.01997   0.002478  0.0004204         30        640: 100%|██████████| 16/16 00:05
Class     Images  Instances          P          R      mAP50   mAP50-95: 100%|██████████| 8/8 00:24
all       1000        939      0.509      0.193      0.241      0.106
Epoch    GPU_mem   box_loss   obj_loss   cls_loss  Instances       Size
59/99      13.9G    0.01979   0.002357  0.0004217         28        640: 100%|██████████| 16/16 00:03
Class     Images  Instances          P          R      mAP50   mAP50-95: 100%|██████████| 8/8 00:25
all       1000        939      0.517      0.191      0.245       0.11
Epoch    GPU_mem   box_loss   obj_loss   cls_loss  Instances       Size
60/99      13.9G    0.01946   0.002883   0.000459         42        640: 100%|██████████| 16/16 00:03
Class     Images  Instances          P          R      mAP50   mAP50-95: 100%|██████████| 8/8 00:23
all       1000        939      0.499      0.212      0.261      0.123
Epoch    GPU_mem   box_loss   obj_loss   cls_loss  Instances       Size
61/99      13.9G    0.01976   0.002496  0.0003571         29        640: 100%|██████████| 16/16 00:05
Class     Images  Instances          P          R      mAP50   mAP50-95: 100%|██████████| 8/8 00:19
all       1000        939       0.44        0.2      0.243      0.107
Epoch    GPU_mem   box_loss   obj_loss   cls_loss  Instances       Size
62/99      13.9G    0.01964   0.002418  0.0003402         26        640: 100%|██████████| 16/16 00:03
Class     Images  Instances          P          R      mAP50   mAP50-95: 100%|██████████| 8/8 00:26
all       1000        939      0.395      0.201      0.244      0.111
Epoch    GPU_mem   box_loss   obj_loss   cls_loss  Instances       Size
63/99      13.9G    0.01846   0.002253  0.0004054         35        640: 100%|██████████| 16/16 00:03
Class     Images  Instances          P          R      mAP50   mAP50-95: 100%|██████████| 8/8 00:27
all       1000        939      0.563      0.182      0.248      0.111
Epoch    GPU_mem   box_loss   obj_loss   cls_loss  Instances       Size
64/99      13.9G    0.01894   0.002603  0.0003738         35        640: 100%|██████████| 16/16 00:04
Class     Images  Instances          P          R      mAP50   mAP50-95: 100%|██████████| 8/8 00:22
all       1000        939      0.523      0.178      0.226        0.1
Epoch    GPU_mem   box_loss   obj_loss   cls_loss  Instances       Size
65/99      13.9G       0.02   0.002476  0.0003994         28        640: 100%|██████████| 16/16 00:05
Class     Images  Instances          P          R      mAP50   mAP50-95: 100%|██████████| 8/8 00:19
all       1000        939      0.488      0.196      0.241      0.108
Epoch    GPU_mem   box_loss   obj_loss   cls_loss  Instances       Size
66/99      13.9G     0.0185   0.002453  0.0003864         21        640: 100%|██████████| 16/16 00:05
Class     Images  Instances          P          R      mAP50   mAP50-95: 100%|██████████| 8/8 00:24
all       1000        939      0.477      0.213       0.26      0.115
Epoch    GPU_mem   box_loss   obj_loss   cls_loss  Instances       Size
67/99      13.9G    0.01813   0.002622  0.0004987         27        640: 100%|██████████| 16/16 00:03
Class     Images  Instances          P          R      mAP50   mAP50-95: 100%|██████████| 8/8 00:24
all       1000        939      0.503      0.206      0.266      0.119
Epoch    GPU_mem   box_loss   obj_loss   cls_loss  Instances       Size
68/99      13.9G    0.01887     0.0027  0.0003966         36        640: 100%|██████████| 16/16 00:05
Class     Images  Instances          P          R      mAP50   mAP50-95: 100%|██████████| 8/8 00:23
all       1000        939      0.496      0.206      0.262      0.116
Epoch    GPU_mem   box_loss   obj_loss   cls_loss  Instances       Size
69/99      13.9G    0.01834   0.002334  0.0004169         45        640: 100%|██████████| 16/16 00:07
Class     Images  Instances          P          R      mAP50   mAP50-95: 100%|██████████| 8/8 00:15
all       1000        939      0.491      0.223      0.281       0.13
Epoch    GPU_mem   box_loss   obj_loss   cls_loss  Instances       Size
70/99      13.9G    0.01901   0.002247   0.000262         26        640: 100%|██████████| 16/16 00:07
Class     Images  Instances          P          R      mAP50   mAP50-95: 100%|██████████| 8/8 00:22
all       1000        939      0.499      0.216      0.275       0.13
Epoch    GPU_mem   box_loss   obj_loss   cls_loss  Instances       Size
71/99      13.9G    0.01777   0.002194  0.0003075         29        640: 100%|██████████| 16/16 00:04
Class     Images  Instances          P          R      mAP50   mAP50-95: 100%|██████████| 8/8 00:26
all       1000        939      0.482       0.22      0.274      0.127
Epoch    GPU_mem   box_loss   obj_loss   cls_loss  Instances       Size
72/99      13.9G    0.01766   0.002384     0.0003         30        640: 100%|██████████| 16/16 00:04
Class     Images  Instances          P          R      mAP50   mAP50-95: 100%|██████████| 8/8 00:23
all       1000        939      0.476      0.224      0.277      0.133
Epoch    GPU_mem   box_loss   obj_loss   cls_loss  Instances       Size
73/99      13.9G     0.0185   0.002396  0.0003317         35        640: 100%|██████████| 16/16 00:05
Class     Images  Instances          P          R      mAP50   mAP50-95: 100%|██████████| 8/8 00:18
all       1000        939      0.477      0.228      0.282      0.133
Epoch    GPU_mem   box_loss   obj_loss   cls_loss  Instances       Size
74/99      13.9G    0.01786   0.002408  0.0003226         43        640: 100%|██████████| 16/16 00:05
Class     Images  Instances          P          R      mAP50   mAP50-95: 100%|██████████| 8/8 00:24
all       1000        939      0.486      0.217      0.269      0.121
Epoch    GPU_mem   box_loss   obj_loss   cls_loss  Instances       Size
75/99      13.9G    0.01751    0.00225  0.0002539         35        640: 100%|██████████| 16/16 00:03
Class     Images  Instances          P          R      mAP50   mAP50-95: 100%|██████████| 8/8 00:24
all       1000        939      0.511      0.215      0.264      0.121
Epoch    GPU_mem   box_loss   obj_loss   cls_loss  Instances       Size
76/99      13.9G    0.01709   0.002256  0.0002863         36        640: 100%|██████████| 16/16 00:04
Class     Images  Instances          P          R      mAP50   mAP50-95: 100%|██████████| 8/8 00:23
all       1000        939      0.512      0.205      0.259       0.12
Epoch    GPU_mem   box_loss   obj_loss   cls_loss  Instances       Size
77/99      13.9G    0.01705   0.002081  0.0003381         28        640: 100%|██████████| 16/16 00:05
Class     Images  Instances          P          R      mAP50   mAP50-95: 100%|██████████| 8/8 00:18
all       1000        939      0.511      0.206      0.258      0.119
Epoch    GPU_mem   box_loss   obj_loss   cls_loss  Instances       Size
78/99      13.9G    0.01769    0.00231  0.0003409         36        640: 100%|██████████| 16/16 00:05
Class     Images  Instances          P          R      mAP50   mAP50-95: 100%|██████████| 8/8 00:25
all       1000        939      0.506      0.211      0.275      0.126
Epoch    GPU_mem   box_loss   obj_loss   cls_loss  Instances       Size
79/99      13.9G    0.01622   0.002257  0.0003594         41        640: 100%|██████████| 16/16 00:03
Class     Images  Instances          P          R      mAP50   mAP50-95: 100%|██████████| 8/8 00:25
all       1000        939      0.448      0.209      0.272      0.128
Epoch    GPU_mem   box_loss   obj_loss   cls_loss  Instances       Size
80/99      13.9G    0.01661   0.002467  0.0004666         32        640: 100%|██████████| 16/16 00:04
Class     Images  Instances          P          R      mAP50   mAP50-95: 100%|██████████| 8/8 00:22
all       1000        939      0.436      0.221      0.271      0.123
Epoch    GPU_mem   box_loss   obj_loss   cls_loss  Instances       Size
81/99      13.9G    0.01606   0.002234  0.0002133         28        640: 100%|██████████| 16/16 00:05
Class     Images  Instances          P          R      mAP50   mAP50-95: 100%|██████████| 8/8 00:19
all       1000        939      0.424      0.223       0.27       0.12
Epoch    GPU_mem   box_loss   obj_loss   cls_loss  Instances       Size
82/99      13.9G    0.01648   0.002271  0.0002774         35        640: 100%|██████████| 16/16 00:05
Class     Images  Instances          P          R      mAP50   mAP50-95: 100%|██████████| 8/8 00:24
all       1000        939      0.477      0.215       0.26      0.116
Epoch    GPU_mem   box_loss   obj_loss   cls_loss  Instances       Size
83/99      13.9G    0.01683   0.002263  0.0003631         28        640: 100%|██████████| 16/16 00:03
Class     Images  Instances          P          R      mAP50   mAP50-95: 100%|██████████| 8/8 00:24
all       1000        939      0.463      0.216      0.263       0.12
Epoch    GPU_mem   box_loss   obj_loss   cls_loss  Instances       Size
84/99      13.9G    0.01531   0.002039  0.0002478         29        640: 100%|██████████| 16/16 00:05
Class     Images  Instances          P          R      mAP50   mAP50-95: 100%|██████████| 8/8 00:19
all       1000        939      0.417       0.21       0.27      0.124
Epoch    GPU_mem   box_loss   obj_loss   cls_loss  Instances       Size
85/99      13.9G    0.01579   0.002298  0.0002803         26        640: 100%|██████████| 16/16 00:07
Class     Images  Instances          P          R      mAP50   mAP50-95: 100%|██████████| 8/8 00:17
all       1000        939      0.494      0.214      0.275      0.128
Epoch    GPU_mem   box_loss   obj_loss   cls_loss  Instances       Size
86/99      13.9G     0.0154   0.002008  0.0002129         29        640: 100%|██████████| 16/16 00:07
Class     Images  Instances          P          R      mAP50   mAP50-95: 100%|██████████| 8/8 00:23
all       1000        939      0.409      0.209      0.274      0.129
Epoch    GPU_mem   box_loss   obj_loss   cls_loss  Instances       Size
87/99      13.9G    0.01537   0.002161  0.0002166         33        640: 100%|██████████| 16/16 00:04
Class     Images  Instances          P          R      mAP50   mAP50-95: 100%|██████████| 8/8 00:25
all       1000        939      0.484      0.211      0.271      0.126
Epoch    GPU_mem   box_loss   obj_loss   cls_loss  Instances       Size
88/99      13.9G    0.01493   0.002054  0.0002168         25        640: 100%|██████████| 16/16 00:03
Class     Images  Instances          P          R      mAP50   mAP50-95: 100%|██████████| 8/8 00:23
all       1000        939      0.477      0.215      0.276      0.127
Epoch    GPU_mem   box_loss   obj_loss   cls_loss  Instances       Size
89/99      13.9G    0.01553   0.002104  0.0002012         37        640: 100%|██████████| 16/16 00:05
Class     Images  Instances          P          R      mAP50   mAP50-95: 100%|██████████| 8/8 00:18
all       1000        939      0.469      0.215      0.275      0.129
Epoch    GPU_mem   box_loss   obj_loss   cls_loss  Instances       Size
90/99      13.9G    0.01564   0.002178  0.0001908         33        640: 100%|██████████| 16/16 00:05
Class     Images  Instances          P          R      mAP50   mAP50-95: 100%|██████████| 8/8 00:24
all       1000        939      0.474      0.217      0.273      0.125
Epoch    GPU_mem   box_loss   obj_loss   cls_loss  Instances       Size
91/99      13.9G    0.01515   0.002085  0.0002063         31        640: 100%|██████████| 16/16 00:03
Class     Images  Instances          P          R      mAP50   mAP50-95: 100%|██████████| 8/8 00:26
all       1000        939       0.48      0.213      0.275      0.124
Epoch    GPU_mem   box_loss   obj_loss   cls_loss  Instances       Size
92/99      13.9G    0.01471   0.002263   0.000197         30        640: 100%|██████████| 16/16 00:04
Class     Images  Instances          P          R      mAP50   mAP50-95: 100%|██████████| 8/8 00:22
all       1000        939      0.484      0.217      0.276      0.128
Epoch    GPU_mem   box_loss   obj_loss   cls_loss  Instances       Size
93/99      13.9G    0.01511   0.002006  0.0002166         24        640: 100%|██████████| 16/16 00:05
Class     Images  Instances          P          R      mAP50   mAP50-95: 100%|██████████| 8/8 00:19
all       1000        939      0.477      0.215      0.278      0.127
Epoch    GPU_mem   box_loss   obj_loss   cls_loss  Instances       Size
94/99      13.9G    0.01536   0.002024  0.0001783         23        640: 100%|██████████| 16/16 00:05
Class     Images  Instances          P          R      mAP50   mAP50-95: 100%|██████████| 8/8 00:21
all       1000        939      0.459      0.217      0.283      0.131
Epoch    GPU_mem   box_loss   obj_loss   cls_loss  Instances       Size
95/99      13.9G    0.01519   0.002205  0.0002295         33        640: 100%|██████████| 16/16 00:04
Class     Images  Instances          P          R      mAP50   mAP50-95: 100%|██████████| 8/8 00:17
all       1000        939      0.496      0.215      0.285      0.131
Epoch    GPU_mem   box_loss   obj_loss   cls_loss  Instances       Size
96/99      13.9G    0.01413   0.002076  0.0001898         34        640: 100%|██████████| 16/16 00:04
Class     Images  Instances          P          R      mAP50   mAP50-95: 100%|██████████| 8/8 00:11
all       1000        939      0.489      0.214      0.278      0.126
Epoch    GPU_mem   box_loss   obj_loss   cls_loss  Instances       Size
97/99      13.9G    0.01454    0.00202  0.0002284         29        640: 100%|██████████| 16/16 00:05
Class     Images  Instances          P          R      mAP50   mAP50-95: 100%|██████████| 8/8 00:19
all       1000        939      0.481      0.221       0.28      0.129
Epoch    GPU_mem   box_loss   obj_loss   cls_loss  Instances       Size
98/99      13.9G    0.01405    0.00209  0.0002771         44        640: 100%|██████████| 16/16 00:04
Class     Images  Instances          P          R      mAP50   mAP50-95: 100%|██████████| 8/8 00:17
all       1000        939      0.468      0.221      0.282       0.13
Epoch    GPU_mem   box_loss   obj_loss   cls_loss  Instances       Size
99/99      13.9G    0.01457   0.002072  0.0001699         46        640: 100%|██████████| 16/16 00:03
Class     Images  Instances          P          R      mAP50   mAP50-95: 100%|██████████| 8/8 00:13
all       1000        939      0.435      0.217       0.28       0.13
100 epochs completed in 0.799 hours.
Optimizer stripped from /home/lijinhe/work/YOLO_Retraining/runs/sequences/0814-214925__seq-current-only__stage0-stage3__yolov5s__s42/tasks/002__stage2__current-only/backend/yolov5/train/weights/last.pt, 14.4MB
Optimizer stripped from /home/lijinhe/work/YOLO_Retraining/runs/sequences/0814-214925__seq-current-only__stage0-stage3__yolov5s__s42/tasks/002__stage2__current-only/backend/yolov5/train/weights/best.pt, 14.4MB
Validating /home/lijinhe/work/YOLO_Retraining/runs/sequences/0814-214925__seq-current-only__stage0-stage3__yolov5s__s42/tasks/002__stage2__current-only/backend/yolov5/train/weights/best.pt...
Fusing layers...
Model summary: 157 layers, 7020913 parameters, 0 gradients, 15.8 GFLOPs
Class     Images  Instances          P          R      mAP50   mAP50-95: 100%|██████████| 8/8 00:20
all       1000        939      0.777      0.411      0.463      0.229
large luggage       1000        358      0.578      0.628      0.624      0.313
stroller       1000        413      0.759      0.586      0.641      0.295
wheelchair       1000        155      0.769      0.429      0.574      0.301
flatbed truck       1000         13          1          0      0.014    0.00549
Results saved to /home/lijinhe/work/YOLO_Retraining/runs/sequences/0814-214925__seq-current-only__stage0-stage3__yolov5s__s42/tasks/002__stage2__current-only/backend/yolov5/train
[YOLOv5] compacted progress updates: 4458 -> 203 lines
[YOLOv5] coalesced warning: incomplete JPEG accepted read-only; count=1996; by_source=train=1000, val=996
[YOLOv5] warning example: train: WARNING ⚠️ /home/lijinhe/work/YOLO_Retraining/data/self_improving/images/0720_16/07501_1784528455884495_0.jpg: incomplete JPEG accepted read-only
[YOLOv5] warning example: train: WARNING ⚠️ /home/lijinhe/work/YOLO_Retraining/data/self_improving/images/0720_16/07502_1784528465146060_0.jpg: incomplete JPEG accepted read-only
[YOLOv5] warning example: train: WARNING ⚠️ /home/lijinhe/work/YOLO_Retraining/data/self_improving/images/0720_16/07503_1784528468606496_0.jpg: incomplete JPEG accepted read-only
